model REC_ecfp_plus_recovered / 5 seeds / 6 adapters (ZERO_SHOT, OFFSET_K1, OFFSET_K2, OFFSET_K3, NO_MODEL, NEAREST_OBSERVED) / 14 policies
  seed 104729 fold 0: 11.7s (71,508 records)
  seed 104729 fold 1: 51.3s (348,804 records)
  seed 104729 fold 2: 12.4s (418,140 records)
  seed 104729 fold 3: 9.8s (477,732 records)
  seed 104729 fold 4: 16.4s (568,716 records)
  seed 130363 fold 0: 42.8s (784,260 records)
  seed 130363 fold 1: 12.4s (856,848 records)
  seed 130363 fold 2: 18.0s (958,680 records)
  seed 130363 fold 3: 17.0s (1,055,088 records)
  seed 130363 fold 4: 14.1s (1,137,432 records)
  seed 155921 fold 0: 46.6s (1,357,320 records)
  seed 155921 fold 1: 16.5s (1,440,720 records)
  seed 155921 fold 2: 12.5s (1,511,148 records)
  seed 155921 fold 3: 12.1s (1,576,152 records)
  seed 155921 fold 4: 23.2s (1,706,148 records)
  seed 196613 fold 0: 50.7s (1,952,028 records)
  seed 196613 fold 1: 14.7s (2,032,188 records)
  seed 196613 fold 2: 11.4s (2,091,768 records)
  seed 196613 fold 3: 11.5s (2,161,116 records)
  seed 196613 fold 4: 21.8s (2,274,864 records)
  seed 262147 fold 0: 14.0s (2,350,692 records)
  seed 262147 fold 1: 68.1s (2,604,156 records)
  seed 262147 fold 2: 21.0s (2,690,820 records)
  seed 262147 fold 3: 9.5s (2,746,080 records)
  seed 262147 fold 4: 18.3s (2,843,580 records)

2,843,580 records in 564s

OFFSET_K1 by policy and k:
k                                       1         2         3         5
policy                                                                 
CENTRAL                          0.650698  0.618787  0.602375  0.621397
CENTRAL_THEN_SPREAD              0.648454  0.623494  0.608226  0.629168
D_OPTIMAL                        0.900038  0.649978  0.629690  0.636556
FARTHEST_FROM_EXISTING           0.806699  0.636493  0.612627  0.629338
MAX_CONDITION_COVERAGE           0.665206  0.623113  0.605942  0.627762
MAX_ENSEMBLE_SD                  0.707280  0.633084  0.610214  0.620800
MAX_EXPECTED_VARIANCE_REDUCTION  0.665388  0.602537  0.590572  0.619288
MAX_MODEL_DISAGREEMENT           0.739534  0.669959  0.642328  0.652415
MAX_PREDICTIVE_VARIANCE          0.744443  0.626857  0.607388  0.630899
MEDIAN_PREDICTION                0.675636  0.633287  0.624222  0.642388
MEDOID                           0.648454  0.623849  0.606729  0.625350
MID_ACID                         0.708790  0.649559  0.622776  0.633535
MIN_ENSEMBLE_SD                  0.714993  0.628149  0.609041  0.625663
ORACLE[OFFSET_K1]                0.483691  0.488240  0.517279  0.552691
RANDOM                           0.723190  0.639805  0.616223  0.628230

RANDOM selection, by adapter and k:
k                        1         2         3         5
adapter                                                 
NEAREST_OBSERVED  0.845896  0.671945  0.588928  0.561945
NO_MODEL          0.845896  0.753806  0.729315  0.768704
OFFSET_K1         0.723190  0.639805  0.616223  0.628230
OFFSET_K2         0.723190  0.625219  0.585252  0.565211
OFFSET_K3         0.723190  0.598351  0.540822  0.513561
ZERO_SHOT         0.994988  0.994988  0.998992  1.060530

artifacts -> /Users/lilshadix/PycharmProjects/ml_separator/runs/gen8_architecture/active_acquisition
