attenuation of the radius coefficient: median 0.873, 1st pct 0.051, min 0.051
  cells with attenuation >= 0.5: 462 of 521
  cells with attenuation >= 0.8: 328 of 521
  cells with attenuation >= 0.9: 193 of 521
  cells with attenuation >= 0.95: 112 of 521
  cells with attenuation >= 0.99:   0 of 521

de-shrunk amplitude: sd 0.544 against 0.330 for the ridge target; clipped at |4|: 2 cells
=== BP  (120s)
           arm  macro_mae_extractant  macro_mae_extractant_seed_sd  macro_mae_chemotype  macro_mae_far  macro_sign_acc_strong
      AMP_BASE                0.5394                        0.0196               0.5903         0.7182                 0.6969
 AMP_PRECISION                0.5448                        0.0157               0.5951         0.7266                 0.6912
  AMP_DESHRINK                0.5508                        0.0242               0.6162         0.7300                 0.7089
AMP_WELLONLY80                0.5523                        0.0258               0.6043         0.7367                 0.6818
AMP_WELLONLY95                0.6375                        0.0412               0.6833         0.8660                 0.6205
               comparison   point  ci95_low  ci95_high  p_two_sided  seeds_positive  loco_sign_stable  passes_P1
  BP|AMP_DESHRINK_vs_BASE -0.0114   -0.0349     0.0026       0.1196               0              True      False
 BP|AMP_PRECISION_vs_BASE -0.0054   -0.0084    -0.0014       0.0118               1              True      False
BP|AMP_WELLONLY80_vs_BASE -0.0129   -0.0319     0.0016       0.0816               1              True      False
BP|AMP_WELLONLY95_vs_BASE -0.0981   -0.1562    -0.0516       0.0002               0              True      False
=== B  (119s)
           arm  macro_mae_extractant  macro_mae_extractant_seed_sd  macro_mae_chemotype  macro_mae_far  macro_sign_acc_strong
AMP_WELLONLY80                0.4900                        0.0089               0.5484         0.6394                 0.7099
      AMP_BASE                0.4940                        0.0100               0.5418         0.6468                 0.7082
  AMP_DESHRINK                0.4965                        0.0124               0.5403         0.6506                 0.7211
 AMP_PRECISION                0.4968                        0.0087               0.5454         0.6515                 0.7102
AMP_WELLONLY95                0.5609                        0.0076               0.6663         0.7403                 0.6745
              comparison   point  ci95_low  ci95_high  p_two_sided  seeds_positive  loco_sign_stable  passes_P1
  B|AMP_DESHRINK_vs_BASE -0.0025   -0.0154     0.0147       0.8332               1             False      False
 B|AMP_PRECISION_vs_BASE -0.0028   -0.0072     0.0009       0.1356               1              True      False
B|AMP_WELLONLY80_vs_BASE  0.0039   -0.0192     0.0185       0.7182               3             False      False
B|AMP_WELLONLY95_vs_BASE -0.0670   -0.1685    -0.0043       0.0324               0              True      False
D:\ml_separator_gh\.venv\Lib\site-packages\sklearn\utils\parallel.py:144: UserWarning: `sklearn.utils.parallel.delayed` should be used with `sklearn.utils.parallel.Parallel` to make it possible to propagate the scikit-learn configuration of the current thread to the joblib workers.
  warnings.warn(
D:\ml_separator_gh\.venv\Lib\site-packages\sklearn\utils\parallel.py:144: UserWarning: `sklearn.utils.parallel.delayed` should be used with `sklearn.utils.parallel.Parallel` to make it possible to propagate the scikit-learn configuration of the current thread to the joblib workers.
  warnings.warn(
D:\ml_separator_gh\.venv\Lib\site-packages\sklearn\utils\parallel.py:144: UserWarning: `sklearn.utils.parallel.delayed` should be used with `sklearn.utils.parallel.Parallel` to make it possible to propagate the scikit-learn configuration of the current thread to the joblib workers.
  warnings.warn(
D:\ml_separator_gh\.venv\Lib\site-packages\sklearn\utils\parallel.py:144: UserWarning: `sklearn.utils.parallel.delayed` should be used with `sklearn.utils.parallel.Parallel` to make it possible to propagate the scikit-learn configuration of the current thread to the joblib workers.
  warnings.warn(
D:\ml_separator_gh\.venv\Lib\site-packages\sklearn\utils\parallel.py:144: UserWarning: `sklearn.utils.parallel.delayed` should be used with `sklearn.utils.parallel.Parallel` to make it possible to propagate the scikit-learn configuration of the current thread to the joblib workers.
  warnings.warn(
D:\ml_separator_gh\.venv\Lib\site-packages\sklearn\utils\parallel.py:144: UserWarning: `sklearn.utils.parallel.delayed` should be used with `sklearn.utils.parallel.Parallel` to make it possible to propagate the scikit-learn configuration of the current thread to the joblib workers.
  warnings.warn(
D:\ml_separator_gh\.venv\Lib\site-packages\sklearn\utils\parallel.py:144: UserWarning: `sklearn.utils.parallel.delayed` should be used with `sklearn.utils.parallel.Parallel` to make it possible to propagate the scikit-learn configuration of the current thread to the joblib workers.
  warnings.warn(
D:\ml_separator_gh\.venv\Lib\site-packages\sklearn\utils\parallel.py:144: UserWarning: `sklearn.utils.parallel.delayed` should be used with `sklearn.utils.parallel.Parallel` to make it possible to propagate the scikit-learn configuration of the current thread to the joblib workers.
  warnings.warn(
D:\ml_separator_gh\.venv\Lib\site-packages\sklearn\utils\parallel.py:144: UserWarning: `sklearn.utils.parallel.delayed` should be used with `sklearn.utils.parallel.Parallel` to make it possible to propagate the scikit-learn configuration of the current thread to the joblib workers.
  warnings.warn(
D:\ml_separator_gh\.venv\Lib\site-packages\sklearn\utils\parallel.py:144: UserWarning: `sklearn.utils.parallel.delayed` should be used with `sklearn.utils.parallel.Parallel` to make it possible to propagate the scikit-learn configuration of the current thread to the joblib workers.
  warnings.warn(
D:\ml_separator_gh\.venv\Lib\site-packages\sklearn\utils\parallel.py:144: UserWarning: `sklearn.utils.parallel.delayed` should be used with `sklearn.utils.parallel.Parallel` to make it possible to propagate the scikit-learn configuration of the current thread to the joblib workers.
  warnings.warn(
D:\ml_separator_gh\.venv\Lib\site-packages\sklearn\utils\parallel.py:144: UserWarning: `sklearn.utils.parallel.delayed` should be used with `sklearn.utils.parallel.Parallel` to make it possible to propagate the scikit-learn configuration of the current thread to the joblib workers.
  warnings.warn(
=== A  (117s)
           arm  macro_mae_extractant  macro_mae_extractant_seed_sd  macro_mae_chemotype  macro_mae_far  macro_sign_acc_strong
AMP_WELLONLY80                0.4563                        0.0133               0.5363         0.5827                 0.7782
 AMP_PRECISION                0.4609                        0.0107               0.5346         0.5921                 0.7764
      AMP_BASE                0.4615                        0.0113               0.5340         0.5931                 0.7773
  AMP_DESHRINK                0.4645                        0.0121               0.5371         0.5948                 0.7876
AMP_WELLONLY95                0.5314                        0.0075               0.6413         0.6903                 0.7139
              comparison   point  ci95_low  ci95_high  p_two_sided  seeds_positive  loco_sign_stable  passes_P1
  A|AMP_DESHRINK_vs_BASE -0.0030   -0.0134     0.0072       0.5384               1              True      False
 A|AMP_PRECISION_vs_BASE  0.0006   -0.0030     0.0032       0.7006               3             False      False
A|AMP_WELLONLY80_vs_BASE  0.0052   -0.0128     0.0172       0.5410               5             False      False
A|AMP_WELLONLY95_vs_BASE -0.0698   -0.1519    -0.0152       0.0140               0              True      False
