=== BP  (42s)
      arm  macro_mae_extractant  macro_mae_extractant_seed_sd  macro_mae_chemotype  macro_mae_far  macro_sign_acc_strong
SMOOTH100                0.5517                        0.0239               0.6114         0.7315                 0.6921
 SMOOTH50                0.5518                        0.0234               0.6113         0.7315                 0.6899
  SMOOTH0                0.5523                        0.0231               0.6116         0.7321                 0.6892
CHEM_ONLY                0.5615                        0.0336               0.5964         0.7447                 0.6818
             comparison   point  ci95_low  ci95_high  p_two_sided  seeds_positive  units_improved  n_units  loco_sign_stable  passes_P1
 BP|SMOOTH50_vs_SMOOTH0  0.0005   -0.0000     0.0009       0.0506               4              17       90              True      False
BP|SMOOTH100_vs_SMOOTH0  0.0005   -0.0001     0.0010       0.0854               4              15       90              True      False
BP|CHEM_ONLY_vs_SMOOTH0 -0.0092   -0.0309     0.0173       0.4640               2              44       90              True      False
=== B  (40s)
      arm  macro_mae_extractant  macro_mae_extractant_seed_sd  macro_mae_chemotype  macro_mae_far  macro_sign_acc_strong
 SMOOTH50                0.4821                        0.0044               0.5277         0.6279                 0.7681
SMOOTH100                0.4822                        0.0045               0.5278         0.6283                 0.7655
  SMOOTH0                0.4823                        0.0042               0.5279         0.6280                 0.7706
CHEM_ONLY                0.4971                        0.0155               0.5255         0.6506                 0.7374
            comparison   point  ci95_low  ci95_high  p_two_sided  seeds_positive  units_improved  n_units  loco_sign_stable  passes_P1
 B|SMOOTH50_vs_SMOOTH0  0.0002   -0.0002     0.0008       0.3158               2              12       90              True      False
B|SMOOTH100_vs_SMOOTH0  0.0001   -0.0005     0.0010       0.7804               2              11       90             False      False
B|CHEM_ONLY_vs_SMOOTH0 -0.0148   -0.0353     0.0138       0.3714               1              42       90              True      False
D:\ml_separator_gh\.venv\Lib\site-packages\sklearn\utils\parallel.py:144: UserWarning: `sklearn.utils.parallel.delayed` should be used with `sklearn.utils.parallel.Parallel` to make it possible to propagate the scikit-learn configuration of the current thread to the joblib workers.
  warnings.warn(
D:\ml_separator_gh\.venv\Lib\site-packages\sklearn\utils\parallel.py:144: UserWarning: `sklearn.utils.parallel.delayed` should be used with `sklearn.utils.parallel.Parallel` to make it possible to propagate the scikit-learn configuration of the current thread to the joblib workers.
  warnings.warn(
D:\ml_separator_gh\.venv\Lib\site-packages\sklearn\utils\parallel.py:144: UserWarning: `sklearn.utils.parallel.delayed` should be used with `sklearn.utils.parallel.Parallel` to make it possible to propagate the scikit-learn configuration of the current thread to the joblib workers.
  warnings.warn(
D:\ml_separator_gh\.venv\Lib\site-packages\sklearn\utils\parallel.py:144: UserWarning: `sklearn.utils.parallel.delayed` should be used with `sklearn.utils.parallel.Parallel` to make it possible to propagate the scikit-learn configuration of the current thread to the joblib workers.
  warnings.warn(
D:\ml_separator_gh\.venv\Lib\site-packages\sklearn\utils\parallel.py:144: UserWarning: `sklearn.utils.parallel.delayed` should be used with `sklearn.utils.parallel.Parallel` to make it possible to propagate the scikit-learn configuration of the current thread to the joblib workers.
  warnings.warn(
D:\ml_separator_gh\.venv\Lib\site-packages\sklearn\utils\parallel.py:144: UserWarning: `sklearn.utils.parallel.delayed` should be used with `sklearn.utils.parallel.Parallel` to make it possible to propagate the scikit-learn configuration of the current thread to the joblib workers.
  warnings.warn(
D:\ml_separator_gh\.venv\Lib\site-packages\sklearn\utils\parallel.py:144: UserWarning: `sklearn.utils.parallel.delayed` should be used with `sklearn.utils.parallel.Parallel` to make it possible to propagate the scikit-learn configuration of the current thread to the joblib workers.
  warnings.warn(
D:\ml_separator_gh\.venv\Lib\site-packages\sklearn\utils\parallel.py:144: UserWarning: `sklearn.utils.parallel.delayed` should be used with `sklearn.utils.parallel.Parallel` to make it possible to propagate the scikit-learn configuration of the current thread to the joblib workers.
  warnings.warn(
D:\ml_separator_gh\.venv\Lib\site-packages\sklearn\utils\parallel.py:144: UserWarning: `sklearn.utils.parallel.delayed` should be used with `sklearn.utils.parallel.Parallel` to make it possible to propagate the scikit-learn configuration of the current thread to the joblib workers.
  warnings.warn(
=== A  (40s)
      arm  macro_mae_extractant  macro_mae_extractant_seed_sd  macro_mae_chemotype  macro_mae_far  macro_sign_acc_strong
SMOOTH100                0.4364                        0.0123               0.5170         0.5563                 0.8210
 SMOOTH50                0.4365                        0.0122               0.5168         0.5561                 0.8237
  SMOOTH0                0.4373                        0.0121               0.5169         0.5570                 0.8262
CHEM_ONLY                0.4694                        0.0087               0.5146         0.6070                 0.8173
            comparison   point  ci95_low  ci95_high  p_two_sided  seeds_positive  units_improved  n_units  loco_sign_stable  passes_P1
 A|SMOOTH50_vs_SMOOTH0  0.0008   -0.0002     0.0017       0.2150               5              10       90              True      False
A|SMOOTH100_vs_SMOOTH0  0.0009   -0.0007     0.0021       0.3430               5              10       90              True      False
A|CHEM_ONLY_vs_SMOOTH0 -0.0320   -0.0719     0.0154       0.4018               0              44       90             False      False
