largest chemotype sc009: 375 cells, 23 extractants
ABC frame (9000, 11); n_budgets unique [np.int64(6)]

=== 1. reproduced registered ABC contrasts (mae_all), five designs ===
design       comparison   point  ci95_low  ci95_high  bca_low  bca_high  p_two_sided  seeds_positive  loco_sign_stable  loco_min  loco_max  n_units  block_macro  passes_P1  p_bh_registered20
     B   AOPT_vs_RANDOM -0.0119   -0.0552     0.0367  -0.0743    0.0296       0.7826               2             False   -0.0171    0.0241       90       0.0191      False             0.9429
     B   AOPT_vs_MAXMIN -0.0039   -0.0407     0.0453  -0.0531    0.0343       0.9852               3             False   -0.0133    0.0247       90       0.0233      False             0.9852
     B UNCERT_vs_RANDOM -0.0310   -0.0672     0.0190  -0.0758    0.0093       0.2816               2              True   -0.0411   -0.0057       90      -0.0087      False             0.7040
     B UNCERT_vs_MAXMIN -0.0230   -0.0559     0.0222  -0.0613    0.0155       0.3386               2              True   -0.0314   -0.0051       90      -0.0045      False             0.7204
    BR   AOPT_vs_RANDOM  0.0235    0.0135     0.0359   0.0139    0.0366       0.0000               5              True    0.0206    0.0255       90       0.0238       True             0.0000
    BR   AOPT_vs_MAXMIN  0.0417    0.0148     0.0601   0.0196    0.0637       0.0014               5              True    0.0322    0.0449       90       0.0345       True             0.0047
    BR UNCERT_vs_RANDOM -0.0041   -0.0240     0.0225  -0.0226    0.0244       0.7110               3             False   -0.0113    0.0007       90       0.0001      False             0.9429
    BR UNCERT_vs_MAXMIN  0.0142   -0.0195     0.0389  -0.0178    0.0401       0.3602               3              True    0.0074    0.0184       90       0.0108      False             0.7204
    BQ   AOPT_vs_RANDOM -0.0034   -0.0375     0.0355  -0.0521    0.0291       0.9738               3             False   -0.0071    0.0241       90       0.0185      False             0.9852
    BQ   AOPT_vs_MAXMIN  0.0103   -0.0136     0.0439  -0.0202    0.0365       0.4342               4              True    0.0032    0.0272       90       0.0247      False             0.7637
    BQ UNCERT_vs_RANDOM  0.0035   -0.0298     0.0275  -0.0286    0.0287       0.8032               4             False   -0.0041    0.0094       90       0.0006      False             0.9429
    BQ UNCERT_vs_MAXMIN  0.0171   -0.0317     0.0470  -0.0232    0.0516       0.4582               4             False   -0.0011    0.0261       90       0.0068      False             0.7637
     A   AOPT_vs_RANDOM  0.0367    0.0204     0.0504   0.0213    0.0511       0.0000               5              True    0.0341    0.0386       90       0.0352       True             0.0000
     A   AOPT_vs_MAXMIN  0.0530    0.0188     0.0770   0.0263    0.0844       0.0008               5              True    0.0360    0.0563       90       0.0410       True             0.0032
     A UNCERT_vs_RANDOM -0.0180   -0.0367    -0.0014  -0.0348    0.0006       0.0358               0              True   -0.0233   -0.0158       90      -0.0233      False             0.1023
     A UNCERT_vs_MAXMIN -0.0017   -0.0385     0.0217  -0.0295    0.0283       0.8370               2             False   -0.0177    0.0016       90      -0.0175      False             0.9429
    BP   AOPT_vs_RANDOM  0.0501    0.0272     0.0662   0.0325    0.0718       0.0000               5              True    0.0380    0.0521       90       0.0393       True             0.0000
    BP   AOPT_vs_MAXMIN  0.0582    0.0151     0.0920   0.0234    0.1040       0.0002               5              True    0.0324    0.0645       90       0.0421       True             0.0010
    BP UNCERT_vs_RANDOM -0.0109   -0.0408     0.0318  -0.0466    0.0248       0.6496               2             False   -0.0208    0.0078       90       0.0042      False             0.9429
    BP UNCERT_vs_MAXMIN -0.0028   -0.0279     0.0248  -0.0304    0.0224       0.8486               3             False   -0.0068    0.0042       90       0.0070      False             0.9429

max |point_mine - point_lead| over the 20 registered rows: 9.671e-17

=== 2. per-seed ABC (mae_all), AOPT_vs_RANDOM ===
split_seed  104729  130363  155921  196613  262147
design                                            
A           0.0382  0.0331  0.0401  0.0275  0.0449
B          -0.0011 -0.0746  0.0446  0.0084 -0.0369
BP          0.0640  0.0401  0.0516  0.0521  0.0426
BQ          0.0126 -0.0588  0.0125 -0.0008  0.0176
BR          0.0257  0.0169  0.0309  0.0384  0.0053

=== 3. diglycolamide split (scoring units only; training unchanged) ===
design           comparison  point  ci95_low  ci95_high  bca_low  bca_high  p_two_sided  seeds_positive  loco_sign_stable  loco_min  loco_max  n_units  block_macro  passes_P1
     B AOPT_vs_RANDOM_noDGA 0.0241    0.0074     0.0412   0.0081    0.0421       0.0038               5              True    0.0199    0.0273       67       0.0221       True
    BR AOPT_vs_RANDOM_noDGA 0.0255    0.0125     0.0389   0.0135    0.0402       0.0002               5              True    0.0218    0.0275       67       0.0239       True
    BQ AOPT_vs_RANDOM_noDGA 0.0241    0.0078     0.0400   0.0088    0.0410       0.0038               5              True    0.0200    0.0266       67       0.0208       True
     A AOPT_vs_RANDOM_noDGA 0.0345    0.0169     0.0525   0.0179    0.0533       0.0002               5              True    0.0308    0.0370       67       0.0350       True
    BP AOPT_vs_RANDOM_noDGA 0.0380    0.0236     0.0511   0.0230    0.0508       0.0000               5              True    0.0361    0.0404       67       0.0383       True

=== 4. leave-one-publication-out: 58 publications, 90 extractants ===
  B   any_cell  base -0.0119  LOPO min -0.0153 max +0.0092  sign flips 1/58  largest single-publication drop -> -0.0153 (pub pub_1bd76c48d9, 6 extractants)
  B   modal     base -0.0119  LOPO min -0.0153 max +0.0039  sign flips 1/58  largest single-publication drop -> -0.0153 (pub pub_1bd76c48d9, 6 extractants)
  BR  any_cell  base +0.0235  LOPO min +0.0216 max +0.0252  sign flips 0/58  largest single-publication drop -> +0.0216 (pub pub_6a0ef8528c, 1 extractants)
  BR  modal     base +0.0235  LOPO min +0.0216 max +0.0252  sign flips 0/58  largest single-publication drop -> +0.0216 (pub pub_6a0ef8528c, 1 extractants)
  BQ  any_cell  base -0.0034  LOPO min -0.0062 max +0.0138  sign flips 4/58  largest single-publication drop -> -0.0062 (pub pub_1bd76c48d9, 6 extractants)
  BQ  modal     base -0.0034  LOPO min -0.0062 max +0.0096  sign flips 2/58  largest single-publication drop -> -0.0062 (pub pub_1bd76c48d9, 6 extractants)
  A   any_cell  base +0.0367  LOPO min +0.0328 max +0.0386  sign flips 0/58  largest single-publication drop -> +0.0328 (pub pub_126bbe7976, 15 extractants)
  A   modal     base +0.0367  LOPO min +0.0330 max +0.0386  sign flips 0/58  largest single-publication drop -> +0.0330 (pub pub_126bbe7976, 12 extractants)
  BP  any_cell  base +0.0501  LOPO min +0.0387 max +0.0520  sign flips 0/58  largest single-publication drop -> +0.0387 (pub pub_126bbe7976, 15 extractants)
  BP  modal     base +0.0501  LOPO min +0.0410 max +0.0521  sign flips 0/58  largest single-publication drop -> +0.0410 (pub pub_126bbe7976, 12 extractants)

=== 5. band concentration of the per-extractant ABC delta (RANDOM - AOPT) ===
  B   n=90  n_metals_max rho=+0.070(p=0.515)  n_cells rho=-0.044(p=0.682)  abs_a rho=-0.032(p=0.774)  chemotype_cells rho=-0.415(p=0.000)  chemotype_extractants rho=-0.479(p=0.000)  n_pubs rho=-0.220(p=0.037)
  BR  n=90  n_metals_max rho=+0.228(p=0.031)  n_cells rho=-0.055(p=0.609)  abs_a rho=+0.361(p=0.001)  chemotype_cells rho=-0.008(p=0.942)  chemotype_extractants rho=-0.043(p=0.685)  n_pubs rho=+0.060(p=0.576)
  BQ  n=90  n_metals_max rho=+0.038(p=0.719)  n_cells rho=-0.120(p=0.261)  abs_a rho=-0.027(p=0.807)  chemotype_cells rho=-0.397(p=0.000)  chemotype_extractants rho=-0.393(p=0.000)  n_pubs rho=-0.226(p=0.032)
  A   n=90  n_metals_max rho=+0.092(p=0.389)  n_cells rho=-0.020(p=0.850)  abs_a rho=+0.525(p=0.000)  chemotype_cells rho=+0.135(p=0.204)  chemotype_extractants rho=+0.080(p=0.456)  n_pubs rho=+0.078(p=0.464)
  BP  n=90  n_metals_max rho=+0.183(p=0.085)  n_cells rho=-0.135(p=0.206)  abs_a rho=+0.540(p=0.000)  chemotype_cells rho=+0.273(p=0.009)  chemotype_extractants rho=+0.303(p=0.004)  n_pubs rho=+0.118(p=0.267)

  BP tertiles of the delta by band:
    n_metals_max           low: +0.0367 (n=30)  mid: +0.0589 (n=30)  high: +0.0546 (n=30)
    n_cells                low: +0.0758 (n=30)  mid: +0.0327 (n=30)  high: +0.0417 (n=30)
    abs_a                  low: +0.0223 (n=28)  mid: +0.0587 (n=27)  high: +0.0836 (n=27)
    chemotype_cells        low: +0.0422 (n=30)  mid: +0.0333 (n=30)  high: +0.0747 (n=30)

=== 6. effective number of independent units ===
  BP: 90 extractant units in 45 chemotype blocks; Kish n_eff over block sizes = 11.67
  BP: extractant-weighted point = +0.0501; chemotype-weighted (block_macro) = +0.0393
  BP: blocks with positive mean delta 35/45; largest block sc009 n=23 mean delta +0.0852
  BP: five most negative blocks: sc063:-0.121(n=1), sc020:-0.086(n=1), sc062:-0.054(n=1), sc083:-0.050(n=1), sc028:-0.038(n=2)
  BP: five most positive blocks: sc096:+0.111(n=1), sc033:+0.113(n=1), sc057:+0.123(n=1), sc012:+0.124(n=1), sc001:+0.164(n=1)

=== 7. multiplicity ===
  rows across the four L4 contrast files: 435 (registered 20)
  AOPT_vs_RANDOM raw p, BH within registered 20, BH across all L4 rows:
    B   p=0.78260 BH20=0.94289 BH435=0.87067
    BR  p=0.00000 BH20=0.00000 BH435=0.00000
    BQ  p=0.97380 BH20=0.98520 BH435=0.98056
    A   p=0.00000 BH20=0.00000 BH435=0.00000
    BP  p=0.00000 BH20=0.00000 BH435=0.00000

=== 8. AOPT pick position vs chemotype size (features-only criterion?) ===
               spearman_pos_vs_cells  spearman_pos_vs_rich_cells
design order                                                    
A      AOPT                   -0.400                      -0.588
       MAXMIN                  0.215                       0.177
       RANDOM                 -0.005                       0.003
       UNCERT                 -0.188                      -0.119
B      AOPT                   -0.389                      -0.568
       MAXMIN                  0.275                       0.215
       RANDOM                 -0.063                      -0.051
       UNCERT                 -0.150                      -0.101
BP     AOPT                   -0.452                      -0.631
       MAXMIN                  0.287                       0.210
       RANDOM                 -0.019                       0.003
       UNCERT                 -0.286                      -0.245
BQ     AOPT                   -0.376                      -0.571
       MAXMIN                  0.247                       0.170
       RANDOM                 -0.088                      -0.047
       UNCERT                 -0.172                      -0.104
BR     AOPT                   -0.407                      -0.582
       MAXMIN                  0.274                       0.205
       RANDOM                 -0.045                      -0.040
       UNCERT                 -0.147                      -0.113

STAGE stats DONE

=== 9. SIZE order (cheapest competitor): refit, all five designs ===
  [B] SIZE done in 28s
  [BR] SIZE done in 28s
  [BQ] SIZE done in 28s
  [A] SIZE done in 31s
  [BP] SIZE done in 37s

  SIZE learning curve (macro MAE):
budget      12      16      20      24       6       9
design                                                
A       0.5112  0.5201  0.5116  0.5112  0.5651  0.5172
B       0.5147  0.5198  0.5064  0.5120  0.5626  0.5216
BP      0.5094  0.5093  0.5082  0.5071  0.5687  0.5255
BQ      0.5358  0.5135  0.4946  0.5106  0.5725  0.5206
BR      0.5423  0.5200  0.5020  0.5058  0.5668  0.5203

  SIZE mean training cells per budget:
               n_train_cells  n_rich_train_cells
design budget                                   
A      6               360.4               187.4
       9               373.5               199.3
       12              382.6               205.9
       16              390.7               213.0
       20              395.4               217.2
       24              399.4               221.2
B      6               362.4               189.1
       9               376.6               201.6
       12              386.2               208.0
       16              393.4               215.0
       20              397.6               219.2
       24              401.6               223.2
BP     6               337.1               170.6
       9               349.2               180.8
       12              356.6               186.6
       16              362.4               192.1
       20              366.6               196.2
       24              371.3               199.7
BQ     6               326.8               173.3
       9               339.9               184.6
       12              348.6               190.8
       16              355.2               197.2
       20              359.4               201.4
       24              363.4               205.4
BR     6               330.6               171.4
       9               343.9               182.8
       12              352.2               189.0
       16              358.7               194.9
       20              362.8               199.0
       24              366.8               203.0
  SIZE FLAT fallbacks total: 0

=== 9. contrasts against the SIZE order (exploratory) ===
design     comparison   point  ci95_low  ci95_high  bca_low  bca_high  p_two_sided  seeds_positive  loco_sign_stable  loco_min  loco_max  n_units  block_macro  passes_P1
     B   AOPT_vs_SIZE -0.0397   -0.0817     0.0137  -0.0989    0.0028       0.2326               1              True   -0.0474   -0.0057       90      -0.0128      False
     B SIZE_vs_RANDOM  0.0277    0.0125     0.0428   0.0105    0.0413       0.0014               5              True    0.0263    0.0315       90       0.0319       True
     B SIZE_vs_MAXMIN  0.0358    0.0072     0.0566   0.0083    0.0571       0.0184               5              True    0.0301    0.0421       90       0.0362       True
     B AOPT_vs_RANDOM -0.0119   -0.0552     0.0367  -0.0743    0.0296       0.7826               2             False   -0.0171    0.0241       90       0.0191      False
    BR   AOPT_vs_SIZE  0.0044   -0.0092     0.0245  -0.0065    0.0326       0.6062               4             False   -0.0019    0.0067       90       0.0018      False
    BR SIZE_vs_RANDOM  0.0191    0.0039     0.0324   0.0017    0.0310       0.0224               4              True    0.0171    0.0225       90       0.0220      False
    BR SIZE_vs_MAXMIN  0.0374    0.0036     0.0597   0.0090    0.0633       0.0320               4              True    0.0255    0.0429       90       0.0327       True
    BR AOPT_vs_RANDOM  0.0235    0.0135     0.0359   0.0139    0.0366       0.0000               5              True    0.0206    0.0255       90       0.0238       True
    BQ   AOPT_vs_SIZE -0.0292   -0.0626     0.0129  -0.0758    0.0041       0.2818               0              True   -0.0353   -0.0026       90      -0.0109      False
    BQ SIZE_vs_RANDOM  0.0258    0.0130     0.0383   0.0114    0.0373       0.0012               5              True    0.0242    0.0282       90       0.0294       True
    BQ SIZE_vs_MAXMIN  0.0395    0.0089     0.0600   0.0130    0.0629       0.0146               5              True    0.0298    0.0449       90       0.0356       True
    BQ AOPT_vs_RANDOM -0.0034   -0.0375     0.0355  -0.0521    0.0291       0.9738               3             False   -0.0071    0.0241       90       0.0185      False
     A   AOPT_vs_SIZE  0.0139   -0.0049     0.0358  -0.0027    0.0393       0.1470               4              True    0.0086    0.0166       90       0.0161      False
     A SIZE_vs_RANDOM  0.0229    0.0079     0.0344   0.0081    0.0347       0.0046               5              True    0.0194    0.0256       90       0.0191       True
     A SIZE_vs_MAXMIN  0.0391    0.0041     0.0621   0.0121    0.0681       0.0266               5              True    0.0230    0.0428       90       0.0249       True
     A AOPT_vs_RANDOM  0.0367    0.0204     0.0504   0.0213    0.0511       0.0000               5              True    0.0341    0.0386       90       0.0352       True
    BP   AOPT_vs_SIZE  0.0047   -0.0049     0.0171  -0.0030    0.0215       0.3564               4              True    0.0006    0.0058       90       0.0021      False
    BP SIZE_vs_RANDOM  0.0454    0.0201     0.0622   0.0263    0.0681       0.0000               5              True    0.0327    0.0490       90       0.0372       True
    BP SIZE_vs_MAXMIN  0.0535    0.0088     0.0879   0.0178    0.1004       0.0098               5              True    0.0271    0.0588       90       0.0400       True
    BP AOPT_vs_RANDOM  0.0501    0.0272     0.0662   0.0325    0.0718       0.0000               5              True    0.0380    0.0521       90       0.0393       True

STAGE size DONE

=== 10. n_metals stratification of AOPT_vs_RANDOM (ABC, mae_all) ===
design      stratum   point  ci95_low  ci95_high  p_two_sided  seeds_positive  loco_sign_stable  n_units  passes_P1
     B  n_metals<=4 -0.0213   -0.0717     0.0165       0.3836               0             False        8      False
     B n_metals 5-7 -0.0139   -0.0603     0.0259       0.5524               2             False       10      False
     B  n_metals>=8 -0.0106   -0.0586     0.0496       0.7970               3             False       72      False
    BR  n_metals<=4 -0.0157   -0.0402     0.0101       0.2278               2              True        8      False
    BR n_metals 5-7 -0.0001   -0.0316     0.0294       0.9956               2             False       10      False
    BR  n_metals>=8  0.0311    0.0215     0.0477       0.0000               5              True       72       True
    BQ  n_metals<=4 -0.0065   -0.0512     0.0327       0.8028               2             False        8      False
    BQ n_metals 5-7 -0.0109   -0.0542     0.0289       0.6166               2             False       10      False
    BQ  n_metals>=8 -0.0020   -0.0394     0.0472       0.9880               3             False       72      False
     A  n_metals<=4  0.0331   -0.0219     0.0873       0.2372               3              True        8      False
     A n_metals 5-7  0.0106   -0.0336     0.0522       0.6248               5             False       10      False
     A  n_metals>=8  0.0408    0.0257     0.0564       0.0000               5              True       72       True
    BP  n_metals<=4  0.0050   -0.0386     0.0438       0.7816               4             False        8      False
    BP n_metals 5-7  0.0412   -0.0064     0.0869       0.0908               5              True       10      False
    BP  n_metals>=8  0.0563    0.0337     0.0709       0.0000               5              True       72       True

  partial Spearman of the per-extractant delta (BP):
    delta~|a| given n_metals : +0.558 (raw +0.540, n=82)
    delta~n_metals given |a| : -0.190 (raw +0.094, n=82)

=== 11. diglycolamide-only delta (single block: no bootstrap possible) ===
  B   all -0.0119 (n=90) | DGA-only -0.1169 (n=23) | noDGA +0.0241 (n=67)
  BR  all +0.0235 (n=90) | DGA-only +0.0174 (n=23) | noDGA +0.0255 (n=67)
  BQ  all -0.0034 (n=90) | DGA-only -0.0835 (n=23) | noDGA +0.0241 (n=67)
  A   all +0.0367 (n=90) | DGA-only +0.0433 (n=23) | noDGA +0.0345 (n=67)
  BP  all +0.0501 (n=90) | DGA-only +0.0852 (n=23) | noDGA +0.0380 (n=67)
  lead's contrasts_nodga.csv: 20 rows, comparisons ['AOPT_vs_MAXMIN_noDGA', 'AOPT_vs_RANDOM_noDGA', 'UNCERT_vs_MAXMIN_noDGA', 'UNCERT_vs_RANDOM_noDGA']
  rows whose comparison ends in _DGAonly: 0

=== 12. AOPT order vs SIZE order: overlap of the first k chemotypes ===
        spearman_rank  jaccard_k6  jaccard_k9  jaccard_k12  jaccard_k16  jaccard_k20  jaccard_k24
design                                                                                           
A               0.559       0.179       0.198        0.304        0.478        0.569        0.649
B               0.536       0.178       0.219        0.352        0.494        0.569        0.651
BP              0.606       0.228       0.301        0.484        0.601        0.725        0.891
BQ              0.543       0.174       0.236        0.369        0.510        0.569        0.677
BR              0.550       0.196       0.247        0.398        0.538        0.628        0.720

=== 13. where BP's ABC comes from, by budget ===
 budget  point  p_two_sided  seeds_positive  passes_P1
      6 0.0566       0.0068               4       True
      9 0.0852       0.0002               5       True
     12 0.0691       0.0000               5       True
     16 0.0602       0.0000               5       True
     20 0.0208       0.0030               5       True
     24 0.0085       0.0100               5      False
  mean over the six budgets = +0.05007 (registered ABC +0.0501)
  BP RANDOM macro MAE vs FLAT = 0.5885: k=6:0.6264(worse than FLAT), k=9:0.6082(worse than FLAT), k=12:0.5781, k=16:0.5525, k=20:0.5242, k=24:0.5110
  budgets where RANDOM is worse than predicting nothing: [6, 9]; they contribute 47 % of the registered ABC

STAGE more DONE

=== 14. re-seeded RANDOM null (RANDOM2, 10 fresh draws), designs BP and B ===
  [BP] RANDOM2 done in 203s
design        comparison   point  ci95_low  ci95_high  bca_low  bca_high  p_two_sided  seeds_positive  loco_sign_stable  loco_min  loco_max  n_units  block_macro  passes_P1
    BP   AOPT_vs_RANDOM2  0.0515    0.0206     0.0766   0.0266    0.0882       0.0000               5              True    0.0310    0.0535       90       0.0355       True
    BP   SIZE_vs_RANDOM2  0.0468    0.0129     0.0727   0.0203    0.0841       0.0016               5              True    0.0258    0.0512       90       0.0334       True
    BP MAXMIN_vs_RANDOM2 -0.0067   -0.0216     0.0133  -0.0224    0.0124       0.4988               2              True   -0.0116   -0.0013       90      -0.0066      False
    BP    AOPT_vs_RANDOM  0.0501    0.0272     0.0662   0.0325    0.0718       0.0000               5              True    0.0380    0.0521       90       0.0393       True
  [BP] RANDOM2 draw ABC: min -0.0121 max +0.0268 sd 0.0123; AOPT +0.0515 (percentile 100); SIZE +0.0468 (percentile 100)
  [B] RANDOM2 done in 170s
design        comparison   point  ci95_low  ci95_high  bca_low  bca_high  p_two_sided  seeds_positive  loco_sign_stable  loco_min  loco_max  n_units  block_macro  passes_P1
     B   AOPT_vs_RANDOM2 -0.0182   -0.0628     0.0316  -0.0817    0.0247       0.7362               2             False   -0.0227    0.0189       90       0.0158      False
     B   SIZE_vs_RANDOM2  0.0214    0.0068     0.0380   0.0049    0.0361       0.0078               5              True    0.0201    0.0251       90       0.0286       True
     B MAXMIN_vs_RANDOM2 -0.0144   -0.0307     0.0092  -0.0338    0.0055       0.2410               1              True   -0.0170   -0.0058       90      -0.0076      False
     B    AOPT_vs_RANDOM -0.0119   -0.0552     0.0367  -0.0743    0.0296       0.7826               2             False   -0.0171    0.0241       90       0.0191      False
  [B] RANDOM2 draw ABC: min -0.0213 max +0.0117 sd 0.0126; AOPT -0.0182 (percentile 20); SIZE +0.0214 (percentile 100)

STAGE null2 DONE
