largest chemotype sc009: 375 cells, 23 extractants (the diglycolamides)
  [B] cell counts done
  [BR] cell counts done
  [BQ] cell counts done
  [A] cell counts done
  [BP] cell counts done

=== mean training cells per (design, order, budget) ===
budget            6      9      12     16     20     24
design order                                           
A      AOPT    322.5  327.4  335.0  357.8  380.7  394.2
       MAXMIN   15.7   21.5   26.6   35.3   51.6   69.8
       RANDOM   71.9  108.5  137.4  181.1  221.2  260.1
       UNCERT  205.2  212.7  236.0  284.8  350.9  383.2
B      AOPT    324.5  329.5  339.8  363.3  381.4  397.1
       MAXMIN   18.0   23.5   28.8   38.2   55.6   75.9
       RANDOM   65.5  102.6  134.4  189.4  221.3  266.2
       UNCERT  188.6  194.4  221.2  355.4  374.2  388.6
BP     AOPT    303.2  311.0  331.7  352.7  362.6  369.2
       MAXMIN   19.4   25.5   31.5   49.3   69.8  164.9
       RANDOM   78.8  120.2  158.1  209.8  258.7  303.9
       UNCERT  289.5  298.9  314.1  346.2  360.1  370.7
BQ     AOPT    277.4  296.8  308.2  329.8  346.2  360.0
       MAXMIN   17.3   23.1   28.6   39.1   56.0   81.0
       RANDOM   59.6   91.3  121.9  167.6  199.2  243.2
       UNCERT  179.8  185.8  209.8  321.0  339.2  355.3
BR     AOPT    297.8  302.9  316.7  338.6  354.2  364.5
       MAXMIN   18.1   23.5   28.8   40.2   57.5   77.6
       RANDOM   69.7  109.2  141.4  183.3  212.0  256.8
       UNCERT  168.5  175.1  184.8  284.1  330.4  357.7
  [B] cell-matched and DGA diagnostics done (67 non-DGA extractants of 90)
  [BR] cell-matched and DGA diagnostics done (67 non-DGA extractants of 90)
  [BQ] cell-matched and DGA diagnostics done (67 non-DGA extractants of 90)
  [A] cell-matched and DGA diagnostics done (67 non-DGA extractants of 90)
  [BP] cell-matched and DGA diagnostics done (67 non-DGA extractants of 90)

=== cell-matched contrasts (exploratory) ===
design                   comparison   point  ci95_low  ci95_high  bca_low  bca_high  p_two_sided  seeds_positive  loco_stable  passes_P1      family lead
     B   AOPT_vs_RANDOM_CELLMATCHED -0.0369   -0.0730     0.0041  -0.0882   -0.0018       0.1374               1         True      False exploratory   L4
     B MAXMIN_vs_RANDOM_CELLMATCHED  0.0283    0.0101     0.0535   0.0086    0.0513       0.0030               5         True       True exploratory   L4
     B UNCERT_vs_RANDOM_CELLMATCHED -0.0487   -0.0844     0.0015  -0.0934   -0.0082       0.0598               2         True      False exploratory   L4
    BR   AOPT_vs_RANDOM_CELLMATCHED -0.0058   -0.0151     0.0024  -0.0164    0.0014       0.1550               2         True      False exploratory   L4
    BR MAXMIN_vs_RANDOM_CELLMATCHED  0.0155   -0.0070     0.0478  -0.0128    0.0419       0.1922               4         True      False exploratory   L4
    BR UNCERT_vs_RANDOM_CELLMATCHED -0.0186   -0.0380     0.0068  -0.0366    0.0088       0.1308               3         True      False exploratory   L4
    BQ   AOPT_vs_RANDOM_CELLMATCHED -0.0272   -0.0532     0.0030  -0.0646   -0.0022       0.1174               1         True      False exploratory   L4
    BQ MAXMIN_vs_RANDOM_CELLMATCHED  0.0195   -0.0004     0.0493  -0.0034    0.0451       0.0560               4         True      False exploratory   L4
    BQ UNCERT_vs_RANDOM_CELLMATCHED -0.0097   -0.0490     0.0158  -0.0445    0.0191       0.5090               2         True      False exploratory   L4
     A   AOPT_vs_RANDOM_CELLMATCHED  0.0017   -0.0082     0.0137  -0.0074    0.0148       0.7664               3        False      False exploratory   L4
     A MAXMIN_vs_RANDOM_CELLMATCHED  0.0330    0.0184     0.0497   0.0183    0.0497       0.0000               5         True       True exploratory   L4
     A UNCERT_vs_RANDOM_CELLMATCHED -0.0356   -0.0556    -0.0173  -0.0537   -0.0159       0.0000               0         True      False exploratory   L4
    BP   AOPT_vs_RANDOM_CELLMATCHED  0.0108   -0.0104     0.0289  -0.0069    0.0369       0.6010               4        False      False exploratory   L4
    BP MAXMIN_vs_RANDOM_CELLMATCHED  0.0247   -0.0042     0.0654  -0.0121    0.0572       0.1084               5         True      False exploratory   L4
    BP UNCERT_vs_RANDOM_CELLMATCHED -0.0469   -0.0722    -0.0116  -0.0775   -0.0173       0.0060               0         True      False exploratory   L4

=== diglycolamide split contrasts (exploratory) ===
design             comparison   point  ci95_low  ci95_high  bca_low  bca_high  p_two_sided  seeds_positive  loco_stable  passes_P1      family lead
     B   AOPT_vs_RANDOM_noDGA  0.0241    0.0074     0.0412   0.0081    0.0421       0.0038               5         True       True exploratory   L4
     B   AOPT_vs_MAXMIN_noDGA  0.0247   -0.0001     0.0522   0.0028    0.0575       0.0518               5         True      False exploratory   L4
     B UNCERT_vs_RANDOM_noDGA -0.0057   -0.0386     0.0265  -0.0353    0.0300       0.6990               2        False      False exploratory   L4
     B UNCERT_vs_MAXMIN_noDGA -0.0051   -0.0451     0.0295  -0.0450    0.0296       0.7746               2        False      False exploratory   L4
    BR   AOPT_vs_RANDOM_noDGA  0.0255    0.0125     0.0389   0.0135    0.0402       0.0002               5         True       True exploratory   L4
    BR   AOPT_vs_MAXMIN_noDGA  0.0322    0.0098     0.0549   0.0119    0.0579       0.0032               5         True       True exploratory   L4
    BR UNCERT_vs_RANDOM_noDGA  0.0007   -0.0256     0.0279  -0.0227    0.0315       0.9964               3        False      False exploratory   L4
    BR UNCERT_vs_MAXMIN_noDGA  0.0074   -0.0276     0.0399  -0.0252    0.0423       0.6872               3        False      False exploratory   L4
    BQ   AOPT_vs_RANDOM_noDGA  0.0241    0.0078     0.0400   0.0088    0.0410       0.0038               5         True       True exploratory   L4
    BQ   AOPT_vs_MAXMIN_noDGA  0.0272    0.0051     0.0491   0.0080    0.0528       0.0136               5         True       True exploratory   L4
    BQ UNCERT_vs_RANDOM_noDGA -0.0041   -0.0365     0.0283  -0.0348    0.0299       0.7880               3        False      False exploratory   L4
    BQ UNCERT_vs_MAXMIN_noDGA -0.0011   -0.0421     0.0337  -0.0444    0.0323       0.9532               2        False      False exploratory   L4
     A   AOPT_vs_RANDOM_noDGA  0.0345    0.0169     0.0525   0.0179    0.0533       0.0002               5         True       True exploratory   L4
     A   AOPT_vs_MAXMIN_noDGA  0.0360    0.0135     0.0578   0.0141    0.0585       0.0008               5         True       True exploratory   L4
     A UNCERT_vs_RANDOM_noDGA -0.0192   -0.0408     0.0011  -0.0385    0.0036       0.0664               0         True      False exploratory   L4
     A UNCERT_vs_MAXMIN_noDGA -0.0177   -0.0452     0.0071  -0.0439    0.0083       0.1608               0         True      False exploratory   L4
    BP   AOPT_vs_RANDOM_noDGA  0.0380    0.0236     0.0511   0.0230    0.0508       0.0000               5         True       True exploratory   L4
    BP   AOPT_vs_MAXMIN_noDGA  0.0324    0.0103     0.0563   0.0117    0.0579       0.0028               5         True       True exploratory   L4
    BP UNCERT_vs_RANDOM_noDGA  0.0078   -0.0252     0.0390  -0.0218    0.0421       0.6574               4        False      False exploratory   L4
    BP UNCERT_vs_MAXMIN_noDGA  0.0022   -0.0304     0.0304  -0.0331    0.0288       0.8770               3        False      False exploratory   L4

=== modal first six picks ===
position           0      1      2      3      4      5
design order                                           
A      AOPT    sc061  sc030  sc036  sc019  sc055  sc009
       MAXMIN  sc085  sc000  sc012  sc092  sc085  sc086
       UNCERT  sc061  sc030  sc036  sc059  sc007  sc016
B      AOPT    sc061  sc030  sc036  sc036  sc055  sc058
       MAXMIN  sc085  sc000  sc092  sc092  sc086  sc086
       UNCERT  sc061  sc030  sc036  sc059  sc001  sc000
BP     AOPT    sc061  sc009  sc009  sc055  sc055  sc058
       MAXMIN  sc092  sc015  sc092  sc092  sc086  sc060
       UNCERT  sc061  sc009  sc009  sc068  sc007  sc001
BQ     AOPT    sc061  sc030  sc009  sc036  sc055  sc055
       MAXMIN  sc085  sc000  sc012  sc092  sc086  sc086
       UNCERT  sc061  sc030  sc009  sc059  sc000  sc000
BR     AOPT    sc061  sc030  sc078  sc009  sc078  sc055
       MAXMIN  sc086  sc000  sc092  sc092  sc086  sc084
       UNCERT  sc061  sc030  sc078  sc059  sc000  sc000
DONE
