L4 retrospective simulation; designs ('B', 'BR', 'BQ', 'A', 'BP'); budgets (6, 9, 12, 16, 20, 24); draws 20
bench: 521 cells, 90 extractants, 45 chemotypes; TOPO39 columns 39
  [B] fits done in 148s; skipped (fold, budget): 0
  [B] budget 6: 42 arms scored in 82s
  [B] budget 9: 42 arms scored in 101s
  [B] budget 12: 42 arms scored in 103s
  [B] budget 16: 42 arms scored in 144s
  [B] budget 20: 42 arms scored in 141s
  [B] budget 24: 42 arms scored in 164s
  [B] budget full: 2 arms scored in 7s
design B done in 891s
  [BR] fits done in 178s; skipped (fold, budget): 0
  [BR] budget 6: 42 arms scored in 88s
  [BR] budget 9: 42 arms scored in 106s
  [BR] budget 12: 42 arms scored in 108s
  [BR] budget 16: 42 arms scored in 104s
  [BR] budget 20: 42 arms scored in 109s
  [BR] budget 24: 42 arms scored in 102s
  [BR] budget full: 2 arms scored in 4s
design BR done in 799s
  [BQ] fits done in 141s; skipped (fold, budget): 0
  [BQ] budget 6: 42 arms scored in 84s
  [BQ] budget 9: 42 arms scored in 97s
  [BQ] budget 12: 42 arms scored in 100s
  [BQ] budget 16: 42 arms scored in 100s
  [BQ] budget 20: 42 arms scored in 102s
  [BQ] budget 24: 42 arms scored in 102s
  [BQ] budget full: 2 arms scored in 4s
design BQ done in 729s
  [A] fits done in 150s; skipped (fold, budget): 0
  [A] budget 6: 42 arms scored in 86s
  [A] budget 9: 42 arms scored in 97s
  [A] budget 12: 42 arms scored in 100s
  [A] budget 16: 42 arms scored in 99s
  [A] budget 20: 42 arms scored in 99s
  [A] budget 24: 42 arms scored in 99s
  [A] budget full: 2 arms scored in 4s
design A done in 735s
  [BP] fits done in 126s; skipped (fold, budget): 0
  [BP] budget 6: 42 arms scored in 85s
  [BP] budget 9: 42 arms scored in 97s
  [BP] budget 12: 42 arms scored in 99s
  [BP] budget 16: 42 arms scored in 101s
  [BP] budget 20: 42 arms scored in 99s
  [BP] budget 24: 42 arms scored in 99s
  [BP] budget full: 2 arms scored in 4s
design BP done in 709s
anchor: FULL under BP = 0.5000794414 (frozen 0.5000794414)
=== learning curve (macro MAE, mean over draws) ===
budget             12      16      20      24       6       9    full
design order                                                         
A      AOPT    0.5113  0.5061  0.4938  0.4987  0.5332  0.5099     NaN
       FLAT       NaN     NaN     NaN     NaN     NaN     NaN  0.5885
       FULL       NaN     NaN     NaN     NaN     NaN     NaN  0.4921
       MAXMIN  0.5716  0.5567  0.5381  0.5247  0.5910  0.5890     NaN
       RANDOM  0.5495  0.5310  0.5198  0.5104  0.5967  0.5661     NaN
       UNCERT  0.5718  0.5445  0.5245  0.5180  0.6111  0.6117     NaN
B      AOPT    0.5709  0.5576  0.5196  0.5028  0.6195  0.6048     NaN
       FLAT       NaN     NaN     NaN     NaN     NaN     NaN  0.5885
       FULL       NaN     NaN     NaN     NaN     NaN     NaN  0.4932
       MAXMIN  0.5799  0.5470  0.5283  0.5350  0.5869  0.5749     NaN
       RANDOM  0.5523  0.5332  0.5272  0.5143  0.6020  0.5746     NaN
       UNCERT  0.6138  0.5598  0.5309  0.5073  0.6360  0.6420     NaN
BP     AOPT    0.5090  0.4923  0.5033  0.5026  0.5698  0.5230     NaN
       FLAT       NaN     NaN     NaN     NaN     NaN     NaN  0.5885
       FULL       NaN     NaN     NaN     NaN     NaN     NaN  0.5001
       MAXMIN  0.6086  0.5909  0.5262  0.5121  0.5989  0.6126     NaN
       RANDOM  0.5781  0.5525  0.5242  0.5110  0.6264  0.6082     NaN
       UNCERT  0.6059  0.5236  0.5200  0.5169  0.6630  0.6364     NaN
BQ     AOPT    0.5824  0.5459  0.5150  0.5249  0.5891  0.5655     NaN
       FLAT       NaN     NaN     NaN     NaN     NaN     NaN  0.5885
       FULL       NaN     NaN     NaN     NaN     NaN     NaN  0.4905
       MAXMIN  0.5915  0.5544  0.5296  0.5299  0.5868  0.5922     NaN
       RANDOM  0.5539  0.5315  0.5228  0.5084  0.6042  0.5817     NaN
       UNCERT  0.5528  0.5509  0.5221  0.5038  0.5780  0.5741     NaN
BR     AOPT    0.5157  0.5407  0.5026  0.4910  0.5367  0.5441     NaN
       FLAT       NaN     NaN     NaN     NaN     NaN     NaN  0.5885
       FULL       NaN     NaN     NaN     NaN     NaN     NaN  0.4906
       MAXMIN  0.5741  0.5585  0.5476  0.5263  0.5854  0.5893     NaN
       RANDOM  0.5495  0.5307  0.5124  0.5033  0.6016  0.5741     NaN
       UNCERT  0.5674  0.5164  0.5133  0.5016  0.5957  0.6018     NaN
=== registered contrasts (ABC on mae_all) ===
design       comparison   point  ci95_low  ci95_high  p_two_sided  seeds_positive  loco_sign_stable  passes_P1
     B   AOPT_vs_RANDOM -0.0119   -0.0552     0.0367       0.7826               2             False      False
     B   AOPT_vs_MAXMIN -0.0039   -0.0407     0.0453       0.9852               3             False      False
     B UNCERT_vs_RANDOM -0.0310   -0.0672     0.0190       0.2816               2              True      False
     B UNCERT_vs_MAXMIN -0.0230   -0.0559     0.0222       0.3386               2              True      False
    BR   AOPT_vs_RANDOM  0.0235    0.0135     0.0359       0.0000               5              True       True
    BR   AOPT_vs_MAXMIN  0.0417    0.0148     0.0601       0.0014               5              True       True
    BR UNCERT_vs_RANDOM -0.0041   -0.0240     0.0225       0.7110               3             False      False
    BR UNCERT_vs_MAXMIN  0.0142   -0.0195     0.0389       0.3602               3              True      False
    BQ   AOPT_vs_RANDOM -0.0034   -0.0375     0.0355       0.9738               3             False      False
    BQ   AOPT_vs_MAXMIN  0.0103   -0.0136     0.0439       0.4342               4              True      False
    BQ UNCERT_vs_RANDOM  0.0035   -0.0298     0.0275       0.8032               4             False      False
    BQ UNCERT_vs_MAXMIN  0.0171   -0.0317     0.0470       0.4582               4             False      False
     A   AOPT_vs_RANDOM  0.0367    0.0204     0.0504       0.0000               5              True       True
     A   AOPT_vs_MAXMIN  0.0530    0.0188     0.0770       0.0008               5              True       True
     A UNCERT_vs_RANDOM -0.0180   -0.0367    -0.0014       0.0358               0              True      False
     A UNCERT_vs_MAXMIN -0.0017   -0.0385     0.0217       0.8370               2             False      False
    BP   AOPT_vs_RANDOM  0.0501    0.0272     0.0662       0.0000               5              True       True
    BP   AOPT_vs_MAXMIN  0.0582    0.0151     0.0920       0.0002               5              True       True
    BP UNCERT_vs_RANDOM -0.0109   -0.0408     0.0318       0.6496               2             False      False
    BP UNCERT_vs_MAXMIN -0.0028   -0.0279     0.0248       0.8486               3             False      False
=== percentile among random draws ===
design                    order  abc_macro  percentile_among_random_draws  random_draw_abc_min  random_draw_abc_max  random_draw_abc_sd  n_draws               family lead
     B                     AOPT    -0.0119                           10.0              -0.0157               0.0225              0.0112       20          exploratory   L4
     B                   UNCERT    -0.0310                            0.0              -0.0157               0.0225              0.0112       20          exploratory   L4
     B MAXMIN(mean over starts)    -0.0081                           35.0              -0.0157               0.0225              0.0112       20          exploratory   L4
    BR                     AOPT     0.0235                          100.0              -0.0173               0.0187              0.0110       20          exploratory   L4
    BR                   UNCERT    -0.0041                           35.0              -0.0173               0.0187              0.0110       20          exploratory   L4
    BR MAXMIN(mean over starts)    -0.0183                            0.0              -0.0173               0.0187              0.0110       20          exploratory   L4
    BQ                     AOPT    -0.0034                           35.0              -0.0248               0.0202              0.0104       20          exploratory   L4
    BQ                   UNCERT     0.0035                           65.0              -0.0248               0.0202              0.0104       20          exploratory   L4
    BQ MAXMIN(mean over starts)    -0.0136                           10.0              -0.0248               0.0202              0.0104       20          exploratory   L4
     A                     AOPT     0.0367                          100.0              -0.0137               0.0129              0.0083       20          exploratory   L4
     A                   UNCERT    -0.0180                            0.0              -0.0137               0.0129              0.0083       20          exploratory   L4
     A MAXMIN(mean over starts)    -0.0163                            0.0              -0.0137               0.0129              0.0083       20          exploratory   L4
    BP                     AOPT     0.0501                          100.0              -0.0318               0.0209              0.0131       20 registered_secondary   L4
    BP                   UNCERT    -0.0109                           10.0              -0.0318               0.0209              0.0131       20          exploratory   L4
    BP MAXMIN(mean over starts)    -0.0081                           15.0              -0.0318               0.0209              0.0131       20          exploratory   L4
DONE
