L4 prospective ranking: A-optimal over the full frozen cohort
cohort: 521 cells, 90 extractants, 45 chemotypes
chosen design: 289 well-determined cells x 39 TOPO39 columns; 0 constant/all-missing columns zeroed
full-cohort G14: mean |amplitude| 0.2950, mean curvature -0.0788
full-cohort residual covariance from 289 well-determined residual curves; first three D-optimal pairs (all 91 available): La-Er, Nd-Lu, Ce-Gd
pool (i): 190 bundle extractants with lanthanide rows; 100 have exactly one measured lanthanide and are outside the cohort (0 single-metal but in cohort)
pool (i): TOPO39 available for 95; excluded 5 with no computable TOPO39 row in the frozen coordination parquet
pool (i): wrote 95 ranked candidates; 60 labelled 'new', 60 distinct frozen chemotype labels
pool (ii): 273 ligands; TOPO39 columns present 39/39
pool (ii): 273 ligands with a computable TOPO39 row; excluded 0
pool (ii): wrote 273 ranked candidates; 268 labelled 'new'

=== pool (i) top 10 ===
 rank       name label  nn_tanimoto_cohort nn_cohort_name  aopt_reduction  p_heavy_G14_full_cohort measured_lanthanide dopt3_pairs_with_measured
    1       CA12   new              0.4054          TEDGA         12.9901                   1.0000                  Eu         La-Eu|Eu-Lu|Ce-Eu
    2 HOEtBenDGA sc009              0.6000       DODDdDGA         11.7453                   1.0000                  Eu         La-Eu|Eu-Lu|Ce-Eu
    3        L1f sc009              0.4091         TIBDGA         11.6086                   0.9999                  Eu         La-Eu|Eu-Lu|Ce-Eu
    4        L5b sc009              0.7273       DODDdDGA         11.6086                   0.9999                  Eu         La-Eu|Eu-Lu|Ce-Eu
    5        L1e sc009              0.5714       DODDdDGA         11.6086                   0.9999                  Eu         La-Eu|Eu-Lu|Ce-Eu
    6        L1d sc009              0.5814        DMDODGA         11.6086                   0.9999                  Eu         La-Eu|Eu-Lu|Ce-Eu
    7         L4 sc009              0.6579        DMDODGA         11.6086                   0.9999                  Eu         La-Eu|Eu-Lu|Ce-Eu
    8        L1c sc009              0.5500          TBDGA         11.6086                   0.9999                  Eu         La-Eu|Eu-Lu|Ce-Eu
    9        L5a sc009              0.6875          TBDGA         11.6086                   0.9999                  Eu         La-Eu|Eu-Lu|Ce-Eu
   10        L6b sc009              0.7273       DODDdDGA         11.1929                   0.9999                  Eu         La-Eu|Eu-Lu|Ce-Eu

=== pool (ii) top 10 ===
 rank name label  nn_tanimoto_cohort                                                                  nn_cohort_name  aopt_reduction  p_heavy_G14_full_cohort dopt3_pairs_with_measured
    1        new              0.1957                           2-(3-4-dihydroxyphenyl)-3-5-7-trihydroxychromen-4-one          7.1683                   0.7965                          
    2        new              0.1818                           2-(3-4-dihydroxyphenyl)-3-5-7-trihydroxychromen-4-one          7.1683                   0.7965                          
    3        new              0.0435                                                                           TEDGA          7.1683                   0.7965                          
    4        new              0.2667                                         N-N-dimethyl-N-N-diphenylpropanediamide          7.1683                   0.7965                          
    5        new              0.0312 3-[6-(5-6-dipropyl-1-2-4-triazin-3-yl)-2-pyridinyl]-5-6-dipropyl-1-2-4-triazine          7.1683                   0.7965                          
    6        new              0.1905                                                                        DMDPhPDA          7.1683                   0.7965                          
    7        new              0.0333                                                                 Et-Me-TDDGA-Syn          6.5602                   0.7011                          
    8        new              0.1667                                           1-4-7-10-13-16-hexaoxacyclooctadecane          6.5602                   0.7011                          
    9        new              0.0213                    N-(4-methylphenyl)-N-octyl-1-10-phenanthroline-2-carboxamide          6.5602                   0.7011                          
   10        new              0.0571                           2-6-bis(dioctylphosphorylmethyl)-1-oxidopyridin-1-ium          6.5602                   0.7011                          
DONE
