/nfs/home/nshank3/ml_separator/src/lanthanide_separation/pairs.py:625: PerformanceWarning: DataFrame is highly fragmented.  This is usually the result of calling `frame.insert` many times, which has poor performance.  Consider joining all columns at once using pd.concat(axis=1) instead. To get a de-fragmented frame, use `newframe = frame.copy()`
  cells = grouped.agg(aggregate).reset_index()
/nfs/home/nshank3/ml_separator/src/lanthanide_separation/pairs.py:625: PerformanceWarning: DataFrame is highly fragmented.  This is usually the result of calling `frame.insert` many times, which has poor performance.  Consider joining all columns at once using pd.concat(axis=1) instead. To get a de-fragmented frame, use `newframe = frame.copy()`
  cells = grouped.agg(aggregate).reset_index()
/nfs/home/nshank3/ml_separator/src/lanthanide_separation/pairs.py:625: PerformanceWarning: DataFrame is highly fragmented.  This is usually the result of calling `frame.insert` many times, which has poor performance.  Consider joining all columns at once using pd.concat(axis=1) instead. To get a de-fragmented frame, use `newframe = frame.copy()`
  cells = grouped.agg(aggregate).reset_index()
/nfs/home/nshank3/ml_separator/src/lanthanide_separation/pairs.py:625: PerformanceWarning: DataFrame is highly fragmented.  This is usually the result of calling `frame.insert` many times, which has poor performance.  Consider joining all columns at once using pd.concat(axis=1) instead. To get a de-fragmented frame, use `newframe = frame.copy()`
  cells = grouped.agg(aggregate).reset_index()
/nfs/home/nshank3/ml_separator/src/lanthanide_separation/pairs.py:625: PerformanceWarning: DataFrame is highly fragmented.  This is usually the result of calling `frame.insert` many times, which has poor performance.  Consider joining all columns at once using pd.concat(axis=1) instead. To get a de-fragmented frame, use `newframe = frame.copy()`
  cells = grouped.agg(aggregate).reset_index()
/nfs/home/nshank3/ml_separator/src/lanthanide_separation/pairs.py:625: PerformanceWarning: DataFrame is highly fragmented.  This is usually the result of calling `frame.insert` many times, which has poor performance.  Consider joining all columns at once using pd.concat(axis=1) instead. To get a de-fragmented frame, use `newframe = frame.copy()`
  cells = grouped.agg(aggregate).reset_index()
/nfs/home/nshank3/ml_separator/src/lanthanide_separation/pairs.py:625: PerformanceWarning: DataFrame is highly fragmented.  This is usually the result of calling `frame.insert` many times, which has poor performance.  Consider joining all columns at once using pd.concat(axis=1) instead. To get a de-fragmented frame, use `newframe = frame.copy()`
  cells = grouped.agg(aggregate).reset_index()
/nfs/home/nshank3/ml_separator/src/lanthanide_separation/pairs.py:625: PerformanceWarning: DataFrame is highly fragmented.  This is usually the result of calling `frame.insert` many times, which has poor performance.  Consider joining all columns at once using pd.concat(axis=1) instead. To get a de-fragmented frame, use `newframe = frame.copy()`
  cells = grouped.agg(aggregate).reset_index()
/nfs/home/nshank3/ml_separator/src/lanthanide_separation/pairs.py:625: PerformanceWarning: DataFrame is highly fragmented.  This is usually the result of calling `frame.insert` many times, which has poor performance.  Consider joining all columns at once using pd.concat(axis=1) instead. To get a de-fragmented frame, use `newframe = frame.copy()`
  cells = grouped.agg(aggregate).reset_index()
/nfs/home/nshank3/ml_separator/src/lanthanide_separation/pairs.py:625: PerformanceWarning: DataFrame is highly fragmented.  This is usually the result of calling `frame.insert` many times, which has poor performance.  Consider joining all columns at once using pd.concat(axis=1) instead. To get a de-fragmented frame, use `newframe = frame.copy()`
  cells = grouped.agg(aggregate).reset_index()
/nfs/home/nshank3/ml_separator/src/lanthanide_separation/pairs.py:625: PerformanceWarning: DataFrame is highly fragmented.  This is usually the result of calling `frame.insert` many times, which has poor performance.  Consider joining all columns at once using pd.concat(axis=1) instead. To get a de-fragmented frame, use `newframe = frame.copy()`
  cells = grouped.agg(aggregate).reset_index()
/nfs/home/nshank3/ml_separator/src/lanthanide_separation/pairs.py:625: PerformanceWarning: DataFrame is highly fragmented.  This is usually the result of calling `frame.insert` many times, which has poor performance.  Consider joining all columns at once using pd.concat(axis=1) instead. To get a de-fragmented frame, use `newframe = frame.copy()`
  cells = grouped.agg(aggregate).reset_index()
/nfs/home/nshank3/ml_separator/src/lanthanide_separation/pairs.py:625: PerformanceWarning: DataFrame is highly fragmented.  This is usually the result of calling `frame.insert` many times, which has poor performance.  Consider joining all columns at once using pd.concat(axis=1) instead. To get a de-fragmented frame, use `newframe = frame.copy()`
  cells = grouped.agg(aggregate).reset_index()
/nfs/home/nshank3/ml_separator/src/lanthanide_separation/pairs.py:625: PerformanceWarning: DataFrame is highly fragmented.  This is usually the result of calling `frame.insert` many times, which has poor performance.  Consider joining all columns at once using pd.concat(axis=1) instead. To get a de-fragmented frame, use `newframe = frame.copy()`
  cells = grouped.agg(aggregate).reset_index()
/nfs/home/nshank3/ml_separator/src/lanthanide_separation/pairs.py:625: PerformanceWarning: DataFrame is highly fragmented.  This is usually the result of calling `frame.insert` many times, which has poor performance.  Consider joining all columns at once using pd.concat(axis=1) instead. To get a de-fragmented frame, use `newframe = frame.copy()`
  cells = grouped.agg(aggregate).reset_index()
/nfs/home/nshank3/ml_separator/src/lanthanide_separation/pairs.py:625: PerformanceWarning: DataFrame is highly fragmented.  This is usually the result of calling `frame.insert` many times, which has poor performance.  Consider joining all columns at once using pd.concat(axis=1) instead. To get a de-fragmented frame, use `newframe = frame.copy()`
  cells = grouped.agg(aggregate).reset_index()
/nfs/home/nshank3/ml_separator/src/lanthanide_separation/pairs.py:625: PerformanceWarning: DataFrame is highly fragmented.  This is usually the result of calling `frame.insert` many times, which has poor performance.  Consider joining all columns at once using pd.concat(axis=1) instead. To get a de-fragmented frame, use `newframe = frame.copy()`
  cells = grouped.agg(aggregate).reset_index()
/nfs/home/nshank3/ml_separator/src/lanthanide_separation/pairs.py:625: PerformanceWarning: DataFrame is highly fragmented.  This is usually the result of calling `frame.insert` many times, which has poor performance.  Consider joining all columns at once using pd.concat(axis=1) instead. To get a de-fragmented frame, use `newframe = frame.copy()`
  cells = grouped.agg(aggregate).reset_index()
/nfs/home/nshank3/ml_separator/src/lanthanide_separation/pairs.py:625: PerformanceWarning: DataFrame is highly fragmented.  This is usually the result of calling `frame.insert` many times, which has poor performance.  Consider joining all columns at once using pd.concat(axis=1) instead. To get a de-fragmented frame, use `newframe = frame.copy()`
  cells = grouped.agg(aggregate).reset_index()
/nfs/home/nshank3/ml_separator/src/lanthanide_separation/pairs.py:625: PerformanceWarning: DataFrame is highly fragmented.  This is usually the result of calling `frame.insert` many times, which has poor performance.  Consider joining all columns at once using pd.concat(axis=1) instead. To get a de-fragmented frame, use `newframe = frame.copy()`
  cells = grouped.agg(aggregate).reset_index()
/nfs/home/nshank3/ml_separator/src/lanthanide_separation/pairs.py:625: PerformanceWarning: DataFrame is highly fragmented.  This is usually the result of calling `frame.insert` many times, which has poor performance.  Consider joining all columns at once using pd.concat(axis=1) instead. To get a de-fragmented frame, use `newframe = frame.copy()`
  cells = grouped.agg(aggregate).reset_index()
/nfs/home/nshank3/ml_separator/src/lanthanide_separation/pairs.py:625: PerformanceWarning: DataFrame is highly fragmented.  This is usually the result of calling `frame.insert` many times, which has poor performance.  Consider joining all columns at once using pd.concat(axis=1) instead. To get a de-fragmented frame, use `newframe = frame.copy()`
  cells = grouped.agg(aggregate).reset_index()
/nfs/home/nshank3/ml_separator/src/lanthanide_separation/pairs.py:625: PerformanceWarning: DataFrame is highly fragmented.  This is usually the result of calling `frame.insert` many times, which has poor performance.  Consider joining all columns at once using pd.concat(axis=1) instead. To get a de-fragmented frame, use `newframe = frame.copy()`
  cells = grouped.agg(aggregate).reset_index()
/nfs/home/nshank3/ml_separator/src/lanthanide_separation/pairs.py:625: PerformanceWarning: DataFrame is highly fragmented.  This is usually the result of calling `frame.insert` many times, which has poor performance.  Consider joining all columns at once using pd.concat(axis=1) instead. To get a de-fragmented frame, use `newframe = frame.copy()`
  cells = grouped.agg(aggregate).reset_index()
/nfs/home/nshank3/ml_separator/src/lanthanide_separation/pairs.py:625: PerformanceWarning: DataFrame is highly fragmented.  This is usually the result of calling `frame.insert` many times, which has poor performance.  Consider joining all columns at once using pd.concat(axis=1) instead. To get a de-fragmented frame, use `newframe = frame.copy()`
  cells = grouped.agg(aggregate).reset_index()
/nfs/home/nshank3/ml_separator/src/lanthanide_separation/pairs.py:625: PerformanceWarning: DataFrame is highly fragmented.  This is usually the result of calling `frame.insert` many times, which has poor performance.  Consider joining all columns at once using pd.concat(axis=1) instead. To get a de-fragmented frame, use `newframe = frame.copy()`
  cells = grouped.agg(aggregate).reset_index()
/nfs/home/nshank3/ml_separator/src/lanthanide_separation/pairs.py:625: PerformanceWarning: DataFrame is highly fragmented.  This is usually the result of calling `frame.insert` many times, which has poor performance.  Consider joining all columns at once using pd.concat(axis=1) instead. To get a de-fragmented frame, use `newframe = frame.copy()`
  cells = grouped.agg(aggregate).reset_index()
/nfs/home/nshank3/ml_separator/src/lanthanide_separation/pairs.py:625: PerformanceWarning: DataFrame is highly fragmented.  This is usually the result of calling `frame.insert` many times, which has poor performance.  Consider joining all columns at once using pd.concat(axis=1) instead. To get a de-fragmented frame, use `newframe = frame.copy()`
  cells = grouped.agg(aggregate).reset_index()
/nfs/home/nshank3/ml_separator/src/lanthanide_separation/pairs.py:625: PerformanceWarning: DataFrame is highly fragmented.  This is usually the result of calling `frame.insert` many times, which has poor performance.  Consider joining all columns at once using pd.concat(axis=1) instead. To get a de-fragmented frame, use `newframe = frame.copy()`
  cells = grouped.agg(aggregate).reset_index()
/nfs/home/nshank3/ml_separator/src/lanthanide_separation/pairs.py:625: PerformanceWarning: DataFrame is highly fragmented.  This is usually the result of calling `frame.insert` many times, which has poor performance.  Consider joining all columns at once using pd.concat(axis=1) instead. To get a de-fragmented frame, use `newframe = frame.copy()`
  cells = grouped.agg(aggregate).reset_index()
/nfs/home/nshank3/ml_separator/src/lanthanide_separation/pairs.py:625: PerformanceWarning: DataFrame is highly fragmented.  This is usually the result of calling `frame.insert` many times, which has poor performance.  Consider joining all columns at once using pd.concat(axis=1) instead. To get a de-fragmented frame, use `newframe = frame.copy()`
  cells = grouped.agg(aggregate).reset_index()
/nfs/home/nshank3/ml_separator/src/lanthanide_separation/pairs.py:625: PerformanceWarning: DataFrame is highly fragmented.  This is usually the result of calling `frame.insert` many times, which has poor performance.  Consider joining all columns at once using pd.concat(axis=1) instead. To get a de-fragmented frame, use `newframe = frame.copy()`
  cells = grouped.agg(aggregate).reset_index()
/nfs/home/nshank3/ml_separator/src/lanthanide_separation/pairs.py:625: PerformanceWarning: DataFrame is highly fragmented.  This is usually the result of calling `frame.insert` many times, which has poor performance.  Consider joining all columns at once using pd.concat(axis=1) instead. To get a de-fragmented frame, use `newframe = frame.copy()`
  cells = grouped.agg(aggregate).reset_index()
/nfs/home/nshank3/ml_separator/src/lanthanide_separation/pairs.py:625: PerformanceWarning: DataFrame is highly fragmented.  This is usually the result of calling `frame.insert` many times, which has poor performance.  Consider joining all columns at once using pd.concat(axis=1) instead. To get a de-fragmented frame, use `newframe = frame.copy()`
  cells = grouped.agg(aggregate).reset_index()
/nfs/home/nshank3/ml_separator/src/lanthanide_separation/pairs.py:625: PerformanceWarning: DataFrame is highly fragmented.  This is usually the result of calling `frame.insert` many times, which has poor performance.  Consider joining all columns at once using pd.concat(axis=1) instead. To get a de-fragmented frame, use `newframe = frame.copy()`
  cells = grouped.agg(aggregate).reset_index()
/nfs/home/nshank3/ml_separator/src/lanthanide_separation/pairs.py:625: PerformanceWarning: DataFrame is highly fragmented.  This is usually the result of calling `frame.insert` many times, which has poor performance.  Consider joining all columns at once using pd.concat(axis=1) instead. To get a de-fragmented frame, use `newframe = frame.copy()`
  cells = grouped.agg(aggregate).reset_index()
/nfs/home/nshank3/ml_separator/src/lanthanide_separation/pairs.py:625: PerformanceWarning: DataFrame is highly fragmented.  This is usually the result of calling `frame.insert` many times, which has poor performance.  Consider joining all columns at once using pd.concat(axis=1) instead. To get a de-fragmented frame, use `newframe = frame.copy()`
  cells = grouped.agg(aggregate).reset_index()
/nfs/home/nshank3/ml_separator/src/lanthanide_separation/pairs.py:625: PerformanceWarning: DataFrame is highly fragmented.  This is usually the result of calling `frame.insert` many times, which has poor performance.  Consider joining all columns at once using pd.concat(axis=1) instead. To get a de-fragmented frame, use `newframe = frame.copy()`
  cells = grouped.agg(aggregate).reset_index()
/nfs/home/nshank3/ml_separator/src/lanthanide_separation/pairs.py:625: PerformanceWarning: DataFrame is highly fragmented.  This is usually the result of calling `frame.insert` many times, which has poor performance.  Consider joining all columns at once using pd.concat(axis=1) instead. To get a de-fragmented frame, use `newframe = frame.copy()`
  cells = grouped.agg(aggregate).reset_index()
/nfs/home/nshank3/ml_separator/src/lanthanide_separation/pairs.py:625: PerformanceWarning: DataFrame is highly fragmented.  This is usually the result of calling `frame.insert` many times, which has poor performance.  Consider joining all columns at once using pd.concat(axis=1) instead. To get a de-fragmented frame, use `newframe = frame.copy()`
  cells = grouped.agg(aggregate).reset_index()
/nfs/home/nshank3/ml_separator/src/lanthanide_separation/pairs.py:625: PerformanceWarning: DataFrame is highly fragmented.  This is usually the result of calling `frame.insert` many times, which has poor performance.  Consider joining all columns at once using pd.concat(axis=1) instead. To get a de-fragmented frame, use `newframe = frame.copy()`
  cells = grouped.agg(aggregate).reset_index()
/nfs/home/nshank3/ml_separator/src/lanthanide_separation/pairs.py:625: PerformanceWarning: DataFrame is highly fragmented.  This is usually the result of calling `frame.insert` many times, which has poor performance.  Consider joining all columns at once using pd.concat(axis=1) instead. To get a de-fragmented frame, use `newframe = frame.copy()`
  cells = grouped.agg(aggregate).reset_index()
/nfs/home/nshank3/ml_separator/src/lanthanide_separation/pairs.py:625: PerformanceWarning: DataFrame is highly fragmented.  This is usually the result of calling `frame.insert` many times, which has poor performance.  Consider joining all columns at once using pd.concat(axis=1) instead. To get a de-fragmented frame, use `newframe = frame.copy()`
  cells = grouped.agg(aggregate).reset_index()
/nfs/home/nshank3/ml_separator/src/lanthanide_separation/pairs.py:625: PerformanceWarning: DataFrame is highly fragmented.  This is usually the result of calling `frame.insert` many times, which has poor performance.  Consider joining all columns at once using pd.concat(axis=1) instead. To get a de-fragmented frame, use `newframe = frame.copy()`
  cells = grouped.agg(aggregate).reset_index()
/nfs/home/nshank3/ml_separator/src/lanthanide_separation/pairs.py:625: PerformanceWarning: DataFrame is highly fragmented.  This is usually the result of calling `frame.insert` many times, which has poor performance.  Consider joining all columns at once using pd.concat(axis=1) instead. To get a de-fragmented frame, use `newframe = frame.copy()`
  cells = grouped.agg(aggregate).reset_index()
/nfs/home/nshank3/ml_separator/src/lanthanide_separation/pairs.py:625: PerformanceWarning: DataFrame is highly fragmented.  This is usually the result of calling `frame.insert` many times, which has poor performance.  Consider joining all columns at once using pd.concat(axis=1) instead. To get a de-fragmented frame, use `newframe = frame.copy()`
  cells = grouped.agg(aggregate).reset_index()
/nfs/home/nshank3/ml_separator/src/lanthanide_separation/pairs.py:625: PerformanceWarning: DataFrame is highly fragmented.  This is usually the result of calling `frame.insert` many times, which has poor performance.  Consider joining all columns at once using pd.concat(axis=1) instead. To get a de-fragmented frame, use `newframe = frame.copy()`
  cells = grouped.agg(aggregate).reset_index()
/nfs/home/nshank3/ml_separator/src/lanthanide_separation/pairs.py:625: PerformanceWarning: DataFrame is highly fragmented.  This is usually the result of calling `frame.insert` many times, which has poor performance.  Consider joining all columns at once using pd.concat(axis=1) instead. To get a de-fragmented frame, use `newframe = frame.copy()`
  cells = grouped.agg(aggregate).reset_index()
/nfs/home/nshank3/ml_separator/src/lanthanide_separation/pairs.py:625: PerformanceWarning: DataFrame is highly fragmented.  This is usually the result of calling `frame.insert` many times, which has poor performance.  Consider joining all columns at once using pd.concat(axis=1) instead. To get a de-fragmented frame, use `newframe = frame.copy()`
  cells = grouped.agg(aggregate).reset_index()
/nfs/home/nshank3/ml_separator/src/lanthanide_separation/pairs.py:625: PerformanceWarning: DataFrame is highly fragmented.  This is usually the result of calling `frame.insert` many times, which has poor performance.  Consider joining all columns at once using pd.concat(axis=1) instead. To get a de-fragmented frame, use `newframe = frame.copy()`
  cells = grouped.agg(aggregate).reset_index()
/nfs/home/nshank3/ml_separator/src/lanthanide_separation/pairs.py:625: PerformanceWarning: DataFrame is highly fragmented.  This is usually the result of calling `frame.insert` many times, which has poor performance.  Consider joining all columns at once using pd.concat(axis=1) instead. To get a de-fragmented frame, use `newframe = frame.copy()`
  cells = grouped.agg(aggregate).reset_index()
/nfs/home/nshank3/ml_separator/src/lanthanide_separation/pairs.py:625: PerformanceWarning: DataFrame is highly fragmented.  This is usually the result of calling `frame.insert` many times, which has poor performance.  Consider joining all columns at once using pd.concat(axis=1) instead. To get a de-fragmented frame, use `newframe = frame.copy()`
  cells = grouped.agg(aggregate).reset_index()
/nfs/home/nshank3/ml_separator/src/lanthanide_separation/pairs.py:625: PerformanceWarning: DataFrame is highly fragmented.  This is usually the result of calling `frame.insert` many times, which has poor performance.  Consider joining all columns at once using pd.concat(axis=1) instead. To get a de-fragmented frame, use `newframe = frame.copy()`
  cells = grouped.agg(aggregate).reset_index()
/nfs/home/nshank3/ml_separator/src/lanthanide_separation/pairs.py:625: PerformanceWarning: DataFrame is highly fragmented.  This is usually the result of calling `frame.insert` many times, which has poor performance.  Consider joining all columns at once using pd.concat(axis=1) instead. To get a de-fragmented frame, use `newframe = frame.copy()`
  cells = grouped.agg(aggregate).reset_index()
/nfs/home/nshank3/ml_separator/src/lanthanide_separation/pairs.py:625: PerformanceWarning: DataFrame is highly fragmented.  This is usually the result of calling `frame.insert` many times, which has poor performance.  Consider joining all columns at once using pd.concat(axis=1) instead. To get a de-fragmented frame, use `newframe = frame.copy()`
  cells = grouped.agg(aggregate).reset_index()
/nfs/home/nshank3/ml_separator/src/lanthanide_separation/pairs.py:625: PerformanceWarning: DataFrame is highly fragmented.  This is usually the result of calling `frame.insert` many times, which has poor performance.  Consider joining all columns at once using pd.concat(axis=1) instead. To get a de-fragmented frame, use `newframe = frame.copy()`
  cells = grouped.agg(aggregate).reset_index()
/nfs/home/nshank3/ml_separator/src/lanthanide_separation/pairs.py:625: PerformanceWarning: DataFrame is highly fragmented.  This is usually the result of calling `frame.insert` many times, which has poor performance.  Consider joining all columns at once using pd.concat(axis=1) instead. To get a de-fragmented frame, use `newframe = frame.copy()`
  cells = grouped.agg(aggregate).reset_index()
/nfs/home/nshank3/ml_separator/src/lanthanide_separation/pairs.py:625: PerformanceWarning: DataFrame is highly fragmented.  This is usually the result of calling `frame.insert` many times, which has poor performance.  Consider joining all columns at once using pd.concat(axis=1) instead. To get a de-fragmented frame, use `newframe = frame.copy()`
  cells = grouped.agg(aggregate).reset_index()
/nfs/home/nshank3/ml_separator/src/lanthanide_separation/pairs.py:625: PerformanceWarning: DataFrame is highly fragmented.  This is usually the result of calling `frame.insert` many times, which has poor performance.  Consider joining all columns at once using pd.concat(axis=1) instead. To get a de-fragmented frame, use `newframe = frame.copy()`
  cells = grouped.agg(aggregate).reset_index()
/nfs/home/nshank3/ml_separator/src/lanthanide_separation/pairs.py:625: PerformanceWarning: DataFrame is highly fragmented.  This is usually the result of calling `frame.insert` many times, which has poor performance.  Consider joining all columns at once using pd.concat(axis=1) instead. To get a de-fragmented frame, use `newframe = frame.copy()`
  cells = grouped.agg(aggregate).reset_index()
/nfs/home/nshank3/ml_separator/src/lanthanide_separation/pairs.py:625: PerformanceWarning: DataFrame is highly fragmented.  This is usually the result of calling `frame.insert` many times, which has poor performance.  Consider joining all columns at once using pd.concat(axis=1) instead. To get a de-fragmented frame, use `newframe = frame.copy()`
  cells = grouped.agg(aggregate).reset_index()
/nfs/home/nshank3/ml_separator/src/lanthanide_separation/pairs.py:625: PerformanceWarning: DataFrame is highly fragmented.  This is usually the result of calling `frame.insert` many times, which has poor performance.  Consider joining all columns at once using pd.concat(axis=1) instead. To get a de-fragmented frame, use `newframe = frame.copy()`
  cells = grouped.agg(aggregate).reset_index()
/nfs/home/nshank3/ml_separator/src/lanthanide_separation/pairs.py:625: PerformanceWarning: DataFrame is highly fragmented.  This is usually the result of calling `frame.insert` many times, which has poor performance.  Consider joining all columns at once using pd.concat(axis=1) instead. To get a de-fragmented frame, use `newframe = frame.copy()`
  cells = grouped.agg(aggregate).reset_index()
/nfs/home/nshank3/ml_separator/src/lanthanide_separation/pairs.py:625: PerformanceWarning: DataFrame is highly fragmented.  This is usually the result of calling `frame.insert` many times, which has poor performance.  Consider joining all columns at once using pd.concat(axis=1) instead. To get a de-fragmented frame, use `newframe = frame.copy()`
  cells = grouped.agg(aggregate).reset_index()
/nfs/home/nshank3/ml_separator/src/lanthanide_separation/pairs.py:625: PerformanceWarning: DataFrame is highly fragmented.  This is usually the result of calling `frame.insert` many times, which has poor performance.  Consider joining all columns at once using pd.concat(axis=1) instead. To get a de-fragmented frame, use `newframe = frame.copy()`
  cells = grouped.agg(aggregate).reset_index()
/nfs/home/nshank3/ml_separator/src/lanthanide_separation/pairs.py:625: PerformanceWarning: DataFrame is highly fragmented.  This is usually the result of calling `frame.insert` many times, which has poor performance.  Consider joining all columns at once using pd.concat(axis=1) instead. To get a de-fragmented frame, use `newframe = frame.copy()`
  cells = grouped.agg(aggregate).reset_index()
/nfs/home/nshank3/ml_separator/src/lanthanide_separation/pairs.py:626: PerformanceWarning: DataFrame is highly fragmented.  This is usually the result of calling `frame.insert` many times, which has poor performance.  Consider joining all columns at once using pd.concat(axis=1) instead. To get a de-fragmented frame, use `newframe = frame.copy()`
  cells["n_replicates"] = grouped.size().to_numpy()
/nfs/home/nshank3/ml_separator/src/lanthanide_separation/pairs.py:627: PerformanceWarning: DataFrame is highly fragmented.  This is usually the result of calling `frame.insert` many times, which has poor performance.  Consider joining all columns at once using pd.concat(axis=1) instead. To get a de-fragmented frame, use `newframe = frame.copy()`
  cells["target_std"] = grouped["log_D"].std().to_numpy()
/nfs/home/nshank3/ml_separator/src/lanthanide_separation/pairs.py:628: PerformanceWarning: DataFrame is highly fragmented.  This is usually the result of calling `frame.insert` many times, which has poor performance.  Consider joining all columns at once using pd.concat(axis=1) instead. To get a de-fragmented frame, use `newframe = frame.copy()`
  cells["target_min"] = grouped["log_D"].min().to_numpy()
/nfs/home/nshank3/ml_separator/src/lanthanide_separation/pairs.py:629: PerformanceWarning: DataFrame is highly fragmented.  This is usually the result of calling `frame.insert` many times, which has poor performance.  Consider joining all columns at once using pd.concat(axis=1) instead. To get a de-fragmented frame, use `newframe = frame.copy()`
  cells["target_max"] = grouped["log_D"].max().to_numpy()
/nfs/home/nshank3/ml_separator/src/lanthanide_separation/pairs.py:630: PerformanceWarning: DataFrame is highly fragmented.  This is usually the result of calling `frame.insert` many times, which has poor performance.  Consider joining all columns at once using pd.concat(axis=1) instead. To get a de-fragmented frame, use `newframe = frame.copy()`
  cells["n_geometry_keys"] = grouped["geometry_key"].nunique(dropna=False).to_numpy()
/nfs/home/nshank3/ml_separator/src/lanthanide_separation/pairs.py:631: PerformanceWarning: DataFrame is highly fragmented.  This is usually the result of calling `frame.insert` many times, which has poor performance.  Consider joining all columns at once using pd.concat(axis=1) instead. To get a de-fragmented frame, use `newframe = frame.copy()`
  cells["Z"] = cells["metal"].map(LANTHANIDE_Z).astype(int)
