20 adapters
  seed 104729 fold 0: 7.5s (31,908 records)
  seed 104729 fold 1: 32.4s (155,604 records)
  seed 104729 fold 2: 7.9s (186,540 records)
  seed 104729 fold 3: 6.0s (213,132 records)
  seed 104729 fold 4: 10.6s (253,716 records)
  seed 130363 fold 0: 26.2s (349,860 records)
  seed 130363 fold 1: 7.7s (382,248 records)
  seed 130363 fold 2: 24.8s (427,680 records)
  seed 130363 fold 3: 23.4s (470,688 records)
  seed 130363 fold 4: 19.2s (507,432 records)
  seed 155921 fold 0: 60.8s (605,520 records)
  seed 155921 fold 1: 21.4s (642,720 records)
  seed 155921 fold 2: 10.6s (674,148 records)
  seed 155921 fold 3: 7.3s (703,152 records)
  seed 155921 fold 4: 14.4s (761,148 records)
  seed 196613 fold 0: 29.8s (870,828 records)
  seed 196613 fold 1: 8.5s (906,588 records)
  seed 196613 fold 2: 6.6s (933,168 records)
  seed 196613 fold 3: 6.7s (964,116 records)
  seed 196613 fold 4: 12.7s (1,014,864 records)
  seed 262147 fold 0: 8.1s (1,048,692 records)
  seed 262147 fold 1: 30.2s (1,161,756 records)
  seed 262147 fold 2: 9.4s (1,200,420 records)
  seed 262147 fold 3: 5.4s (1,225,080 records)
  seed 262147 fold 4: 10.5s (1,268,580 records)
1,268,580 records in 411s

--- RANDOM
k                  1             2             3             5
adapter                                                       
K1_lam0     0.723190  6.398055e-01  6.162227e-01  6.282295e-01
K1_lam0p25  0.723190  6.398055e-01  6.162227e-01  6.282295e-01
K1_lam1     0.723190  6.398055e-01  6.162227e-01  6.282295e-01
K1_lam16    0.723190  6.398055e-01  6.162227e-01  6.282295e-01
K1_lam4     0.723190  6.398055e-01  6.162227e-01  6.282295e-01
K1_lam64    0.723190  6.398055e-01  6.162227e-01  6.282295e-01
K2_lam0     0.764348  7.622089e-01  6.509343e-01  5.841326e-01
K2_lam0p25  0.723190  6.305895e-01  5.865535e-01  5.622310e-01
K2_lam1     0.723190  6.157802e-01  5.718831e-01  5.524002e-01
K2_lam16    0.723190  6.345928e-01  6.041355e-01  5.990449e-01
K2_lam4     0.723190  6.252194e-01  5.852521e-01  5.652111e-01
K2_lam64    0.723190  6.383310e-01  6.127046e-01  6.191366e-01
K3_lam0     0.740310  1.688745e+12  6.707390e+14  1.144489e+14
K3_lam0p25  0.723190  5.748990e-01  5.168479e-01  5.188181e-01
K3_lam1     0.723190  5.713598e-01  5.057505e-01  4.907819e-01
K3_lam16    0.723190  6.233049e-01  5.848498e-01  5.720223e-01
K3_lam4     0.723190  5.983511e-01  5.408224e-01  5.135615e-01
K3_lam64    0.723190  6.348268e-01  6.066042e-01  6.098462e-01
NO_MODEL    0.845896  7.538060e-01  7.293150e-01  7.687040e-01
ZERO_SHOT   0.994988  9.949878e-01  9.989919e-01  1.060530e+00

--- CENTRAL_THEN_SPREAD
k                  1         2             3             5
adapter                                                   
K1_lam0     0.648454  0.623494  6.082264e-01  6.291682e-01
K1_lam0p25  0.648454  0.623494  6.082264e-01  6.291682e-01
K1_lam1     0.648454  0.623494  6.082264e-01  6.291682e-01
K1_lam16    0.648454  0.623494  6.082264e-01  6.291682e-01
K1_lam4     0.648454  0.623494  6.082264e-01  6.291682e-01
K1_lam64    0.648454  0.623494  6.082264e-01  6.291682e-01
K2_lam0     0.674560  0.665442  6.028198e-01  5.556500e-01
K2_lam0p25  0.648454  0.593261  5.634264e-01  5.474111e-01
K2_lam1     0.648454  0.579220  5.550487e-01  5.458973e-01
K2_lam16    0.648454  0.613327  5.899449e-01  5.958628e-01
K2_lam4     0.648454  0.595246  5.664130e-01  5.607386e-01
K2_lam64    0.648454  0.620636  6.025846e-01  6.184637e-01
K3_lam0     0.664446  1.335949  7.683799e+14  2.466105e+14
K3_lam0p25  0.648454  0.532857  4.882767e-01  4.809296e-01
K3_lam1     0.648454  0.524594  4.710399e-01  4.667299e-01
K3_lam16    0.648454  0.594344  5.584612e-01  5.569935e-01
K3_lam4     0.648454  0.557882  5.019368e-01  4.903841e-01
K3_lam64    0.648454  0.613946  5.919950e-01  6.043612e-01
NO_MODEL    0.753885  0.728112  7.172105e-01  7.615849e-01
ZERO_SHOT   0.994988  0.994988  9.989919e-01  1.060530e+00

paired chemotype bootstrap vs K1 at lambda=4 (positive = better):
 k            comparison         point      ci95_low     ci95_high       bca_low      bca_high   block_macro  n_units  units_improved  seeds_positive  n_seeds
 2    K2_lam0 vs K1_lam4 -1.224034e-01 -1.890188e-01 -5.388789e-02 -2.055093e-01 -6.618291e-02 -1.090797e-01      143              58               0        5
 2 K2_lam0p25 vs K1_lam4  9.216012e-03 -1.009120e-02  3.337631e-02 -9.930960e-03  3.391157e-02  1.386095e-02      143              51               5        5
 2    K2_lam1 vs K1_lam4  2.402531e-02  1.178240e-02  3.765463e-02  1.228834e-02  3.870589e-02  2.583115e-02      143              58               5        5
 2    K2_lam4 vs K1_lam4  1.458607e-02  8.682672e-03  2.007467e-02  8.973886e-03  2.043512e-02  1.455398e-02      143              65               5        5
 2   K2_lam16 vs K1_lam4  5.212630e-03  3.219459e-03  6.971438e-03  3.343555e-03  7.071096e-03  5.082031e-03      143              68               5        5
 2   K2_lam64 vs K1_lam4  1.474458e-03  9.165893e-04  1.959587e-03  9.726123e-04  1.991481e-03  1.430636e-03      143              68               5        5
 2    K3_lam0 vs K1_lam4 -1.688745e+12 -3.466488e+12 -3.238811e-01 -4.221917e+12 -5.280346e-01 -1.821463e+11      143              50               0        5
 2 K3_lam0p25 vs K1_lam4  6.490651e-02  3.738902e-02  9.673656e-02  3.951473e-02  1.000794e-01  7.525094e-02      143              85               5        5
 2    K3_lam1 vs K1_lam4  6.844566e-02  4.781405e-02  8.836463e-02  4.890253e-02  8.939220e-02  7.523053e-02      143             107               5        5
 2    K3_lam4 vs K1_lam4  4.145439e-02  2.967576e-02  5.036843e-02  3.112032e-02  5.139058e-02  4.275847e-02      143             122               5        5
 2   K3_lam16 vs K1_lam4  1.650060e-02  1.157222e-02  1.992052e-02  1.245843e-02  2.060509e-02  1.630449e-02      143             127               5        5
 2   K3_lam64 vs K1_lam4  4.978696e-03  3.431316e-03  6.056053e-03  3.723455e-03  6.336571e-03  4.800763e-03      143             128               5        5
 3    K2_lam0 vs K1_lam4 -3.471153e-02 -7.661976e-02  1.150171e-02 -8.468407e-02  5.136066e-03 -2.596622e-02      140              42               0        5
 3 K2_lam0p25 vs K1_lam4  2.966924e-02  9.849375e-03  5.477844e-02  1.119817e-02  5.760092e-02  3.418767e-02      140              48               5        5
 3    K2_lam1 vs K1_lam4  4.433965e-02  2.640679e-02  6.219716e-02  2.787059e-02  6.403584e-02  4.566668e-02      140              59               5        5
 3    K2_lam4 vs K1_lam4  3.097059e-02  2.028913e-02  4.106608e-02  2.092961e-02  4.172553e-02  3.081996e-02      140              67               5        5
 3   K2_lam16 vs K1_lam4  1.208720e-02  8.075363e-03  1.583865e-02  8.393934e-03  1.616566e-02  1.187406e-02      140              72               5        5
 3   K2_lam64 vs K1_lam4  3.518143e-03  2.369127e-03  4.606481e-03  2.465182e-03  4.704757e-03  3.454022e-03      140              76               5        5
 3    K3_lam0 vs K1_lam4 -6.707390e+14 -1.553939e+15 -1.308522e+14 -2.086432e+15 -2.283799e+14 -9.780281e+14      140              59               0        5
 3 K3_lam0p25 vs K1_lam4  9.937482e-02  6.700753e-02  1.419714e-01  6.861691e-02  1.447420e-01  1.158339e-01      140              85               5        5
 3    K3_lam1 vs K1_lam4  1.104723e-01  8.400854e-02  1.414003e-01  8.537247e-02  1.438960e-01  1.230645e-01      140             104               5        5
 3    K3_lam4 vs K1_lam4  7.540029e-02  5.962681e-02  9.157026e-02  5.990742e-02  9.209111e-02  8.161201e-02      140             120               5        5
 3   K3_lam16 vs K1_lam4  3.137295e-02  2.468040e-02  3.741484e-02  2.489341e-02  3.771159e-02  3.296248e-02      140             122               5        5
 3   K3_lam64 vs K1_lam4  9.618554e-03  7.445563e-03  1.137235e-02  7.581387e-03  1.155514e-02  9.846863e-03      140             124               5        5
 5    K2_lam0 vs K1_lam4  4.409694e-02  9.254984e-03  8.589838e-02  1.227485e-02  8.935770e-02  5.190363e-02       99              46               5        5
 5 K2_lam0p25 vs K1_lam4  6.599855e-02  3.934474e-02  1.033304e-01  4.219825e-02  1.080314e-01  7.705547e-02       99              46               5        5
 5    K2_lam1 vs K1_lam4  7.582928e-02  4.966460e-02  1.079153e-01  5.238124e-02  1.131430e-01  8.511411e-02       99              49               5        5
 5    K2_lam4 vs K1_lam4  6.301837e-02  4.309699e-02  8.562087e-02  4.556245e-02  8.890163e-02  6.944944e-02       99              55               5        5
 5   K2_lam16 vs K1_lam4  2.918463e-02  2.051823e-02  3.902154e-02  2.160982e-02  4.078438e-02  3.184854e-02       99              63               5        5
 5   K2_lam64 vs K1_lam4  9.092879e-03  6.468477e-03  1.208005e-02  6.773440e-03  1.263186e-02  9.907088e-03       99              67               5        5
 5    K3_lam0 vs K1_lam4 -1.144489e+14 -2.844750e+14 -2.254662e+12 -4.074918e+14 -2.659921e+13 -5.979699e+13       99              51               0        5
 5 K3_lam0p25 vs K1_lam4  1.094114e-01  7.058420e-02  1.621551e-01  7.054617e-02  1.621405e-01  1.366638e-01       99              69               5        5
 5    K3_lam1 vs K1_lam4  1.374476e-01  9.642478e-02  1.763005e-01  9.695644e-02  1.771610e-01  1.517643e-01       99              77               5        5
 5    K3_lam4 vs K1_lam4  1.146680e-01  8.353430e-02  1.374914e-01  8.480185e-02  1.386301e-01  1.195590e-01       99              83               5        5
 5   K3_lam16 vs K1_lam4  5.620720e-02  4.106306e-02  6.631547e-02  4.249261e-02  6.732154e-02  5.684903e-02       99              90               5        5
 5   K3_lam64 vs K1_lam4  1.838336e-02  1.332902e-02  2.177840e-02  1.391285e-02  2.219348e-02  1.849524e-02       99              92               5        5

artifacts -> /Users/lilshadix/PycharmProjects/ml_separator/runs/gen8_architecture/ablations
