  [ONEHOT] seed 104729: macro 1.3042 shape 0.5544 curve_shape 0.4058 sign 0.5564 (122s)
  [STRUCTURED] seed 104729: macro 1.2959 shape 0.5353 curve_shape 0.3591 sign 0.5795 (119s)
  [SHARED_RBF] seed 104729: macro 1.2971 shape 0.5391 curve_shape 0.3699 sign 0.5739 (130s)
  [LIGAND_RBF] seed 104729: macro 1.2688 shape 0.5233 curve_shape 0.3606 sign 0.6092 (145s)
  [ONEHOT] seed 130363: macro 1.1769 shape 0.5468 curve_shape 0.3096 sign 0.7323 (126s)
  [STRUCTURED] seed 130363: macro 1.1465 shape 0.5479 curve_shape 0.2860 sign 0.7341 (123s)
  [SHARED_RBF] seed 130363: macro 1.1532 shape 0.5507 curve_shape 0.2860 sign 0.7431 (126s)
  [LIGAND_RBF] seed 130363: macro 1.1686 shape 0.5456 curve_shape 0.3001 sign 0.7194 (153s)
  [ONEHOT] seed 155921: macro 1.2506 shape 0.5674 curve_shape 0.3887 sign 0.5764 (121s)
  [STRUCTURED] seed 155921: macro 1.2779 shape 0.5763 curve_shape 0.3554 sign 0.6362 (118s)
  [SHARED_RBF] seed 155921: macro 1.2607 shape 0.5689 curve_shape 0.3626 sign 0.6328 (121s)
  [LIGAND_RBF] seed 155921: macro 1.2883 shape 0.5703 curve_shape 0.3474 sign 0.6387 (141s)

       arm  macro_mae  shape_mae  curve_shape_mae  curve_spearman  curve_sign_accuracy  n_features  n_seeds
STRUCTURED   1.240074   0.553178         0.333509        0.330228             0.649898           3        3
LIGAND_RBF   1.241892   0.546393         0.336065        0.327951             0.655757         117        3
SHARED_RBF   1.237015   0.552899         0.339497        0.332950             0.649952          13        3
    ONEHOT   1.243913   0.556161         0.368045        0.278797             0.621684          14        3

     statistic           comparison    point  ci95_low  ci95_high   bca_low  bca_high  block_macro  n_units  units_improved  seeds_positive  n_seeds
  abs_residual STRUCTURED vs ONEHOT 0.003840 -0.025730   0.026139 -0.024935  0.026861     0.006710      152              81               2        3
  abs_residual SHARED_RBF vs ONEHOT 0.006898 -0.027465   0.031232 -0.021897  0.035535     0.004870      152              81               3        3
  abs_residual LIGAND_RBF vs ONEHOT 0.002022 -0.041647   0.034429 -0.040023  0.035863    -0.007302      152              85               2        3
shape_residual STRUCTURED vs ONEHOT 0.002983 -0.007812   0.014923 -0.008209  0.014513     0.004934      152              85               3        3
shape_residual SHARED_RBF vs ONEHOT 0.003262 -0.008660   0.014960 -0.008815  0.014847     0.003992      152              87               3        3
shape_residual LIGAND_RBF vs ONEHOT 0.009769 -0.004562   0.023976 -0.004919  0.023577     0.010508      152              86               2        3

artifacts -> /Users/lilshadix/PycharmProjects/ml_separator/runs/gen8_architecture/ablations
