D:\ml_separator_gh\.venv\Lib\site-packages\sklearn\linear_model\_logistic.py:1403: FutureWarning: 'penalty' was deprecated in version 1.8 and will be removed in 1.10. To avoid this warning, leave 'penalty' set to its default value and use 'l1_ratio' or 'C' instead. Use l1_ratio=0 instead of penalty='l2', l1_ratio=1 instead of penalty='l1', l1_ratio set to a float between 0 and 1 instead of penalty='elasticnet', and C=np.inf instead of penalty=None.
  warnings.warn(
D:\ml_separator_gh\.venv\Lib\site-packages\sklearn\linear_model\_logistic.py:1403: FutureWarning: 'penalty' was deprecated in version 1.8 and will be removed in 1.10. To avoid this warning, leave 'penalty' set to its default value and use 'l1_ratio' or 'C' instead. Use l1_ratio=0 instead of penalty='l2', l1_ratio=1 instead of penalty='l1', l1_ratio set to a float between 0 and 1 instead of penalty='elasticnet', and C=np.inf instead of penalty=None.
  warnings.warn(
D:\ml_separator_gh\.venv\Lib\site-packages\sklearn\linear_model\_logistic.py:1403: FutureWarning: 'penalty' was deprecated in version 1.8 and will be removed in 1.10. To avoid this warning, leave 'penalty' set to its default value and use 'l1_ratio' or 'C' instead. Use l1_ratio=0 instead of penalty='l2', l1_ratio=1 instead of penalty='l1', l1_ratio set to a float between 0 and 1 instead of penalty='elasticnet', and C=np.inf instead of penalty=None.
  warnings.warn(
D:\ml_separator_gh\.venv\Lib\site-packages\sklearn\linear_model\_logistic.py:1403: FutureWarning: 'penalty' was deprecated in version 1.8 and will be removed in 1.10. To avoid this warning, leave 'penalty' set to its default value and use 'l1_ratio' or 'C' instead. Use l1_ratio=0 instead of penalty='l2', l1_ratio=1 instead of penalty='l1', l1_ratio set to a float between 0 and 1 instead of penalty='elasticnet', and C=np.inf instead of penalty=None.
  warnings.warn(
D:\ml_separator_gh\.venv\Lib\site-packages\sklearn\linear_model\_logistic.py:1403: FutureWarning: 'penalty' was deprecated in version 1.8 and will be removed in 1.10. To avoid this warning, leave 'penalty' set to its default value and use 'l1_ratio' or 'C' instead. Use l1_ratio=0 instead of penalty='l2', l1_ratio=1 instead of penalty='l1', l1_ratio set to a float between 0 and 1 instead of penalty='elasticnet', and C=np.inf instead of penalty=None.
  warnings.warn(
D:\ml_separator_gh\.venv\Lib\site-packages\sklearn\linear_model\_logistic.py:1403: FutureWarning: 'penalty' was deprecated in version 1.8 and will be removed in 1.10. To avoid this warning, leave 'penalty' set to its default value and use 'l1_ratio' or 'C' instead. Use l1_ratio=0 instead of penalty='l2', l1_ratio=1 instead of penalty='l1', l1_ratio set to a float between 0 and 1 instead of penalty='elasticnet', and C=np.inf instead of penalty=None.
  warnings.warn(
D:\ml_separator_gh\.venv\Lib\site-packages\sklearn\linear_model\_logistic.py:1403: FutureWarning: 'penalty' was deprecated in version 1.8 and will be removed in 1.10. To avoid this warning, leave 'penalty' set to its default value and use 'l1_ratio' or 'C' instead. Use l1_ratio=0 instead of penalty='l2', l1_ratio=1 instead of penalty='l1', l1_ratio set to a float between 0 and 1 instead of penalty='elasticnet', and C=np.inf instead of penalty=None.
  warnings.warn(
D:\ml_separator_gh\.venv\Lib\site-packages\sklearn\linear_model\_logistic.py:1403: FutureWarning: 'penalty' was deprecated in version 1.8 and will be removed in 1.10. To avoid this warning, leave 'penalty' set to its default value and use 'l1_ratio' or 'C' instead. Use l1_ratio=0 instead of penalty='l2', l1_ratio=1 instead of penalty='l1', l1_ratio set to a float between 0 and 1 instead of penalty='elasticnet', and C=np.inf instead of penalty=None.
  warnings.warn(
D:\ml_separator_gh\.venv\Lib\site-packages\sklearn\linear_model\_logistic.py:1403: FutureWarning: 'penalty' was deprecated in version 1.8 and will be removed in 1.10. To avoid this warning, leave 'penalty' set to its default value and use 'l1_ratio' or 'C' instead. Use l1_ratio=0 instead of penalty='l2', l1_ratio=1 instead of penalty='l1', l1_ratio set to a float between 0 and 1 instead of penalty='elasticnet', and C=np.inf instead of penalty=None.
  warnings.warn(
D:\ml_separator_gh\.venv\Lib\site-packages\sklearn\linear_model\_logistic.py:1403: FutureWarning: 'penalty' was deprecated in version 1.8 and will be removed in 1.10. To avoid this warning, leave 'penalty' set to its default value and use 'l1_ratio' or 'C' instead. Use l1_ratio=0 instead of penalty='l2', l1_ratio=1 instead of penalty='l1', l1_ratio set to a float between 0 and 1 instead of penalty='elasticnet', and C=np.inf instead of penalty=None.
  warnings.warn(
D:\ml_separator_gh\.venv\Lib\site-packages\sklearn\linear_model\_logistic.py:1403: FutureWarning: 'penalty' was deprecated in version 1.8 and will be removed in 1.10. To avoid this warning, leave 'penalty' set to its default value and use 'l1_ratio' or 'C' instead. Use l1_ratio=0 instead of penalty='l2', l1_ratio=1 instead of penalty='l1', l1_ratio set to a float between 0 and 1 instead of penalty='elasticnet', and C=np.inf instead of penalty=None.
  warnings.warn(
D:\ml_separator_gh\.venv\Lib\site-packages\sklearn\linear_model\_logistic.py:1403: FutureWarning: 'penalty' was deprecated in version 1.8 and will be removed in 1.10. To avoid this warning, leave 'penalty' set to its default value and use 'l1_ratio' or 'C' instead. Use l1_ratio=0 instead of penalty='l2', l1_ratio=1 instead of penalty='l1', l1_ratio set to a float between 0 and 1 instead of penalty='elasticnet', and C=np.inf instead of penalty=None.
  warnings.warn(
D:\ml_separator_gh\.venv\Lib\site-packages\sklearn\linear_model\_logistic.py:1403: FutureWarning: 'penalty' was deprecated in version 1.8 and will be removed in 1.10. To avoid this warning, leave 'penalty' set to its default value and use 'l1_ratio' or 'C' instead. Use l1_ratio=0 instead of penalty='l2', l1_ratio=1 instead of penalty='l1', l1_ratio set to a float between 0 and 1 instead of penalty='elasticnet', and C=np.inf instead of penalty=None.
  warnings.warn(
D:\ml_separator_gh\.venv\Lib\site-packages\sklearn\linear_model\_logistic.py:1403: FutureWarning: 'penalty' was deprecated in version 1.8 and will be removed in 1.10. To avoid this warning, leave 'penalty' set to its default value and use 'l1_ratio' or 'C' instead. Use l1_ratio=0 instead of penalty='l2', l1_ratio=1 instead of penalty='l1', l1_ratio set to a float between 0 and 1 instead of penalty='elasticnet', and C=np.inf instead of penalty=None.
  warnings.warn(
D:\ml_separator_gh\.venv\Lib\site-packages\sklearn\linear_model\_logistic.py:1403: FutureWarning: 'penalty' was deprecated in version 1.8 and will be removed in 1.10. To avoid this warning, leave 'penalty' set to its default value and use 'l1_ratio' or 'C' instead. Use l1_ratio=0 instead of penalty='l2', l1_ratio=1 instead of penalty='l1', l1_ratio set to a float between 0 and 1 instead of penalty='elasticnet', and C=np.inf instead of penalty=None.
  warnings.warn(
D:\ml_separator_gh\.venv\Lib\site-packages\sklearn\linear_model\_logistic.py:1403: FutureWarning: 'penalty' was deprecated in version 1.8 and will be removed in 1.10. To avoid this warning, leave 'penalty' set to its default value and use 'l1_ratio' or 'C' instead. Use l1_ratio=0 instead of penalty='l2', l1_ratio=1 instead of penalty='l1', l1_ratio set to a float between 0 and 1 instead of penalty='elasticnet', and C=np.inf instead of penalty=None.
  warnings.warn(
D:\ml_separator_gh\.venv\Lib\site-packages\sklearn\linear_model\_logistic.py:1403: FutureWarning: 'penalty' was deprecated in version 1.8 and will be removed in 1.10. To avoid this warning, leave 'penalty' set to its default value and use 'l1_ratio' or 'C' instead. Use l1_ratio=0 instead of penalty='l2', l1_ratio=1 instead of penalty='l1', l1_ratio set to a float between 0 and 1 instead of penalty='elasticnet', and C=np.inf instead of penalty=None.
  warnings.warn(
D:\ml_separator_gh\.venv\Lib\site-packages\sklearn\linear_model\_logistic.py:1403: FutureWarning: 'penalty' was deprecated in version 1.8 and will be removed in 1.10. To avoid this warning, leave 'penalty' set to its default value and use 'l1_ratio' or 'C' instead. Use l1_ratio=0 instead of penalty='l2', l1_ratio=1 instead of penalty='l1', l1_ratio set to a float between 0 and 1 instead of penalty='elasticnet', and C=np.inf instead of penalty=None.
  warnings.warn(
D:\ml_separator_gh\.venv\Lib\site-packages\sklearn\linear_model\_logistic.py:1403: FutureWarning: 'penalty' was deprecated in version 1.8 and will be removed in 1.10. To avoid this warning, leave 'penalty' set to its default value and use 'l1_ratio' or 'C' instead. Use l1_ratio=0 instead of penalty='l2', l1_ratio=1 instead of penalty='l1', l1_ratio set to a float between 0 and 1 instead of penalty='elasticnet', and C=np.inf instead of penalty=None.
  warnings.warn(
D:\ml_separator_gh\.venv\Lib\site-packages\sklearn\linear_model\_logistic.py:1403: FutureWarning: 'penalty' was deprecated in version 1.8 and will be removed in 1.10. To avoid this warning, leave 'penalty' set to its default value and use 'l1_ratio' or 'C' instead. Use l1_ratio=0 instead of penalty='l2', l1_ratio=1 instead of penalty='l1', l1_ratio set to a float between 0 and 1 instead of penalty='elasticnet', and C=np.inf instead of penalty=None.
  warnings.warn(
D:\ml_separator_gh\.venv\Lib\site-packages\sklearn\linear_model\_logistic.py:1403: FutureWarning: 'penalty' was deprecated in version 1.8 and will be removed in 1.10. To avoid this warning, leave 'penalty' set to its default value and use 'l1_ratio' or 'C' instead. Use l1_ratio=0 instead of penalty='l2', l1_ratio=1 instead of penalty='l1', l1_ratio set to a float between 0 and 1 instead of penalty='elasticnet', and C=np.inf instead of penalty=None.
  warnings.warn(
D:\ml_separator_gh\.venv\Lib\site-packages\sklearn\linear_model\_logistic.py:1403: FutureWarning: 'penalty' was deprecated in version 1.8 and will be removed in 1.10. To avoid this warning, leave 'penalty' set to its default value and use 'l1_ratio' or 'C' instead. Use l1_ratio=0 instead of penalty='l2', l1_ratio=1 instead of penalty='l1', l1_ratio set to a float between 0 and 1 instead of penalty='elasticnet', and C=np.inf instead of penalty=None.
  warnings.warn(
D:\ml_separator_gh\.venv\Lib\site-packages\sklearn\linear_model\_logistic.py:1403: FutureWarning: 'penalty' was deprecated in version 1.8 and will be removed in 1.10. To avoid this warning, leave 'penalty' set to its default value and use 'l1_ratio' or 'C' instead. Use l1_ratio=0 instead of penalty='l2', l1_ratio=1 instead of penalty='l1', l1_ratio set to a float between 0 and 1 instead of penalty='elasticnet', and C=np.inf instead of penalty=None.
  warnings.warn(
D:\ml_separator_gh\.venv\Lib\site-packages\sklearn\linear_model\_logistic.py:1403: FutureWarning: 'penalty' was deprecated in version 1.8 and will be removed in 1.10. To avoid this warning, leave 'penalty' set to its default value and use 'l1_ratio' or 'C' instead. Use l1_ratio=0 instead of penalty='l2', l1_ratio=1 instead of penalty='l1', l1_ratio set to a float between 0 and 1 instead of penalty='elasticnet', and C=np.inf instead of penalty=None.
  warnings.warn(
D:\ml_separator_gh\.venv\Lib\site-packages\sklearn\linear_model\_logistic.py:1403: FutureWarning: 'penalty' was deprecated in version 1.8 and will be removed in 1.10. To avoid this warning, leave 'penalty' set to its default value and use 'l1_ratio' or 'C' instead. Use l1_ratio=0 instead of penalty='l2', l1_ratio=1 instead of penalty='l1', l1_ratio set to a float between 0 and 1 instead of penalty='elasticnet', and C=np.inf instead of penalty=None.
  warnings.warn(
   [B] L5 few-shot 52587 scored pairs, 153 modes, 5 estimators, 28s
  [B] scored 59 modes on 52587 pairs, 192s
D:\ml_separator_gh\.venv\Lib\site-packages\sklearn\linear_model\_logistic.py:1403: FutureWarning: 'penalty' was deprecated in version 1.8 and will be removed in 1.10. To avoid this warning, leave 'penalty' set to its default value and use 'l1_ratio' or 'C' instead. Use l1_ratio=0 instead of penalty='l2', l1_ratio=1 instead of penalty='l1', l1_ratio set to a float between 0 and 1 instead of penalty='elasticnet', and C=np.inf instead of penalty=None.
  warnings.warn(
D:\ml_separator_gh\.venv\Lib\site-packages\sklearn\linear_model\_logistic.py:1403: FutureWarning: 'penalty' was deprecated in version 1.8 and will be removed in 1.10. To avoid this warning, leave 'penalty' set to its default value and use 'l1_ratio' or 'C' instead. Use l1_ratio=0 instead of penalty='l2', l1_ratio=1 instead of penalty='l1', l1_ratio set to a float between 0 and 1 instead of penalty='elasticnet', and C=np.inf instead of penalty=None.
  warnings.warn(
D:\ml_separator_gh\.venv\Lib\site-packages\sklearn\linear_model\_logistic.py:1403: FutureWarning: 'penalty' was deprecated in version 1.8 and will be removed in 1.10. To avoid this warning, leave 'penalty' set to its default value and use 'l1_ratio' or 'C' instead. Use l1_ratio=0 instead of penalty='l2', l1_ratio=1 instead of penalty='l1', l1_ratio set to a float between 0 and 1 instead of penalty='elasticnet', and C=np.inf instead of penalty=None.
  warnings.warn(
D:\ml_separator_gh\.venv\Lib\site-packages\sklearn\linear_model\_logistic.py:1403: FutureWarning: 'penalty' was deprecated in version 1.8 and will be removed in 1.10. To avoid this warning, leave 'penalty' set to its default value and use 'l1_ratio' or 'C' instead. Use l1_ratio=0 instead of penalty='l2', l1_ratio=1 instead of penalty='l1', l1_ratio set to a float between 0 and 1 instead of penalty='elasticnet', and C=np.inf instead of penalty=None.
  warnings.warn(
D:\ml_separator_gh\.venv\Lib\site-packages\sklearn\linear_model\_logistic.py:1403: FutureWarning: 'penalty' was deprecated in version 1.8 and will be removed in 1.10. To avoid this warning, leave 'penalty' set to its default value and use 'l1_ratio' or 'C' instead. Use l1_ratio=0 instead of penalty='l2', l1_ratio=1 instead of penalty='l1', l1_ratio set to a float between 0 and 1 instead of penalty='elasticnet', and C=np.inf instead of penalty=None.
  warnings.warn(
D:\ml_separator_gh\.venv\Lib\site-packages\sklearn\linear_model\_logistic.py:1403: FutureWarning: 'penalty' was deprecated in version 1.8 and will be removed in 1.10. To avoid this warning, leave 'penalty' set to its default value and use 'l1_ratio' or 'C' instead. Use l1_ratio=0 instead of penalty='l2', l1_ratio=1 instead of penalty='l1', l1_ratio set to a float between 0 and 1 instead of penalty='elasticnet', and C=np.inf instead of penalty=None.
  warnings.warn(
D:\ml_separator_gh\.venv\Lib\site-packages\sklearn\linear_model\_logistic.py:1403: FutureWarning: 'penalty' was deprecated in version 1.8 and will be removed in 1.10. To avoid this warning, leave 'penalty' set to its default value and use 'l1_ratio' or 'C' instead. Use l1_ratio=0 instead of penalty='l2', l1_ratio=1 instead of penalty='l1', l1_ratio set to a float between 0 and 1 instead of penalty='elasticnet', and C=np.inf instead of penalty=None.
  warnings.warn(
D:\ml_separator_gh\.venv\Lib\site-packages\sklearn\linear_model\_logistic.py:1403: FutureWarning: 'penalty' was deprecated in version 1.8 and will be removed in 1.10. To avoid this warning, leave 'penalty' set to its default value and use 'l1_ratio' or 'C' instead. Use l1_ratio=0 instead of penalty='l2', l1_ratio=1 instead of penalty='l1', l1_ratio set to a float between 0 and 1 instead of penalty='elasticnet', and C=np.inf instead of penalty=None.
  warnings.warn(
D:\ml_separator_gh\.venv\Lib\site-packages\sklearn\linear_model\_logistic.py:1403: FutureWarning: 'penalty' was deprecated in version 1.8 and will be removed in 1.10. To avoid this warning, leave 'penalty' set to its default value and use 'l1_ratio' or 'C' instead. Use l1_ratio=0 instead of penalty='l2', l1_ratio=1 instead of penalty='l1', l1_ratio set to a float between 0 and 1 instead of penalty='elasticnet', and C=np.inf instead of penalty=None.
  warnings.warn(
D:\ml_separator_gh\.venv\Lib\site-packages\sklearn\linear_model\_logistic.py:1403: FutureWarning: 'penalty' was deprecated in version 1.8 and will be removed in 1.10. To avoid this warning, leave 'penalty' set to its default value and use 'l1_ratio' or 'C' instead. Use l1_ratio=0 instead of penalty='l2', l1_ratio=1 instead of penalty='l1', l1_ratio set to a float between 0 and 1 instead of penalty='elasticnet', and C=np.inf instead of penalty=None.
  warnings.warn(
D:\ml_separator_gh\.venv\Lib\site-packages\sklearn\linear_model\_logistic.py:1403: FutureWarning: 'penalty' was deprecated in version 1.8 and will be removed in 1.10. To avoid this warning, leave 'penalty' set to its default value and use 'l1_ratio' or 'C' instead. Use l1_ratio=0 instead of penalty='l2', l1_ratio=1 instead of penalty='l1', l1_ratio set to a float between 0 and 1 instead of penalty='elasticnet', and C=np.inf instead of penalty=None.
  warnings.warn(
D:\ml_separator_gh\.venv\Lib\site-packages\sklearn\linear_model\_logistic.py:1403: FutureWarning: 'penalty' was deprecated in version 1.8 and will be removed in 1.10. To avoid this warning, leave 'penalty' set to its default value and use 'l1_ratio' or 'C' instead. Use l1_ratio=0 instead of penalty='l2', l1_ratio=1 instead of penalty='l1', l1_ratio set to a float between 0 and 1 instead of penalty='elasticnet', and C=np.inf instead of penalty=None.
  warnings.warn(
D:\ml_separator_gh\.venv\Lib\site-packages\sklearn\linear_model\_logistic.py:1403: FutureWarning: 'penalty' was deprecated in version 1.8 and will be removed in 1.10. To avoid this warning, leave 'penalty' set to its default value and use 'l1_ratio' or 'C' instead. Use l1_ratio=0 instead of penalty='l2', l1_ratio=1 instead of penalty='l1', l1_ratio set to a float between 0 and 1 instead of penalty='elasticnet', and C=np.inf instead of penalty=None.
  warnings.warn(
D:\ml_separator_gh\.venv\Lib\site-packages\sklearn\linear_model\_logistic.py:1403: FutureWarning: 'penalty' was deprecated in version 1.8 and will be removed in 1.10. To avoid this warning, leave 'penalty' set to its default value and use 'l1_ratio' or 'C' instead. Use l1_ratio=0 instead of penalty='l2', l1_ratio=1 instead of penalty='l1', l1_ratio set to a float between 0 and 1 instead of penalty='elasticnet', and C=np.inf instead of penalty=None.
  warnings.warn(
D:\ml_separator_gh\.venv\Lib\site-packages\sklearn\linear_model\_logistic.py:1403: FutureWarning: 'penalty' was deprecated in version 1.8 and will be removed in 1.10. To avoid this warning, leave 'penalty' set to its default value and use 'l1_ratio' or 'C' instead. Use l1_ratio=0 instead of penalty='l2', l1_ratio=1 instead of penalty='l1', l1_ratio set to a float between 0 and 1 instead of penalty='elasticnet', and C=np.inf instead of penalty=None.
  warnings.warn(
D:\ml_separator_gh\.venv\Lib\site-packages\sklearn\linear_model\_logistic.py:1403: FutureWarning: 'penalty' was deprecated in version 1.8 and will be removed in 1.10. To avoid this warning, leave 'penalty' set to its default value and use 'l1_ratio' or 'C' instead. Use l1_ratio=0 instead of penalty='l2', l1_ratio=1 instead of penalty='l1', l1_ratio set to a float between 0 and 1 instead of penalty='elasticnet', and C=np.inf instead of penalty=None.
  warnings.warn(
D:\ml_separator_gh\.venv\Lib\site-packages\sklearn\linear_model\_logistic.py:1403: FutureWarning: 'penalty' was deprecated in version 1.8 and will be removed in 1.10. To avoid this warning, leave 'penalty' set to its default value and use 'l1_ratio' or 'C' instead. Use l1_ratio=0 instead of penalty='l2', l1_ratio=1 instead of penalty='l1', l1_ratio set to a float between 0 and 1 instead of penalty='elasticnet', and C=np.inf instead of penalty=None.
  warnings.warn(
D:\ml_separator_gh\.venv\Lib\site-packages\sklearn\linear_model\_logistic.py:1403: FutureWarning: 'penalty' was deprecated in version 1.8 and will be removed in 1.10. To avoid this warning, leave 'penalty' set to its default value and use 'l1_ratio' or 'C' instead. Use l1_ratio=0 instead of penalty='l2', l1_ratio=1 instead of penalty='l1', l1_ratio set to a float between 0 and 1 instead of penalty='elasticnet', and C=np.inf instead of penalty=None.
  warnings.warn(
D:\ml_separator_gh\.venv\Lib\site-packages\sklearn\linear_model\_logistic.py:1403: FutureWarning: 'penalty' was deprecated in version 1.8 and will be removed in 1.10. To avoid this warning, leave 'penalty' set to its default value and use 'l1_ratio' or 'C' instead. Use l1_ratio=0 instead of penalty='l2', l1_ratio=1 instead of penalty='l1', l1_ratio set to a float between 0 and 1 instead of penalty='elasticnet', and C=np.inf instead of penalty=None.
  warnings.warn(
D:\ml_separator_gh\.venv\Lib\site-packages\sklearn\linear_model\_logistic.py:1403: FutureWarning: 'penalty' was deprecated in version 1.8 and will be removed in 1.10. To avoid this warning, leave 'penalty' set to its default value and use 'l1_ratio' or 'C' instead. Use l1_ratio=0 instead of penalty='l2', l1_ratio=1 instead of penalty='l1', l1_ratio set to a float between 0 and 1 instead of penalty='elasticnet', and C=np.inf instead of penalty=None.
  warnings.warn(
D:\ml_separator_gh\.venv\Lib\site-packages\sklearn\linear_model\_logistic.py:1403: FutureWarning: 'penalty' was deprecated in version 1.8 and will be removed in 1.10. To avoid this warning, leave 'penalty' set to its default value and use 'l1_ratio' or 'C' instead. Use l1_ratio=0 instead of penalty='l2', l1_ratio=1 instead of penalty='l1', l1_ratio set to a float between 0 and 1 instead of penalty='elasticnet', and C=np.inf instead of penalty=None.
  warnings.warn(
D:\ml_separator_gh\.venv\Lib\site-packages\sklearn\linear_model\_logistic.py:1403: FutureWarning: 'penalty' was deprecated in version 1.8 and will be removed in 1.10. To avoid this warning, leave 'penalty' set to its default value and use 'l1_ratio' or 'C' instead. Use l1_ratio=0 instead of penalty='l2', l1_ratio=1 instead of penalty='l1', l1_ratio set to a float between 0 and 1 instead of penalty='elasticnet', and C=np.inf instead of penalty=None.
  warnings.warn(
D:\ml_separator_gh\.venv\Lib\site-packages\sklearn\linear_model\_logistic.py:1403: FutureWarning: 'penalty' was deprecated in version 1.8 and will be removed in 1.10. To avoid this warning, leave 'penalty' set to its default value and use 'l1_ratio' or 'C' instead. Use l1_ratio=0 instead of penalty='l2', l1_ratio=1 instead of penalty='l1', l1_ratio set to a float between 0 and 1 instead of penalty='elasticnet', and C=np.inf instead of penalty=None.
  warnings.warn(
D:\ml_separator_gh\.venv\Lib\site-packages\sklearn\linear_model\_logistic.py:1403: FutureWarning: 'penalty' was deprecated in version 1.8 and will be removed in 1.10. To avoid this warning, leave 'penalty' set to its default value and use 'l1_ratio' or 'C' instead. Use l1_ratio=0 instead of penalty='l2', l1_ratio=1 instead of penalty='l1', l1_ratio set to a float between 0 and 1 instead of penalty='elasticnet', and C=np.inf instead of penalty=None.
  warnings.warn(
D:\ml_separator_gh\.venv\Lib\site-packages\sklearn\linear_model\_logistic.py:1403: FutureWarning: 'penalty' was deprecated in version 1.8 and will be removed in 1.10. To avoid this warning, leave 'penalty' set to its default value and use 'l1_ratio' or 'C' instead. Use l1_ratio=0 instead of penalty='l2', l1_ratio=1 instead of penalty='l1', l1_ratio set to a float between 0 and 1 instead of penalty='elasticnet', and C=np.inf instead of penalty=None.
  warnings.warn(
   [BR] L5 few-shot 52744 scored pairs, 153 modes, 5 estimators, 37s
  [BR] scored 59 modes on 52744 pairs, 199s
D:\ml_separator_gh\.venv\Lib\site-packages\sklearn\linear_model\_logistic.py:1403: FutureWarning: 'penalty' was deprecated in version 1.8 and will be removed in 1.10. To avoid this warning, leave 'penalty' set to its default value and use 'l1_ratio' or 'C' instead. Use l1_ratio=0 instead of penalty='l2', l1_ratio=1 instead of penalty='l1', l1_ratio set to a float between 0 and 1 instead of penalty='elasticnet', and C=np.inf instead of penalty=None.
  warnings.warn(
D:\ml_separator_gh\.venv\Lib\site-packages\sklearn\linear_model\_logistic.py:1403: FutureWarning: 'penalty' was deprecated in version 1.8 and will be removed in 1.10. To avoid this warning, leave 'penalty' set to its default value and use 'l1_ratio' or 'C' instead. Use l1_ratio=0 instead of penalty='l2', l1_ratio=1 instead of penalty='l1', l1_ratio set to a float between 0 and 1 instead of penalty='elasticnet', and C=np.inf instead of penalty=None.
  warnings.warn(
D:\ml_separator_gh\.venv\Lib\site-packages\sklearn\linear_model\_logistic.py:1403: FutureWarning: 'penalty' was deprecated in version 1.8 and will be removed in 1.10. To avoid this warning, leave 'penalty' set to its default value and use 'l1_ratio' or 'C' instead. Use l1_ratio=0 instead of penalty='l2', l1_ratio=1 instead of penalty='l1', l1_ratio set to a float between 0 and 1 instead of penalty='elasticnet', and C=np.inf instead of penalty=None.
  warnings.warn(
D:\ml_separator_gh\.venv\Lib\site-packages\sklearn\linear_model\_logistic.py:1403: FutureWarning: 'penalty' was deprecated in version 1.8 and will be removed in 1.10. To avoid this warning, leave 'penalty' set to its default value and use 'l1_ratio' or 'C' instead. Use l1_ratio=0 instead of penalty='l2', l1_ratio=1 instead of penalty='l1', l1_ratio set to a float between 0 and 1 instead of penalty='elasticnet', and C=np.inf instead of penalty=None.
  warnings.warn(
D:\ml_separator_gh\.venv\Lib\site-packages\sklearn\linear_model\_logistic.py:1403: FutureWarning: 'penalty' was deprecated in version 1.8 and will be removed in 1.10. To avoid this warning, leave 'penalty' set to its default value and use 'l1_ratio' or 'C' instead. Use l1_ratio=0 instead of penalty='l2', l1_ratio=1 instead of penalty='l1', l1_ratio set to a float between 0 and 1 instead of penalty='elasticnet', and C=np.inf instead of penalty=None.
  warnings.warn(
D:\ml_separator_gh\.venv\Lib\site-packages\sklearn\linear_model\_logistic.py:1403: FutureWarning: 'penalty' was deprecated in version 1.8 and will be removed in 1.10. To avoid this warning, leave 'penalty' set to its default value and use 'l1_ratio' or 'C' instead. Use l1_ratio=0 instead of penalty='l2', l1_ratio=1 instead of penalty='l1', l1_ratio set to a float between 0 and 1 instead of penalty='elasticnet', and C=np.inf instead of penalty=None.
  warnings.warn(
D:\ml_separator_gh\.venv\Lib\site-packages\sklearn\linear_model\_logistic.py:1403: FutureWarning: 'penalty' was deprecated in version 1.8 and will be removed in 1.10. To avoid this warning, leave 'penalty' set to its default value and use 'l1_ratio' or 'C' instead. Use l1_ratio=0 instead of penalty='l2', l1_ratio=1 instead of penalty='l1', l1_ratio set to a float between 0 and 1 instead of penalty='elasticnet', and C=np.inf instead of penalty=None.
  warnings.warn(
D:\ml_separator_gh\.venv\Lib\site-packages\sklearn\linear_model\_logistic.py:1403: FutureWarning: 'penalty' was deprecated in version 1.8 and will be removed in 1.10. To avoid this warning, leave 'penalty' set to its default value and use 'l1_ratio' or 'C' instead. Use l1_ratio=0 instead of penalty='l2', l1_ratio=1 instead of penalty='l1', l1_ratio set to a float between 0 and 1 instead of penalty='elasticnet', and C=np.inf instead of penalty=None.
  warnings.warn(
D:\ml_separator_gh\.venv\Lib\site-packages\sklearn\linear_model\_logistic.py:1403: FutureWarning: 'penalty' was deprecated in version 1.8 and will be removed in 1.10. To avoid this warning, leave 'penalty' set to its default value and use 'l1_ratio' or 'C' instead. Use l1_ratio=0 instead of penalty='l2', l1_ratio=1 instead of penalty='l1', l1_ratio set to a float between 0 and 1 instead of penalty='elasticnet', and C=np.inf instead of penalty=None.
  warnings.warn(
D:\ml_separator_gh\.venv\Lib\site-packages\sklearn\linear_model\_logistic.py:1403: FutureWarning: 'penalty' was deprecated in version 1.8 and will be removed in 1.10. To avoid this warning, leave 'penalty' set to its default value and use 'l1_ratio' or 'C' instead. Use l1_ratio=0 instead of penalty='l2', l1_ratio=1 instead of penalty='l1', l1_ratio set to a float between 0 and 1 instead of penalty='elasticnet', and C=np.inf instead of penalty=None.
  warnings.warn(
D:\ml_separator_gh\.venv\Lib\site-packages\sklearn\linear_model\_logistic.py:1403: FutureWarning: 'penalty' was deprecated in version 1.8 and will be removed in 1.10. To avoid this warning, leave 'penalty' set to its default value and use 'l1_ratio' or 'C' instead. Use l1_ratio=0 instead of penalty='l2', l1_ratio=1 instead of penalty='l1', l1_ratio set to a float between 0 and 1 instead of penalty='elasticnet', and C=np.inf instead of penalty=None.
  warnings.warn(
D:\ml_separator_gh\.venv\Lib\site-packages\sklearn\linear_model\_logistic.py:1403: FutureWarning: 'penalty' was deprecated in version 1.8 and will be removed in 1.10. To avoid this warning, leave 'penalty' set to its default value and use 'l1_ratio' or 'C' instead. Use l1_ratio=0 instead of penalty='l2', l1_ratio=1 instead of penalty='l1', l1_ratio set to a float between 0 and 1 instead of penalty='elasticnet', and C=np.inf instead of penalty=None.
  warnings.warn(
D:\ml_separator_gh\.venv\Lib\site-packages\sklearn\linear_model\_logistic.py:1403: FutureWarning: 'penalty' was deprecated in version 1.8 and will be removed in 1.10. To avoid this warning, leave 'penalty' set to its default value and use 'l1_ratio' or 'C' instead. Use l1_ratio=0 instead of penalty='l2', l1_ratio=1 instead of penalty='l1', l1_ratio set to a float between 0 and 1 instead of penalty='elasticnet', and C=np.inf instead of penalty=None.
  warnings.warn(
D:\ml_separator_gh\.venv\Lib\site-packages\sklearn\linear_model\_logistic.py:1403: FutureWarning: 'penalty' was deprecated in version 1.8 and will be removed in 1.10. To avoid this warning, leave 'penalty' set to its default value and use 'l1_ratio' or 'C' instead. Use l1_ratio=0 instead of penalty='l2', l1_ratio=1 instead of penalty='l1', l1_ratio set to a float between 0 and 1 instead of penalty='elasticnet', and C=np.inf instead of penalty=None.
  warnings.warn(
D:\ml_separator_gh\.venv\Lib\site-packages\sklearn\linear_model\_logistic.py:1403: FutureWarning: 'penalty' was deprecated in version 1.8 and will be removed in 1.10. To avoid this warning, leave 'penalty' set to its default value and use 'l1_ratio' or 'C' instead. Use l1_ratio=0 instead of penalty='l2', l1_ratio=1 instead of penalty='l1', l1_ratio set to a float between 0 and 1 instead of penalty='elasticnet', and C=np.inf instead of penalty=None.
  warnings.warn(
D:\ml_separator_gh\.venv\Lib\site-packages\sklearn\linear_model\_logistic.py:1403: FutureWarning: 'penalty' was deprecated in version 1.8 and will be removed in 1.10. To avoid this warning, leave 'penalty' set to its default value and use 'l1_ratio' or 'C' instead. Use l1_ratio=0 instead of penalty='l2', l1_ratio=1 instead of penalty='l1', l1_ratio set to a float between 0 and 1 instead of penalty='elasticnet', and C=np.inf instead of penalty=None.
  warnings.warn(
D:\ml_separator_gh\.venv\Lib\site-packages\sklearn\linear_model\_logistic.py:1403: FutureWarning: 'penalty' was deprecated in version 1.8 and will be removed in 1.10. To avoid this warning, leave 'penalty' set to its default value and use 'l1_ratio' or 'C' instead. Use l1_ratio=0 instead of penalty='l2', l1_ratio=1 instead of penalty='l1', l1_ratio set to a float between 0 and 1 instead of penalty='elasticnet', and C=np.inf instead of penalty=None.
  warnings.warn(
D:\ml_separator_gh\.venv\Lib\site-packages\sklearn\linear_model\_logistic.py:1403: FutureWarning: 'penalty' was deprecated in version 1.8 and will be removed in 1.10. To avoid this warning, leave 'penalty' set to its default value and use 'l1_ratio' or 'C' instead. Use l1_ratio=0 instead of penalty='l2', l1_ratio=1 instead of penalty='l1', l1_ratio set to a float between 0 and 1 instead of penalty='elasticnet', and C=np.inf instead of penalty=None.
  warnings.warn(
D:\ml_separator_gh\.venv\Lib\site-packages\sklearn\linear_model\_logistic.py:1403: FutureWarning: 'penalty' was deprecated in version 1.8 and will be removed in 1.10. To avoid this warning, leave 'penalty' set to its default value and use 'l1_ratio' or 'C' instead. Use l1_ratio=0 instead of penalty='l2', l1_ratio=1 instead of penalty='l1', l1_ratio set to a float between 0 and 1 instead of penalty='elasticnet', and C=np.inf instead of penalty=None.
  warnings.warn(
D:\ml_separator_gh\.venv\Lib\site-packages\sklearn\linear_model\_logistic.py:1403: FutureWarning: 'penalty' was deprecated in version 1.8 and will be removed in 1.10. To avoid this warning, leave 'penalty' set to its default value and use 'l1_ratio' or 'C' instead. Use l1_ratio=0 instead of penalty='l2', l1_ratio=1 instead of penalty='l1', l1_ratio set to a float between 0 and 1 instead of penalty='elasticnet', and C=np.inf instead of penalty=None.
  warnings.warn(
D:\ml_separator_gh\.venv\Lib\site-packages\sklearn\linear_model\_logistic.py:1403: FutureWarning: 'penalty' was deprecated in version 1.8 and will be removed in 1.10. To avoid this warning, leave 'penalty' set to its default value and use 'l1_ratio' or 'C' instead. Use l1_ratio=0 instead of penalty='l2', l1_ratio=1 instead of penalty='l1', l1_ratio set to a float between 0 and 1 instead of penalty='elasticnet', and C=np.inf instead of penalty=None.
  warnings.warn(
D:\ml_separator_gh\.venv\Lib\site-packages\sklearn\linear_model\_logistic.py:1403: FutureWarning: 'penalty' was deprecated in version 1.8 and will be removed in 1.10. To avoid this warning, leave 'penalty' set to its default value and use 'l1_ratio' or 'C' instead. Use l1_ratio=0 instead of penalty='l2', l1_ratio=1 instead of penalty='l1', l1_ratio set to a float between 0 and 1 instead of penalty='elasticnet', and C=np.inf instead of penalty=None.
  warnings.warn(
D:\ml_separator_gh\.venv\Lib\site-packages\sklearn\linear_model\_logistic.py:1403: FutureWarning: 'penalty' was deprecated in version 1.8 and will be removed in 1.10. To avoid this warning, leave 'penalty' set to its default value and use 'l1_ratio' or 'C' instead. Use l1_ratio=0 instead of penalty='l2', l1_ratio=1 instead of penalty='l1', l1_ratio set to a float between 0 and 1 instead of penalty='elasticnet', and C=np.inf instead of penalty=None.
  warnings.warn(
D:\ml_separator_gh\.venv\Lib\site-packages\sklearn\linear_model\_logistic.py:1403: FutureWarning: 'penalty' was deprecated in version 1.8 and will be removed in 1.10. To avoid this warning, leave 'penalty' set to its default value and use 'l1_ratio' or 'C' instead. Use l1_ratio=0 instead of penalty='l2', l1_ratio=1 instead of penalty='l1', l1_ratio set to a float between 0 and 1 instead of penalty='elasticnet', and C=np.inf instead of penalty=None.
  warnings.warn(
D:\ml_separator_gh\.venv\Lib\site-packages\sklearn\linear_model\_logistic.py:1403: FutureWarning: 'penalty' was deprecated in version 1.8 and will be removed in 1.10. To avoid this warning, leave 'penalty' set to its default value and use 'l1_ratio' or 'C' instead. Use l1_ratio=0 instead of penalty='l2', l1_ratio=1 instead of penalty='l1', l1_ratio set to a float between 0 and 1 instead of penalty='elasticnet', and C=np.inf instead of penalty=None.
  warnings.warn(
   [BQ] L5 few-shot 52837 scored pairs, 153 modes, 5 estimators, 23s
  [BQ] scored 59 modes on 52837 pairs, 135s
D:\ml_separator_gh\.venv\Lib\site-packages\sklearn\linear_model\_logistic.py:1403: FutureWarning: 'penalty' was deprecated in version 1.8 and will be removed in 1.10. To avoid this warning, leave 'penalty' set to its default value and use 'l1_ratio' or 'C' instead. Use l1_ratio=0 instead of penalty='l2', l1_ratio=1 instead of penalty='l1', l1_ratio set to a float between 0 and 1 instead of penalty='elasticnet', and C=np.inf instead of penalty=None.
  warnings.warn(
D:\ml_separator_gh\.venv\Lib\site-packages\sklearn\linear_model\_logistic.py:1403: FutureWarning: 'penalty' was deprecated in version 1.8 and will be removed in 1.10. To avoid this warning, leave 'penalty' set to its default value and use 'l1_ratio' or 'C' instead. Use l1_ratio=0 instead of penalty='l2', l1_ratio=1 instead of penalty='l1', l1_ratio set to a float between 0 and 1 instead of penalty='elasticnet', and C=np.inf instead of penalty=None.
  warnings.warn(
D:\ml_separator_gh\.venv\Lib\site-packages\sklearn\linear_model\_logistic.py:1403: FutureWarning: 'penalty' was deprecated in version 1.8 and will be removed in 1.10. To avoid this warning, leave 'penalty' set to its default value and use 'l1_ratio' or 'C' instead. Use l1_ratio=0 instead of penalty='l2', l1_ratio=1 instead of penalty='l1', l1_ratio set to a float between 0 and 1 instead of penalty='elasticnet', and C=np.inf instead of penalty=None.
  warnings.warn(
D:\ml_separator_gh\.venv\Lib\site-packages\sklearn\linear_model\_logistic.py:1403: FutureWarning: 'penalty' was deprecated in version 1.8 and will be removed in 1.10. To avoid this warning, leave 'penalty' set to its default value and use 'l1_ratio' or 'C' instead. Use l1_ratio=0 instead of penalty='l2', l1_ratio=1 instead of penalty='l1', l1_ratio set to a float between 0 and 1 instead of penalty='elasticnet', and C=np.inf instead of penalty=None.
  warnings.warn(
D:\ml_separator_gh\.venv\Lib\site-packages\sklearn\linear_model\_logistic.py:1403: FutureWarning: 'penalty' was deprecated in version 1.8 and will be removed in 1.10. To avoid this warning, leave 'penalty' set to its default value and use 'l1_ratio' or 'C' instead. Use l1_ratio=0 instead of penalty='l2', l1_ratio=1 instead of penalty='l1', l1_ratio set to a float between 0 and 1 instead of penalty='elasticnet', and C=np.inf instead of penalty=None.
  warnings.warn(
D:\ml_separator_gh\.venv\Lib\site-packages\sklearn\linear_model\_logistic.py:1403: FutureWarning: 'penalty' was deprecated in version 1.8 and will be removed in 1.10. To avoid this warning, leave 'penalty' set to its default value and use 'l1_ratio' or 'C' instead. Use l1_ratio=0 instead of penalty='l2', l1_ratio=1 instead of penalty='l1', l1_ratio set to a float between 0 and 1 instead of penalty='elasticnet', and C=np.inf instead of penalty=None.
  warnings.warn(
D:\ml_separator_gh\.venv\Lib\site-packages\sklearn\linear_model\_logistic.py:1403: FutureWarning: 'penalty' was deprecated in version 1.8 and will be removed in 1.10. To avoid this warning, leave 'penalty' set to its default value and use 'l1_ratio' or 'C' instead. Use l1_ratio=0 instead of penalty='l2', l1_ratio=1 instead of penalty='l1', l1_ratio set to a float between 0 and 1 instead of penalty='elasticnet', and C=np.inf instead of penalty=None.
  warnings.warn(
D:\ml_separator_gh\.venv\Lib\site-packages\sklearn\linear_model\_logistic.py:1403: FutureWarning: 'penalty' was deprecated in version 1.8 and will be removed in 1.10. To avoid this warning, leave 'penalty' set to its default value and use 'l1_ratio' or 'C' instead. Use l1_ratio=0 instead of penalty='l2', l1_ratio=1 instead of penalty='l1', l1_ratio set to a float between 0 and 1 instead of penalty='elasticnet', and C=np.inf instead of penalty=None.
  warnings.warn(
D:\ml_separator_gh\.venv\Lib\site-packages\sklearn\linear_model\_logistic.py:1403: FutureWarning: 'penalty' was deprecated in version 1.8 and will be removed in 1.10. To avoid this warning, leave 'penalty' set to its default value and use 'l1_ratio' or 'C' instead. Use l1_ratio=0 instead of penalty='l2', l1_ratio=1 instead of penalty='l1', l1_ratio set to a float between 0 and 1 instead of penalty='elasticnet', and C=np.inf instead of penalty=None.
  warnings.warn(
D:\ml_separator_gh\.venv\Lib\site-packages\sklearn\linear_model\_logistic.py:1403: FutureWarning: 'penalty' was deprecated in version 1.8 and will be removed in 1.10. To avoid this warning, leave 'penalty' set to its default value and use 'l1_ratio' or 'C' instead. Use l1_ratio=0 instead of penalty='l2', l1_ratio=1 instead of penalty='l1', l1_ratio set to a float between 0 and 1 instead of penalty='elasticnet', and C=np.inf instead of penalty=None.
  warnings.warn(
D:\ml_separator_gh\.venv\Lib\site-packages\sklearn\linear_model\_logistic.py:1403: FutureWarning: 'penalty' was deprecated in version 1.8 and will be removed in 1.10. To avoid this warning, leave 'penalty' set to its default value and use 'l1_ratio' or 'C' instead. Use l1_ratio=0 instead of penalty='l2', l1_ratio=1 instead of penalty='l1', l1_ratio set to a float between 0 and 1 instead of penalty='elasticnet', and C=np.inf instead of penalty=None.
  warnings.warn(
D:\ml_separator_gh\.venv\Lib\site-packages\sklearn\linear_model\_logistic.py:1403: FutureWarning: 'penalty' was deprecated in version 1.8 and will be removed in 1.10. To avoid this warning, leave 'penalty' set to its default value and use 'l1_ratio' or 'C' instead. Use l1_ratio=0 instead of penalty='l2', l1_ratio=1 instead of penalty='l1', l1_ratio set to a float between 0 and 1 instead of penalty='elasticnet', and C=np.inf instead of penalty=None.
  warnings.warn(
D:\ml_separator_gh\.venv\Lib\site-packages\sklearn\linear_model\_logistic.py:1403: FutureWarning: 'penalty' was deprecated in version 1.8 and will be removed in 1.10. To avoid this warning, leave 'penalty' set to its default value and use 'l1_ratio' or 'C' instead. Use l1_ratio=0 instead of penalty='l2', l1_ratio=1 instead of penalty='l1', l1_ratio set to a float between 0 and 1 instead of penalty='elasticnet', and C=np.inf instead of penalty=None.
  warnings.warn(
D:\ml_separator_gh\.venv\Lib\site-packages\sklearn\linear_model\_logistic.py:1403: FutureWarning: 'penalty' was deprecated in version 1.8 and will be removed in 1.10. To avoid this warning, leave 'penalty' set to its default value and use 'l1_ratio' or 'C' instead. Use l1_ratio=0 instead of penalty='l2', l1_ratio=1 instead of penalty='l1', l1_ratio set to a float between 0 and 1 instead of penalty='elasticnet', and C=np.inf instead of penalty=None.
  warnings.warn(
D:\ml_separator_gh\.venv\Lib\site-packages\sklearn\linear_model\_logistic.py:1403: FutureWarning: 'penalty' was deprecated in version 1.8 and will be removed in 1.10. To avoid this warning, leave 'penalty' set to its default value and use 'l1_ratio' or 'C' instead. Use l1_ratio=0 instead of penalty='l2', l1_ratio=1 instead of penalty='l1', l1_ratio set to a float between 0 and 1 instead of penalty='elasticnet', and C=np.inf instead of penalty=None.
  warnings.warn(
D:\ml_separator_gh\.venv\Lib\site-packages\sklearn\linear_model\_logistic.py:1403: FutureWarning: 'penalty' was deprecated in version 1.8 and will be removed in 1.10. To avoid this warning, leave 'penalty' set to its default value and use 'l1_ratio' or 'C' instead. Use l1_ratio=0 instead of penalty='l2', l1_ratio=1 instead of penalty='l1', l1_ratio set to a float between 0 and 1 instead of penalty='elasticnet', and C=np.inf instead of penalty=None.
  warnings.warn(
D:\ml_separator_gh\.venv\Lib\site-packages\sklearn\linear_model\_logistic.py:1403: FutureWarning: 'penalty' was deprecated in version 1.8 and will be removed in 1.10. To avoid this warning, leave 'penalty' set to its default value and use 'l1_ratio' or 'C' instead. Use l1_ratio=0 instead of penalty='l2', l1_ratio=1 instead of penalty='l1', l1_ratio set to a float between 0 and 1 instead of penalty='elasticnet', and C=np.inf instead of penalty=None.
  warnings.warn(
D:\ml_separator_gh\.venv\Lib\site-packages\sklearn\linear_model\_logistic.py:1403: FutureWarning: 'penalty' was deprecated in version 1.8 and will be removed in 1.10. To avoid this warning, leave 'penalty' set to its default value and use 'l1_ratio' or 'C' instead. Use l1_ratio=0 instead of penalty='l2', l1_ratio=1 instead of penalty='l1', l1_ratio set to a float between 0 and 1 instead of penalty='elasticnet', and C=np.inf instead of penalty=None.
  warnings.warn(
D:\ml_separator_gh\.venv\Lib\site-packages\sklearn\linear_model\_logistic.py:1403: FutureWarning: 'penalty' was deprecated in version 1.8 and will be removed in 1.10. To avoid this warning, leave 'penalty' set to its default value and use 'l1_ratio' or 'C' instead. Use l1_ratio=0 instead of penalty='l2', l1_ratio=1 instead of penalty='l1', l1_ratio set to a float between 0 and 1 instead of penalty='elasticnet', and C=np.inf instead of penalty=None.
  warnings.warn(
D:\ml_separator_gh\.venv\Lib\site-packages\sklearn\linear_model\_logistic.py:1403: FutureWarning: 'penalty' was deprecated in version 1.8 and will be removed in 1.10. To avoid this warning, leave 'penalty' set to its default value and use 'l1_ratio' or 'C' instead. Use l1_ratio=0 instead of penalty='l2', l1_ratio=1 instead of penalty='l1', l1_ratio set to a float between 0 and 1 instead of penalty='elasticnet', and C=np.inf instead of penalty=None.
  warnings.warn(
D:\ml_separator_gh\.venv\Lib\site-packages\sklearn\linear_model\_logistic.py:1403: FutureWarning: 'penalty' was deprecated in version 1.8 and will be removed in 1.10. To avoid this warning, leave 'penalty' set to its default value and use 'l1_ratio' or 'C' instead. Use l1_ratio=0 instead of penalty='l2', l1_ratio=1 instead of penalty='l1', l1_ratio set to a float between 0 and 1 instead of penalty='elasticnet', and C=np.inf instead of penalty=None.
  warnings.warn(
D:\ml_separator_gh\.venv\Lib\site-packages\sklearn\linear_model\_logistic.py:1403: FutureWarning: 'penalty' was deprecated in version 1.8 and will be removed in 1.10. To avoid this warning, leave 'penalty' set to its default value and use 'l1_ratio' or 'C' instead. Use l1_ratio=0 instead of penalty='l2', l1_ratio=1 instead of penalty='l1', l1_ratio set to a float between 0 and 1 instead of penalty='elasticnet', and C=np.inf instead of penalty=None.
  warnings.warn(
D:\ml_separator_gh\.venv\Lib\site-packages\sklearn\linear_model\_logistic.py:1403: FutureWarning: 'penalty' was deprecated in version 1.8 and will be removed in 1.10. To avoid this warning, leave 'penalty' set to its default value and use 'l1_ratio' or 'C' instead. Use l1_ratio=0 instead of penalty='l2', l1_ratio=1 instead of penalty='l1', l1_ratio set to a float between 0 and 1 instead of penalty='elasticnet', and C=np.inf instead of penalty=None.
  warnings.warn(
D:\ml_separator_gh\.venv\Lib\site-packages\sklearn\linear_model\_logistic.py:1403: FutureWarning: 'penalty' was deprecated in version 1.8 and will be removed in 1.10. To avoid this warning, leave 'penalty' set to its default value and use 'l1_ratio' or 'C' instead. Use l1_ratio=0 instead of penalty='l2', l1_ratio=1 instead of penalty='l1', l1_ratio set to a float between 0 and 1 instead of penalty='elasticnet', and C=np.inf instead of penalty=None.
  warnings.warn(
D:\ml_separator_gh\.venv\Lib\site-packages\sklearn\linear_model\_logistic.py:1403: FutureWarning: 'penalty' was deprecated in version 1.8 and will be removed in 1.10. To avoid this warning, leave 'penalty' set to its default value and use 'l1_ratio' or 'C' instead. Use l1_ratio=0 instead of penalty='l2', l1_ratio=1 instead of penalty='l1', l1_ratio set to a float between 0 and 1 instead of penalty='elasticnet', and C=np.inf instead of penalty=None.
  warnings.warn(
   [A] L5 few-shot 52632 scored pairs, 153 modes, 5 estimators, 25s
  [A] scored 59 modes on 52632 pairs, 143s
D:\ml_separator_gh\.venv\Lib\site-packages\sklearn\linear_model\_logistic.py:1403: FutureWarning: 'penalty' was deprecated in version 1.8 and will be removed in 1.10. To avoid this warning, leave 'penalty' set to its default value and use 'l1_ratio' or 'C' instead. Use l1_ratio=0 instead of penalty='l2', l1_ratio=1 instead of penalty='l1', l1_ratio set to a float between 0 and 1 instead of penalty='elasticnet', and C=np.inf instead of penalty=None.
  warnings.warn(
D:\ml_separator_gh\.venv\Lib\site-packages\sklearn\linear_model\_logistic.py:1403: FutureWarning: 'penalty' was deprecated in version 1.8 and will be removed in 1.10. To avoid this warning, leave 'penalty' set to its default value and use 'l1_ratio' or 'C' instead. Use l1_ratio=0 instead of penalty='l2', l1_ratio=1 instead of penalty='l1', l1_ratio set to a float between 0 and 1 instead of penalty='elasticnet', and C=np.inf instead of penalty=None.
  warnings.warn(
D:\ml_separator_gh\.venv\Lib\site-packages\sklearn\linear_model\_logistic.py:1403: FutureWarning: 'penalty' was deprecated in version 1.8 and will be removed in 1.10. To avoid this warning, leave 'penalty' set to its default value and use 'l1_ratio' or 'C' instead. Use l1_ratio=0 instead of penalty='l2', l1_ratio=1 instead of penalty='l1', l1_ratio set to a float between 0 and 1 instead of penalty='elasticnet', and C=np.inf instead of penalty=None.
  warnings.warn(
D:\ml_separator_gh\.venv\Lib\site-packages\sklearn\linear_model\_logistic.py:1403: FutureWarning: 'penalty' was deprecated in version 1.8 and will be removed in 1.10. To avoid this warning, leave 'penalty' set to its default value and use 'l1_ratio' or 'C' instead. Use l1_ratio=0 instead of penalty='l2', l1_ratio=1 instead of penalty='l1', l1_ratio set to a float between 0 and 1 instead of penalty='elasticnet', and C=np.inf instead of penalty=None.
  warnings.warn(
D:\ml_separator_gh\.venv\Lib\site-packages\sklearn\linear_model\_logistic.py:1403: FutureWarning: 'penalty' was deprecated in version 1.8 and will be removed in 1.10. To avoid this warning, leave 'penalty' set to its default value and use 'l1_ratio' or 'C' instead. Use l1_ratio=0 instead of penalty='l2', l1_ratio=1 instead of penalty='l1', l1_ratio set to a float between 0 and 1 instead of penalty='elasticnet', and C=np.inf instead of penalty=None.
  warnings.warn(
D:\ml_separator_gh\.venv\Lib\site-packages\sklearn\linear_model\_logistic.py:1403: FutureWarning: 'penalty' was deprecated in version 1.8 and will be removed in 1.10. To avoid this warning, leave 'penalty' set to its default value and use 'l1_ratio' or 'C' instead. Use l1_ratio=0 instead of penalty='l2', l1_ratio=1 instead of penalty='l1', l1_ratio set to a float between 0 and 1 instead of penalty='elasticnet', and C=np.inf instead of penalty=None.
  warnings.warn(
D:\ml_separator_gh\.venv\Lib\site-packages\sklearn\linear_model\_logistic.py:1403: FutureWarning: 'penalty' was deprecated in version 1.8 and will be removed in 1.10. To avoid this warning, leave 'penalty' set to its default value and use 'l1_ratio' or 'C' instead. Use l1_ratio=0 instead of penalty='l2', l1_ratio=1 instead of penalty='l1', l1_ratio set to a float between 0 and 1 instead of penalty='elasticnet', and C=np.inf instead of penalty=None.
  warnings.warn(
D:\ml_separator_gh\.venv\Lib\site-packages\sklearn\linear_model\_logistic.py:1403: FutureWarning: 'penalty' was deprecated in version 1.8 and will be removed in 1.10. To avoid this warning, leave 'penalty' set to its default value and use 'l1_ratio' or 'C' instead. Use l1_ratio=0 instead of penalty='l2', l1_ratio=1 instead of penalty='l1', l1_ratio set to a float between 0 and 1 instead of penalty='elasticnet', and C=np.inf instead of penalty=None.
  warnings.warn(
D:\ml_separator_gh\.venv\Lib\site-packages\sklearn\linear_model\_logistic.py:1403: FutureWarning: 'penalty' was deprecated in version 1.8 and will be removed in 1.10. To avoid this warning, leave 'penalty' set to its default value and use 'l1_ratio' or 'C' instead. Use l1_ratio=0 instead of penalty='l2', l1_ratio=1 instead of penalty='l1', l1_ratio set to a float between 0 and 1 instead of penalty='elasticnet', and C=np.inf instead of penalty=None.
  warnings.warn(
D:\ml_separator_gh\.venv\Lib\site-packages\sklearn\linear_model\_logistic.py:1403: FutureWarning: 'penalty' was deprecated in version 1.8 and will be removed in 1.10. To avoid this warning, leave 'penalty' set to its default value and use 'l1_ratio' or 'C' instead. Use l1_ratio=0 instead of penalty='l2', l1_ratio=1 instead of penalty='l1', l1_ratio set to a float between 0 and 1 instead of penalty='elasticnet', and C=np.inf instead of penalty=None.
  warnings.warn(
D:\ml_separator_gh\.venv\Lib\site-packages\sklearn\linear_model\_logistic.py:1403: FutureWarning: 'penalty' was deprecated in version 1.8 and will be removed in 1.10. To avoid this warning, leave 'penalty' set to its default value and use 'l1_ratio' or 'C' instead. Use l1_ratio=0 instead of penalty='l2', l1_ratio=1 instead of penalty='l1', l1_ratio set to a float between 0 and 1 instead of penalty='elasticnet', and C=np.inf instead of penalty=None.
  warnings.warn(
D:\ml_separator_gh\.venv\Lib\site-packages\sklearn\linear_model\_logistic.py:1403: FutureWarning: 'penalty' was deprecated in version 1.8 and will be removed in 1.10. To avoid this warning, leave 'penalty' set to its default value and use 'l1_ratio' or 'C' instead. Use l1_ratio=0 instead of penalty='l2', l1_ratio=1 instead of penalty='l1', l1_ratio set to a float between 0 and 1 instead of penalty='elasticnet', and C=np.inf instead of penalty=None.
  warnings.warn(
D:\ml_separator_gh\.venv\Lib\site-packages\sklearn\linear_model\_logistic.py:1403: FutureWarning: 'penalty' was deprecated in version 1.8 and will be removed in 1.10. To avoid this warning, leave 'penalty' set to its default value and use 'l1_ratio' or 'C' instead. Use l1_ratio=0 instead of penalty='l2', l1_ratio=1 instead of penalty='l1', l1_ratio set to a float between 0 and 1 instead of penalty='elasticnet', and C=np.inf instead of penalty=None.
  warnings.warn(
D:\ml_separator_gh\.venv\Lib\site-packages\sklearn\linear_model\_logistic.py:1403: FutureWarning: 'penalty' was deprecated in version 1.8 and will be removed in 1.10. To avoid this warning, leave 'penalty' set to its default value and use 'l1_ratio' or 'C' instead. Use l1_ratio=0 instead of penalty='l2', l1_ratio=1 instead of penalty='l1', l1_ratio set to a float between 0 and 1 instead of penalty='elasticnet', and C=np.inf instead of penalty=None.
  warnings.warn(
D:\ml_separator_gh\.venv\Lib\site-packages\sklearn\linear_model\_logistic.py:1403: FutureWarning: 'penalty' was deprecated in version 1.8 and will be removed in 1.10. To avoid this warning, leave 'penalty' set to its default value and use 'l1_ratio' or 'C' instead. Use l1_ratio=0 instead of penalty='l2', l1_ratio=1 instead of penalty='l1', l1_ratio set to a float between 0 and 1 instead of penalty='elasticnet', and C=np.inf instead of penalty=None.
  warnings.warn(
D:\ml_separator_gh\.venv\Lib\site-packages\sklearn\linear_model\_logistic.py:1403: FutureWarning: 'penalty' was deprecated in version 1.8 and will be removed in 1.10. To avoid this warning, leave 'penalty' set to its default value and use 'l1_ratio' or 'C' instead. Use l1_ratio=0 instead of penalty='l2', l1_ratio=1 instead of penalty='l1', l1_ratio set to a float between 0 and 1 instead of penalty='elasticnet', and C=np.inf instead of penalty=None.
  warnings.warn(
D:\ml_separator_gh\.venv\Lib\site-packages\sklearn\linear_model\_logistic.py:1403: FutureWarning: 'penalty' was deprecated in version 1.8 and will be removed in 1.10. To avoid this warning, leave 'penalty' set to its default value and use 'l1_ratio' or 'C' instead. Use l1_ratio=0 instead of penalty='l2', l1_ratio=1 instead of penalty='l1', l1_ratio set to a float between 0 and 1 instead of penalty='elasticnet', and C=np.inf instead of penalty=None.
  warnings.warn(
D:\ml_separator_gh\.venv\Lib\site-packages\sklearn\linear_model\_logistic.py:1403: FutureWarning: 'penalty' was deprecated in version 1.8 and will be removed in 1.10. To avoid this warning, leave 'penalty' set to its default value and use 'l1_ratio' or 'C' instead. Use l1_ratio=0 instead of penalty='l2', l1_ratio=1 instead of penalty='l1', l1_ratio set to a float between 0 and 1 instead of penalty='elasticnet', and C=np.inf instead of penalty=None.
  warnings.warn(
D:\ml_separator_gh\.venv\Lib\site-packages\sklearn\linear_model\_logistic.py:1403: FutureWarning: 'penalty' was deprecated in version 1.8 and will be removed in 1.10. To avoid this warning, leave 'penalty' set to its default value and use 'l1_ratio' or 'C' instead. Use l1_ratio=0 instead of penalty='l2', l1_ratio=1 instead of penalty='l1', l1_ratio set to a float between 0 and 1 instead of penalty='elasticnet', and C=np.inf instead of penalty=None.
  warnings.warn(
D:\ml_separator_gh\.venv\Lib\site-packages\sklearn\linear_model\_logistic.py:1403: FutureWarning: 'penalty' was deprecated in version 1.8 and will be removed in 1.10. To avoid this warning, leave 'penalty' set to its default value and use 'l1_ratio' or 'C' instead. Use l1_ratio=0 instead of penalty='l2', l1_ratio=1 instead of penalty='l1', l1_ratio set to a float between 0 and 1 instead of penalty='elasticnet', and C=np.inf instead of penalty=None.
  warnings.warn(
D:\ml_separator_gh\.venv\Lib\site-packages\sklearn\linear_model\_logistic.py:1403: FutureWarning: 'penalty' was deprecated in version 1.8 and will be removed in 1.10. To avoid this warning, leave 'penalty' set to its default value and use 'l1_ratio' or 'C' instead. Use l1_ratio=0 instead of penalty='l2', l1_ratio=1 instead of penalty='l1', l1_ratio set to a float between 0 and 1 instead of penalty='elasticnet', and C=np.inf instead of penalty=None.
  warnings.warn(
D:\ml_separator_gh\.venv\Lib\site-packages\sklearn\linear_model\_logistic.py:1403: FutureWarning: 'penalty' was deprecated in version 1.8 and will be removed in 1.10. To avoid this warning, leave 'penalty' set to its default value and use 'l1_ratio' or 'C' instead. Use l1_ratio=0 instead of penalty='l2', l1_ratio=1 instead of penalty='l1', l1_ratio set to a float between 0 and 1 instead of penalty='elasticnet', and C=np.inf instead of penalty=None.
  warnings.warn(
D:\ml_separator_gh\.venv\Lib\site-packages\sklearn\linear_model\_logistic.py:1403: FutureWarning: 'penalty' was deprecated in version 1.8 and will be removed in 1.10. To avoid this warning, leave 'penalty' set to its default value and use 'l1_ratio' or 'C' instead. Use l1_ratio=0 instead of penalty='l2', l1_ratio=1 instead of penalty='l1', l1_ratio set to a float between 0 and 1 instead of penalty='elasticnet', and C=np.inf instead of penalty=None.
  warnings.warn(
D:\ml_separator_gh\.venv\Lib\site-packages\sklearn\linear_model\_logistic.py:1403: FutureWarning: 'penalty' was deprecated in version 1.8 and will be removed in 1.10. To avoid this warning, leave 'penalty' set to its default value and use 'l1_ratio' or 'C' instead. Use l1_ratio=0 instead of penalty='l2', l1_ratio=1 instead of penalty='l1', l1_ratio set to a float between 0 and 1 instead of penalty='elasticnet', and C=np.inf instead of penalty=None.
  warnings.warn(
D:\ml_separator_gh\.venv\Lib\site-packages\sklearn\linear_model\_logistic.py:1403: FutureWarning: 'penalty' was deprecated in version 1.8 and will be removed in 1.10. To avoid this warning, leave 'penalty' set to its default value and use 'l1_ratio' or 'C' instead. Use l1_ratio=0 instead of penalty='l2', l1_ratio=1 instead of penalty='l1', l1_ratio set to a float between 0 and 1 instead of penalty='elasticnet', and C=np.inf instead of penalty=None.
  warnings.warn(
   [BP] L5 few-shot 52662 scored pairs, 153 modes, 5 estimators, 23s
  [BP] scored 59 modes on 52662 pairs, 134s

=== extractant-macro MAE, common scoring set, dopt support ===
design                            B       BR        BQ        A       BP
arm                                                                     
G14_POOLED@doptk0            0.4010   0.4002    0.4024   0.3974   0.4052
G14_LW@doptk0                0.4010   0.4002    0.4024   0.3974   0.4052
G14_LOWRANK2@doptk0          0.4010   0.4002    0.4024   0.3974   0.4052
G14_LOWRANK3@doptk0          0.4010   0.4002    0.4024   0.3974   0.4052
G14_HIER@doptk0              0.4010   0.4002    0.4024   0.3974   0.4052
G14_POOLED@doptk1            0.2169   0.2204    0.2190   0.2196   0.2238
G14_LW@doptk1                0.2193   0.2191    0.2238   0.2179   0.2214
G14_LOWRANK2@doptk1          0.2139   0.2156    0.2170   0.2156   0.2166
G14_LOWRANK3@doptk1          0.2159   0.2176    0.2185   0.2164   0.2191
G14_HIER@doptk1              0.2147   0.2175    0.2158   0.2158   0.2205
G14_POOLED@doptk2            0.1937   0.1951    0.1944   0.1925   0.2009
G14_LW@doptk2                0.9574   0.7471    0.6849   2.8216   0.6539
G14_LOWRANK2@doptk2          0.1849   0.1844    0.1850   0.1876   0.1862
G14_LOWRANK3@doptk2          0.1863   0.1863    0.1866   0.1884   0.1895
G14_HIER@doptk2              0.1946   0.1934    0.1931   0.1967   0.1963
G14_POOLED@doptk3            0.1638   0.1646    0.1638   0.1651   0.1674
G14_LW@doptk3               79.7563  34.3315  107.5817  60.9574  34.4071
G14_LOWRANK2@doptk3          0.1664   0.1687    0.1672   0.1696   0.1667
G14_LOWRANK3@doptk3          0.1686   0.1691    0.1689   0.1708   0.1683
G14_HIER@doptk3              0.1719   0.1729    0.1731   0.1719   0.1711
MIX6meanPC_POOLED@doptk0     0.4010   0.4002    0.4024   0.3974   0.4052
MIX6meanPC_POOLED@doptk1     0.2125   0.2155    0.2158   0.2140   0.2236
MIX6meanPC_POOLED@doptk2     0.1878   0.1893    0.1893   0.1860   0.1974
MIX6meanPC_POOLED@doptk3     0.1560   0.1568    0.1562   0.1576   0.1604
NAIVE_LINE_POOLED@doptk1     0.2322   0.2364    0.2338   0.2330   0.2310
NAIVE_LINE_LW@doptk1         0.2392   0.2425    0.2426   0.2435   0.2380
NAIVE_LINE_LOWRANK2@doptk1   0.2332   0.2339    0.2347   0.2329   0.2327
NAIVE_LINE_LOWRANK3@doptk1   0.2342   0.2356    0.2359   0.2342   0.2344
NAIVE_LINE_HIER@doptk1       0.2411   0.2423    0.2419   0.2396   0.2385
NAIVE_LINE_POOLED@doptk2     0.2257   0.2246    0.2267   0.2257   0.2251
NAIVE_LINE_LW@doptk2         0.2280   0.2302    0.2291   0.2278   0.2333
NAIVE_LINE_LOWRANK2@doptk2   0.2345   0.2341    0.2346   0.2314   0.2317
NAIVE_LINE_LOWRANK3@doptk2   0.2331   0.2336    0.2340   0.2302   0.2317
NAIVE_LINE_HIER@doptk2       0.2300   0.2304    0.2313   0.2289   0.2258
NAIVE_LINE_POOLED@doptk3     0.2231   0.2238    0.2236   0.2223   0.2243
NAIVE_LINE_LW@doptk3         0.2283   0.2284    0.2292   0.2294   0.2290
NAIVE_LINE_LOWRANK2@doptk3   0.2244   0.2247    0.2247   0.2241   0.2237
NAIVE_LINE_LOWRANK3@doptk3   0.2253   0.2257    0.2268   0.2250   0.2267
NAIVE_LINE_HIER@doptk3       0.2243   0.2250    0.2268   0.2245   0.2208
FLAT_POOLED@doptk0           0.4818   0.4833    0.4850   0.4806   0.4806
FLAT_LW@doptk0               0.4818   0.4833    0.4850   0.4806   0.4806
FLAT_LOWRANK2@doptk0         0.4818   0.4833    0.4850   0.4806   0.4806
FLAT_LOWRANK3@doptk0         0.4818   0.4833    0.4850   0.4806   0.4806
FLAT_HIER@doptk0             0.4818   0.4833    0.4850   0.4806   0.4806
FLAT_POOLED@doptk1           0.2231   0.2256    0.2237   0.2247   0.2272
FLAT_LW@doptk1               0.2274   0.2254    0.2327   0.2233   0.2257
FLAT_LOWRANK2@doptk1         0.2165   0.2164    0.2180   0.2159   0.2181
FLAT_LOWRANK3@doptk1         0.2191   0.2194    0.2203   0.2173   0.2208
FLAT_HIER@doptk1             0.2164   0.2176    0.2148   0.2181   0.2199
FLAT_POOLED@doptk2           0.1975   0.1980    0.1975   0.1949   0.2042
FLAT_LW@doptk2               1.0377   0.7207    0.7905   4.4733   0.7226
FLAT_LOWRANK2@doptk2         0.1885   0.1876    0.1884   0.1905   0.1891
FLAT_LOWRANK3@doptk2         0.1888   0.1889    0.1888   0.1904   0.1904
FLAT_HIER@doptk2             0.1981   0.1962    0.1956   0.1994   0.1968
FLAT_POOLED@doptk3           0.1704   0.1708    0.1705   0.1707   0.1742
FLAT_LW@doptk3              91.5269  41.7952  103.6998  60.1356  44.9672
FLAT_LOWRANK2@doptk3         0.1699   0.1719    0.1710   0.1726   0.1699
FLAT_LOWRANK3@doptk3         0.1724   0.1735    0.1731   0.1742   0.1712
FLAT_HIER@doptk3             0.1760   0.1769    0.1769   0.1761   0.1745

=== registered contrasts (positive favours the candidate) ===
design              comparison     point  ci95_low  ci95_high   bca_low  bca_high  p_two_sided  n_units  seeds_positive  loco_sign_stable  passes_P1
     B         LW_vs_POOLED@k1   -0.0031   -0.0166     0.0061   -0.0132    0.0095       0.5188       84               1              True      False
     B   LOWRANK2_vs_POOLED@k1    0.0034   -0.0064     0.0102   -0.0042    0.0121       0.5708       84               5             False      False
     B   LOWRANK3_vs_POOLED@k1    0.0010   -0.0096     0.0085   -0.0071    0.0115       0.9424       84               2             False      False
     B       HIER_vs_POOLED@k1    0.0018   -0.0075     0.0081   -0.0054    0.0099       0.7620       84               4             False      False
     B MIX6meanPC_vs_POOLED@k1    0.0043   -0.0026     0.0090   -0.0011    0.0106       0.2812       84               5              True      False
     B         LW_vs_POOLED@k2   -0.7580   -1.4936    -0.3027   -1.4036   -0.2604       0.0000       84               0              True      False
     B   LOWRANK2_vs_POOLED@k2    0.0097    0.0008     0.0180    0.0017    0.0191       0.0328       84               5              True      False
     B   LOWRANK3_vs_POOLED@k2    0.0079   -0.0020     0.0149   -0.0006    0.0164       0.1164       84               4              True      False
     B       HIER_vs_POOLED@k2   -0.0017   -0.0151     0.0066   -0.0127    0.0081       0.7032       84               2             False      False
     B MIX6meanPC_vs_POOLED@k2    0.0060    0.0008     0.0092    0.0013    0.0095       0.0222       84               5              True      False
     B         LW_vs_POOLED@k3  -78.8844 -179.1674   -23.3346 -184.3795  -24.7688       0.0000       84               0              True      False
     B   LOWRANK2_vs_POOLED@k3   -0.0036   -0.0127     0.0015   -0.0122    0.0017       0.2026       84               2              True      False
     B   LOWRANK3_vs_POOLED@k3   -0.0062   -0.0174    -0.0003   -0.0206   -0.0009       0.0360       84               1              True      False
     B       HIER_vs_POOLED@k3   -0.0093   -0.0235    -0.0008   -0.0209    0.0009       0.0300       84               0              True      False
     B MIX6meanPC_vs_POOLED@k3    0.0079    0.0052     0.0111    0.0052    0.0110       0.0000       84               5              True      False
    BR         LW_vs_POOLED@k1    0.0021   -0.0090     0.0104   -0.0071    0.0127       0.7560       84               3             False      False
    BR   LOWRANK2_vs_POOLED@k1    0.0060   -0.0056     0.0151   -0.0034    0.0177       0.3290       84               4              True      False
    BR   LOWRANK3_vs_POOLED@k1    0.0036   -0.0072     0.0115   -0.0051    0.0139       0.5596       84               4             False      False
    BR       HIER_vs_POOLED@k1    0.0019   -0.0098     0.0092   -0.0076    0.0107       0.7562       84               3             False      False
    BR MIX6meanPC_vs_POOLED@k1    0.0049   -0.0019     0.0092   -0.0003    0.0104       0.1842       84               5              True      False
    BR         LW_vs_POOLED@k2   -0.5478   -1.2002    -0.1995   -1.1817   -0.1958       0.0000       84               0              True      False
    BR   LOWRANK2_vs_POOLED@k2    0.0118    0.0021     0.0218    0.0033    0.0234       0.0184       84               4              True      False
    BR   LOWRANK3_vs_POOLED@k2    0.0094   -0.0005     0.0178    0.0003    0.0189       0.0626       84               3              True      False
    BR       HIER_vs_POOLED@k2    0.0011   -0.0101     0.0087   -0.0089    0.0095       0.8408       84               3             False      False
    BR MIX6meanPC_vs_POOLED@k2    0.0059    0.0012     0.0090    0.0012    0.0090       0.0168       84               5              True      False
    BR         LW_vs_POOLED@k3  -33.8831  -62.8462   -17.0879  -56.3039  -12.9242       0.0000       84               0              True      False
    BR   LOWRANK2_vs_POOLED@k3   -0.0049   -0.0124     0.0003   -0.0131   -0.0001       0.0632       84               1              True      False
    BR   LOWRANK3_vs_POOLED@k3   -0.0058   -0.0157     0.0001   -0.0195   -0.0009       0.0524       84               1              True      False
    BR       HIER_vs_POOLED@k3   -0.0094   -0.0228    -0.0015   -0.0211   -0.0008       0.0126       84               0              True      False
    BR MIX6meanPC_vs_POOLED@k3    0.0077    0.0050     0.0114    0.0049    0.0113       0.0000       84               5              True      False
    BQ         LW_vs_POOLED@k1   -0.0040   -0.0188     0.0055   -0.0158    0.0078       0.4538       84               1              True      False
    BQ   LOWRANK2_vs_POOLED@k1    0.0033   -0.0081     0.0125   -0.0059    0.0154       0.5896       84               4             False      False
    BQ   LOWRANK3_vs_POOLED@k1    0.0014   -0.0092     0.0090   -0.0071    0.0113       0.8480       84               3             False      False
    BQ       HIER_vs_POOLED@k1    0.0037   -0.0040     0.0092   -0.0028    0.0100       0.3514       84               4              True      False
    BQ MIX6meanPC_vs_POOLED@k1    0.0032   -0.0033     0.0075   -0.0018    0.0088       0.3874       84               4             False      False
    BQ         LW_vs_POOLED@k2   -0.4857   -0.9036    -0.2321   -0.8048   -0.1708       0.0000       84               0              True      False
    BQ   LOWRANK2_vs_POOLED@k2    0.0100    0.0000     0.0180    0.0011    0.0190       0.0498       84               5              True      False
    BQ   LOWRANK3_vs_POOLED@k2    0.0079   -0.0026     0.0155   -0.0010    0.0169       0.1366       84               4              True      False
    BQ       HIER_vs_POOLED@k2    0.0001   -0.0147     0.0093   -0.0125    0.0104       0.9854       84               2             False      False
    BQ MIX6meanPC_vs_POOLED@k2    0.0051    0.0003     0.0082    0.0005    0.0083       0.0408       84               5              True      False
    BQ         LW_vs_POOLED@k3 -105.6311 -306.5003   -21.4372 -401.5485  -26.3090       0.0000       84               0              True      False
    BQ   LOWRANK2_vs_POOLED@k3   -0.0041   -0.0109     0.0008   -0.0109    0.0007       0.1018       84               2              True      False
    BQ   LOWRANK3_vs_POOLED@k3   -0.0063   -0.0162    -0.0008   -0.0180   -0.0013       0.0210       84               1              True      False
    BQ       HIER_vs_POOLED@k3   -0.0097   -0.0217    -0.0024   -0.0195   -0.0010       0.0048       84               1              True      False
    BQ MIX6meanPC_vs_POOLED@k3    0.0076    0.0049     0.0110    0.0049    0.0110       0.0000       84               5              True      False
     A         LW_vs_POOLED@k1    0.0019   -0.0082     0.0094   -0.0062    0.0115       0.7894       84               3             False      False
     A   LOWRANK2_vs_POOLED@k1    0.0045   -0.0060     0.0114   -0.0038    0.0131       0.4298       84               4             False      False
     A   LOWRANK3_vs_POOLED@k1    0.0032   -0.0064     0.0102   -0.0043    0.0126       0.6276       84               4             False      False
     A       HIER_vs_POOLED@k1    0.0036   -0.0050     0.0095   -0.0033    0.0109       0.4422       84               5             False      False
     A MIX6meanPC_vs_POOLED@k1    0.0056   -0.0022     0.0109   -0.0005    0.0128       0.2176       84               5              True      False
     A         LW_vs_POOLED@k2   -2.6267   -6.7509    -0.5575   -7.6009   -0.6719       0.0000       84               0              True      False
     A   LOWRANK2_vs_POOLED@k2    0.0048   -0.0058     0.0129   -0.0047    0.0138       0.3362       84               3              True      False
     A   LOWRANK3_vs_POOLED@k2    0.0034   -0.0089     0.0119   -0.0073    0.0131       0.5580       84               3             False      False
     A       HIER_vs_POOLED@k2   -0.0058   -0.0240     0.0047   -0.0228    0.0052       0.3524       84               1              True      False
     A MIX6meanPC_vs_POOLED@k2    0.0065    0.0008     0.0098    0.0017    0.0103       0.0286       84               5              True      False
     A         LW_vs_POOLED@k3  -60.3850 -140.2990   -22.4152 -150.0172  -24.0867       0.0000       84               0              True      False
     A   LOWRANK2_vs_POOLED@k3   -0.0048   -0.0126     0.0002   -0.0126    0.0002       0.0630       84               1              True      False
     A   LOWRANK3_vs_POOLED@k3   -0.0065   -0.0161    -0.0007   -0.0164   -0.0008       0.0272       84               0              True      False
     A       HIER_vs_POOLED@k3   -0.0074   -0.0187    -0.0009   -0.0172   -0.0003       0.0196       84               0              True      False
     A MIX6meanPC_vs_POOLED@k3    0.0076    0.0048     0.0111    0.0047    0.0110       0.0000       84               5              True      False
    BP         LW_vs_POOLED@k1    0.0012   -0.0146     0.0114   -0.0110    0.0140       0.9248       84               4             False      False
    BP   LOWRANK2_vs_POOLED@k1    0.0074   -0.0026     0.0149   -0.0005    0.0172       0.1922       84               5              True      False
    BP   LOWRANK3_vs_POOLED@k1    0.0045   -0.0074     0.0133   -0.0047    0.0164       0.6096       84               5             False      False
    BP       HIER_vs_POOLED@k1    0.0017   -0.0146     0.0114   -0.0129    0.0122       0.8172       84               3             False      False
    BP MIX6meanPC_vs_POOLED@k1    0.0002   -0.0029     0.0032   -0.0032    0.0029       0.8804       84               3             False      False
    BP         LW_vs_POOLED@k2   -0.4501   -0.8444    -0.2065   -0.7666   -0.1627       0.0000       84               0              True      False
    BP   LOWRANK2_vs_POOLED@k2    0.0151    0.0067     0.0232    0.0070    0.0236       0.0020       84               5              True      False
    BP   LOWRANK3_vs_POOLED@k2    0.0120    0.0018     0.0198    0.0028    0.0207       0.0230       84               5              True      False
    BP       HIER_vs_POOLED@k2    0.0031   -0.0122     0.0119   -0.0136    0.0115       0.6050       84               3             False      False
    BP MIX6meanPC_vs_POOLED@k2    0.0036    0.0002     0.0062   -0.0004    0.0059       0.0402       84               5              True      False
    BP         LW_vs_POOLED@k3  -34.0164  -71.3647   -14.1971  -66.5054  -13.0745       0.0000       84               0              True      False
    BP   LOWRANK2_vs_POOLED@k3    0.0003   -0.0060     0.0052   -0.0061    0.0052       0.9158       84               4             False      False
    BP   LOWRANK3_vs_POOLED@k3   -0.0020   -0.0125     0.0039   -0.0130    0.0037       0.6070       84               1             False      False
    BP       HIER_vs_POOLED@k3   -0.0053   -0.0209     0.0036   -0.0238    0.0028       0.3192       84               1              True      False
    BP MIX6meanPC_vs_POOLED@k3    0.0070    0.0044     0.0111    0.0039    0.0102       0.0000       84               5              True      False

=== interval calibration (cover90 and sharpness) ===
design            A      B     BP     BQ     BR
arm        k                                   
HIER       0  0.948  0.951  0.944  0.951  0.953
           1  0.987  0.987  0.986  0.987  0.987
           2  0.986  0.987  0.987  0.988  0.988
           3  0.990  0.990  0.989  0.990  0.989
LOWRANK2   0  0.933  0.937  0.931  0.935  0.936
           1  0.975  0.975  0.975  0.974  0.974
           2  0.983  0.983  0.984  0.983  0.983
           3  0.985  0.985  0.986  0.986  0.985
LOWRANK3   0  0.933  0.937  0.931  0.935  0.936
           1  0.976  0.975  0.974  0.974  0.975
           2  0.983  0.983  0.982  0.983  0.983
           3  0.985  0.985  0.984  0.985  0.985
LW         0  0.930  0.932  0.927  0.930  0.932
           1  0.964  0.962  0.962  0.959  0.961
           2  0.744  0.746  0.775  0.741  0.737
           3  0.547  0.552  0.556  0.547  0.550
MIX6meanPC 0  0.974  0.972  0.959  0.971  0.973
           1  0.987  0.987  0.987  0.987  0.986
           2  0.988  0.989  0.988  0.988  0.988
           3  0.991  0.991  0.991  0.991  0.991
POOLED     0  0.929  0.932  0.926  0.930  0.931
           1  0.983  0.983  0.983  0.983  0.982
           2  0.986  0.987  0.985  0.986  0.986
           3  0.990  0.990  0.988  0.990  0.990

[l5-covrun] total 803s
