D:\ml_separator_gh\.venv\Lib\site-packages\sklearn\linear_model\_logistic.py:1403: FutureWarning: 'penalty' was deprecated in version 1.8 and will be removed in 1.10. To avoid this warning, leave 'penalty' set to its default value and use 'l1_ratio' or 'C' instead. Use l1_ratio=0 instead of penalty='l2', l1_ratio=1 instead of penalty='l1', l1_ratio set to a float between 0 and 1 instead of penalty='elasticnet', and C=np.inf instead of penalty=None.
  warnings.warn(
D:\ml_separator_gh\.venv\Lib\site-packages\sklearn\linear_model\_logistic.py:1403: FutureWarning: 'penalty' was deprecated in version 1.8 and will be removed in 1.10. To avoid this warning, leave 'penalty' set to its default value and use 'l1_ratio' or 'C' instead. Use l1_ratio=0 instead of penalty='l2', l1_ratio=1 instead of penalty='l1', l1_ratio set to a float between 0 and 1 instead of penalty='elasticnet', and C=np.inf instead of penalty=None.
  warnings.warn(
D:\ml_separator_gh\.venv\Lib\site-packages\sklearn\linear_model\_logistic.py:1403: FutureWarning: 'penalty' was deprecated in version 1.8 and will be removed in 1.10. To avoid this warning, leave 'penalty' set to its default value and use 'l1_ratio' or 'C' instead. Use l1_ratio=0 instead of penalty='l2', l1_ratio=1 instead of penalty='l1', l1_ratio set to a float between 0 and 1 instead of penalty='elasticnet', and C=np.inf instead of penalty=None.
  warnings.warn(
D:\ml_separator_gh\.venv\Lib\site-packages\sklearn\linear_model\_logistic.py:1403: FutureWarning: 'penalty' was deprecated in version 1.8 and will be removed in 1.10. To avoid this warning, leave 'penalty' set to its default value and use 'l1_ratio' or 'C' instead. Use l1_ratio=0 instead of penalty='l2', l1_ratio=1 instead of penalty='l1', l1_ratio set to a float between 0 and 1 instead of penalty='elasticnet', and C=np.inf instead of penalty=None.
  warnings.warn(
D:\ml_separator_gh\.venv\Lib\site-packages\sklearn\linear_model\_logistic.py:1403: FutureWarning: 'penalty' was deprecated in version 1.8 and will be removed in 1.10. To avoid this warning, leave 'penalty' set to its default value and use 'l1_ratio' or 'C' instead. Use l1_ratio=0 instead of penalty='l2', l1_ratio=1 instead of penalty='l1', l1_ratio set to a float between 0 and 1 instead of penalty='elasticnet', and C=np.inf instead of penalty=None.
  warnings.warn(
D:\ml_separator_gh\.venv\Lib\site-packages\sklearn\linear_model\_logistic.py:1403: FutureWarning: 'penalty' was deprecated in version 1.8 and will be removed in 1.10. To avoid this warning, leave 'penalty' set to its default value and use 'l1_ratio' or 'C' instead. Use l1_ratio=0 instead of penalty='l2', l1_ratio=1 instead of penalty='l1', l1_ratio set to a float between 0 and 1 instead of penalty='elasticnet', and C=np.inf instead of penalty=None.
  warnings.warn(
D:\ml_separator_gh\.venv\Lib\site-packages\sklearn\linear_model\_logistic.py:1403: FutureWarning: 'penalty' was deprecated in version 1.8 and will be removed in 1.10. To avoid this warning, leave 'penalty' set to its default value and use 'l1_ratio' or 'C' instead. Use l1_ratio=0 instead of penalty='l2', l1_ratio=1 instead of penalty='l1', l1_ratio set to a float between 0 and 1 instead of penalty='elasticnet', and C=np.inf instead of penalty=None.
  warnings.warn(
D:\ml_separator_gh\.venv\Lib\site-packages\sklearn\linear_model\_logistic.py:1403: FutureWarning: 'penalty' was deprecated in version 1.8 and will be removed in 1.10. To avoid this warning, leave 'penalty' set to its default value and use 'l1_ratio' or 'C' instead. Use l1_ratio=0 instead of penalty='l2', l1_ratio=1 instead of penalty='l1', l1_ratio set to a float between 0 and 1 instead of penalty='elasticnet', and C=np.inf instead of penalty=None.
  warnings.warn(
D:\ml_separator_gh\.venv\Lib\site-packages\sklearn\linear_model\_logistic.py:1403: FutureWarning: 'penalty' was deprecated in version 1.8 and will be removed in 1.10. To avoid this warning, leave 'penalty' set to its default value and use 'l1_ratio' or 'C' instead. Use l1_ratio=0 instead of penalty='l2', l1_ratio=1 instead of penalty='l1', l1_ratio set to a float between 0 and 1 instead of penalty='elasticnet', and C=np.inf instead of penalty=None.
  warnings.warn(
D:\ml_separator_gh\.venv\Lib\site-packages\sklearn\linear_model\_logistic.py:1403: FutureWarning: 'penalty' was deprecated in version 1.8 and will be removed in 1.10. To avoid this warning, leave 'penalty' set to its default value and use 'l1_ratio' or 'C' instead. Use l1_ratio=0 instead of penalty='l2', l1_ratio=1 instead of penalty='l1', l1_ratio set to a float between 0 and 1 instead of penalty='elasticnet', and C=np.inf instead of penalty=None.
  warnings.warn(
D:\ml_separator_gh\.venv\Lib\site-packages\sklearn\linear_model\_logistic.py:1403: FutureWarning: 'penalty' was deprecated in version 1.8 and will be removed in 1.10. To avoid this warning, leave 'penalty' set to its default value and use 'l1_ratio' or 'C' instead. Use l1_ratio=0 instead of penalty='l2', l1_ratio=1 instead of penalty='l1', l1_ratio set to a float between 0 and 1 instead of penalty='elasticnet', and C=np.inf instead of penalty=None.
  warnings.warn(
D:\ml_separator_gh\.venv\Lib\site-packages\sklearn\linear_model\_logistic.py:1403: FutureWarning: 'penalty' was deprecated in version 1.8 and will be removed in 1.10. To avoid this warning, leave 'penalty' set to its default value and use 'l1_ratio' or 'C' instead. Use l1_ratio=0 instead of penalty='l2', l1_ratio=1 instead of penalty='l1', l1_ratio set to a float between 0 and 1 instead of penalty='elasticnet', and C=np.inf instead of penalty=None.
  warnings.warn(
D:\ml_separator_gh\.venv\Lib\site-packages\sklearn\linear_model\_logistic.py:1403: FutureWarning: 'penalty' was deprecated in version 1.8 and will be removed in 1.10. To avoid this warning, leave 'penalty' set to its default value and use 'l1_ratio' or 'C' instead. Use l1_ratio=0 instead of penalty='l2', l1_ratio=1 instead of penalty='l1', l1_ratio set to a float between 0 and 1 instead of penalty='elasticnet', and C=np.inf instead of penalty=None.
  warnings.warn(
D:\ml_separator_gh\.venv\Lib\site-packages\sklearn\linear_model\_logistic.py:1403: FutureWarning: 'penalty' was deprecated in version 1.8 and will be removed in 1.10. To avoid this warning, leave 'penalty' set to its default value and use 'l1_ratio' or 'C' instead. Use l1_ratio=0 instead of penalty='l2', l1_ratio=1 instead of penalty='l1', l1_ratio set to a float between 0 and 1 instead of penalty='elasticnet', and C=np.inf instead of penalty=None.
  warnings.warn(
D:\ml_separator_gh\.venv\Lib\site-packages\sklearn\linear_model\_logistic.py:1403: FutureWarning: 'penalty' was deprecated in version 1.8 and will be removed in 1.10. To avoid this warning, leave 'penalty' set to its default value and use 'l1_ratio' or 'C' instead. Use l1_ratio=0 instead of penalty='l2', l1_ratio=1 instead of penalty='l1', l1_ratio set to a float between 0 and 1 instead of penalty='elasticnet', and C=np.inf instead of penalty=None.
  warnings.warn(
D:\ml_separator_gh\.venv\Lib\site-packages\sklearn\linear_model\_logistic.py:1403: FutureWarning: 'penalty' was deprecated in version 1.8 and will be removed in 1.10. To avoid this warning, leave 'penalty' set to its default value and use 'l1_ratio' or 'C' instead. Use l1_ratio=0 instead of penalty='l2', l1_ratio=1 instead of penalty='l1', l1_ratio set to a float between 0 and 1 instead of penalty='elasticnet', and C=np.inf instead of penalty=None.
  warnings.warn(
D:\ml_separator_gh\.venv\Lib\site-packages\sklearn\linear_model\_logistic.py:1403: FutureWarning: 'penalty' was deprecated in version 1.8 and will be removed in 1.10. To avoid this warning, leave 'penalty' set to its default value and use 'l1_ratio' or 'C' instead. Use l1_ratio=0 instead of penalty='l2', l1_ratio=1 instead of penalty='l1', l1_ratio set to a float between 0 and 1 instead of penalty='elasticnet', and C=np.inf instead of penalty=None.
  warnings.warn(
D:\ml_separator_gh\.venv\Lib\site-packages\sklearn\linear_model\_logistic.py:1403: FutureWarning: 'penalty' was deprecated in version 1.8 and will be removed in 1.10. To avoid this warning, leave 'penalty' set to its default value and use 'l1_ratio' or 'C' instead. Use l1_ratio=0 instead of penalty='l2', l1_ratio=1 instead of penalty='l1', l1_ratio set to a float between 0 and 1 instead of penalty='elasticnet', and C=np.inf instead of penalty=None.
  warnings.warn(
D:\ml_separator_gh\.venv\Lib\site-packages\sklearn\linear_model\_logistic.py:1403: FutureWarning: 'penalty' was deprecated in version 1.8 and will be removed in 1.10. To avoid this warning, leave 'penalty' set to its default value and use 'l1_ratio' or 'C' instead. Use l1_ratio=0 instead of penalty='l2', l1_ratio=1 instead of penalty='l1', l1_ratio set to a float between 0 and 1 instead of penalty='elasticnet', and C=np.inf instead of penalty=None.
  warnings.warn(
D:\ml_separator_gh\.venv\Lib\site-packages\sklearn\linear_model\_logistic.py:1403: FutureWarning: 'penalty' was deprecated in version 1.8 and will be removed in 1.10. To avoid this warning, leave 'penalty' set to its default value and use 'l1_ratio' or 'C' instead. Use l1_ratio=0 instead of penalty='l2', l1_ratio=1 instead of penalty='l1', l1_ratio set to a float between 0 and 1 instead of penalty='elasticnet', and C=np.inf instead of penalty=None.
  warnings.warn(
D:\ml_separator_gh\.venv\Lib\site-packages\sklearn\linear_model\_logistic.py:1403: FutureWarning: 'penalty' was deprecated in version 1.8 and will be removed in 1.10. To avoid this warning, leave 'penalty' set to its default value and use 'l1_ratio' or 'C' instead. Use l1_ratio=0 instead of penalty='l2', l1_ratio=1 instead of penalty='l1', l1_ratio set to a float between 0 and 1 instead of penalty='elasticnet', and C=np.inf instead of penalty=None.
  warnings.warn(
D:\ml_separator_gh\.venv\Lib\site-packages\sklearn\linear_model\_logistic.py:1403: FutureWarning: 'penalty' was deprecated in version 1.8 and will be removed in 1.10. To avoid this warning, leave 'penalty' set to its default value and use 'l1_ratio' or 'C' instead. Use l1_ratio=0 instead of penalty='l2', l1_ratio=1 instead of penalty='l1', l1_ratio set to a float between 0 and 1 instead of penalty='elasticnet', and C=np.inf instead of penalty=None.
  warnings.warn(
D:\ml_separator_gh\.venv\Lib\site-packages\sklearn\linear_model\_logistic.py:1403: FutureWarning: 'penalty' was deprecated in version 1.8 and will be removed in 1.10. To avoid this warning, leave 'penalty' set to its default value and use 'l1_ratio' or 'C' instead. Use l1_ratio=0 instead of penalty='l2', l1_ratio=1 instead of penalty='l1', l1_ratio set to a float between 0 and 1 instead of penalty='elasticnet', and C=np.inf instead of penalty=None.
  warnings.warn(
D:\ml_separator_gh\.venv\Lib\site-packages\sklearn\linear_model\_logistic.py:1403: FutureWarning: 'penalty' was deprecated in version 1.8 and will be removed in 1.10. To avoid this warning, leave 'penalty' set to its default value and use 'l1_ratio' or 'C' instead. Use l1_ratio=0 instead of penalty='l2', l1_ratio=1 instead of penalty='l1', l1_ratio set to a float between 0 and 1 instead of penalty='elasticnet', and C=np.inf instead of penalty=None.
  warnings.warn(
D:\ml_separator_gh\.venv\Lib\site-packages\sklearn\linear_model\_logistic.py:1403: FutureWarning: 'penalty' was deprecated in version 1.8 and will be removed in 1.10. To avoid this warning, leave 'penalty' set to its default value and use 'l1_ratio' or 'C' instead. Use l1_ratio=0 instead of penalty='l2', l1_ratio=1 instead of penalty='l1', l1_ratio set to a float between 0 and 1 instead of penalty='elasticnet', and C=np.inf instead of penalty=None.
  warnings.warn(
   [BP] L5 few-shot 52662 scored pairs, 153 modes, 5 estimators, 22s
  [BP] scored 59 modes on 52662 pairs, 184s

=== extractant-macro MAE, common scoring set, dopt support ===
design                           BP
arm                                
G14_POOLED@doptk0            0.4052
G14_LW@doptk0                0.4052
G14_LOWRANK2@doptk0          0.4052
G14_LOWRANK3@doptk0          0.4052
G14_HIER@doptk0              0.4052
G14_POOLED@doptk1            0.2238
G14_LW@doptk1                0.2214
G14_LOWRANK2@doptk1          0.2166
G14_LOWRANK3@doptk1          0.2191
G14_HIER@doptk1              0.2205
G14_POOLED@doptk2            0.2009
G14_LW@doptk2                0.6539
G14_LOWRANK2@doptk2          0.1862
G14_LOWRANK3@doptk2          0.1895
G14_HIER@doptk2              0.1963
G14_POOLED@doptk3            0.1674
G14_LW@doptk3               34.4071
G14_LOWRANK2@doptk3          0.1667
G14_LOWRANK3@doptk3          0.1683
G14_HIER@doptk3              0.1711
MIX6meanPC_POOLED@doptk0     0.4052
MIX6meanPC_POOLED@doptk1     0.2236
MIX6meanPC_POOLED@doptk2     0.1974
MIX6meanPC_POOLED@doptk3     0.1604
NAIVE_LINE_POOLED@doptk1     0.2310
NAIVE_LINE_LW@doptk1         0.2380
NAIVE_LINE_LOWRANK2@doptk1   0.2327
NAIVE_LINE_LOWRANK3@doptk1   0.2344
NAIVE_LINE_HIER@doptk1       0.2385
NAIVE_LINE_POOLED@doptk2     0.2251
NAIVE_LINE_LW@doptk2         0.2333
NAIVE_LINE_LOWRANK2@doptk2   0.2317
NAIVE_LINE_LOWRANK3@doptk2   0.2317
NAIVE_LINE_HIER@doptk2       0.2258
NAIVE_LINE_POOLED@doptk3     0.2243
NAIVE_LINE_LW@doptk3         0.2290
NAIVE_LINE_LOWRANK2@doptk3   0.2237
NAIVE_LINE_LOWRANK3@doptk3   0.2267
NAIVE_LINE_HIER@doptk3       0.2208
FLAT_POOLED@doptk0           0.4806
FLAT_LW@doptk0               0.4806
FLAT_LOWRANK2@doptk0         0.4806
FLAT_LOWRANK3@doptk0         0.4806
FLAT_HIER@doptk0             0.4806
FLAT_POOLED@doptk1           0.2272
FLAT_LW@doptk1               0.2257
FLAT_LOWRANK2@doptk1         0.2181
FLAT_LOWRANK3@doptk1         0.2208
FLAT_HIER@doptk1             0.2199
FLAT_POOLED@doptk2           0.2042
FLAT_LW@doptk2               0.7226
FLAT_LOWRANK2@doptk2         0.1891
FLAT_LOWRANK3@doptk2         0.1904
FLAT_HIER@doptk2             0.1968
FLAT_POOLED@doptk3           0.1742
FLAT_LW@doptk3              44.9672
FLAT_LOWRANK2@doptk3         0.1699
FLAT_LOWRANK3@doptk3         0.1712
FLAT_HIER@doptk3             0.1745

=== registered contrasts (positive favours the candidate) ===
design              comparison    point  ci95_low  ci95_high  bca_low  bca_high  p_two_sided  n_units  seeds_positive  loco_sign_stable  passes_P1
    BP         LW_vs_POOLED@k1   0.0012   -0.0146     0.0114  -0.0110    0.0140       0.9248       84               4             False      False
    BP   LOWRANK2_vs_POOLED@k1   0.0074   -0.0026     0.0149  -0.0005    0.0172       0.1922       84               5              True      False
    BP   LOWRANK3_vs_POOLED@k1   0.0045   -0.0074     0.0133  -0.0047    0.0164       0.6096       84               5             False      False
    BP       HIER_vs_POOLED@k1   0.0017   -0.0146     0.0114  -0.0129    0.0122       0.8172       84               3             False      False
    BP MIX6meanPC_vs_POOLED@k1   0.0002   -0.0029     0.0032  -0.0032    0.0029       0.8804       84               3             False      False
    BP         LW_vs_POOLED@k2  -0.4501   -0.8444    -0.2065  -0.7666   -0.1627       0.0000       84               0              True      False
    BP   LOWRANK2_vs_POOLED@k2   0.0151    0.0067     0.0232   0.0070    0.0236       0.0020       84               5              True      False
    BP   LOWRANK3_vs_POOLED@k2   0.0120    0.0018     0.0198   0.0028    0.0207       0.0230       84               5              True      False
    BP       HIER_vs_POOLED@k2   0.0031   -0.0122     0.0119  -0.0136    0.0115       0.6050       84               3             False      False
    BP MIX6meanPC_vs_POOLED@k2   0.0036    0.0002     0.0062  -0.0004    0.0059       0.0402       84               5              True      False
    BP         LW_vs_POOLED@k3 -34.0164  -71.3647   -14.1971 -66.5054  -13.0745       0.0000       84               0              True      False
    BP   LOWRANK2_vs_POOLED@k3   0.0003   -0.0060     0.0052  -0.0061    0.0052       0.9158       84               4             False      False
    BP   LOWRANK3_vs_POOLED@k3  -0.0020   -0.0125     0.0039  -0.0130    0.0037       0.6070       84               1             False      False
    BP       HIER_vs_POOLED@k3  -0.0053   -0.0209     0.0036  -0.0238    0.0028       0.3192       84               1              True      False
    BP MIX6meanPC_vs_POOLED@k3   0.0070    0.0044     0.0111   0.0039    0.0102       0.0000       84               5              True      False

=== interval calibration (cover90 and sharpness) ===
design           BP
arm        k       
HIER       0  0.944
           1  0.986
           2  0.987
           3  0.989
LOWRANK2   0  0.931
           1  0.975
           2  0.984
           3  0.986
LOWRANK3   0  0.931
           1  0.974
           2  0.982
           3  0.984
LW         0  0.927
           1  0.962
           2  0.775
           3  0.556
MIX6meanPC 0  0.959
           1  0.987
           2  0.988
           3  0.991
POOLED     0  0.926
           1  0.983
           2  0.985
           3  0.988

[l5-covrun] total 184s
