{
  "spearman_mech_vs_tanimoto": 0.5929536784674643,
  "spearman_mech_vs_donor": 0.7137676309556192,
  "spearman_donor_vs_tanimoto": 0.6451954109565108
}

           model      mae   mae_sd  macro_mae        r2  n_folds
    1NN_tanimoto 0.988766 0.206017   0.972945  0.103135       25
         ET_mech 1.009499 0.204032   1.003143  0.106668       25
    3NN_tanimoto 1.022210 0.222426   1.023684  0.086805       25
   KERNEL_donors 1.024456 0.222592   1.019197  0.096437       25
       ET_donors 1.035164 0.208446   1.028889  0.078465       25
   5NN_mechanism 1.039557 0.211374   1.038542  0.074511       25
      1NN_donors 1.042147 0.204588   1.037117  0.036157       25
    5NN_tanimoto 1.048000 0.224608   1.048907  0.057736       25
      3NN_donors 1.051086 0.201556   1.047183  0.047354       25
    RIDGE_donors 1.051646 0.211076   1.046794  0.034753       25
   3NN_mechanism 1.055649 0.204445   1.050120  0.061712       25
KERNEL_mechanism 1.064286 0.222067   1.059360  0.023700       25
      5NN_donors 1.069697 0.221613   1.066114  0.019097       25
 KERNEL_tanimoto 1.070174 0.222436   1.066372  0.008005       25
NULL_global_mean 1.074323 0.222281   1.069740  0.000000       25
      RIDGE_mech 1.074858 0.215882   1.070902  0.000824       25
   1NN_mechanism 1.076678 0.215870   1.066366 -0.008306       25

donor substitutions among ECFP-similar pairs (Tanimoto >= 0.55):
          kind  n_pairs  median_tanimoto  median_tanimoto_rank  median_mech_rank  median_softness_delta
    -> P donor       39         0.638889              0.184211          0.473684               0.016667
 O <-> N donor       12         0.619509              0.023026          0.259868               0.091667
O/N -> S donor        6         0.611111              0.023026          0.177632               0.234167

artifacts -> /Users/lilshadix/PycharmProjects/ml_separator/runs/gen8_architecture/mechanism_similarity
