   [B] fewshot.evaluate check: 67525 rows, max |dG14@k1| 0.00e+00, |dNAIVE| 0.00e+00 (20s)
   [B] tables built: 70750 pairs, 70060 k1 rows, 690 single-pair cell-seeds dropped, cached-table max |dG14| 0.00e+00 40s
   [B] L3a 455 tasks (0 dropped < 5), saved +2.2065 of E_random 6.906, p_perm 0.0000, CI [+0.5207, +4.1177]  4s
   [B] L3c 455 tasks; regret G14@k1 0.3363 NAIVE 0.3395 G14 1.5288 RANDOM 1.7620; gain +0.0032 p_reg 0.9270 CI[-0.0252, +0.0220] (chemotype-blocked) 70s
   [BR] fewshot.evaluate check: 67525 rows, max |dG14@k1| 0.00e+00, |dNAIVE| 0.00e+00 (21s)
   [BR] tables built: 70750 pairs, 70060 k1 rows, 690 single-pair cell-seeds dropped, cached-table max |dG14| 0.00e+00 49s
   [BR] L3a 455 tasks (0 dropped < 5), saved +2.1493 of E_random 6.906, p_perm 0.0000, CI [+0.4550, +3.9849]  4s
   [BR] L3c 455 tasks; regret G14@k1 0.3377 NAIVE 0.3395 G14 1.4429 RANDOM 1.7620; gain +0.0018 p_reg 0.9970 CI[-0.0248, +0.0266] (chemotype-blocked) 58s
   [BQ] fewshot.evaluate check: 67525 rows, max |dG14@k1| 0.00e+00, |dNAIVE| 0.00e+00 (16s)
   [BQ] tables built: 70750 pairs, 70060 k1 rows, 690 single-pair cell-seeds dropped, cached-table max |dG14| 0.00e+00 39s
   [BQ] L3a 455 tasks (0 dropped < 5), saved +2.1790 of E_random 6.906, p_perm 0.0000, CI [+0.4683, +4.0696]  4s
   [BQ] L3c 455 tasks; regret G14@k1 0.3424 NAIVE 0.3395 G14 1.5330 RANDOM 1.7620; gain -0.0029 p_reg 0.7440 CI[-0.0253, +0.0197] (chemotype-blocked) 68s
   [A] fewshot.evaluate check: 67525 rows, max |dG14@k1| 0.00e+00, |dNAIVE| 0.00e+00 (23s)
   [A] tables built: 70750 pairs, 70060 k1 rows, 690 single-pair cell-seeds dropped, cached-table max |dG14| 0.00e+00 52s
   [A] L3a 455 tasks (0 dropped < 5), saved +2.4915 of E_random 6.906, p_perm 0.0000, CI [+0.7709, +4.5442]  5s
   [A] L3c 455 tasks; regret G14@k1 0.3563 NAIVE 0.3395 G14 1.4681 RANDOM 1.7620; gain -0.0168 p_reg 0.3350 CI[-0.0329, +0.0132] (chemotype-blocked) 68s
   [BP] fewshot.evaluate check: 67525 rows, max |dG14@k1| 0.00e+00, |dNAIVE| 0.00e+00 (23s)
   [BP] tables built: 70750 pairs, 70060 k1 rows, 690 single-pair cell-seeds dropped, cached-table max |dG14| 0.00e+00 52s
   [BP] L3a 455 tasks (0 dropped < 5), saved +1.9882 of E_random 6.906, p_perm 0.0000, CI [+0.4425, +3.7808]  5s
   [BP] L3c 455 tasks; regret G14@k1 0.3605 NAIVE 0.3395 G14 1.4541 RANDOM 1.7620; gain -0.0210 p_reg 0.4610 CI[-0.0418, +0.0206] (chemotype-blocked) 63s
[L3] done in 582s; 85 contrasts written
wrote D:\ml_separator_gh\gen16_leads\results\L3\L3_REPORT.md
