Dataset: /Users/lilshadix/PycharmProjects/ml_separator/dataset with 3D structures/dataset.parquet
Dataset SHA-256: fefbefc6fe993aa9ce9db1a0c338adb9e5f58a8b75bab084cc1df4e024faf5dd
Output: /Users/lilshadix/PycharmProjects/ml_separator/runs/gen2_20260810T063519Z/run_0_model_42_split_104729
Reading dataset...
Computing VR-derived descriptors: global_shape, coordination_shape
/Users/lilshadix/PycharmProjects/ml_separator/src/lanthanide_separation/pairs.py:769: PerformanceWarning: DataFrame is highly fragmented.  This is usually the result of calling `frame.insert` many times, which has poor performance.  Consider joining all columns at once using pd.concat(axis=1) instead. To get a de-fragmented frame, use `newframe = frame.copy()`
  cells = grouped.agg(aggregate).reset_index()
/Users/lilshadix/PycharmProjects/ml_separator/src/lanthanide_separation/pairs.py:769: PerformanceWarning: DataFrame is highly fragmented.  This is usually the result of calling `frame.insert` many times, which has poor performance.  Consider joining all columns at once using pd.concat(axis=1) instead. To get a de-fragmented frame, use `newframe = frame.copy()`
  cells = grouped.agg(aggregate).reset_index()
/Users/lilshadix/PycharmProjects/ml_separator/src/lanthanide_separation/pairs.py:769: PerformanceWarning: DataFrame is highly fragmented.  This is usually the result of calling `frame.insert` many times, which has poor performance.  Consider joining all columns at once using pd.concat(axis=1) instead. To get a de-fragmented frame, use `newframe = frame.copy()`
  cells = grouped.agg(aggregate).reset_index()
/Users/lilshadix/PycharmProjects/ml_separator/src/lanthanide_separation/pairs.py:769: PerformanceWarning: DataFrame is highly fragmented.  This is usually the result of calling `frame.insert` many times, which has poor performance.  Consider joining all columns at once using pd.concat(axis=1) instead. To get a de-fragmented frame, use `newframe = frame.copy()`
  cells = grouped.agg(aggregate).reset_index()
/Users/lilshadix/PycharmProjects/ml_separator/src/lanthanide_separation/pairs.py:769: PerformanceWarning: DataFrame is highly fragmented.  This is usually the result of calling `frame.insert` many times, which has poor performance.  Consider joining all columns at once using pd.concat(axis=1) instead. To get a de-fragmented frame, use `newframe = frame.copy()`
  cells = grouped.agg(aggregate).reset_index()
/Users/lilshadix/PycharmProjects/ml_separator/src/lanthanide_separation/pairs.py:769: PerformanceWarning: DataFrame is highly fragmented.  This is usually the result of calling `frame.insert` many times, which has poor performance.  Consider joining all columns at once using pd.concat(axis=1) instead. To get a de-fragmented frame, use `newframe = frame.copy()`
  cells = grouped.agg(aggregate).reset_index()
/Users/lilshadix/PycharmProjects/ml_separator/src/lanthanide_separation/pairs.py:769: PerformanceWarning: DataFrame is highly fragmented.  This is usually the result of calling `frame.insert` many times, which has poor performance.  Consider joining all columns at once using pd.concat(axis=1) instead. To get a de-fragmented frame, use `newframe = frame.copy()`
  cells = grouped.agg(aggregate).reset_index()
/Users/lilshadix/PycharmProjects/ml_separator/src/lanthanide_separation/pairs.py:769: PerformanceWarning: DataFrame is highly fragmented.  This is usually the result of calling `frame.insert` many times, which has poor performance.  Consider joining all columns at once using pd.concat(axis=1) instead. To get a de-fragmented frame, use `newframe = frame.copy()`
  cells = grouped.agg(aggregate).reset_index()
/Users/lilshadix/PycharmProjects/ml_separator/src/lanthanide_separation/pairs.py:769: PerformanceWarning: DataFrame is highly fragmented.  This is usually the result of calling `frame.insert` many times, which has poor performance.  Consider joining all columns at once using pd.concat(axis=1) instead. To get a de-fragmented frame, use `newframe = frame.copy()`
  cells = grouped.agg(aggregate).reset_index()
/Users/lilshadix/PycharmProjects/ml_separator/src/lanthanide_separation/pairs.py:769: PerformanceWarning: DataFrame is highly fragmented.  This is usually the result of calling `frame.insert` many times, which has poor performance.  Consider joining all columns at once using pd.concat(axis=1) instead. To get a de-fragmented frame, use `newframe = frame.copy()`
  cells = grouped.agg(aggregate).reset_index()
/Users/lilshadix/PycharmProjects/ml_separator/src/lanthanide_separation/pairs.py:769: PerformanceWarning: DataFrame is highly fragmented.  This is usually the result of calling `frame.insert` many times, which has poor performance.  Consider joining all columns at once using pd.concat(axis=1) instead. To get a de-fragmented frame, use `newframe = frame.copy()`
  cells = grouped.agg(aggregate).reset_index()
/Users/lilshadix/PycharmProjects/ml_separator/src/lanthanide_separation/pairs.py:769: PerformanceWarning: DataFrame is highly fragmented.  This is usually the result of calling `frame.insert` many times, which has poor performance.  Consider joining all columns at once using pd.concat(axis=1) instead. To get a de-fragmented frame, use `newframe = frame.copy()`
  cells = grouped.agg(aggregate).reset_index()
/Users/lilshadix/PycharmProjects/ml_separator/src/lanthanide_separation/pairs.py:769: PerformanceWarning: DataFrame is highly fragmented.  This is usually the result of calling `frame.insert` many times, which has poor performance.  Consider joining all columns at once using pd.concat(axis=1) instead. To get a de-fragmented frame, use `newframe = frame.copy()`
  cells = grouped.agg(aggregate).reset_index()
/Users/lilshadix/PycharmProjects/ml_separator/src/lanthanide_separation/pairs.py:769: PerformanceWarning: DataFrame is highly fragmented.  This is usually the result of calling `frame.insert` many times, which has poor performance.  Consider joining all columns at once using pd.concat(axis=1) instead. To get a de-fragmented frame, use `newframe = frame.copy()`
  cells = grouped.agg(aggregate).reset_index()
/Users/lilshadix/PycharmProjects/ml_separator/src/lanthanide_separation/pairs.py:769: PerformanceWarning: DataFrame is highly fragmented.  This is usually the result of calling `frame.insert` many times, which has poor performance.  Consider joining all columns at once using pd.concat(axis=1) instead. To get a de-fragmented frame, use `newframe = frame.copy()`
  cells = grouped.agg(aggregate).reset_index()
/Users/lilshadix/PycharmProjects/ml_separator/src/lanthanide_separation/pairs.py:769: PerformanceWarning: DataFrame is highly fragmented.  This is usually the result of calling `frame.insert` many times, which has poor performance.  Consider joining all columns at once using pd.concat(axis=1) instead. To get a de-fragmented frame, use `newframe = frame.copy()`
  cells = grouped.agg(aggregate).reset_index()
/Users/lilshadix/PycharmProjects/ml_separator/src/lanthanide_separation/pairs.py:769: PerformanceWarning: DataFrame is highly fragmented.  This is usually the result of calling `frame.insert` many times, which has poor performance.  Consider joining all columns at once using pd.concat(axis=1) instead. To get a de-fragmented frame, use `newframe = frame.copy()`
  cells = grouped.agg(aggregate).reset_index()
/Users/lilshadix/PycharmProjects/ml_separator/src/lanthanide_separation/pairs.py:769: PerformanceWarning: DataFrame is highly fragmented.  This is usually the result of calling `frame.insert` many times, which has poor performance.  Consider joining all columns at once using pd.concat(axis=1) instead. To get a de-fragmented frame, use `newframe = frame.copy()`
  cells = grouped.agg(aggregate).reset_index()
/Users/lilshadix/PycharmProjects/ml_separator/src/lanthanide_separation/pairs.py:769: PerformanceWarning: DataFrame is highly fragmented.  This is usually the result of calling `frame.insert` many times, which has poor performance.  Consider joining all columns at once using pd.concat(axis=1) instead. To get a de-fragmented frame, use `newframe = frame.copy()`
  cells = grouped.agg(aggregate).reset_index()
/Users/lilshadix/PycharmProjects/ml_separator/src/lanthanide_separation/pairs.py:769: PerformanceWarning: DataFrame is highly fragmented.  This is usually the result of calling `frame.insert` many times, which has poor performance.  Consider joining all columns at once using pd.concat(axis=1) instead. To get a de-fragmented frame, use `newframe = frame.copy()`
  cells = grouped.agg(aggregate).reset_index()
/Users/lilshadix/PycharmProjects/ml_separator/src/lanthanide_separation/pairs.py:769: PerformanceWarning: DataFrame is highly fragmented.  This is usually the result of calling `frame.insert` many times, which has poor performance.  Consider joining all columns at once using pd.concat(axis=1) instead. To get a de-fragmented frame, use `newframe = frame.copy()`
  cells = grouped.agg(aggregate).reset_index()
/Users/lilshadix/PycharmProjects/ml_separator/src/lanthanide_separation/pairs.py:769: PerformanceWarning: DataFrame is highly fragmented.  This is usually the result of calling `frame.insert` many times, which has poor performance.  Consider joining all columns at once using pd.concat(axis=1) instead. To get a de-fragmented frame, use `newframe = frame.copy()`
  cells = grouped.agg(aggregate).reset_index()
/Users/lilshadix/PycharmProjects/ml_separator/src/lanthanide_separation/pairs.py:769: PerformanceWarning: DataFrame is highly fragmented.  This is usually the result of calling `frame.insert` many times, which has poor performance.  Consider joining all columns at once using pd.concat(axis=1) instead. To get a de-fragmented frame, use `newframe = frame.copy()`
  cells = grouped.agg(aggregate).reset_index()
/Users/lilshadix/PycharmProjects/ml_separator/src/lanthanide_separation/pairs.py:769: PerformanceWarning: DataFrame is highly fragmented.  This is usually the result of calling `frame.insert` many times, which has poor performance.  Consider joining all columns at once using pd.concat(axis=1) instead. To get a de-fragmented frame, use `newframe = frame.copy()`
  cells = grouped.agg(aggregate).reset_index()
/Users/lilshadix/PycharmProjects/ml_separator/src/lanthanide_separation/pairs.py:769: PerformanceWarning: DataFrame is highly fragmented.  This is usually the result of calling `frame.insert` many times, which has poor performance.  Consider joining all columns at once using pd.concat(axis=1) instead. To get a de-fragmented frame, use `newframe = frame.copy()`
  cells = grouped.agg(aggregate).reset_index()
/Users/lilshadix/PycharmProjects/ml_separator/src/lanthanide_separation/pairs.py:769: PerformanceWarning: DataFrame is highly fragmented.  This is usually the result of calling `frame.insert` many times, which has poor performance.  Consider joining all columns at once using pd.concat(axis=1) instead. To get a de-fragmented frame, use `newframe = frame.copy()`
  cells = grouped.agg(aggregate).reset_index()
/Users/lilshadix/PycharmProjects/ml_separator/src/lanthanide_separation/pairs.py:769: PerformanceWarning: DataFrame is highly fragmented.  This is usually the result of calling `frame.insert` many times, which has poor performance.  Consider joining all columns at once using pd.concat(axis=1) instead. To get a de-fragmented frame, use `newframe = frame.copy()`
  cells = grouped.agg(aggregate).reset_index()
/Users/lilshadix/PycharmProjects/ml_separator/src/lanthanide_separation/pairs.py:769: PerformanceWarning: DataFrame is highly fragmented.  This is usually the result of calling `frame.insert` many times, which has poor performance.  Consider joining all columns at once using pd.concat(axis=1) instead. To get a de-fragmented frame, use `newframe = frame.copy()`
  cells = grouped.agg(aggregate).reset_index()
/Users/lilshadix/PycharmProjects/ml_separator/src/lanthanide_separation/pairs.py:769: PerformanceWarning: DataFrame is highly fragmented.  This is usually the result of calling `frame.insert` many times, which has poor performance.  Consider joining all columns at once using pd.concat(axis=1) instead. To get a de-fragmented frame, use `newframe = frame.copy()`
  cells = grouped.agg(aggregate).reset_index()
/Users/lilshadix/PycharmProjects/ml_separator/src/lanthanide_separation/pairs.py:769: PerformanceWarning: DataFrame is highly fragmented.  This is usually the result of calling `frame.insert` many times, which has poor performance.  Consider joining all columns at once using pd.concat(axis=1) instead. To get a de-fragmented frame, use `newframe = frame.copy()`
  cells = grouped.agg(aggregate).reset_index()
/Users/lilshadix/PycharmProjects/ml_separator/src/lanthanide_separation/pairs.py:769: PerformanceWarning: DataFrame is highly fragmented.  This is usually the result of calling `frame.insert` many times, which has poor performance.  Consider joining all columns at once using pd.concat(axis=1) instead. To get a de-fragmented frame, use `newframe = frame.copy()`
  cells = grouped.agg(aggregate).reset_index()
/Users/lilshadix/PycharmProjects/ml_separator/src/lanthanide_separation/pairs.py:769: PerformanceWarning: DataFrame is highly fragmented.  This is usually the result of calling `frame.insert` many times, which has poor performance.  Consider joining all columns at once using pd.concat(axis=1) instead. To get a de-fragmented frame, use `newframe = frame.copy()`
  cells = grouped.agg(aggregate).reset_index()
/Users/lilshadix/PycharmProjects/ml_separator/src/lanthanide_separation/pairs.py:769: PerformanceWarning: DataFrame is highly fragmented.  This is usually the result of calling `frame.insert` many times, which has poor performance.  Consider joining all columns at once using pd.concat(axis=1) instead. To get a de-fragmented frame, use `newframe = frame.copy()`
  cells = grouped.agg(aggregate).reset_index()
/Users/lilshadix/PycharmProjects/ml_separator/src/lanthanide_separation/pairs.py:769: PerformanceWarning: DataFrame is highly fragmented.  This is usually the result of calling `frame.insert` many times, which has poor performance.  Consider joining all columns at once using pd.concat(axis=1) instead. To get a de-fragmented frame, use `newframe = frame.copy()`
  cells = grouped.agg(aggregate).reset_index()
/Users/lilshadix/PycharmProjects/ml_separator/src/lanthanide_separation/pairs.py:769: PerformanceWarning: DataFrame is highly fragmented.  This is usually the result of calling `frame.insert` many times, which has poor performance.  Consider joining all columns at once using pd.concat(axis=1) instead. To get a de-fragmented frame, use `newframe = frame.copy()`
  cells = grouped.agg(aggregate).reset_index()
/Users/lilshadix/PycharmProjects/ml_separator/src/lanthanide_separation/pairs.py:769: PerformanceWarning: DataFrame is highly fragmented.  This is usually the result of calling `frame.insert` many times, which has poor performance.  Consider joining all columns at once using pd.concat(axis=1) instead. To get a de-fragmented frame, use `newframe = frame.copy()`
  cells = grouped.agg(aggregate).reset_index()
/Users/lilshadix/PycharmProjects/ml_separator/src/lanthanide_separation/pairs.py:769: PerformanceWarning: DataFrame is highly fragmented.  This is usually the result of calling `frame.insert` many times, which has poor performance.  Consider joining all columns at once using pd.concat(axis=1) instead. To get a de-fragmented frame, use `newframe = frame.copy()`
  cells = grouped.agg(aggregate).reset_index()
/Users/lilshadix/PycharmProjects/ml_separator/src/lanthanide_separation/pairs.py:769: PerformanceWarning: DataFrame is highly fragmented.  This is usually the result of calling `frame.insert` many times, which has poor performance.  Consider joining all columns at once using pd.concat(axis=1) instead. To get a de-fragmented frame, use `newframe = frame.copy()`
  cells = grouped.agg(aggregate).reset_index()
/Users/lilshadix/PycharmProjects/ml_separator/src/lanthanide_separation/pairs.py:769: PerformanceWarning: DataFrame is highly fragmented.  This is usually the result of calling `frame.insert` many times, which has poor performance.  Consider joining all columns at once using pd.concat(axis=1) instead. To get a de-fragmented frame, use `newframe = frame.copy()`
  cells = grouped.agg(aggregate).reset_index()
/Users/lilshadix/PycharmProjects/ml_separator/src/lanthanide_separation/pairs.py:769: PerformanceWarning: DataFrame is highly fragmented.  This is usually the result of calling `frame.insert` many times, which has poor performance.  Consider joining all columns at once using pd.concat(axis=1) instead. To get a de-fragmented frame, use `newframe = frame.copy()`
  cells = grouped.agg(aggregate).reset_index()
/Users/lilshadix/PycharmProjects/ml_separator/src/lanthanide_separation/pairs.py:769: PerformanceWarning: DataFrame is highly fragmented.  This is usually the result of calling `frame.insert` many times, which has poor performance.  Consider joining all columns at once using pd.concat(axis=1) instead. To get a de-fragmented frame, use `newframe = frame.copy()`
  cells = grouped.agg(aggregate).reset_index()
/Users/lilshadix/PycharmProjects/ml_separator/src/lanthanide_separation/pairs.py:769: PerformanceWarning: DataFrame is highly fragmented.  This is usually the result of calling `frame.insert` many times, which has poor performance.  Consider joining all columns at once using pd.concat(axis=1) instead. To get a de-fragmented frame, use `newframe = frame.copy()`
  cells = grouped.agg(aggregate).reset_index()
/Users/lilshadix/PycharmProjects/ml_separator/src/lanthanide_separation/pairs.py:769: PerformanceWarning: DataFrame is highly fragmented.  This is usually the result of calling `frame.insert` many times, which has poor performance.  Consider joining all columns at once using pd.concat(axis=1) instead. To get a de-fragmented frame, use `newframe = frame.copy()`
  cells = grouped.agg(aggregate).reset_index()
/Users/lilshadix/PycharmProjects/ml_separator/src/lanthanide_separation/pairs.py:769: PerformanceWarning: DataFrame is highly fragmented.  This is usually the result of calling `frame.insert` many times, which has poor performance.  Consider joining all columns at once using pd.concat(axis=1) instead. To get a de-fragmented frame, use `newframe = frame.copy()`
  cells = grouped.agg(aggregate).reset_index()
/Users/lilshadix/PycharmProjects/ml_separator/src/lanthanide_separation/pairs.py:769: PerformanceWarning: DataFrame is highly fragmented.  This is usually the result of calling `frame.insert` many times, which has poor performance.  Consider joining all columns at once using pd.concat(axis=1) instead. To get a de-fragmented frame, use `newframe = frame.copy()`
  cells = grouped.agg(aggregate).reset_index()
/Users/lilshadix/PycharmProjects/ml_separator/src/lanthanide_separation/pairs.py:769: PerformanceWarning: DataFrame is highly fragmented.  This is usually the result of calling `frame.insert` many times, which has poor performance.  Consider joining all columns at once using pd.concat(axis=1) instead. To get a de-fragmented frame, use `newframe = frame.copy()`
  cells = grouped.agg(aggregate).reset_index()
/Users/lilshadix/PycharmProjects/ml_separator/src/lanthanide_separation/pairs.py:769: PerformanceWarning: DataFrame is highly fragmented.  This is usually the result of calling `frame.insert` many times, which has poor performance.  Consider joining all columns at once using pd.concat(axis=1) instead. To get a de-fragmented frame, use `newframe = frame.copy()`
  cells = grouped.agg(aggregate).reset_index()
/Users/lilshadix/PycharmProjects/ml_separator/src/lanthanide_separation/pairs.py:769: PerformanceWarning: DataFrame is highly fragmented.  This is usually the result of calling `frame.insert` many times, which has poor performance.  Consider joining all columns at once using pd.concat(axis=1) instead. To get a de-fragmented frame, use `newframe = frame.copy()`
  cells = grouped.agg(aggregate).reset_index()
/Users/lilshadix/PycharmProjects/ml_separator/src/lanthanide_separation/pairs.py:769: PerformanceWarning: DataFrame is highly fragmented.  This is usually the result of calling `frame.insert` many times, which has poor performance.  Consider joining all columns at once using pd.concat(axis=1) instead. To get a de-fragmented frame, use `newframe = frame.copy()`
  cells = grouped.agg(aggregate).reset_index()
/Users/lilshadix/PycharmProjects/ml_separator/src/lanthanide_separation/pairs.py:769: PerformanceWarning: DataFrame is highly fragmented.  This is usually the result of calling `frame.insert` many times, which has poor performance.  Consider joining all columns at once using pd.concat(axis=1) instead. To get a de-fragmented frame, use `newframe = frame.copy()`
  cells = grouped.agg(aggregate).reset_index()
/Users/lilshadix/PycharmProjects/ml_separator/src/lanthanide_separation/pairs.py:769: PerformanceWarning: DataFrame is highly fragmented.  This is usually the result of calling `frame.insert` many times, which has poor performance.  Consider joining all columns at once using pd.concat(axis=1) instead. To get a de-fragmented frame, use `newframe = frame.copy()`
  cells = grouped.agg(aggregate).reset_index()
/Users/lilshadix/PycharmProjects/ml_separator/src/lanthanide_separation/pairs.py:769: PerformanceWarning: DataFrame is highly fragmented.  This is usually the result of calling `frame.insert` many times, which has poor performance.  Consider joining all columns at once using pd.concat(axis=1) instead. To get a de-fragmented frame, use `newframe = frame.copy()`
  cells = grouped.agg(aggregate).reset_index()
/Users/lilshadix/PycharmProjects/ml_separator/src/lanthanide_separation/pairs.py:769: PerformanceWarning: DataFrame is highly fragmented.  This is usually the result of calling `frame.insert` many times, which has poor performance.  Consider joining all columns at once using pd.concat(axis=1) instead. To get a de-fragmented frame, use `newframe = frame.copy()`
  cells = grouped.agg(aggregate).reset_index()
/Users/lilshadix/PycharmProjects/ml_separator/src/lanthanide_separation/pairs.py:769: PerformanceWarning: DataFrame is highly fragmented.  This is usually the result of calling `frame.insert` many times, which has poor performance.  Consider joining all columns at once using pd.concat(axis=1) instead. To get a de-fragmented frame, use `newframe = frame.copy()`
  cells = grouped.agg(aggregate).reset_index()
/Users/lilshadix/PycharmProjects/ml_separator/src/lanthanide_separation/pairs.py:769: PerformanceWarning: DataFrame is highly fragmented.  This is usually the result of calling `frame.insert` many times, which has poor performance.  Consider joining all columns at once using pd.concat(axis=1) instead. To get a de-fragmented frame, use `newframe = frame.copy()`
  cells = grouped.agg(aggregate).reset_index()
/Users/lilshadix/PycharmProjects/ml_separator/src/lanthanide_separation/pairs.py:769: PerformanceWarning: DataFrame is highly fragmented.  This is usually the result of calling `frame.insert` many times, which has poor performance.  Consider joining all columns at once using pd.concat(axis=1) instead. To get a de-fragmented frame, use `newframe = frame.copy()`
  cells = grouped.agg(aggregate).reset_index()
/Users/lilshadix/PycharmProjects/ml_separator/src/lanthanide_separation/pairs.py:769: PerformanceWarning: DataFrame is highly fragmented.  This is usually the result of calling `frame.insert` many times, which has poor performance.  Consider joining all columns at once using pd.concat(axis=1) instead. To get a de-fragmented frame, use `newframe = frame.copy()`
  cells = grouped.agg(aggregate).reset_index()
/Users/lilshadix/PycharmProjects/ml_separator/src/lanthanide_separation/pairs.py:769: PerformanceWarning: DataFrame is highly fragmented.  This is usually the result of calling `frame.insert` many times, which has poor performance.  Consider joining all columns at once using pd.concat(axis=1) instead. To get a de-fragmented frame, use `newframe = frame.copy()`
  cells = grouped.agg(aggregate).reset_index()
/Users/lilshadix/PycharmProjects/ml_separator/src/lanthanide_separation/pairs.py:769: PerformanceWarning: DataFrame is highly fragmented.  This is usually the result of calling `frame.insert` many times, which has poor performance.  Consider joining all columns at once using pd.concat(axis=1) instead. To get a de-fragmented frame, use `newframe = frame.copy()`
  cells = grouped.agg(aggregate).reset_index()
/Users/lilshadix/PycharmProjects/ml_separator/src/lanthanide_separation/pairs.py:769: PerformanceWarning: DataFrame is highly fragmented.  This is usually the result of calling `frame.insert` many times, which has poor performance.  Consider joining all columns at once using pd.concat(axis=1) instead. To get a de-fragmented frame, use `newframe = frame.copy()`
  cells = grouped.agg(aggregate).reset_index()
/Users/lilshadix/PycharmProjects/ml_separator/src/lanthanide_separation/pairs.py:769: PerformanceWarning: DataFrame is highly fragmented.  This is usually the result of calling `frame.insert` many times, which has poor performance.  Consider joining all columns at once using pd.concat(axis=1) instead. To get a de-fragmented frame, use `newframe = frame.copy()`
  cells = grouped.agg(aggregate).reset_index()
/Users/lilshadix/PycharmProjects/ml_separator/src/lanthanide_separation/pairs.py:769: PerformanceWarning: DataFrame is highly fragmented.  This is usually the result of calling `frame.insert` many times, which has poor performance.  Consider joining all columns at once using pd.concat(axis=1) instead. To get a de-fragmented frame, use `newframe = frame.copy()`
  cells = grouped.agg(aggregate).reset_index()
/Users/lilshadix/PycharmProjects/ml_separator/src/lanthanide_separation/pairs.py:769: PerformanceWarning: DataFrame is highly fragmented.  This is usually the result of calling `frame.insert` many times, which has poor performance.  Consider joining all columns at once using pd.concat(axis=1) instead. To get a de-fragmented frame, use `newframe = frame.copy()`
  cells = grouped.agg(aggregate).reset_index()
/Users/lilshadix/PycharmProjects/ml_separator/src/lanthanide_separation/pairs.py:769: PerformanceWarning: DataFrame is highly fragmented.  This is usually the result of calling `frame.insert` many times, which has poor performance.  Consider joining all columns at once using pd.concat(axis=1) instead. To get a de-fragmented frame, use `newframe = frame.copy()`
  cells = grouped.agg(aggregate).reset_index()
/Users/lilshadix/PycharmProjects/ml_separator/src/lanthanide_separation/pairs.py:769: PerformanceWarning: DataFrame is highly fragmented.  This is usually the result of calling `frame.insert` many times, which has poor performance.  Consider joining all columns at once using pd.concat(axis=1) instead. To get a de-fragmented frame, use `newframe = frame.copy()`
  cells = grouped.agg(aggregate).reset_index()
/Users/lilshadix/PycharmProjects/ml_separator/src/lanthanide_separation/pairs.py:769: PerformanceWarning: DataFrame is highly fragmented.  This is usually the result of calling `frame.insert` many times, which has poor performance.  Consider joining all columns at once using pd.concat(axis=1) instead. To get a de-fragmented frame, use `newframe = frame.copy()`
  cells = grouped.agg(aggregate).reset_index()
Pairs: 6,699; scope=all; extractants=34; features=2305
Freezing grouped outer folds and running A0--A6...
