  B   ALWAYS_HEAVY           0.5s
  B   DONORS13_ET           14.6s
  B   G13_ET_TOPO39         14.0s
  B   LOGIT_TOPO39           0.9s
  B   LOGIT_CV_TOPO39        8.5s
  B   LOGIT_C03_TOPO39       0.8s
  B   LOGIT_C3_TOPO39        0.9s
  B   BLEND_LOGIT_ET        31.2s
  B   LOGIT_CONF_TOPO39      2.0s
  B   ET_CONF_TOPO39        33.0s
  B   LOGIT_EXTUNIT          0.8s
  B   RIDGESIGN_TOPO39       1.0s
  B   RIDGESIGN_CONF         0.6s
  B   LOGIT_TOPO_ELEM        0.9s
  B   LOGIT_TOPO_DONORS      0.9s
  B   LOGIT_TOPO_ARCH        0.9s
  B   LOGIT_TOPO_MASSACT     0.9s
  B   LOGIT_COORD114         1.0s
[B] 134s
  BR  ALWAYS_HEAVY           0.5s
  BR  DONORS13_ET           14.1s
  BR  G13_ET_TOPO39         14.0s
  BR  LOGIT_TOPO39           0.8s
  BR  LOGIT_CV_TOPO39        8.1s
  BR  LOGIT_C03_TOPO39       0.8s
  BR  LOGIT_C3_TOPO39        0.9s
  BR  BLEND_LOGIT_ET        14.3s
  BR  LOGIT_CONF_TOPO39      0.8s
  BR  ET_CONF_TOPO39        14.0s
  BR  LOGIT_EXTUNIT          0.9s
  BR  RIDGESIGN_TOPO39       0.6s
  BR  RIDGESIGN_CONF         0.6s
  BR  LOGIT_TOPO_ELEM        0.8s
  BR  LOGIT_TOPO_DONORS      0.9s
  BR  LOGIT_TOPO_ARCH        1.0s
  BR  LOGIT_TOPO_MASSACT     0.9s
  BR  LOGIT_COORD114         1.0s
[BR] 229s
  BQ  ALWAYS_HEAVY           0.5s
  BQ  DONORS13_ET           14.1s
  BQ  G13_ET_TOPO39         14.0s
  BQ  LOGIT_TOPO39           0.9s
  BQ  LOGIT_CV_TOPO39        8.1s
  BQ  LOGIT_C03_TOPO39       0.8s
  BQ  LOGIT_C3_TOPO39        0.9s
  BQ  BLEND_LOGIT_ET        14.3s
  BQ  LOGIT_CONF_TOPO39      0.9s
  BQ  ET_CONF_TOPO39        13.9s
  BQ  LOGIT_EXTUNIT          0.9s
  BQ  RIDGESIGN_TOPO39       0.6s
  BQ  RIDGESIGN_CONF         0.7s
  BQ  LOGIT_TOPO_ELEM        1.0s
  BQ  LOGIT_TOPO_DONORS      0.9s
  BQ  LOGIT_TOPO_ARCH        1.0s
  BQ  LOGIT_TOPO_MASSACT     0.9s
  BQ  LOGIT_COORD114         1.1s
[BQ] 325s
  A   ALWAYS_HEAVY           0.5s
  A   DONORS13_ET           14.0s
  A   G13_ET_TOPO39         14.1s
  A   LOGIT_TOPO39           0.9s
  A   LOGIT_CV_TOPO39        8.4s
  A   LOGIT_C03_TOPO39       0.8s
  A   LOGIT_C3_TOPO39        0.9s
  A   BLEND_LOGIT_ET        14.1s
  A   LOGIT_CONF_TOPO39      0.9s
  A   ET_CONF_TOPO39        14.2s
  A   LOGIT_EXTUNIT          0.8s
  A   RIDGESIGN_TOPO39       0.6s
  A   RIDGESIGN_CONF         0.6s
  A   LOGIT_TOPO_ELEM        0.9s
  A   LOGIT_TOPO_DONORS      0.8s
  A   LOGIT_TOPO_ARCH        0.9s
  A   LOGIT_TOPO_MASSACT     0.9s
  A   LOGIT_COORD114         1.0s
[A] 420s
  BP  ALWAYS_HEAVY           0.5s
  BP  DONORS13_ET           14.0s
  BP  G13_ET_TOPO39         13.9s
  BP  LOGIT_TOPO39           0.8s
  BP  LOGIT_CV_TOPO39        8.1s
  BP  LOGIT_C03_TOPO39       0.8s
  BP  LOGIT_C3_TOPO39        0.9s
  BP  BLEND_LOGIT_ET        14.4s
  BP  LOGIT_CONF_TOPO39      0.8s
  BP  ET_CONF_TOPO39        14.0s
  BP  LOGIT_EXTUNIT          0.9s
  BP  RIDGESIGN_TOPO39       0.6s
  BP  RIDGESIGN_CONF         0.6s
  BP  LOGIT_TOPO_ELEM        0.9s
  BP  LOGIT_TOPO_DONORS      0.9s
  BP  LOGIT_TOPO_ARCH        0.9s
  BP  LOGIT_TOPO_MASSACT     0.9s
  BP  LOGIT_COORD114         1.0s
[BP] 516s

=== macro accuracy, five designs ===
design                   B      BR      BQ       A      BP     min
model                                                             
LOGIT_C3_TOPO39     0.8444  0.8395  0.8449  0.8346  0.8229  0.8229
LOGIT_TOPO39        0.8400  0.8346  0.8400  0.8346  0.8205  0.8205
BLEND_LOGIT_ET      0.8434  0.8395  0.8434  0.8244  0.8195  0.8195
LOGIT_CONF_TOPO39   0.8425  0.8346  0.8434  0.8346  0.8186  0.8186
LOGIT_EXTUNIT       0.8405  0.8371  0.8410  0.8444  0.8132  0.8132
ET_CONF_TOPO39      0.8195  0.8107  0.8142  0.7981  0.7805  0.7805
LOGIT_C03_TOPO39    0.8429  0.8351  0.8410  0.8346  0.7787  0.7787
LOGIT_TOPO_DONORS   0.7800  0.7776  0.7829  0.7981  0.7898  0.7776
RIDGESIGN_CONF      0.7810  0.7859  0.7854  0.7751  0.7751  0.7751
RIDGESIGN_TOPO39    0.7786  0.7834  0.7829  0.7751  0.7751  0.7751
G13_ET_TOPO39       0.8220  0.8156  0.8142  0.7981  0.7683  0.7683
LOGIT_TOPO_ELEM     0.8293  0.8283  0.8317  0.8190  0.7636  0.7636
LOGIT_TOPO_MASSACT  0.7707  0.7350  0.7629  0.7689  0.7371  0.7350
LOGIT_CV_TOPO39     0.8356  0.8376  0.8332  0.8298  0.7346  0.7346
LOGIT_TOPO_ARCH     0.7815  0.7699  0.7782  0.7789  0.7203  0.7203
LOGIT_COORD114      0.7626  0.7505  0.7603  0.7812  0.7031  0.7031
DONORS13_ET         0.7303  0.6902  0.7132  0.7434  0.6937  0.6902
ALWAYS_HEAVY        0.5586  0.5586  0.5586  0.5586  0.5586  0.5586

=== gain over LOGIT_TOPO39 (positive = better), five designs ===
design                   B      BR      BQ       A      BP   worst
candidate                                                         
LOGIT_C3_TOPO39     0.0044  0.0049  0.0049  0.0000  0.0024  0.0000
LOGIT_CONF_TOPO39   0.0024  0.0000  0.0034  0.0000 -0.0020 -0.0020
LOGIT_EXTUNIT       0.0005  0.0024  0.0010  0.0098 -0.0073 -0.0073
BLEND_LOGIT_ET      0.0034  0.0049  0.0034 -0.0102 -0.0010 -0.0102
ET_CONF_TOPO39     -0.0205 -0.0239 -0.0259 -0.0366 -0.0400 -0.0400
LOGIT_C03_TOPO39    0.0029  0.0005  0.0010  0.0000 -0.0418 -0.0418
G13_ET_TOPO39      -0.0180 -0.0190 -0.0259 -0.0366 -0.0522 -0.0522
LOGIT_TOPO_ELEM    -0.0107 -0.0063 -0.0083 -0.0156 -0.0569 -0.0569
RIDGESIGN_CONF     -0.0590 -0.0488 -0.0546 -0.0595 -0.0454 -0.0595
LOGIT_TOPO_DONORS  -0.0600 -0.0571 -0.0571 -0.0366 -0.0307 -0.0600
RIDGESIGN_TOPO39   -0.0615 -0.0512 -0.0571 -0.0595 -0.0454 -0.0615
LOGIT_CV_TOPO39    -0.0044  0.0029 -0.0068 -0.0049 -0.0859 -0.0859
LOGIT_TOPO_MASSACT -0.0693 -0.0996 -0.0772 -0.0657 -0.0834 -0.0996
LOGIT_TOPO_ARCH    -0.0585 -0.0647 -0.0618 -0.0557 -0.1002 -0.1002
LOGIT_COORD114     -0.0774 -0.0842 -0.0797 -0.0534 -0.1174 -0.1174
DONORS13_ET        -0.1098 -0.1444 -0.1268 -0.0912 -0.1268 -0.1444
ALWAYS_HEAVY       -0.2815 -0.2761 -0.2815 -0.2761 -0.2620 -0.2815

total 516s
