1. lead's BP per-extractant frame: 114300 rows, orders ['AOPT', 'FLAT', 'FULL', 'MAXMIN', 'RANDOM', 'UNCERT'], budgets ['12', '16', '20', '24', '6', '9', 'full']
   scored-unit identity across arms: 0 (seed, extractant, budget) cells where n_pairs/n_cells/n_strong/y_abs_mean differ between arms  [0 = byte-identical]
   scored-unit identity across budgets: 0 differing
   budgets per (order, seed, extractant): min 6 max 6 (expect 6); n units 90
   lead ABC frame n_budgets: [np.int64(6)]; rows per design {'A': 1800, 'B': 1800, 'BP': 1800, 'BQ': 1800, 'BR': 1800}
   BP ABC rows per order: {'AOPT': 450, 'MAXMIN': 450, 'RANDOM': 450, 'UNCERT': 450}

3. independent re-derivation of the registered ABC contrasts (mine vs lead):
design       comparison  point_mine  point_lead  d_point  ci95_low_mine  ci95_high_mine  p_two_sided_mine  seeds_positive_mine  passes_P1_mine  passes_P1_lead
     B   AOPT_vs_RANDOM   -0.011907   -0.011907     -0.0      -0.055238        0.036744            0.7826                    2           False           False
     B   AOPT_vs_MAXMIN   -0.003851   -0.003851     -0.0      -0.040721        0.045263            0.9852                    3           False           False
     B UNCERT_vs_RANDOM   -0.031042   -0.031042     -0.0      -0.067184        0.018962            0.2816                    2           False           False
     B UNCERT_vs_MAXMIN   -0.022985   -0.022985     -0.0      -0.055943        0.022216            0.3386                    2           False           False
    BR   AOPT_vs_RANDOM    0.023452    0.023452      0.0       0.013550        0.035932            0.0000                    5            True            True
    BR   AOPT_vs_MAXMIN    0.041722    0.041722     -0.0       0.014830        0.060076            0.0014                    5            True            True
    BR UNCERT_vs_RANDOM   -0.004081   -0.004081     -0.0      -0.024036        0.022463            0.7110                    3           False           False
    BR UNCERT_vs_MAXMIN    0.014189    0.014189      0.0      -0.019496        0.038924            0.3602                    3           False           False
    BQ   AOPT_vs_RANDOM   -0.003372   -0.003372     -0.0      -0.037469        0.035545            0.9738                    3           False           False
    BQ   AOPT_vs_MAXMIN    0.010273    0.010273      0.0      -0.013647        0.043932            0.4342                    4           False           False
    BQ UNCERT_vs_RANDOM    0.003460    0.003460      0.0      -0.029781        0.027537            0.8032                    4           False           False
    BQ UNCERT_vs_MAXMIN    0.017105    0.017105      0.0      -0.031681        0.046968            0.4582                    4           False           False
     A   AOPT_vs_RANDOM    0.036746    0.036746      0.0       0.020356        0.050366            0.0000                    5            True            True
     A   AOPT_vs_MAXMIN    0.053026    0.053026      0.0       0.018826        0.076954            0.0008                    5            True            True
     A UNCERT_vs_RANDOM   -0.018017   -0.018017     -0.0      -0.036746       -0.001356            0.0358                    0           False           False
     A UNCERT_vs_MAXMIN   -0.001737   -0.001737     -0.0      -0.038502        0.021725            0.8370                    2           False           False
    BP   AOPT_vs_RANDOM    0.050065    0.050065      0.0       0.027154        0.066225            0.0000                    5            True            True
    BP   AOPT_vs_MAXMIN    0.058209    0.058209      0.0       0.015120        0.091992            0.0002                    5            True            True
    BP UNCERT_vs_RANDOM   -0.010894   -0.010894     -0.0      -0.040806        0.031822            0.6496                    2           False           False
    BP UNCERT_vs_MAXMIN   -0.002751   -0.002751     -0.0      -0.027916        0.024755            0.8486                    3           False           False
   max |point_mine - point_lead| = 9.888e-17
   BP headline recomputed: 0.0500653184 (lead 0.0500653184); CI [0.0272, 0.0662] BCa mine [0.0325, 0.0718] BCa lead low 0.0325

4. n_metals confound (scoring side).  median max n_metals per extractant = 13.0
   all                        point +0.0501 [+0.0272, +0.0662] p 0.0000 seeds+ 5 n 90 P1 True
   n_metals_max <= 13         point +0.0398 [+0.0166, +0.0554] p 0.0008 seeds+ 5 n 46 P1 True
   n_metals_max >  13         point +0.0608 [+0.0332, +0.0844] p 0.0000 seeds+ 5 n 44 P1 True
   well determined (>=5)      point +0.0545 [+0.0323, +0.0697] p 0.0000 seeds+ 5 n 82 P1 True
   not well determined (<5)   point +0.0050 [-0.0386, +0.0438] p 0.7816 seeds+ 4 n 8 P1 False
   Spearman(per-extractant AOPT gain, its n_metals_max) = +0.183 (n=90)
   mean gain +0.0501; mean gain after removing the linear n_metals-rank trend +0.0501

5. BH over the registered family of 20: max |lead - refuter| 1.11e-16
   BP AOPT_vs_RANDOM raw p 0, BH(registered n=20) 0
   L4 wrote 435 contrast rows in total

6. scoring units 90 extractants in 45 chemotype blocks; Kish n_eff over blocks 11.67; largest block 23 extractants
   lead BP headline: point 0.0501 CI [0.0272, 0.0662] BCa [0.0325, 0.0718] p 0 seeds+ 5 LOCO [0.0380, 0.0521] stable True P1 True

7. percentile of AOPT's BP ABC among the 20 random draws: 100.0; AOPT 0.0501; draws [-0.0318, +0.0209] sd 0.0131
   the 20 draw ABCs are centred on -4.07e-19 by construction (each is measured against the mean of all 20)

8. 'seeds=' occurrences under gen16_leads/: 18
   gen16_leads\gen16\claims.py:8: This module and ``scripts/g16_confirm.py`` are the only files permitted to pass ``seeds=`` to the
   gen16_leads\gen16\claims.py:67: tab = V.run_arms(bench, {"G14": A.g14, "FLAT": A.flat}, d, seeds=list(seeds), verbose=False)
   gen16_leads\gen16\l3_decision.py:202: seeds=np.array([], dtype=int), A=np.array([]), B=np.array([]), dZ=np.array([], dtype=int),
   gen16_leads\scripts\g16_audit_seeds.py:7: * passes a ``seeds=`` keyword to one of the frozen fold/bench entry points, or
   gen16_leads\scripts\g16_audit_seeds.py:73: bad.append(f"{rel}:{node.lineno}: {_func_name(node.func)}(..., seeds=...) "
   gen16_leads\scripts\g16_env_check.py:24: internal.  Never passes ``seeds=`` to the frozen splitter.
   gen16_leads\scripts\g16_env_check.py:239: """Digest of every fold of every design, default (discovery) seeds, never passing seeds=."""
   gen16_leads\scripts\refute_l1null_B8_summary.py:32: "no all_folds/build_folds/valuebench/dirbench/seeds= in l1_cycle.py or l1_stage1.py). The "
   gen16_leads\scripts\refute_l1null_B8_summary.py:54: "two fresh subprocesses give bit-identical slopes, matching in-session. No hash(), no seeds=. "
   gen16_leads\scripts\refute_l3a_B.py:5: seeds, never ``seeds=``); stage 'main' runs every check and writes CSVs under
   gen16_leads\scripts\refute_l3a_B_foldpure.py:10: Runs `valuebench.run_arms` once per design (discovery seeds, never `seeds=`) because the lead's
   gen16_leads\scripts\refute_l3a_B_withinpub.py:50: seeds=np.array(seeds, dtype=int), A=np.array(As), B=np.array(Bs),
   gen16_leads\scripts\refute_L4BP_A_book.py:16: 8  seeds= audit over every L4 file; hash() / ordering determinism of the fold plan in a subprocess
   gen16_leads\scripts\refute_L4BP_A_book.py:216: # ---------------------------------------------------------------- 8  seeds= and determinism
   gen16_leads\scripts\refute_L4BP_A_book.py:224: if "seeds=" in txt:
   gen16_leads\scripts\refute_L4BP_A_book.py:226: if "seeds=" in line:
   gen16_leads\scripts\refute_L4BP_A_book.py:228: say(f"8. 'seeds=' occurrences under gen16_leads/: {len(hits)}")
   gen16_leads\scripts\refute_L4BP_B.py:530: design, where the claim lives) and B (where it reverses).  No ``seeds=`` is passed to any
   fold-plan + AOPT/MAXMIN/UNCERT order hash, two fresh subprocesses (PYTHONHASHSEED random): '33f0227cc22600ca e9c296ccb2504b5e' / '33f0227cc22600ca e9c296ccb2504b5e' -> identical True
