a. AOPT_vs_RANDOM ABC restricted to budget sub-ranges (point / p / seeds+ / P1)
budgets  12..24  16..24  20..24  6..24 (registered)   9..24
design                                                     
A        0.0252  0.0208  0.0188              0.0367  0.0314
B       -0.0059 -0.0017  0.0096             -0.0119 -0.0108
BP       0.0397  0.0298  0.0147              0.0501  0.0488
BQ      -0.0129 -0.0077 -0.0044             -0.0034 -0.0071
BR       0.0115  0.0040  0.0110              0.0235  0.0151

design            budgets   point  ci_low  ci_high      p  seeds_positive  loco_stable  passes_P1
     B 6..24 (registered) -0.0119 -0.0552   0.0367 0.7826               2        False      False
     B              9..24 -0.0108 -0.0509   0.0368 0.7994               3        False      False
     B             12..24 -0.0059 -0.0408   0.0377 0.8970               3        False      False
     B             16..24 -0.0017 -0.0278   0.0330 0.9700               3        False      False
     B             20..24  0.0096 -0.0019   0.0271 0.1152               4         True      False
    BR 6..24 (registered)  0.0235  0.0135   0.0359 0.0000               5         True       True
    BR              9..24  0.0151  0.0018   0.0339 0.0192               4         True      False
    BR             12..24  0.0115  0.0006   0.0280 0.0366               4         True      False
    BR             16..24  0.0040 -0.0114   0.0250 0.6026               4         True      False
    BR             20..24  0.0110  0.0019   0.0230 0.0120               5         True      False
    BQ 6..24 (registered) -0.0034 -0.0375   0.0355 0.9738               3        False      False
    BQ              9..24 -0.0071 -0.0446   0.0363 0.8534               2        False      False
    BQ             12..24 -0.0129 -0.0573   0.0381 0.7714               2        False      False
    BQ             16..24 -0.0077 -0.0424   0.0334 0.8186               1        False      False
    BQ             20..24 -0.0044 -0.0259   0.0240 0.8772               3        False      False
     A 6..24 (registered)  0.0367  0.0204   0.0504 0.0000               5         True       True
     A              9..24  0.0314  0.0174   0.0488 0.0000               5         True       True
     A             12..24  0.0252  0.0107   0.0461 0.0004               5         True       True
     A             16..24  0.0208  0.0073   0.0409 0.0012               5         True       True
     A             20..24  0.0188  0.0064   0.0371 0.0010               4         True      False
    BP 6..24 (registered)  0.0501  0.0272   0.0662 0.0000               5         True       True
    BP              9..24  0.0488  0.0258   0.0648 0.0000               5         True       True
    BP             12..24  0.0397  0.0229   0.0506 0.0000               5         True       True
    BP             16..24  0.0298  0.0181   0.0398 0.0000               5         True       True
    BP             20..24  0.0147  0.0068   0.0258 0.0012               5         True      False

b. the same contrast with the CHEMOTYPE as the scoring unit (45 blocks, not 90 extractants)
design      unit     comparison  point  ci_low  ci_high      p  seeds_positive  n_units  passes_P1
     B chemotype AOPT_vs_RANDOM 0.0191 -0.0003   0.0377 0.0532               5       45      False
     B chemotype AOPT_vs_MAXMIN 0.0233 -0.0006   0.0492 0.0558               4       45      False
    BR chemotype AOPT_vs_RANDOM 0.0238  0.0093   0.0383 0.0006               5       45       True
    BR chemotype AOPT_vs_MAXMIN 0.0345  0.0136   0.0565 0.0006               5       45       True
    BQ chemotype AOPT_vs_RANDOM 0.0185 -0.0012   0.0376 0.0674               5       45      False
    BQ chemotype AOPT_vs_MAXMIN 0.0247  0.0033   0.0473 0.0244               5       45       True
     A chemotype AOPT_vs_RANDOM 0.0352  0.0141   0.0561 0.0006               5       45       True
     A chemotype AOPT_vs_MAXMIN 0.0410  0.0151   0.0675 0.0014               5       45       True
    BP chemotype AOPT_vs_RANDOM 0.0393  0.0221   0.0557 0.0002               5       45       True
    BP chemotype AOPT_vs_MAXMIN 0.0421  0.0226   0.0624 0.0000               5       45       True

c. macro MAE against the FLAT floor (arms below the floor are marked False)
budget             6       9       12      16      20      24
design order                                                 
A      AOPT    0.5332  0.5099  0.5113  0.5061  0.4938  0.4987
       MAXMIN  0.5910  0.5890  0.5716  0.5567  0.5381  0.5247
       RANDOM  0.5967  0.5661  0.5495  0.5310  0.5198  0.5104
       UNCERT  0.6111  0.6117  0.5718  0.5445  0.5245  0.5180
B      AOPT    0.6195  0.6048  0.5709  0.5576  0.5196  0.5028
       MAXMIN  0.5869  0.5749  0.5799  0.5470  0.5283  0.5350
       RANDOM  0.6020  0.5746  0.5523  0.5332  0.5272  0.5143
       UNCERT  0.6360  0.6420  0.6138  0.5598  0.5309  0.5073
BP     AOPT    0.5698  0.5230  0.5090  0.4923  0.5033  0.5026
       MAXMIN  0.5989  0.6126  0.6086  0.5909  0.5262  0.5121
       RANDOM  0.6264  0.6082  0.5781  0.5525  0.5242  0.5110
       UNCERT  0.6630  0.6364  0.6059  0.5236  0.5200  0.5169
BQ     AOPT    0.5891  0.5655  0.5824  0.5459  0.5150  0.5249
       MAXMIN  0.5868  0.5922  0.5915  0.5544  0.5296  0.5299
       RANDOM  0.6042  0.5817  0.5539  0.5315  0.5228  0.5084
       UNCERT  0.5780  0.5741  0.5528  0.5509  0.5221  0.5038
BR     AOPT    0.5367  0.5441  0.5157  0.5407  0.5026  0.4910
       MAXMIN  0.5854  0.5893  0.5741  0.5585  0.5476  0.5263
       RANDOM  0.6016  0.5741  0.5495  0.5307  0.5124  0.5033
       UNCERT  0.5957  0.6018  0.5674  0.5164  0.5133  0.5016
   FLAT per design: B 0.5885, BR 0.5885, BQ 0.5885, A 0.5885, BP 0.5885
