shrink=0.0 noise_var=0.01 widest=0.2508 random=0.3542
shrink=0.0 noise_var=0.05 widest=0.2499 random=0.3510
shrink=0.0 noise_var=0.09 widest=0.2495 random=0.3525
shrink=0.0 noise_var=0.2 widest=0.2508 random=0.3622
shrink=0.0 noise_var=0.4 widest=0.2582 random=0.3764
shrink=0.15 noise_var=0.01 widest=0.2480 random=0.3503
shrink=0.15 noise_var=0.05 widest=0.2482 random=0.3534
shrink=0.15 noise_var=0.09 widest=0.2490 random=0.3575
shrink=0.15 noise_var=0.2 widest=0.2529 random=0.3679
shrink=0.15 noise_var=0.4 widest=0.2633 random=0.3824
shrink=0.25 noise_var=0.01 widest=0.2485 random=0.3537
shrink=0.25 noise_var=0.05 widest=0.2495 random=0.3580
shrink=0.25 noise_var=0.09 widest=0.2510 random=0.3623
shrink=0.25 noise_var=0.2 widest=0.2565 random=0.3729
shrink=0.25 noise_var=0.4 widest=0.2687 random=0.3871
shrink=0.4 noise_var=0.01 widest=0.2541 random=0.3628
shrink=0.4 noise_var=0.05 widest=0.2562 random=0.3676
shrink=0.4 noise_var=0.09 widest=0.2586 random=0.3719
shrink=0.4 noise_var=0.2 widest=0.2661 random=0.3821
shrink=0.4 noise_var=0.4 widest=0.2807 random=0.3954
shrink=0.6 noise_var=0.01 widest=0.2745 random=0.3809
shrink=0.6 noise_var=0.05 widest=0.2776 random=0.3850
shrink=0.6 noise_var=0.09 widest=0.2808 random=0.3888
shrink=0.6 noise_var=0.2 widest=0.2901 random=0.3975
shrink=0.6 noise_var=0.4 widest=0.3060 random=0.4083

support    random                                  widest                                
noise_var    0.01    0.05    0.09    0.20    0.40    0.01    0.05    0.09    0.20    0.40
shrink                                                                                   
0.00       0.3542  0.3510  0.3525  0.3622  0.3764  0.2508  0.2499  0.2495  0.2508  0.2582
0.15       0.3503  0.3534  0.3575  0.3679  0.3824  0.2480  0.2482  0.2490  0.2529  0.2633
0.25       0.3537  0.3580  0.3623  0.3729  0.3871  0.2485  0.2495  0.2510  0.2565  0.2687
0.40       0.3628  0.3676  0.3719  0.3821  0.3954  0.2541  0.2562  0.2586  0.2661  0.2807
0.60       0.3809  0.3850  0.3888  0.3975  0.4083  0.2745  0.2776  0.2808  0.2901  0.3060
