/nfs/home/nshank3/ml_separator/src/lanthanide_separation/pairs.py:512: PerformanceWarning: DataFrame is highly fragmented.  This is usually the result of calling `frame.insert` many times, which has poor performance.  Consider joining all columns at once using pd.concat(axis=1) instead. To get a de-fragmented frame, use `newframe = frame.copy()`
  cells = grouped.agg(aggregate).reset_index()
/nfs/home/nshank3/ml_separator/src/lanthanide_separation/pairs.py:512: PerformanceWarning: DataFrame is highly fragmented.  This is usually the result of calling `frame.insert` many times, which has poor performance.  Consider joining all columns at once using pd.concat(axis=1) instead. To get a de-fragmented frame, use `newframe = frame.copy()`
  cells = grouped.agg(aggregate).reset_index()
/nfs/home/nshank3/ml_separator/src/lanthanide_separation/pairs.py:512: PerformanceWarning: DataFrame is highly fragmented.  This is usually the result of calling `frame.insert` many times, which has poor performance.  Consider joining all columns at once using pd.concat(axis=1) instead. To get a de-fragmented frame, use `newframe = frame.copy()`
  cells = grouped.agg(aggregate).reset_index()
/nfs/home/nshank3/ml_separator/src/lanthanide_separation/pairs.py:512: PerformanceWarning: DataFrame is highly fragmented.  This is usually the result of calling `frame.insert` many times, which has poor performance.  Consider joining all columns at once using pd.concat(axis=1) instead. To get a de-fragmented frame, use `newframe = frame.copy()`
  cells = grouped.agg(aggregate).reset_index()
/nfs/home/nshank3/ml_separator/src/lanthanide_separation/pairs.py:512: PerformanceWarning: DataFrame is highly fragmented.  This is usually the result of calling `frame.insert` many times, which has poor performance.  Consider joining all columns at once using pd.concat(axis=1) instead. To get a de-fragmented frame, use `newframe = frame.copy()`
  cells = grouped.agg(aggregate).reset_index()
/nfs/home/nshank3/ml_separator/src/lanthanide_separation/pairs.py:512: PerformanceWarning: DataFrame is highly fragmented.  This is usually the result of calling `frame.insert` many times, which has poor performance.  Consider joining all columns at once using pd.concat(axis=1) instead. To get a de-fragmented frame, use `newframe = frame.copy()`
  cells = grouped.agg(aggregate).reset_index()
/nfs/home/nshank3/ml_separator/src/lanthanide_separation/pairs.py:512: PerformanceWarning: DataFrame is highly fragmented.  This is usually the result of calling `frame.insert` many times, which has poor performance.  Consider joining all columns at once using pd.concat(axis=1) instead. To get a de-fragmented frame, use `newframe = frame.copy()`
  cells = grouped.agg(aggregate).reset_index()
/nfs/home/nshank3/ml_separator/src/lanthanide_separation/pairs.py:512: PerformanceWarning: DataFrame is highly fragmented.  This is usually the result of calling `frame.insert` many times, which has poor performance.  Consider joining all columns at once using pd.concat(axis=1) instead. To get a de-fragmented frame, use `newframe = frame.copy()`
  cells = grouped.agg(aggregate).reset_index()
/nfs/home/nshank3/ml_separator/src/lanthanide_separation/pairs.py:512: PerformanceWarning: DataFrame is highly fragmented.  This is usually the result of calling `frame.insert` many times, which has poor performance.  Consider joining all columns at once using pd.concat(axis=1) instead. To get a de-fragmented frame, use `newframe = frame.copy()`
  cells = grouped.agg(aggregate).reset_index()
/nfs/home/nshank3/ml_separator/src/lanthanide_separation/pairs.py:512: PerformanceWarning: DataFrame is highly fragmented.  This is usually the result of calling `frame.insert` many times, which has poor performance.  Consider joining all columns at once using pd.concat(axis=1) instead. To get a de-fragmented frame, use `newframe = frame.copy()`
  cells = grouped.agg(aggregate).reset_index()
/nfs/home/nshank3/ml_separator/src/lanthanide_separation/pairs.py:512: PerformanceWarning: DataFrame is highly fragmented.  This is usually the result of calling `frame.insert` many times, which has poor performance.  Consider joining all columns at once using pd.concat(axis=1) instead. To get a de-fragmented frame, use `newframe = frame.copy()`
  cells = grouped.agg(aggregate).reset_index()
/nfs/home/nshank3/ml_separator/src/lanthanide_separation/pairs.py:512: PerformanceWarning: DataFrame is highly fragmented.  This is usually the result of calling `frame.insert` many times, which has poor performance.  Consider joining all columns at once using pd.concat(axis=1) instead. To get a de-fragmented frame, use `newframe = frame.copy()`
  cells = grouped.agg(aggregate).reset_index()
/nfs/home/nshank3/ml_separator/src/lanthanide_separation/pairs.py:512: PerformanceWarning: DataFrame is highly fragmented.  This is usually the result of calling `frame.insert` many times, which has poor performance.  Consider joining all columns at once using pd.concat(axis=1) instead. To get a de-fragmented frame, use `newframe = frame.copy()`
  cells = grouped.agg(aggregate).reset_index()
/nfs/home/nshank3/ml_separator/src/lanthanide_separation/pairs.py:512: PerformanceWarning: DataFrame is highly fragmented.  This is usually the result of calling `frame.insert` many times, which has poor performance.  Consider joining all columns at once using pd.concat(axis=1) instead. To get a de-fragmented frame, use `newframe = frame.copy()`
  cells = grouped.agg(aggregate).reset_index()
/nfs/home/nshank3/ml_separator/src/lanthanide_separation/pairs.py:512: PerformanceWarning: DataFrame is highly fragmented.  This is usually the result of calling `frame.insert` many times, which has poor performance.  Consider joining all columns at once using pd.concat(axis=1) instead. To get a de-fragmented frame, use `newframe = frame.copy()`
  cells = grouped.agg(aggregate).reset_index()
/nfs/home/nshank3/ml_separator/src/lanthanide_separation/pairs.py:512: PerformanceWarning: DataFrame is highly fragmented.  This is usually the result of calling `frame.insert` many times, which has poor performance.  Consider joining all columns at once using pd.concat(axis=1) instead. To get a de-fragmented frame, use `newframe = frame.copy()`
  cells = grouped.agg(aggregate).reset_index()
/nfs/home/nshank3/ml_separator/src/lanthanide_separation/pairs.py:512: PerformanceWarning: DataFrame is highly fragmented.  This is usually the result of calling `frame.insert` many times, which has poor performance.  Consider joining all columns at once using pd.concat(axis=1) instead. To get a de-fragmented frame, use `newframe = frame.copy()`
  cells = grouped.agg(aggregate).reset_index()
/nfs/home/nshank3/ml_separator/src/lanthanide_separation/pairs.py:512: PerformanceWarning: DataFrame is highly fragmented.  This is usually the result of calling `frame.insert` many times, which has poor performance.  Consider joining all columns at once using pd.concat(axis=1) instead. To get a de-fragmented frame, use `newframe = frame.copy()`
  cells = grouped.agg(aggregate).reset_index()
/nfs/home/nshank3/ml_separator/src/lanthanide_separation/pairs.py:512: PerformanceWarning: DataFrame is highly fragmented.  This is usually the result of calling `frame.insert` many times, which has poor performance.  Consider joining all columns at once using pd.concat(axis=1) instead. To get a de-fragmented frame, use `newframe = frame.copy()`
  cells = grouped.agg(aggregate).reset_index()
/nfs/home/nshank3/ml_separator/src/lanthanide_separation/pairs.py:512: PerformanceWarning: DataFrame is highly fragmented.  This is usually the result of calling `frame.insert` many times, which has poor performance.  Consider joining all columns at once using pd.concat(axis=1) instead. To get a de-fragmented frame, use `newframe = frame.copy()`
  cells = grouped.agg(aggregate).reset_index()
/nfs/home/nshank3/ml_separator/src/lanthanide_separation/pairs.py:512: PerformanceWarning: DataFrame is highly fragmented.  This is usually the result of calling `frame.insert` many times, which has poor performance.  Consider joining all columns at once using pd.concat(axis=1) instead. To get a de-fragmented frame, use `newframe = frame.copy()`
  cells = grouped.agg(aggregate).reset_index()
/nfs/home/nshank3/ml_separator/src/lanthanide_separation/pairs.py:512: PerformanceWarning: DataFrame is highly fragmented.  This is usually the result of calling `frame.insert` many times, which has poor performance.  Consider joining all columns at once using pd.concat(axis=1) instead. To get a de-fragmented frame, use `newframe = frame.copy()`
  cells = grouped.agg(aggregate).reset_index()
/nfs/home/nshank3/ml_separator/src/lanthanide_separation/pairs.py:512: PerformanceWarning: DataFrame is highly fragmented.  This is usually the result of calling `frame.insert` many times, which has poor performance.  Consider joining all columns at once using pd.concat(axis=1) instead. To get a de-fragmented frame, use `newframe = frame.copy()`
  cells = grouped.agg(aggregate).reset_index()
/nfs/home/nshank3/ml_separator/src/lanthanide_separation/pairs.py:512: PerformanceWarning: DataFrame is highly fragmented.  This is usually the result of calling `frame.insert` many times, which has poor performance.  Consider joining all columns at once using pd.concat(axis=1) instead. To get a de-fragmented frame, use `newframe = frame.copy()`
  cells = grouped.agg(aggregate).reset_index()
/nfs/home/nshank3/ml_separator/src/lanthanide_separation/pairs.py:512: PerformanceWarning: DataFrame is highly fragmented.  This is usually the result of calling `frame.insert` many times, which has poor performance.  Consider joining all columns at once using pd.concat(axis=1) instead. To get a de-fragmented frame, use `newframe = frame.copy()`
  cells = grouped.agg(aggregate).reset_index()
/nfs/home/nshank3/ml_separator/src/lanthanide_separation/pairs.py:512: PerformanceWarning: DataFrame is highly fragmented.  This is usually the result of calling `frame.insert` many times, which has poor performance.  Consider joining all columns at once using pd.concat(axis=1) instead. To get a de-fragmented frame, use `newframe = frame.copy()`
  cells = grouped.agg(aggregate).reset_index()
/nfs/home/nshank3/ml_separator/src/lanthanide_separation/pairs.py:512: PerformanceWarning: DataFrame is highly fragmented.  This is usually the result of calling `frame.insert` many times, which has poor performance.  Consider joining all columns at once using pd.concat(axis=1) instead. To get a de-fragmented frame, use `newframe = frame.copy()`
  cells = grouped.agg(aggregate).reset_index()
/nfs/home/nshank3/ml_separator/src/lanthanide_separation/pairs.py:512: PerformanceWarning: DataFrame is highly fragmented.  This is usually the result of calling `frame.insert` many times, which has poor performance.  Consider joining all columns at once using pd.concat(axis=1) instead. To get a de-fragmented frame, use `newframe = frame.copy()`
  cells = grouped.agg(aggregate).reset_index()
/nfs/home/nshank3/ml_separator/src/lanthanide_separation/pairs.py:512: PerformanceWarning: DataFrame is highly fragmented.  This is usually the result of calling `frame.insert` many times, which has poor performance.  Consider joining all columns at once using pd.concat(axis=1) instead. To get a de-fragmented frame, use `newframe = frame.copy()`
  cells = grouped.agg(aggregate).reset_index()
/nfs/home/nshank3/ml_separator/src/lanthanide_separation/pairs.py:512: PerformanceWarning: DataFrame is highly fragmented.  This is usually the result of calling `frame.insert` many times, which has poor performance.  Consider joining all columns at once using pd.concat(axis=1) instead. To get a de-fragmented frame, use `newframe = frame.copy()`
  cells = grouped.agg(aggregate).reset_index()
/nfs/home/nshank3/ml_separator/src/lanthanide_separation/pairs.py:512: PerformanceWarning: DataFrame is highly fragmented.  This is usually the result of calling `frame.insert` many times, which has poor performance.  Consider joining all columns at once using pd.concat(axis=1) instead. To get a de-fragmented frame, use `newframe = frame.copy()`
  cells = grouped.agg(aggregate).reset_index()
/nfs/home/nshank3/ml_separator/src/lanthanide_separation/pairs.py:512: PerformanceWarning: DataFrame is highly fragmented.  This is usually the result of calling `frame.insert` many times, which has poor performance.  Consider joining all columns at once using pd.concat(axis=1) instead. To get a de-fragmented frame, use `newframe = frame.copy()`
  cells = grouped.agg(aggregate).reset_index()
/nfs/home/nshank3/ml_separator/src/lanthanide_separation/pairs.py:512: PerformanceWarning: DataFrame is highly fragmented.  This is usually the result of calling `frame.insert` many times, which has poor performance.  Consider joining all columns at once using pd.concat(axis=1) instead. To get a de-fragmented frame, use `newframe = frame.copy()`
  cells = grouped.agg(aggregate).reset_index()
/nfs/home/nshank3/ml_separator/src/lanthanide_separation/pairs.py:512: PerformanceWarning: DataFrame is highly fragmented.  This is usually the result of calling `frame.insert` many times, which has poor performance.  Consider joining all columns at once using pd.concat(axis=1) instead. To get a de-fragmented frame, use `newframe = frame.copy()`
  cells = grouped.agg(aggregate).reset_index()
/nfs/home/nshank3/ml_separator/src/lanthanide_separation/pairs.py:512: PerformanceWarning: DataFrame is highly fragmented.  This is usually the result of calling `frame.insert` many times, which has poor performance.  Consider joining all columns at once using pd.concat(axis=1) instead. To get a de-fragmented frame, use `newframe = frame.copy()`
  cells = grouped.agg(aggregate).reset_index()
/nfs/home/nshank3/ml_separator/src/lanthanide_separation/pairs.py:512: PerformanceWarning: DataFrame is highly fragmented.  This is usually the result of calling `frame.insert` many times, which has poor performance.  Consider joining all columns at once using pd.concat(axis=1) instead. To get a de-fragmented frame, use `newframe = frame.copy()`
  cells = grouped.agg(aggregate).reset_index()
/nfs/home/nshank3/ml_separator/src/lanthanide_separation/pairs.py:512: PerformanceWarning: DataFrame is highly fragmented.  This is usually the result of calling `frame.insert` many times, which has poor performance.  Consider joining all columns at once using pd.concat(axis=1) instead. To get a de-fragmented frame, use `newframe = frame.copy()`
  cells = grouped.agg(aggregate).reset_index()
/nfs/home/nshank3/ml_separator/src/lanthanide_separation/pairs.py:512: PerformanceWarning: DataFrame is highly fragmented.  This is usually the result of calling `frame.insert` many times, which has poor performance.  Consider joining all columns at once using pd.concat(axis=1) instead. To get a de-fragmented frame, use `newframe = frame.copy()`
  cells = grouped.agg(aggregate).reset_index()
/nfs/home/nshank3/ml_separator/src/lanthanide_separation/pairs.py:512: PerformanceWarning: DataFrame is highly fragmented.  This is usually the result of calling `frame.insert` many times, which has poor performance.  Consider joining all columns at once using pd.concat(axis=1) instead. To get a de-fragmented frame, use `newframe = frame.copy()`
  cells = grouped.agg(aggregate).reset_index()
/nfs/home/nshank3/ml_separator/src/lanthanide_separation/pairs.py:512: PerformanceWarning: DataFrame is highly fragmented.  This is usually the result of calling `frame.insert` many times, which has poor performance.  Consider joining all columns at once using pd.concat(axis=1) instead. To get a de-fragmented frame, use `newframe = frame.copy()`
  cells = grouped.agg(aggregate).reset_index()
/nfs/home/nshank3/ml_separator/src/lanthanide_separation/pairs.py:512: PerformanceWarning: DataFrame is highly fragmented.  This is usually the result of calling `frame.insert` many times, which has poor performance.  Consider joining all columns at once using pd.concat(axis=1) instead. To get a de-fragmented frame, use `newframe = frame.copy()`
  cells = grouped.agg(aggregate).reset_index()
/nfs/home/nshank3/ml_separator/src/lanthanide_separation/pairs.py:512: PerformanceWarning: DataFrame is highly fragmented.  This is usually the result of calling `frame.insert` many times, which has poor performance.  Consider joining all columns at once using pd.concat(axis=1) instead. To get a de-fragmented frame, use `newframe = frame.copy()`
  cells = grouped.agg(aggregate).reset_index()
/nfs/home/nshank3/ml_separator/src/lanthanide_separation/pairs.py:512: PerformanceWarning: DataFrame is highly fragmented.  This is usually the result of calling `frame.insert` many times, which has poor performance.  Consider joining all columns at once using pd.concat(axis=1) instead. To get a de-fragmented frame, use `newframe = frame.copy()`
  cells = grouped.agg(aggregate).reset_index()
/nfs/home/nshank3/ml_separator/src/lanthanide_separation/pairs.py:512: PerformanceWarning: DataFrame is highly fragmented.  This is usually the result of calling `frame.insert` many times, which has poor performance.  Consider joining all columns at once using pd.concat(axis=1) instead. To get a de-fragmented frame, use `newframe = frame.copy()`
  cells = grouped.agg(aggregate).reset_index()
/nfs/home/nshank3/ml_separator/src/lanthanide_separation/pairs.py:512: PerformanceWarning: DataFrame is highly fragmented.  This is usually the result of calling `frame.insert` many times, which has poor performance.  Consider joining all columns at once using pd.concat(axis=1) instead. To get a de-fragmented frame, use `newframe = frame.copy()`
  cells = grouped.agg(aggregate).reset_index()
/nfs/home/nshank3/ml_separator/src/lanthanide_separation/pairs.py:512: PerformanceWarning: DataFrame is highly fragmented.  This is usually the result of calling `frame.insert` many times, which has poor performance.  Consider joining all columns at once using pd.concat(axis=1) instead. To get a de-fragmented frame, use `newframe = frame.copy()`
  cells = grouped.agg(aggregate).reset_index()
/nfs/home/nshank3/ml_separator/src/lanthanide_separation/pairs.py:512: PerformanceWarning: DataFrame is highly fragmented.  This is usually the result of calling `frame.insert` many times, which has poor performance.  Consider joining all columns at once using pd.concat(axis=1) instead. To get a de-fragmented frame, use `newframe = frame.copy()`
  cells = grouped.agg(aggregate).reset_index()
/nfs/home/nshank3/ml_separator/src/lanthanide_separation/pairs.py:512: PerformanceWarning: DataFrame is highly fragmented.  This is usually the result of calling `frame.insert` many times, which has poor performance.  Consider joining all columns at once using pd.concat(axis=1) instead. To get a de-fragmented frame, use `newframe = frame.copy()`
  cells = grouped.agg(aggregate).reset_index()
/nfs/home/nshank3/ml_separator/src/lanthanide_separation/pairs.py:512: PerformanceWarning: DataFrame is highly fragmented.  This is usually the result of calling `frame.insert` many times, which has poor performance.  Consider joining all columns at once using pd.concat(axis=1) instead. To get a de-fragmented frame, use `newframe = frame.copy()`
  cells = grouped.agg(aggregate).reset_index()
/nfs/home/nshank3/ml_separator/src/lanthanide_separation/pairs.py:512: PerformanceWarning: DataFrame is highly fragmented.  This is usually the result of calling `frame.insert` many times, which has poor performance.  Consider joining all columns at once using pd.concat(axis=1) instead. To get a de-fragmented frame, use `newframe = frame.copy()`
  cells = grouped.agg(aggregate).reset_index()
/nfs/home/nshank3/ml_separator/src/lanthanide_separation/pairs.py:512: PerformanceWarning: DataFrame is highly fragmented.  This is usually the result of calling `frame.insert` many times, which has poor performance.  Consider joining all columns at once using pd.concat(axis=1) instead. To get a de-fragmented frame, use `newframe = frame.copy()`
  cells = grouped.agg(aggregate).reset_index()
/nfs/home/nshank3/ml_separator/src/lanthanide_separation/pairs.py:512: PerformanceWarning: DataFrame is highly fragmented.  This is usually the result of calling `frame.insert` many times, which has poor performance.  Consider joining all columns at once using pd.concat(axis=1) instead. To get a de-fragmented frame, use `newframe = frame.copy()`
  cells = grouped.agg(aggregate).reset_index()
/nfs/home/nshank3/ml_separator/src/lanthanide_separation/pairs.py:512: PerformanceWarning: DataFrame is highly fragmented.  This is usually the result of calling `frame.insert` many times, which has poor performance.  Consider joining all columns at once using pd.concat(axis=1) instead. To get a de-fragmented frame, use `newframe = frame.copy()`
  cells = grouped.agg(aggregate).reset_index()
/nfs/home/nshank3/ml_separator/src/lanthanide_separation/pairs.py:512: PerformanceWarning: DataFrame is highly fragmented.  This is usually the result of calling `frame.insert` many times, which has poor performance.  Consider joining all columns at once using pd.concat(axis=1) instead. To get a de-fragmented frame, use `newframe = frame.copy()`
  cells = grouped.agg(aggregate).reset_index()
/nfs/home/nshank3/ml_separator/src/lanthanide_separation/pairs.py:512: PerformanceWarning: DataFrame is highly fragmented.  This is usually the result of calling `frame.insert` many times, which has poor performance.  Consider joining all columns at once using pd.concat(axis=1) instead. To get a de-fragmented frame, use `newframe = frame.copy()`
  cells = grouped.agg(aggregate).reset_index()
/nfs/home/nshank3/ml_separator/src/lanthanide_separation/pairs.py:512: PerformanceWarning: DataFrame is highly fragmented.  This is usually the result of calling `frame.insert` many times, which has poor performance.  Consider joining all columns at once using pd.concat(axis=1) instead. To get a de-fragmented frame, use `newframe = frame.copy()`
  cells = grouped.agg(aggregate).reset_index()
/nfs/home/nshank3/ml_separator/src/lanthanide_separation/pairs.py:512: PerformanceWarning: DataFrame is highly fragmented.  This is usually the result of calling `frame.insert` many times, which has poor performance.  Consider joining all columns at once using pd.concat(axis=1) instead. To get a de-fragmented frame, use `newframe = frame.copy()`
  cells = grouped.agg(aggregate).reset_index()
/nfs/home/nshank3/ml_separator/src/lanthanide_separation/pairs.py:512: PerformanceWarning: DataFrame is highly fragmented.  This is usually the result of calling `frame.insert` many times, which has poor performance.  Consider joining all columns at once using pd.concat(axis=1) instead. To get a de-fragmented frame, use `newframe = frame.copy()`
  cells = grouped.agg(aggregate).reset_index()
/nfs/home/nshank3/ml_separator/src/lanthanide_separation/pairs.py:512: PerformanceWarning: DataFrame is highly fragmented.  This is usually the result of calling `frame.insert` many times, which has poor performance.  Consider joining all columns at once using pd.concat(axis=1) instead. To get a de-fragmented frame, use `newframe = frame.copy()`
  cells = grouped.agg(aggregate).reset_index()
/nfs/home/nshank3/ml_separator/src/lanthanide_separation/pairs.py:512: PerformanceWarning: DataFrame is highly fragmented.  This is usually the result of calling `frame.insert` many times, which has poor performance.  Consider joining all columns at once using pd.concat(axis=1) instead. To get a de-fragmented frame, use `newframe = frame.copy()`
  cells = grouped.agg(aggregate).reset_index()
/nfs/home/nshank3/ml_separator/src/lanthanide_separation/pairs.py:512: PerformanceWarning: DataFrame is highly fragmented.  This is usually the result of calling `frame.insert` many times, which has poor performance.  Consider joining all columns at once using pd.concat(axis=1) instead. To get a de-fragmented frame, use `newframe = frame.copy()`
  cells = grouped.agg(aggregate).reset_index()
/nfs/home/nshank3/ml_separator/src/lanthanide_separation/pairs.py:512: PerformanceWarning: DataFrame is highly fragmented.  This is usually the result of calling `frame.insert` many times, which has poor performance.  Consider joining all columns at once using pd.concat(axis=1) instead. To get a de-fragmented frame, use `newframe = frame.copy()`
  cells = grouped.agg(aggregate).reset_index()
/nfs/home/nshank3/ml_separator/src/lanthanide_separation/pairs.py:512: PerformanceWarning: DataFrame is highly fragmented.  This is usually the result of calling `frame.insert` many times, which has poor performance.  Consider joining all columns at once using pd.concat(axis=1) instead. To get a de-fragmented frame, use `newframe = frame.copy()`
  cells = grouped.agg(aggregate).reset_index()
/nfs/home/nshank3/ml_separator/src/lanthanide_separation/pairs.py:512: PerformanceWarning: DataFrame is highly fragmented.  This is usually the result of calling `frame.insert` many times, which has poor performance.  Consider joining all columns at once using pd.concat(axis=1) instead. To get a de-fragmented frame, use `newframe = frame.copy()`
  cells = grouped.agg(aggregate).reset_index()
/nfs/home/nshank3/ml_separator/src/lanthanide_separation/pairs.py:512: PerformanceWarning: DataFrame is highly fragmented.  This is usually the result of calling `frame.insert` many times, which has poor performance.  Consider joining all columns at once using pd.concat(axis=1) instead. To get a de-fragmented frame, use `newframe = frame.copy()`
  cells = grouped.agg(aggregate).reset_index()
/nfs/home/nshank3/ml_separator/src/lanthanide_separation/pairs.py:512: PerformanceWarning: DataFrame is highly fragmented.  This is usually the result of calling `frame.insert` many times, which has poor performance.  Consider joining all columns at once using pd.concat(axis=1) instead. To get a de-fragmented frame, use `newframe = frame.copy()`
  cells = grouped.agg(aggregate).reset_index()
/nfs/home/nshank3/ml_separator/src/lanthanide_separation/pairs.py:513: PerformanceWarning: DataFrame is highly fragmented.  This is usually the result of calling `frame.insert` many times, which has poor performance.  Consider joining all columns at once using pd.concat(axis=1) instead. To get a de-fragmented frame, use `newframe = frame.copy()`
  cells["n_replicates"] = grouped.size().to_numpy()
/nfs/home/nshank3/ml_separator/src/lanthanide_separation/pairs.py:514: PerformanceWarning: DataFrame is highly fragmented.  This is usually the result of calling `frame.insert` many times, which has poor performance.  Consider joining all columns at once using pd.concat(axis=1) instead. To get a de-fragmented frame, use `newframe = frame.copy()`
  cells["target_std"] = grouped["log_D"].std().to_numpy()
/nfs/home/nshank3/ml_separator/src/lanthanide_separation/pairs.py:515: PerformanceWarning: DataFrame is highly fragmented.  This is usually the result of calling `frame.insert` many times, which has poor performance.  Consider joining all columns at once using pd.concat(axis=1) instead. To get a de-fragmented frame, use `newframe = frame.copy()`
  cells["target_min"] = grouped["log_D"].min().to_numpy()
/nfs/home/nshank3/ml_separator/src/lanthanide_separation/pairs.py:516: PerformanceWarning: DataFrame is highly fragmented.  This is usually the result of calling `frame.insert` many times, which has poor performance.  Consider joining all columns at once using pd.concat(axis=1) instead. To get a de-fragmented frame, use `newframe = frame.copy()`
  cells["target_max"] = grouped["log_D"].max().to_numpy()
/nfs/home/nshank3/ml_separator/src/lanthanide_separation/pairs.py:517: PerformanceWarning: DataFrame is highly fragmented.  This is usually the result of calling `frame.insert` many times, which has poor performance.  Consider joining all columns at once using pd.concat(axis=1) instead. To get a de-fragmented frame, use `newframe = frame.copy()`
  cells["n_geometry_keys"] = grouped["geometry_key"].nunique(dropna=False).to_numpy()
/nfs/home/nshank3/ml_separator/src/lanthanide_separation/pairs.py:518: PerformanceWarning: DataFrame is highly fragmented.  This is usually the result of calling `frame.insert` many times, which has poor performance.  Consider joining all columns at once using pd.concat(axis=1) instead. To get a de-fragmented frame, use `newframe = frame.copy()`
  cells["Z"] = cells["metal"].map(LANTHANIDE_Z).astype(int)
/nfs/home/nshank3/ml_separator/scripts/run_simplicial_benchmark.py:341: Pandas4Warning: The 'verify_integrity' keyword in DataFrame.set_index is deprecated and will be removed in a future version. Directly check the result.index.is_unique instead.
  mapping = mapping.set_index("safe_exp_id", verify_integrity=True)
