===== SUITE oracles (seeds 3) =====
cohort 5248 rows / 152 extractants / fingerprint bed178ec1a7a82b0
suite oracles: 5 contenders
  [REAL_best_tree] seed 104729: pooled MAE 1.1944 (34.1s)
  [REAL_best_tree] seed 130363: pooled MAE 1.1228 (33.4s)
  [REAL_best_tree] seed 155921: pooled MAE 1.1122 (33.9s)
  [NULL_metal_cond] seed 104729: pooled MAE 1.3022 (6.2s)
  [NULL_metal_cond] seed 130363: pooled MAE 1.2311 (6.2s)
  [NULL_metal_cond] seed 155921: pooled MAE 1.2745 (6.1s)
  [ORACLE_level] seed 104729: pooled MAE 0.8051 (39.4s)
  [ORACLE_level] seed 130363: pooled MAE 0.8195 (41.8s)
  [ORACLE_level] seed 155921: pooled MAE 0.8130 (35.9s)
  [ORACLE_cell] seed 104729: pooled MAE 0.0000 (0.2s)
  [ORACLE_cell] seed 130363: pooled MAE 0.0000 (0.2s)
  [ORACLE_cell] seed 155921: pooled MAE 0.0000 (0.2s)
  [ORACLE_batch] seed 104729: pooled MAE 0.5721 (24.0s)
  [ORACLE_batch] seed 130363: pooled MAE 0.5716 (23.6s)
  [ORACLE_batch] seed 155921: pooled MAE 0.5705 (24.8s)

          model  macro_mae  macro_mae_sd   offset_mae  shape_mae  shape_r2  pooled_mae  nn_lt_0_4__macro_mae  n_seeds
    ORACLE_cell   0.000000      0.000000 0.000000e+00   0.000000  1.000000    0.000000              0.000000        3
   ORACLE_batch   0.350219      0.006736 4.372735e-17   0.363431  0.536381    0.571377              0.307637        3
   ORACLE_level   0.497358      0.003043 6.288004e-17   0.508647  0.207275    0.812545              0.376135        3
 REAL_best_tree   0.997634      0.029519 8.468032e-01   0.504532  0.170338    1.143144              0.840868        3
NULL_metal_cond   1.088196      0.012338 8.905353e-01   0.561397  0.024661    1.269279              0.928937        3

artifacts -> runs/gen7_architecture/oracles
===== SUITE indicators (seeds 3) =====
cohort 5248 rows / 152 extractants / fingerprint bed178ec1a7a82b0
suite indicators: 6 contenders
  [IND_none] seed 104729: pooled MAE 1.2691 (7.5s)
  [IND_none] seed 130363: pooled MAE 1.1535 (8.1s)
  [IND_none] seed 155921: pooled MAE 1.1397 (7.1s)
  [IND_all] seed 104729: pooled MAE 1.2033 (7.0s)
  [IND_all] seed 130363: pooled MAE 1.0927 (7.1s)
  [IND_all] seed 155921: pooled MAE 1.1001 (7.4s)
  [IND_noligand_none] seed 104729: pooled MAE 1.4056 (2.7s)
  [IND_noligand_none] seed 130363: pooled MAE 1.3102 (3.2s)
  [IND_noligand_none] seed 155921: pooled MAE 1.3661 (3.0s)
  [IND_noligand_all] seed 104729: pooled MAE 1.3188 (2.5s)
  [IND_noligand_all] seed 130363: pooled MAE 1.2276 (2.5s)
  [IND_noligand_all] seed 155921: pooled MAE 1.2598 (2.5s)
  [IND_nomassaction_all] seed 104729: pooled MAE 1.2107 (6.5s)
  [IND_nomassaction_all] seed 130363: pooled MAE 1.1099 (6.9s)
  [IND_nomassaction_all] seed 155921: pooled MAE 1.1039 (7.5s)
  [IND_nocond_all] seed 104729: pooled MAE 1.2034 (6.2s)
  [IND_nocond_all] seed 130363: pooled MAE 1.1038 (5.6s)
  [IND_nocond_all] seed 155921: pooled MAE 1.1090 (5.5s)

               model  macro_mae  macro_mae_sd  offset_mae  shape_mae  shape_r2  pooled_mae  nn_lt_0_4__macro_mae  n_seeds
             IND_all   1.047537      0.020581    0.870439   0.509516  0.154820    1.132036              0.982456        3
IND_nomassaction_all   1.073715      0.019380    0.887770   0.521855  0.136410    1.141508              1.026133        3
      IND_nocond_all   1.077871      0.027647    0.893776   0.517142  0.127761    1.138729              1.035748        3
   IND_noligand_none   1.087622      0.014156    0.943195   0.526674 -0.012086    1.360637              0.982855        3
    IND_noligand_all   1.090315      0.006172    0.939624   0.532200  0.057610    1.268729              0.883435        3
            IND_none   1.108949      0.028598    0.944566   0.515800  0.116781    1.187403              1.130073        3

artifacts -> runs/gen7_architecture/indicators
===== SUITE metal (seeds 3) =====
cohort 5248 rows / 152 extractants / fingerprint bed178ec1a7a82b0
suite metal: 6 contenders
  [MET_continuous] seed 104729: pooled MAE 1.1944 (19.7s)
  [MET_continuous] seed 130363: pooled MAE 1.1228 (21.6s)
  [MET_continuous] seed 155921: pooled MAE 1.1122 (21.3s)
  [MET_onehot] seed 104729: pooled MAE 1.2143 (21.1s)
  [MET_onehot] seed 130363: pooled MAE 1.1524 (20.6s)
  [MET_onehot] seed 155921: pooled MAE 1.1407 (20.6s)
  [MET_physical] seed 104729: pooled MAE 1.1769 (21.5s)
  [MET_physical] seed 130363: pooled MAE 1.1252 (21.2s)
  [MET_physical] seed 155921: pooled MAE 1.1110 (21.7s)
  [MET_continuous_physical] seed 104729: pooled MAE 1.1936 (22.1s)
  [MET_continuous_physical] seed 130363: pooled MAE 1.1169 (22.4s)
  [MET_continuous_physical] seed 155921: pooled MAE 1.1113 (23.0s)
  [MET_all] seed 104729: pooled MAE 1.1990 (23.3s)
  [MET_all] seed 130363: pooled MAE 1.1126 (22.3s)
  [MET_all] seed 155921: pooled MAE 1.1105 (22.4s)
  [MET_none] seed 104729: pooled MAE 1.2334 (19.4s)
  [MET_none] seed 130363: pooled MAE 1.1546 (20.0s)
  [MET_none] seed 155921: pooled MAE 1.1633 (19.8s)

                  model  macro_mae  macro_mae_sd  offset_mae  shape_mae  shape_r2  pooled_mae  nn_lt_0_4__macro_mae  n_seeds
           MET_physical   0.993161      0.026604    0.836561   0.502552  0.174844    1.137707              0.853154        3
                MET_all   0.994660      0.033391    0.838106   0.503547  0.174623    1.140677              0.838886        3
MET_continuous_physical   0.997578      0.033667    0.840607   0.504523  0.169330    1.140580              0.848097        3
         MET_continuous   0.997634      0.029519    0.846803   0.504532  0.170338    1.143144              0.840868        3
             MET_onehot   1.007789      0.034227    0.855358   0.516702  0.138456    1.169133              0.840291        3
               MET_none   1.019791      0.030675    0.863098   0.528806  0.107473    1.183780              0.838738        3

artifacts -> runs/gen7_architecture/metal
===== SUITE ligphys (seeds 3) =====
cohort 5248 rows / 152 extractants / fingerprint bed178ec1a7a82b0
suite ligphys: 7 contenders
  [LP_base] seed 104729: pooled MAE 1.3188 (3.4s)
  [LP_base] seed 130363: pooled MAE 1.2276 (3.0s)
  [LP_base] seed 155921: pooled MAE 1.2598 (3.2s)
  [LP_donors] seed 104729: pooled MAE 1.1937 (4.1s)
  [LP_donors] seed 130363: pooled MAE 1.1247 (3.7s)
  [LP_donors] seed 155921: pooled MAE 1.1076 (4.0s)
  [LP_ligphys] seed 104729: pooled MAE 1.2586 (3.9s)
  [LP_ligphys] seed 130363: pooled MAE 1.1598 (3.8s)
  [LP_ligphys] seed 155921: pooled MAE 1.1652 (3.6s)
  [LP_donors_ligphys] seed 104729: pooled MAE 1.1799 (4.5s)
  [LP_donors_ligphys] seed 130363: pooled MAE 1.1098 (4.6s)
  [LP_donors_ligphys] seed 155921: pooled MAE 1.0905 (4.5s)
  [LP_ecfp_ligphys] seed 104729: pooled MAE 1.1720 (21.5s)
  [LP_ecfp_ligphys] seed 130363: pooled MAE 1.1165 (21.0s)
  [LP_ecfp_ligphys] seed 155921: pooled MAE 1.1183 (20.6s)
  [LP_ecfp] seed 104729: pooled MAE 1.2081 (20.1s)
  [LP_ecfp] seed 130363: pooled MAE 1.1229 (19.8s)
  [LP_ecfp] seed 155921: pooled MAE 1.1278 (19.9s)
  [LP_everything] seed 104729: pooled MAE 1.2256 (32.6s)
  [LP_everything] seed 130363: pooled MAE 1.0945 (32.7s)
  [LP_everything] seed 155921: pooled MAE 1.0958 (32.2s)

            model  macro_mae  macro_mae_sd  offset_mae  shape_mae  shape_r2  pooled_mae  nn_lt_0_4__macro_mae  n_seeds
    LP_everything   0.989938      0.045028    0.835719   0.496464  0.208810    1.138652              0.891455        3
  LP_ecfp_ligphys   0.997079      0.026645    0.844698   0.504017  0.172322    1.135602              0.848835        3
          LP_ecfp   1.001198      0.028082    0.850144   0.505830  0.166402    1.152945              0.856417        3
LP_donors_ligphys   1.032209      0.049697    0.862137   0.505599  0.130932    1.126710              0.872929        3
        LP_donors   1.053690      0.042655    0.886157   0.509287  0.126499    1.141988              0.839668        3
       LP_ligphys   1.081040      0.025042    0.932329   0.512568  0.103969    1.194529              0.896693        3
          LP_base   1.090315      0.006172    0.939624   0.532200  0.057610    1.268729              0.883435        3

artifacts -> runs/gen7_architecture/ligphys
===== SUITE recovered (seeds 3) =====
cohort 5248 rows / 152 extractants / fingerprint bed178ec1a7a82b0
suite recovered: 5 contenders
  [REC_base] seed 104729: pooled MAE 1.2948 (3.9s)
  [REC_base] seed 130363: pooled MAE 1.2239 (3.6s)
  [REC_base] seed 155921: pooled MAE 1.2007 (4.6s)
  [REC_plus_recovered] seed 104729: pooled MAE 1.4321 (4.7s)
  [REC_plus_recovered] seed 130363: pooled MAE 1.2600 (4.2s)
  [REC_plus_recovered] seed 155921: pooled MAE 1.2937 (3.7s)
  [REC_champion] seed 104729: pooled MAE 1.2691 (8.4s)
  [REC_champion] seed 130363: pooled MAE 1.1535 (9.6s)
  [REC_champion] seed 155921: pooled MAE 1.1397 (9.3s)
  [REC_champion_plus_recovered] seed 104729: pooled MAE 1.2561 (9.4s)
  [REC_champion_plus_recovered] seed 130363: pooled MAE 1.1457 (10.1s)
  [REC_champion_plus_recovered] seed 155921: pooled MAE 1.1400 (9.7s)
  [REC_plus_recovered_catboost] seed 104729: pooled MAE 1.4103 (6.6s)
  [REC_plus_recovered_catboost] seed 130363: pooled MAE 1.2015 (6.4s)
  [REC_plus_recovered_catboost] seed 155921: pooled MAE 1.1761 (6.3s)

                      model  macro_mae  macro_mae_sd  offset_mae  shape_mae  shape_r2  pooled_mae  nn_lt_0_4__macro_mae  n_seeds
         REC_plus_recovered   1.004886      0.034688    0.836320   0.507484  0.103724    1.328602              0.968045        3
                   REC_base   1.035921      0.051904    0.887430   0.495577  0.106105    1.239805              1.019486        3
REC_plus_recovered_catboost   1.050621      0.058397    0.901893   0.528649  0.137784    1.262640              1.033700        3
REC_champion_plus_recovered   1.059044      0.046540    0.904778   0.503534  0.159921    1.180568              1.114413        3
               REC_champion   1.108949      0.028598    0.944566   0.515800  0.116781    1.187403              1.130073        3

artifacts -> runs/gen7_architecture/screen_recovered
===== SUITE embeddings (seeds 1) =====
cohort 5248 rows / 152 extractants / fingerprint bed178ec1a7a82b0
suite embeddings: 16 contenders
  [EMB_chemberta_raw] seed 104729: pooled MAE 1.2985 (17.7s)
  [EMB_chemberta_pca32] seed 104729: pooled MAE 1.4191 (6.2s)
  [EMB_chembertamlm_raw] seed 104729: pooled MAE 1.3364 (17.5s)
  [EMB_chembertamlm_pca32] seed 104729: pooled MAE 1.2959 (6.0s)
  [EMB_molformer_raw] seed 104729: pooled MAE 1.4470 (33.7s)
  [EMB_molformer_pca32] seed 104729: pooled MAE 1.4612 (6.2s)
  [EMB_molformercls_raw] seed 104729: pooled MAE 1.4276 (37.5s)
  [EMB_molformercls_pca32] seed 104729: pooled MAE 1.4755 (6.2s)
  [EMB_chembertacls_raw] seed 104729: pooled MAE 1.2106 (18.1s)
  [EMB_chembertacls_pca32] seed 104729: pooled MAE 1.3157 (5.9s)
  [EMB_chemberta_hybrid_pca32] seed 104729: pooled MAE 1.2764 (6.3s)
  [EMB_chemberta_hybrid_pca32_catboost] seed 104729: pooled MAE 1.3369 (9.9s)
  [EMB_chembertamlm_hybrid_pca32] seed 104729: pooled MAE 1.2128 (6.9s)
  [EMB_chembertamlm_hybrid_pca32_catboost] seed 104729: pooled MAE 1.2247 (12.7s)
  [EMB_molformer_hybrid_pca32] seed 104729: pooled MAE 1.3147 (8.1s)
  [EMB_molformer_hybrid_pca32_catboost] seed 104729: pooled MAE 1.4335 (12.2s)

                                 model  macro_mae  macro_mae_sd  offset_mae  shape_mae  shape_r2  pooled_mae  nn_lt_0_4__macro_mae  n_seeds
         EMB_chembertamlm_hybrid_pca32   1.096982           NaN    0.954685   0.520820  0.144662    1.212842              0.971381        1
            EMB_chemberta_hybrid_pca32   1.101103           NaN    0.970830   0.520426  0.142681    1.276351              0.983799        1
                EMB_chembertacls_pca32   1.117493           NaN    0.990386   0.527923  0.118977    1.315742              1.028169        1
                EMB_chembertamlm_pca32   1.119024           NaN    0.969780   0.540843  0.114197    1.295868              1.016385        1
            EMB_molformer_hybrid_pca32   1.127543           NaN    1.004939   0.516447  0.144874    1.314715              0.996954        1
                  EMB_chembertacls_raw   1.136452           NaN    0.975399   0.532553  0.134151    1.210619              1.144170        1
                   EMB_chemberta_pca32   1.145919           NaN    1.009245   0.544444  0.106454    1.419064              1.069117        1
                   EMB_molformer_pca32   1.162655           NaN    1.052452   0.530386  0.095721    1.461218              1.003248        1
                     EMB_chemberta_raw   1.183846           NaN    1.035277   0.541076  0.128630    1.298477              1.185539        1
                EMB_molformercls_pca32   1.191466           NaN    1.077609   0.542049  0.066684    1.475487              1.082272        1
                  EMB_chembertamlm_raw   1.202752           NaN    1.052913   0.545348  0.125970    1.336437              1.175121        1
EMB_chembertamlm_hybrid_pca32_catboost   1.244273           NaN    1.086111   0.550564  0.026667    1.224744              1.250314        1
                     EMB_molformer_raw   1.244928           NaN    1.128823   0.545903  0.142700    1.446975              1.217594        1
                  EMB_molformercls_raw   1.251935           NaN    1.136485   0.554188  0.129406    1.427589              1.268439        1
   EMB_molformer_hybrid_pca32_catboost   1.253955           NaN    1.143095   0.540170  0.140877    1.433526              1.215781        1
   EMB_chemberta_hybrid_pca32_catboost   1.274436           NaN    1.119875   0.550906  0.104053    1.336915              1.307939        1

artifacts -> runs/gen7_architecture/screen_embeddings
===== SUITE hnn (seeds 1) =====
cohort 5248 rows / 152 extractants / fingerprint bed178ec1a7a82b0
suite hnn: 16 contenders
/tmp/gen7_chain2.sh: line 3: 83152 Terminated: 15          .venv/bin/python scripts/run_gen7_experiment.py --suite $1 --seeds $2 --out runs/gen7_architecture/$3
SUITE hnn FAILED
===== SUITE representations (seeds 1) =====
cohort 5248 rows / 152 extractants / fingerprint bed178ec1a7a82b0
suite representations: 13 contenders
  [REP_none] seed 104729: pooled MAE 1.3356 (3.4s)
  [REP_massaction] seed 104729: pooled MAE 1.3188 (3.6s)
  [REP_donors] seed 104729: pooled MAE 1.2012 (3.7s)
  [REP_donors_massaction] seed 104729: pooled MAE 1.2042 (4.1s)
  [REP_physchem] seed 104729: pooled MAE 1.2744 (3.8s)
  [REP_ecfp] seed 104729: pooled MAE 1.1944 (22.3s)
  [REP_lig2d] seed 104729: pooled MAE 1.2015 (8.6s)
  [REP_compact] seed 104729: pooled MAE 1.1881 (3.9s)
  [REP_rich] seed 104729: pooled MAE 1.2056 (24.9s)
  [REP_3d_polyhedron] FAILED: ValueError: Input X contains infinity or a value too large for dtype('float64').
  [REP_3d_complexphys] seed 104729: pooled MAE 1.2915 (4.5s)
  [REP_3d_all] FAILED: ValueError: Input X contains infinity or a value too large for dtype('float64').
  [REP_2d_plus_3d] FAILED: ValueError: Input X contains infinity or a value too large for dtype('float64').

                model  macro_mae  macro_mae_sd  offset_mae  shape_mae  shape_r2  pooled_mae  nn_lt_0_4__macro_mae  n_seeds
             REP_ecfp   1.020013           NaN    0.884702   0.502454  0.165352    1.194441              0.880711        1
           REP_donors   1.020857           NaN    0.867594   0.510867  0.057214    1.201183              0.845598        1
REP_donors_massaction   1.030114           NaN    0.888948   0.500854  0.072960    1.204181              0.879487        1
             REP_rich   1.046227           NaN    0.920279   0.498636  0.188860    1.205638              0.962243        1
          REP_compact   1.060692           NaN    0.907699   0.504710  0.113589    1.188137              0.812779        1
            REP_lig2d   1.066568           NaN    0.935571   0.502860  0.160338    1.201459              1.005970        1
             REP_none   1.085840           NaN    0.919407   0.557395 -0.008754    1.335622              0.870313        1
       REP_massaction   1.088491           NaN    0.933127   0.540395  0.025892    1.318826              0.909112        1
         REP_physchem   1.103439           NaN    0.948573   0.525373  0.093221    1.274425              0.845875        1
   REP_3d_complexphys   1.185630           NaN    1.016047   0.553245  0.036483    1.291484              0.895611        1

artifacts -> runs/gen7_architecture/screen_representations
===== SUITE kernels (seeds 1) =====
cohort 5248 rows / 152 extractants / fingerprint bed178ec1a7a82b0
suite kernels: 5 contenders
  [KRR_tanimoto] seed 104729: pooled MAE 1.2631 (89.4s)
  [KRR_rbf_donors] seed 104729: pooled MAE 1.4005 (83.9s)
  [KRR_rbf_lig2d] seed 104729: pooled MAE 1.4731 (87.4s)
  [KRR_tanimoto_additive] seed 104729: pooled MAE 1.2292 (26.6s)
  [GP_tanimoto] seed 104729: pooled MAE 1.2600 (63.6s)

                model  macro_mae  macro_mae_sd  offset_mae  shape_mae  shape_r2  pooled_mae  nn_lt_0_4__macro_mae  n_seeds
         KRR_tanimoto   1.197610           NaN    1.055915   0.580253  0.109400    1.263137              1.169081        1
          GP_tanimoto   1.200979           NaN    1.054995   0.564344  0.145768    1.259974              1.247234        1
KRR_tanimoto_additive   1.229714           NaN    1.082194   0.565709  0.110387    1.229172              1.262053        1
       KRR_rbf_donors   1.298300           NaN    1.170170   0.537532 -0.102613    1.400513              1.316768        1
        KRR_rbf_lig2d   1.371582           NaN    1.262111   0.533845  0.113809    1.473052              1.508428        1

artifacts -> runs/gen7_architecture/screen_kernels
ALL SUITES DONE
