===== FINALISTS (5 seeds) =====
cohort 5248 rows / 152 extractants / fingerprint bed178ec1a7a82b0
suite finalists: 15 contenders
  [NULL_pair_mean] seed 104729: pooled MAE 1.7263 (0.2s)
  [NULL_pair_mean] seed 130363: pooled MAE 1.3781 (0.2s)
  [NULL_pair_mean] seed 155921: pooled MAE 1.6185 (0.2s)
  [NULL_pair_mean] seed 196613: pooled MAE 1.6948 (0.2s)
  [NULL_pair_mean] seed 262147: pooled MAE 1.4148 (0.2s)
  [NULL_metal_cond] seed 104729: pooled MAE 1.3022 (3.8s)
  [NULL_metal_cond] seed 130363: pooled MAE 1.2311 (4.1s)
  [NULL_metal_cond] seed 155921: pooled MAE 1.2745 (3.5s)
  [NULL_metal_cond] seed 196613: pooled MAE 1.3816 (3.3s)
  [NULL_metal_cond] seed 262147: pooled MAE 1.2603 (3.4s)
  [TREE_MC_lig2d_ext_massaction] seed 104729: pooled MAE 1.2015 (8.5s)
  [TREE_MC_lig2d_ext_massaction] seed 130363: pooled MAE 1.0958 (8.5s)
  [TREE_MC_lig2d_ext_massaction] seed 155921: pooled MAE 1.1019 (8.9s)
  [TREE_MC_lig2d_ext_massaction] seed 196613: pooled MAE 1.1188 (8.8s)
  [TREE_MC_lig2d_ext_massaction] seed 262147: pooled MAE 1.1482 (8.7s)
  [TREE_MC_ecfp_massaction] seed 104729: pooled MAE 1.1944 (21.5s)
  [TREE_MC_ecfp_massaction] seed 130363: pooled MAE 1.1228 (19.0s)
  [TREE_MC_ecfp_massaction] seed 155921: pooled MAE 1.1122 (20.8s)
  [TREE_MC_ecfp_massaction] seed 196613: pooled MAE 1.1263 (26.4s)
  [TREE_MC_ecfp_massaction] seed 262147: pooled MAE 1.1791 (21.5s)
  [TREE_MC_donors] seed 104729: pooled MAE 1.2012 (3.2s)
  [TREE_MC_donors] seed 130363: pooled MAE 1.1400 (3.1s)
  [TREE_MC_donors] seed 155921: pooled MAE 1.1240 (3.3s)
  [TREE_MC_donors] seed 196613: pooled MAE 1.2120 (3.6s)
  [TREE_MC_donors] seed 262147: pooled MAE 1.1376 (4.4s)
/Users/lilshadix/PycharmProjects/ml_separator/.venv/lib/python3.13/site-packages/sklearn/impute/_base.py:635: UserWarning: Skipping features without any observed values: [2396 2398 2400]. At least one non-missing value is needed for imputation with strategy='median'.
  warnings.warn(
/Users/lilshadix/PycharmProjects/ml_separator/.venv/lib/python3.13/site-packages/sklearn/impute/_base.py:635: UserWarning: Skipping features without any observed values: [2396 2398 2400]. At least one non-missing value is needed for imputation with strategy='median'.
  warnings.warn(
/Users/lilshadix/PycharmProjects/ml_separator/.venv/lib/python3.13/site-packages/sklearn/impute/_base.py:635: UserWarning: Skipping features without any observed values: [2396 2398 2400]. At least one non-missing value is needed for imputation with strategy='median'.
  warnings.warn(
/Users/lilshadix/PycharmProjects/ml_separator/.venv/lib/python3.13/site-packages/sklearn/impute/_base.py:635: UserWarning: Skipping features without any observed values: [2396 2398 2400]. At least one non-missing value is needed for imputation with strategy='median'.
  warnings.warn(
