===== SUITE learners (seeds 3) =====
cohort 5248 rows / 152 extractants / fingerprint bed178ec1a7a82b0
suite learners: 20 contenders
  [NULL_global_mean] seed 104729: pooled MAE 1.7512 (0.1s)
  [NULL_global_mean] seed 130363: pooled MAE 1.4498 (0.1s)
  [NULL_global_mean] seed 155921: pooled MAE 1.6786 (0.1s)
  [NULL_metal_cond] seed 104729: pooled MAE 1.3022 (2.7s)
  [NULL_metal_cond] seed 130363: pooled MAE 1.2311 (2.6s)
  [NULL_metal_cond] seed 155921: pooled MAE 1.2745 (2.7s)
  [TREE_MC_lig2d_ext_massaction] seed 104729: pooled MAE 1.2033 (5.7s)
  [TREE_MC_lig2d_ext_massaction] seed 130363: pooled MAE 1.0927 (6.0s)
  [TREE_MC_lig2d_ext_massaction] seed 155921: pooled MAE 1.1001 (5.3s)
  [TREE_MC_donors] seed 104729: pooled MAE 1.2012 (2.1s)
  [TREE_MC_donors] seed 130363: pooled MAE 1.1400 (2.1s)
  [TREE_MC_donors] seed 155921: pooled MAE 1.1240 (2.1s)
  [TREE_MC_all2d_massaction] seed 104729: pooled MAE 1.1982 (17.3s)
  [TREE_MC_all2d_massaction] seed 130363: pooled MAE 1.0962 (17.7s)
  [TREE_MC_all2d_massaction] seed 155921: pooled MAE 1.1131 (18.3s)
  [TREE_MC_ecfp_massaction] seed 104729: pooled MAE 1.1944 (15.8s)
  [TREE_MC_ecfp_massaction] seed 130363: pooled MAE 1.1228 (17.0s)
  [TREE_MC_ecfp_massaction] seed 155921: pooled MAE 1.1122 (16.7s)
  [TREE_MC] seed 104729: pooled MAE 1.3356 (2.2s)
  [TREE_MC] seed 130363: pooled MAE 1.2333 (2.3s)
  [TREE_MC] seed 155921: pooled MAE 1.2693 (2.2s)
  [LRN_extratrees] seed 104729: pooled MAE 1.2691 (6.7s)
  [LRN_extratrees] seed 130363: pooled MAE 1.1535 (6.7s)
  [LRN_extratrees] seed 155921: pooled MAE 1.1397 (6.9s)
  [LRN_randomforest] seed 104729: pooled MAE 1.1588 (5.0s)
  [LRN_randomforest] seed 130363: pooled MAE 1.1040 (5.1s)
  [LRN_randomforest] seed 155921: pooled MAE 1.1128 (5.2s)
  [LRN_hgb_mae] seed 104729: pooled MAE 1.2416 (20.5s)
  [LRN_hgb_mae] seed 130363: pooled MAE 1.1946 (18.5s)
  [LRN_hgb_mae] seed 155921: pooled MAE 1.0802 (18.1s)
  [LRN_hgb_l2] seed 104729: pooled MAE 1.1802 (16.9s)
  [LRN_hgb_l2] seed 130363: pooled MAE 1.3013 (16.8s)
  [LRN_hgb_l2] seed 155921: pooled MAE 1.1943 (16.9s)
  [LRN_catboost_mae] seed 104729: pooled MAE 1.2604 (11.8s)
  [LRN_catboost_mae] seed 130363: pooled MAE 1.0640 (11.8s)
  [LRN_catboost_mae] seed 155921: pooled MAE 1.0918 (12.3s)
  [LRN_catboost_rmse] seed 104729: pooled MAE 1.1492 (10.1s)
  [LRN_catboost_rmse] seed 130363: pooled MAE 1.0915 (9.7s)
  [LRN_catboost_rmse] seed 155921: pooled MAE 1.0993 (9.9s)
  [LRN_lightgbm_l1] seed 104729: pooled MAE 1.2208 (11.1s)
  [LRN_lightgbm_l1] seed 130363: pooled MAE 1.1074 (12.0s)
  [LRN_lightgbm_l1] seed 155921: pooled MAE 1.0624 (12.4s)
  [LRN_lightgbm_huber] seed 104729: pooled MAE 1.1464 (10.1s)
  [LRN_lightgbm_huber] seed 130363: pooled MAE 1.0423 (10.3s)
  [LRN_lightgbm_huber] seed 155921: pooled MAE 1.1156 (10.7s)
  [LRN_xgboost_mae] seed 104729: pooled MAE 1.1768 (6.3s)
  [LRN_xgboost_mae] seed 130363: pooled MAE 1.1337 (6.3s)
  [LRN_xgboost_mae] seed 155921: pooled MAE 1.0925 (5.0s)
  [LRN_ridge] seed 104729: pooled MAE 1.5219 (0.4s)
  [LRN_ridge] seed 130363: pooled MAE 1.3818 (0.4s)
  [LRN_ridge] seed 155921: pooled MAE 1.3222 (0.4s)
  [LRN_elasticnet] seed 104729: pooled MAE 1.4771 (1.5s)
  [LRN_elasticnet] seed 130363: pooled MAE 1.2781 (2.1s)
  [LRN_elasticnet] seed 155921: pooled MAE 1.2806 (2.0s)
  [LRN_kernelridge_rbf] seed 104729: pooled MAE 1.4959 (2.3s)
  [LRN_kernelridge_rbf] seed 130363: pooled MAE 1.3536 (2.1s)
  [LRN_kernelridge_rbf] seed 155921: pooled MAE 1.3483 (2.2s)
  [LRN_mlp] seed 104729: pooled MAE 1.2898 (12.8s)
  [LRN_mlp] seed 130363: pooled MAE 1.1799 (13.4s)
  [LRN_mlp] seed 155921: pooled MAE 1.2826 (13.9s)
Traceback (most recent call last):
  File "/Users/lilshadix/PycharmProjects/ml_separator/scripts/run_gen7_experiment.py", line 127, in <module>
    raise SystemExit(main())
                     ~~~~^^
  File "/Users/lilshadix/PycharmProjects/ml_separator/scripts/run_gen7_experiment.py", line 99, in main
    board = leaderboard(scores)
  File "/Users/lilshadix/PycharmProjects/ml_separator/src/lanthanide_separation/gen7/harness.py", line 450, in leaderboard
    out[f"{column}_sd"] = grouped[column].std()
                          ~~~~~~~^^^^^^^^
  File "/Users/lilshadix/PycharmProjects/ml_separator/.venv/lib/python3.13/site-packages/pandas/core/groupby/generic.py", line 2938, in __getitem__
    return super().__getitem__(key)
           ~~~~~~~~~~~~~~~~~~~^^^^^
  File "/Users/lilshadix/PycharmProjects/ml_separator/.venv/lib/python3.13/site-packages/pandas/core/base.py", line 218, in __getitem__
    raise IndexError(f"Column(s) {self._selection} already selected")
IndexError: Column(s) ['split_seed', 'macro_mae', 'offset_mae', 'shape_mae', 'shape_r2', 'macro_mae_ligand', 'pooled_mae', 'pooled_r2', 'offset_share_of_sse', 'median_ligand_mae', 'worst_quartile_ligand_mae', 'rank_spearman', 'sign_accuracy', 'frac_within_0_5_log', 'frac_within_1_log', 'prediction_dispersion_ratio', 'n_rows', 'n_ligands', 'n_ecfp_clusters', 'n_superclusters', 'n_eff_pooled_rows', 'n_macro_units', 'nn_lt_0_4__macro_mae', 'nn_lt_0_4__offset_mae', 'nn_lt_0_4__shape_mae', 'nn_lt_0_4__n_rows', 'nn_lt_0_6__macro_mae', 'nn_lt_0_6__offset_mae', 'nn_lt_0_6__shape_mae', 'nn_lt_0_6__n_rows'] already selected
SUITE learners FAILED
===== SUITE representations (seeds 1) =====
cohort 5248 rows / 152 extractants / fingerprint bed178ec1a7a82b0
suite representations: 13 contenders
  [REP_none] seed 104729: pooled MAE 1.4381 (2.4s)
  [REP_massaction] seed 104729: pooled MAE 1.4056 (2.6s)
  [REP_donors] seed 104729: pooled MAE 1.3346 (2.8s)
  [REP_donors_massaction] seed 104729: pooled MAE 1.2948 (3.0s)
  [REP_physchem] seed 104729: pooled MAE 1.3231 (2.9s)
  [REP_ecfp] seed 104729: pooled MAE 1.2217 (15.9s)
  [REP_lig2d] seed 104729: pooled MAE 1.2691 (7.7s)
  [REP_compact] seed 104729: pooled MAE 1.2345 (3.4s)
  [REP_rich] seed 104729: pooled MAE 1.2799 (24.0s)
  [REP_3d_polyhedron] FAILED: ValueError: Input X contains infinity or a value too large for dtype('float64').
  [REP_3d_complexphys] seed 104729: pooled MAE 1.3486 (4.5s)
  [REP_3d_all] FAILED: ValueError: Input X contains infinity or a value too large for dtype('float64').
  [REP_2d_plus_3d] FAILED: ValueError: Input X contains infinity or a value too large for dtype('float64').
Traceback (most recent call last):
  File "/Users/lilshadix/PycharmProjects/ml_separator/scripts/run_gen7_experiment.py", line 127, in <module>
    raise SystemExit(main())
                     ~~~~^^
  File "/Users/lilshadix/PycharmProjects/ml_separator/scripts/run_gen7_experiment.py", line 99, in main
    board = leaderboard(scores)
  File "/Users/lilshadix/PycharmProjects/ml_separator/src/lanthanide_separation/gen7/harness.py", line 450, in leaderboard
    out[f"{column}_sd"] = grouped[column].std()
                          ~~~~~~~^^^^^^^^
  File "/Users/lilshadix/PycharmProjects/ml_separator/.venv/lib/python3.13/site-packages/pandas/core/groupby/generic.py", line 2938, in __getitem__
    return super().__getitem__(key)
           ~~~~~~~~~~~~~~~~~~~^^^^^
  File "/Users/lilshadix/PycharmProjects/ml_separator/.venv/lib/python3.13/site-packages/pandas/core/base.py", line 218, in __getitem__
    raise IndexError(f"Column(s) {self._selection} already selected")
IndexError: Column(s) ['split_seed', 'macro_mae', 'offset_mae', 'shape_mae', 'shape_r2', 'macro_mae_ligand', 'pooled_mae', 'pooled_r2', 'offset_share_of_sse', 'median_ligand_mae', 'worst_quartile_ligand_mae', 'rank_spearman', 'sign_accuracy', 'frac_within_0_5_log', 'frac_within_1_log', 'prediction_dispersion_ratio', 'n_rows', 'n_ligands', 'n_ecfp_clusters', 'n_superclusters', 'n_eff_pooled_rows', 'n_macro_units', 'nn_lt_0_4__macro_mae', 'nn_lt_0_4__offset_mae', 'nn_lt_0_4__shape_mae', 'nn_lt_0_4__n_rows', 'nn_lt_0_6__macro_mae', 'nn_lt_0_6__offset_mae', 'nn_lt_0_6__shape_mae', 'nn_lt_0_6__n_rows'] already selected
SUITE representations FAILED
===== SUITE recovered (seeds 3) =====
cohort 5248 rows / 152 extractants / fingerprint bed178ec1a7a82b0
suite recovered: 5 contenders
  [REC_base] seed 104729: pooled MAE 1.2948 (3.7s)
  [REC_base] seed 130363: pooled MAE 1.2239 (3.2s)
  [REC_base] seed 155921: pooled MAE 1.2007 (3.3s)
  [REC_plus_recovered] seed 104729: pooled MAE 1.4321 (3.4s)
  [REC_plus_recovered] seed 130363: pooled MAE 1.2600 (3.4s)
  [REC_plus_recovered] seed 155921: pooled MAE 1.2937 (3.3s)
  [REC_champion] seed 104729: pooled MAE 1.2691 (8.3s)
  [REC_champion] seed 130363: pooled MAE 1.1535 (7.9s)
  [REC_champion] seed 155921: pooled MAE 1.1397 (8.2s)
  [REC_champion_plus_recovered] seed 104729: pooled MAE 1.2561 (9.4s)
  [REC_champion_plus_recovered] seed 130363: pooled MAE 1.1457 (9.5s)
  [REC_champion_plus_recovered] seed 155921: pooled MAE 1.1400 (9.8s)
  [REC_plus_recovered_catboost] seed 104729: pooled MAE 1.4103 (6.5s)
  [REC_plus_recovered_catboost] seed 130363: pooled MAE 1.2015 (6.7s)
  [REC_plus_recovered_catboost] seed 155921: pooled MAE 1.1761 (6.8s)
Traceback (most recent call last):
  File "/Users/lilshadix/PycharmProjects/ml_separator/scripts/run_gen7_experiment.py", line 127, in <module>
    raise SystemExit(main())
                     ~~~~^^
  File "/Users/lilshadix/PycharmProjects/ml_separator/scripts/run_gen7_experiment.py", line 99, in main
    board = leaderboard(scores)
  File "/Users/lilshadix/PycharmProjects/ml_separator/src/lanthanide_separation/gen7/harness.py", line 450, in leaderboard
    out[f"{column}_sd"] = grouped[column].std()
                          ~~~~~~~^^^^^^^^
  File "/Users/lilshadix/PycharmProjects/ml_separator/.venv/lib/python3.13/site-packages/pandas/core/groupby/generic.py", line 2938, in __getitem__
    return super().__getitem__(key)
           ~~~~~~~~~~~~~~~~~~~^^^^^
  File "/Users/lilshadix/PycharmProjects/ml_separator/.venv/lib/python3.13/site-packages/pandas/core/base.py", line 218, in __getitem__
    raise IndexError(f"Column(s) {self._selection} already selected")
IndexError: Column(s) ['split_seed', 'macro_mae', 'offset_mae', 'shape_mae', 'shape_r2', 'macro_mae_ligand', 'pooled_mae', 'pooled_r2', 'offset_share_of_sse', 'median_ligand_mae', 'worst_quartile_ligand_mae', 'rank_spearman', 'sign_accuracy', 'frac_within_0_5_log', 'frac_within_1_log', 'prediction_dispersion_ratio', 'n_rows', 'n_ligands', 'n_ecfp_clusters', 'n_superclusters', 'n_eff_pooled_rows', 'n_macro_units', 'nn_lt_0_4__macro_mae', 'nn_lt_0_4__offset_mae', 'nn_lt_0_4__shape_mae', 'nn_lt_0_4__n_rows', 'nn_lt_0_6__macro_mae', 'nn_lt_0_6__offset_mae', 'nn_lt_0_6__shape_mae', 'nn_lt_0_6__n_rows'] already selected
SUITE recovered FAILED
===== SUITE kernels (seeds 1) =====
cohort 5248 rows / 152 extractants / fingerprint bed178ec1a7a82b0
suite kernels: 5 contenders
  [KRR_tanimoto] seed 104729: pooled MAE 1.2631 (81.7s)
  [KRR_rbf_donors] seed 104729: pooled MAE 1.4005 (80.1s)
  [KRR_rbf_lig2d] seed 104729: pooled MAE 1.4731 (69.5s)
  [KRR_tanimoto_additive] seed 104729: pooled MAE 1.2292 (20.5s)
/tmp/gen7_chain.sh: line 3: 67009 Terminated: 15          .venv/bin/python scripts/run_gen7_experiment.py --suite $1 --seeds $2 --out runs/gen7_architecture/$3
SUITE kernels FAILED
===== SUITE embeddings (seeds 1) =====
cohort 5248 rows / 152 extractants / fingerprint bed178ec1a7a82b0
suite embeddings: 16 contenders
  [EMB_chemberta_raw] seed 104729: pooled MAE 1.2985 (25.2s)
  [EMB_chemberta_pca32] seed 104729: pooled MAE 1.4191 (7.8s)
  [EMB_chembertamlm_raw] seed 104729: pooled MAE 1.3364 (27.0s)
  [EMB_chembertamlm_pca32] seed 104729: pooled MAE 1.2959 (7.9s)
  [EMB_molformer_raw] seed 104729: pooled MAE 1.4470 (50.0s)
  [EMB_molformer_pca32] seed 104729: pooled MAE 1.4612 (8.9s)
  [EMB_molformercls_raw] seed 104729: pooled MAE 1.4276 (54.8s)
  [EMB_molformercls_pca32] seed 104729: pooled MAE 1.4755 (9.6s)
  [EMB_chembertacls_raw] seed 104729: pooled MAE 1.2106 (28.8s)
  [EMB_chembertacls_pca32] seed 104729: pooled MAE 1.3157 (7.7s)
  [EMB_chemberta_hybrid_pca32] seed 104729: pooled MAE 1.2764 (8.4s)
  [EMB_chemberta_hybrid_pca32_catboost] seed 104729: pooled MAE 1.3369 (22.3s)
  [EMB_chembertamlm_hybrid_pca32] seed 104729: pooled MAE 1.2128 (8.0s)
  [EMB_chembertamlm_hybrid_pca32_catboost] seed 104729: pooled MAE 1.2247 (26.5s)
  [EMB_molformer_hybrid_pca32] seed 104729: pooled MAE 1.3147 (9.0s)
  [EMB_molformer_hybrid_pca32_catboost] seed 104729: pooled MAE 1.4335 (15.3s)

                                 model  macro_mae  macro_mae_sd  offset_mae  shape_mae  shape_r2  pooled_mae  nn_lt_0_4__macro_mae  n_seeds
         EMB_chembertamlm_hybrid_pca32   1.096982           NaN    0.954685   0.520820  0.144662    1.212842              0.971381        1
            EMB_chemberta_hybrid_pca32   1.101103           NaN    0.970830   0.520426  0.142681    1.276351              0.983799        1
                EMB_chembertacls_pca32   1.117493           NaN    0.990386   0.527923  0.118977    1.315742              1.028169        1
                EMB_chembertamlm_pca32   1.119024           NaN    0.969780   0.540843  0.114197    1.295868              1.016385        1
            EMB_molformer_hybrid_pca32   1.127543           NaN    1.004939   0.516447  0.144874    1.314715              0.996954        1
                  EMB_chembertacls_raw   1.136452           NaN    0.975399   0.532553  0.134151    1.210619              1.144170        1
                   EMB_chemberta_pca32   1.145919           NaN    1.009245   0.544444  0.106454    1.419064              1.069117        1
                   EMB_molformer_pca32   1.162655           NaN    1.052452   0.530386  0.095721    1.461218              1.003248        1
                     EMB_chemberta_raw   1.183846           NaN    1.035277   0.541076  0.128630    1.298477              1.185539        1
                EMB_molformercls_pca32   1.191466           NaN    1.077609   0.542049  0.066684    1.475487              1.082272        1
                  EMB_chembertamlm_raw   1.202752           NaN    1.052913   0.545348  0.125970    1.336437              1.175121        1
EMB_chembertamlm_hybrid_pca32_catboost   1.244273           NaN    1.086111   0.550564  0.026667    1.224744              1.250314        1
                     EMB_molformer_raw   1.244928           NaN    1.128823   0.545903  0.142700    1.446975              1.217594        1
                  EMB_molformercls_raw   1.251935           NaN    1.136485   0.554188  0.129406    1.427589              1.268439        1
   EMB_molformer_hybrid_pca32_catboost   1.253955           NaN    1.143095   0.540170  0.140877    1.433526              1.215781        1
   EMB_chemberta_hybrid_pca32_catboost   1.274436           NaN    1.119875   0.550906  0.104053    1.336915              1.307939        1

artifacts -> runs/gen7_architecture/screen_embeddings
===== SUITE hnn (seeds 1) =====
cohort 5248 rows / 152 extractants / fingerprint bed178ec1a7a82b0
suite hnn: 16 contenders
  [HNN_base_film] seed 104729: pooled MAE 1.3048 (1147.9s)
