
=== LP_everything ===
mechanism
LEVEL_ONLY      23
SINGLE_BATCH    21
SPARSE           9
UNCLASSIFIED     7
                                    extractant  n_rows      mae  offset_abs  shape_mae  nn_train_tanimoto  n_batches  frac_name_mismatch    mechanism
           CCCCOP(=S)(CP(=S)(OCCCC)OCCCC)OCCCC       6 4.196192    4.196192   0.439902           0.666667          6                 0.0   LEVEL_ONLY
CCCCCCCCN(CCCCCCCC)C(=O)COCC(=O)NCc1ccc(CNC(=O       9 3.296653    3.296653   0.078808           0.469388          2                 0.0   LEVEL_ONLY
CCCCCCCCCCN(CCCCCCCCCC)C(=O)[C@H](CCC)O[C@H](C      13 2.940420    2.940420   0.392197           0.656250          1                 0.0 SINGLE_BATCH
CCCCCCCCN(CCCCCCCC)C(=O)[C@H](CCC)O[C@H](CCC)C      14 2.866173    2.866173   0.397237           0.656250          1                 0.0 SINGLE_BATCH
CCCCCCCCCCN(CCCCCCCCCC)C(=O)C(C)OC(C)C(=O)N(CC      45 2.681174    2.681174   0.502822           0.676471          9                 0.0   LEVEL_ONLY
CCCCCCCCN(CCCCCCCC)C(=O)COCC(=O)NCc1cccc(CNC(=      37 2.358008    2.358008   0.782982           0.446429          4                 0.0   LEVEL_ONLY
CCCCCCCCCCCCNC(=O)c1cc(=O)cc(C(=O)NCCCCCCCCCCC       3 2.987308    2.987308   0.300552           0.400000          1                 0.0       SPARSE
         CCCCOP(=S)(COCP(=S)(OCCCC)OCCCC)OCCCC       6 2.828878    2.828878   1.021870           0.666667          6                 0.0   LEVEL_ONLY
O=P(c1ccccc1)(c1ccccc1)c1ccc2ccc3ccc(P(=O)(c4c       3 2.720850    2.720850   0.284629           0.470588          1                 0.0       SPARSE
CCCCCCCCN(CCCCCCCC)C(=O)[C@H](C)O[C@@H](C)C(=O      14 1.926986    1.926986   0.378849           0.676471          1                 0.0 SINGLE_BATCH
CCCCCCCCN(CCCCCCCC)C(=O)COCC(=O)NCCCOCCCNC(=O)      23 2.207789    2.110517   0.765325           0.521739          4                 0.0   LEVEL_ONLY
CC1(C)CCC(C)(C)c2nc(-c3ccc4ccc5ccc(-c6nnc7c(n6       6 2.240915    2.240915   0.302311           0.578947          6                 0.0   LEVEL_ONLY
CCCCN(CCCC)C(=O)C(Cc1ccccc1CC(C(=O)N(CCCC)CCCC       4 2.202177    2.202177   0.049983           0.475000          1                 0.0       SPARSE
CCCCCCCCN(CCCCCCCC)C(=O)COCC(=O)NCCCOc1cc(OCCC      15 1.931598    1.930934   1.085106           0.461538          4                 0.0 UNCLASSIFIED
           CN(C(=O)CC(=O)N(C)c1ccccc1)c1ccccc1      14 2.033691    2.033691   0.261099           0.678571          1                 0.0 SINGLE_BATCH
CCCCCCCCCCN(CCCCCCCCCC)C(=O)[C@H](C)O[C@H](CC)      14 1.727676    1.727676   0.317714           0.628571          1                 0.0 SINGLE_BATCH
CCCCCCCCN(CCCCCCCC)C(=O)COCC(=O)NCCCCCCCNC(=O)      11 1.886217    1.707478   0.899748           0.522727          2                 0.0 UNCLASSIFIED
CCc1ccc(N(CC)C(=O)c2ccc3ccc4ccc(C(=O)N(CC)c5cc      14 1.947635    1.947635   0.604756           0.500000          1                 0.0 SINGLE_BATCH
CCCCCCCCN(CCCCCCCC)C(=O)COCC(=O)NCCc1c(CC)c(CC      15 1.787821    1.787821   0.911266           0.450980          4                 0.0 UNCLASSIFIED
         CCCCCCCCN(CCCCCCCC)C(=O)COCC(=O)N(C)C       7 2.067865    2.067865   0.789598           0.589744          1                 0.0 SINGLE_BATCH

=== REAL_best_tree ===
mechanism
LEVEL_ONLY            24
SINGLE_BATCH          15
UNCLASSIFIED          12
UNMODELLED_SPECIES     6
SPARSE                 3
                                    extractant  n_rows      mae  offset_abs  shape_mae  nn_train_tanimoto  n_batches  frac_name_mismatch          mechanism
           CCCCOP(=S)(CP(=S)(OCCCC)OCCCC)OCCCC       6 4.279689    4.279689   0.468375           0.666667          6            0.000000         LEVEL_ONLY
CCCCCCCCN(CCCCCCCC)C(=O)COCC(=O)NCc1ccc(CNC(=O       9 3.561934    3.561934   0.127480           0.469388          2            0.000000         LEVEL_ONLY
CCCCCCCCN(CCCCCCCC)C(=O)[C@H](CCC)O[C@H](CCC)C      14 2.688723    2.688723   0.383412           0.656250          1            0.000000       SINGLE_BATCH
CCCCCCCCN(CCCCCCCC)C(=O)COCC(=O)NCc1cccc(CNC(=      37 2.809426    2.809426   0.679716           0.446429          4            0.000000         LEVEL_ONLY
CCCCCCCCCCN(CCCCCCCCCC)C(=O)[C@H](CCC)O[C@H](C      13 2.563803    2.563803   0.374096           0.656250          1            0.000000       SINGLE_BATCH
CCCCCCCCCCN(CCCCCCCCCC)C(=O)C(C)OC(C)C(=O)N(CC      45 2.003909    2.003909   0.491292           0.676471          9            0.000000         LEVEL_ONLY
         CCCCOP(=S)(COCP(=S)(OCCCC)OCCCC)OCCCC       6 2.687383    2.687383   0.945561           0.666667          6            0.000000         LEVEL_ONLY
CCCCCCCCN(CCCCCCCC)C(=O)COCC(=O)NCCCOCCCNC(=O)      23 2.612734    2.612734   0.616019           0.521739          4            0.000000         LEVEL_ONLY
           CN(C(=O)CC(=O)N(C)c1ccccc1)c1ccccc1      14 2.110651    2.110651   0.269308           0.678571          1            0.000000       SINGLE_BATCH
CC1(C)CCC(C)(C)c2nc(-c3ccc4ccc5ccc(-c6nnc7c(n6       6 2.243580    2.243580   0.312179           0.578947          6            0.000000         LEVEL_ONLY
CCCCCCCCN(CCCCCCCC)C(=O)COCC(=O)NCCCOc1cc(OCCC      15 2.064617    2.064617   1.138780           0.461538          4            0.000000       UNCLASSIFIED
CCCCCCCCN(CCCCCCCC)C(=O)[C@H](C)O[C@@H](C)C(=O      14 1.459496    1.459496   0.409141           0.676471          1            0.000000       SINGLE_BATCH
O=P(c1ccccc1)(c1ccccc1)c1ccc2ccc3ccc(P(=O)(c4c       3 2.180109    2.180109   0.342318           0.470588          1            0.000000             SPARSE
         CCCCCCCCN(CCCCCCCC)C(=O)COCC(=O)N(C)C       7 2.061280    2.061280   0.777327           0.589744          1            0.000000       SINGLE_BATCH
CCCCCCCCN(CCCCCCCC)C(=O)COC(C)C(=O)N(CCCCCCCC)      12 1.705864    1.000134   1.372486           0.676471          7            0.500000 UNMODELLED_SPECIES
CCCCCCCCCCCCN(C)C(=O)C1CC(OC)CC(C(=O)N(C)CCCCC      44 1.525174    1.430785   1.020701           0.500000          5            0.000000       UNCLASSIFIED
CCCCCCCCN(CCCCCCCC)C(=O)c1ccc2ccc3ccc(C(=O)N(C      35 1.812537    1.795423   0.644174           0.684211          5            0.342857 UNMODELLED_SPECIES
CCCCCCCCN(CCCCCCCC)C(=O)COCC(=O)NCCCCCCCNC(=O)      11 2.168616    2.168616   0.587415           0.522727          2            0.000000         LEVEL_ONLY
CCCCCc1nnc(-c2cccc(-c3cccc(-c4nnc(CCCCC)c(CCCC     230 1.767131    1.658066   0.929678           0.395349          3            0.056522       UNCLASSIFIED
CCCCCCCCN(CCCCCCCC)C(=O)COCC(=O)NCCNC(=O)c1cc(      15 1.816240    1.771210   1.023899           0.470588          4            0.000000       UNCLASSIFIED

artifacts -> runs/gen7_architecture/error_analysis
