===== pairwise (seeds 3) =====
cohort 5248 rows / 152 extractants / fingerprint bed178ec1a7a82b0
suite pairwise: 3 contenders
  [PAIR_control_offset_shape_tree] seed 104729: pooled MAE 1.3024 (2.8s)
  [PAIR_control_offset_shape_tree] seed 130363: pooled MAE 1.0851 (2.8s)
  [PAIR_control_offset_shape_tree] seed 155921: pooled MAE 1.1244 (3.1s)
  [PADRE_donors] seed 104729: pooled MAE 1.2260 (49.3s)
  [PADRE_donors] seed 130363: pooled MAE 1.1733 (49.7s)
  [PADRE_donors] seed 155921: pooled MAE 1.1790 (50.8s)
  [PADRE_donors_lig2d] seed 104729: pooled MAE 1.2938 (210.7s)
  [PADRE_donors_lig2d] seed 130363: pooled MAE 1.0693 (186.4s)
  [PADRE_donors_lig2d] seed 155921: pooled MAE 1.0878 (189.2s)

                         model  macro_mae  macro_mae_sd  offset_mae  shape_mae  shape_r2  pooled_mae  nn_lt_0_4__macro_mae  n_seeds
                  PADRE_donors   1.103412      0.023070    0.985677   0.486078  0.252660    1.192799              1.239389        3
            PADRE_donors_lig2d   1.106106      0.084845    0.974310   0.486078  0.252660    1.150307              1.364438        3
PAIR_control_offset_shape_tree   1.133821      0.044717    1.003875   0.482033  0.258821    1.170621              1.314439        3

artifacts -> runs/gen7_architecture/pairwise
===== finalists (seeds 5) =====
cohort 5248 rows / 152 extractants / fingerprint bed178ec1a7a82b0
suite finalists: 15 contenders
  [NULL_pair_mean] seed 104729: pooled MAE 1.7263 (0.1s)
  [NULL_pair_mean] seed 130363: pooled MAE 1.3781 (0.1s)
  [NULL_pair_mean] seed 155921: pooled MAE 1.6185 (0.1s)
  [NULL_pair_mean] seed 196613: pooled MAE 1.6948 (0.1s)
  [NULL_pair_mean] seed 262147: pooled MAE 1.4148 (0.1s)
  [NULL_metal_cond] seed 104729: pooled MAE 1.3022 (2.7s)
  [NULL_metal_cond] seed 130363: pooled MAE 1.2311 (3.3s)
  [NULL_metal_cond] seed 155921: pooled MAE 1.2745 (3.2s)
  [NULL_metal_cond] seed 196613: pooled MAE 1.3816 (3.4s)
  [NULL_metal_cond] seed 262147: pooled MAE 1.2603 (3.7s)
  [TREE_MC_lig2d_ext_massaction] seed 104729: pooled MAE 1.2033 (7.4s)
  [TREE_MC_lig2d_ext_massaction] seed 130363: pooled MAE 1.0927 (7.1s)
  [TREE_MC_lig2d_ext_massaction] seed 155921: pooled MAE 1.1001 (7.1s)
  [TREE_MC_lig2d_ext_massaction] seed 196613: pooled MAE 1.1261 (7.8s)
  [TREE_MC_lig2d_ext_massaction] seed 262147: pooled MAE 1.1479 (7.7s)
  [TREE_MC_ecfp_massaction] seed 104729: pooled MAE 1.1944 (18.2s)
  [TREE_MC_ecfp_massaction] seed 130363: pooled MAE 1.1228 (17.6s)
  [TREE_MC_ecfp_massaction] seed 155921: pooled MAE 1.1122 (16.9s)
  [TREE_MC_ecfp_massaction] seed 196613: pooled MAE 1.1263 (16.3s)
  [TREE_MC_ecfp_massaction] seed 262147: pooled MAE 1.1791 (15.7s)
  [TREE_MC_donors] seed 104729: pooled MAE 1.2012 (2.3s)
  [TREE_MC_donors] seed 130363: pooled MAE 1.1400 (2.3s)
  [TREE_MC_donors] seed 155921: pooled MAE 1.1240 (2.3s)
  [TREE_MC_donors] seed 196613: pooled MAE 1.2120 (2.3s)
  [TREE_MC_donors] seed 262147: pooled MAE 1.1376 (2.3s)
/Users/lilshadix/PycharmProjects/ml_separator/.venv/lib/python3.13/site-packages/sklearn/impute/_base.py:647: UserWarning: Skipping features without any observed values: [2396 2398 2400]. At least one non-missing value is needed for imputation with strategy='median'.
  warnings.warn(
/Users/lilshadix/PycharmProjects/ml_separator/.venv/lib/python3.13/site-packages/sklearn/impute/_base.py:647: UserWarning: Skipping features without any observed values: [2396 2398 2400]. At least one non-missing value is needed for imputation with strategy='median'.
  warnings.warn(
/Users/lilshadix/PycharmProjects/ml_separator/.venv/lib/python3.13/site-packages/sklearn/impute/_base.py:647: UserWarning: Skipping features without any observed values: [2396 2398 2400]. At least one non-missing value is needed for imputation with strategy='median'.
  warnings.warn(
/Users/lilshadix/PycharmProjects/ml_separator/.venv/lib/python3.13/site-packages/sklearn/impute/_base.py:647: UserWarning: Skipping features without any observed values: [2396 2398 2400]. At least one non-missing value is needed for imputation with strategy='median'.
  warnings.warn(
/Users/lilshadix/PycharmProjects/ml_separator/.venv/lib/python3.13/site-packages/sklearn/impute/_base.py:647: UserWarning: Skipping features without any observed values: [268]. At least one non-missing value is needed for imputation with strategy='median'.
  warnings.warn(
/Users/lilshadix/PycharmProjects/ml_separator/.venv/lib/python3.13/site-packages/sklearn/impute/_base.py:647: UserWarning: Skipping features without any observed values: [268]. At least one non-missing value is needed for imputation with strategy='median'.
  warnings.warn(
/Users/lilshadix/PycharmProjects/ml_separator/.venv/lib/python3.13/site-packages/sklearn/impute/_base.py:647: UserWarning: Skipping features without any observed values: [2332]. At least one non-missing value is needed for imputation with strategy='median'.
  warnings.warn(
/Users/lilshadix/PycharmProjects/ml_separator/.venv/lib/python3.13/site-packages/sklearn/impute/_base.py:647: UserWarning: Skipping features without any observed values: [2332]. At least one non-missing value is needed for imputation with strategy='median'.
  warnings.warn(
/Users/lilshadix/PycharmProjects/ml_separator/.venv/lib/python3.13/site-packages/sklearn/impute/_base.py:647: UserWarning: Skipping features without any observed values: [2400]. At least one non-missing value is needed for imputation with strategy='median'.
  warnings.warn(
/Users/lilshadix/PycharmProjects/ml_separator/.venv/lib/python3.13/site-packages/sklearn/impute/_base.py:647: UserWarning: Skipping features without any observed values: [2400]. At least one non-missing value is needed for imputation with strategy='median'.
  warnings.warn(
  [SELECT_inner] seed 104729: pooled MAE 1.1567 (94.4s)
/Users/lilshadix/PycharmProjects/ml_separator/.venv/lib/python3.13/site-packages/sklearn/impute/_base.py:647: UserWarning: Skipping features without any observed values: [2400]. At least one non-missing value is needed for imputation with strategy='median'.
  warnings.warn(
/Users/lilshadix/PycharmProjects/ml_separator/.venv/lib/python3.13/site-packages/sklearn/impute/_base.py:647: UserWarning: Skipping features without any observed values: [2400]. At least one non-missing value is needed for imputation with strategy='median'.
  warnings.warn(
/Users/lilshadix/PycharmProjects/ml_separator/.venv/lib/python3.13/site-packages/sklearn/impute/_base.py:647: UserWarning: Skipping features without any observed values: [2400]. At least one non-missing value is needed for imputation with strategy='median'.
  warnings.warn(
/Users/lilshadix/PycharmProjects/ml_separator/.venv/lib/python3.13/site-packages/sklearn/impute/_base.py:647: UserWarning: Skipping features without any observed values: [2400]. At least one non-missing value is needed for imputation with strategy='median'.
  warnings.warn(
/Users/lilshadix/PycharmProjects/ml_separator/.venv/lib/python3.13/site-packages/sklearn/impute/_base.py:647: UserWarning: Skipping features without any observed values: [2400]. At least one non-missing value is needed for imputation with strategy='median'.
  warnings.warn(
/Users/lilshadix/PycharmProjects/ml_separator/.venv/lib/python3.13/site-packages/sklearn/impute/_base.py:647: UserWarning: Skipping features without any observed values: [2400]. At least one non-missing value is needed for imputation with strategy='median'.
  warnings.warn(
/Users/lilshadix/PycharmProjects/ml_separator/.venv/lib/python3.13/site-packages/sklearn/impute/_base.py:647: UserWarning: Skipping features without any observed values: [2400]. At least one non-missing value is needed for imputation with strategy='median'.
  warnings.warn(
/Users/lilshadix/PycharmProjects/ml_separator/.venv/lib/python3.13/site-packages/sklearn/impute/_base.py:647: UserWarning: Skipping features without any observed values: [2400]. At least one non-missing value is needed for imputation with strategy='median'.
  warnings.warn(
/Users/lilshadix/PycharmProjects/ml_separator/.venv/lib/python3.13/site-packages/sklearn/impute/_base.py:647: UserWarning: Skipping features without any observed values: [2400]. At least one non-missing value is needed for imputation with strategy='median'.
  warnings.warn(
/Users/lilshadix/PycharmProjects/ml_separator/.venv/lib/python3.13/site-packages/sklearn/impute/_base.py:647: UserWarning: Skipping features without any observed values: [2400]. At least one non-missing value is needed for imputation with strategy='median'.
  warnings.warn(
/Users/lilshadix/PycharmProjects/ml_separator/.venv/lib/python3.13/site-packages/sklearn/impute/_base.py:647: UserWarning: Skipping features without any observed values: [268]. At least one non-missing value is needed for imputation with strategy='median'.
  warnings.warn(
/Users/lilshadix/PycharmProjects/ml_separator/.venv/lib/python3.13/site-packages/sklearn/impute/_base.py:647: UserWarning: Skipping features without any observed values: [268]. At least one non-missing value is needed for imputation with strategy='median'.
  warnings.warn(
/Users/lilshadix/PycharmProjects/ml_separator/.venv/lib/python3.13/site-packages/sklearn/impute/_base.py:647: UserWarning: Skipping features without any observed values: [2332]. At least one non-missing value is needed for imputation with strategy='median'.
  warnings.warn(
/Users/lilshadix/PycharmProjects/ml_separator/.venv/lib/python3.13/site-packages/sklearn/impute/_base.py:647: UserWarning: Skipping features without any observed values: [2332]. At least one non-missing value is needed for imputation with strategy='median'.
  warnings.warn(
  [SELECT_inner] seed 130363: pooled MAE 1.1212 (113.7s)
/Users/lilshadix/PycharmProjects/ml_separator/.venv/lib/python3.13/site-packages/sklearn/impute/_base.py:647: UserWarning: Skipping features without any observed values: [2400]. At least one non-missing value is needed for imputation with strategy='median'.
  warnings.warn(
/Users/lilshadix/PycharmProjects/ml_separator/.venv/lib/python3.13/site-packages/sklearn/impute/_base.py:647: UserWarning: Skipping features without any observed values: [2400]. At least one non-missing value is needed for imputation with strategy='median'.
  warnings.warn(
/Users/lilshadix/PycharmProjects/ml_separator/.venv/lib/python3.13/site-packages/sklearn/impute/_base.py:647: UserWarning: Skipping features without any observed values: [2400]. At least one non-missing value is needed for imputation with strategy='median'.
  warnings.warn(
/Users/lilshadix/PycharmProjects/ml_separator/.venv/lib/python3.13/site-packages/sklearn/impute/_base.py:647: UserWarning: Skipping features without any observed values: [2400]. At least one non-missing value is needed for imputation with strategy='median'.
  warnings.warn(
/Users/lilshadix/PycharmProjects/ml_separator/.venv/lib/python3.13/site-packages/sklearn/impute/_base.py:647: UserWarning: Skipping features without any observed values: [2400]. At least one non-missing value is needed for imputation with strategy='median'.
  warnings.warn(
/Users/lilshadix/PycharmProjects/ml_separator/.venv/lib/python3.13/site-packages/sklearn/impute/_base.py:647: UserWarning: Skipping features without any observed values: [2400]. At least one non-missing value is needed for imputation with strategy='median'.
  warnings.warn(
/Users/lilshadix/PycharmProjects/ml_separator/.venv/lib/python3.13/site-packages/sklearn/impute/_base.py:647: UserWarning: Skipping features without any observed values: [2396]. At least one non-missing value is needed for imputation with strategy='median'.
  warnings.warn(
/Users/lilshadix/PycharmProjects/ml_separator/.venv/lib/python3.13/site-packages/sklearn/impute/_base.py:647: UserWarning: Skipping features without any observed values: [2396]. At least one non-missing value is needed for imputation with strategy='median'.
  warnings.warn(
  [SELECT_inner] seed 155921: pooled MAE 1.1025 (125.9s)
/Users/lilshadix/PycharmProjects/ml_separator/.venv/lib/python3.13/site-packages/sklearn/impute/_base.py:647: UserWarning: Skipping features without any observed values: [2396]. At least one non-missing value is needed for imputation with strategy='median'.
  warnings.warn(
/Users/lilshadix/PycharmProjects/ml_separator/.venv/lib/python3.13/site-packages/sklearn/impute/_base.py:647: UserWarning: Skipping features without any observed values: [2396]. At least one non-missing value is needed for imputation with strategy='median'.
  warnings.warn(
/Users/lilshadix/PycharmProjects/ml_separator/.venv/lib/python3.13/site-packages/sklearn/impute/_base.py:647: UserWarning: Skipping features without any observed values: [268]. At least one non-missing value is needed for imputation with strategy='median'.
  warnings.warn(
/Users/lilshadix/PycharmProjects/ml_separator/.venv/lib/python3.13/site-packages/sklearn/impute/_base.py:647: UserWarning: Skipping features without any observed values: [268]. At least one non-missing value is needed for imputation with strategy='median'.
  warnings.warn(
/Users/lilshadix/PycharmProjects/ml_separator/.venv/lib/python3.13/site-packages/sklearn/impute/_base.py:647: UserWarning: Skipping features without any observed values: [2332]. At least one non-missing value is needed for imputation with strategy='median'.
  warnings.warn(
/Users/lilshadix/PycharmProjects/ml_separator/.venv/lib/python3.13/site-packages/sklearn/impute/_base.py:647: UserWarning: Skipping features without any observed values: [2332]. At least one non-missing value is needed for imputation with strategy='median'.
  warnings.warn(
/Users/lilshadix/PycharmProjects/ml_separator/.venv/lib/python3.13/site-packages/sklearn/impute/_base.py:647: UserWarning: Skipping features without any observed values: [268]. At least one non-missing value is needed for imputation with strategy='median'.
  warnings.warn(
/Users/lilshadix/PycharmProjects/ml_separator/.venv/lib/python3.13/site-packages/sklearn/impute/_base.py:647: UserWarning: Skipping features without any observed values: [268]. At least one non-missing value is needed for imputation with strategy='median'.
  warnings.warn(
/Users/lilshadix/PycharmProjects/ml_separator/.venv/lib/python3.13/site-packages/sklearn/impute/_base.py:647: UserWarning: Skipping features without any observed values: [2332]. At least one non-missing value is needed for imputation with strategy='median'.
  warnings.warn(
/Users/lilshadix/PycharmProjects/ml_separator/.venv/lib/python3.13/site-packages/sklearn/impute/_base.py:647: UserWarning: Skipping features without any observed values: [2332]. At least one non-missing value is needed for imputation with strategy='median'.
  warnings.warn(
/Users/lilshadix/PycharmProjects/ml_separator/.venv/lib/python3.13/site-packages/sklearn/impute/_base.py:647: UserWarning: Skipping features without any observed values: [268]. At least one non-missing value is needed for imputation with strategy='median'.
  warnings.warn(
/Users/lilshadix/PycharmProjects/ml_separator/.venv/lib/python3.13/site-packages/sklearn/impute/_base.py:647: UserWarning: Skipping features without any observed values: [268]. At least one non-missing value is needed for imputation with strategy='median'.
  warnings.warn(
/Users/lilshadix/PycharmProjects/ml_separator/.venv/lib/python3.13/site-packages/sklearn/impute/_base.py:647: UserWarning: Skipping features without any observed values: [2332 2400]. At least one non-missing value is needed for imputation with strategy='median'.
  warnings.warn(
/Users/lilshadix/PycharmProjects/ml_separator/.venv/lib/python3.13/site-packages/sklearn/impute/_base.py:647: UserWarning: Skipping features without any observed values: [2332 2400]. At least one non-missing value is needed for imputation with strategy='median'.
  warnings.warn(
/Users/lilshadix/PycharmProjects/ml_separator/.venv/lib/python3.13/site-packages/sklearn/impute/_base.py:647: UserWarning: Skipping features without any observed values: [2396]. At least one non-missing value is needed for imputation with strategy='median'.
  warnings.warn(
/Users/lilshadix/PycharmProjects/ml_separator/.venv/lib/python3.13/site-packages/sklearn/impute/_base.py:647: UserWarning: Skipping features without any observed values: [2396]. At least one non-missing value is needed for imputation with strategy='median'.
  warnings.warn(
/Users/lilshadix/PycharmProjects/ml_separator/.venv/lib/python3.13/site-packages/sklearn/impute/_base.py:647: UserWarning: Skipping features without any observed values: [2400]. At least one non-missing value is needed for imputation with strategy='median'.
  warnings.warn(
/Users/lilshadix/PycharmProjects/ml_separator/.venv/lib/python3.13/site-packages/sklearn/impute/_base.py:647: UserWarning: Skipping features without any observed values: [2400]. At least one non-missing value is needed for imputation with strategy='median'.
  warnings.warn(
/Users/lilshadix/PycharmProjects/ml_separator/.venv/lib/python3.13/site-packages/sklearn/impute/_base.py:647: UserWarning: Skipping features without any observed values: [2400]. At least one non-missing value is needed for imputation with strategy='median'.
  warnings.warn(
/Users/lilshadix/PycharmProjects/ml_separator/.venv/lib/python3.13/site-packages/sklearn/impute/_base.py:647: UserWarning: Skipping features without any observed values: [2400]. At least one non-missing value is needed for imputation with strategy='median'.
  warnings.warn(
  [SELECT_inner] seed 196613: pooled MAE 1.1386 (104.1s)
/Users/lilshadix/PycharmProjects/ml_separator/.venv/lib/python3.13/site-packages/sklearn/impute/_base.py:647: UserWarning: Skipping features without any observed values: [2396]. At least one non-missing value is needed for imputation with strategy='median'.
  warnings.warn(
/Users/lilshadix/PycharmProjects/ml_separator/.venv/lib/python3.13/site-packages/sklearn/impute/_base.py:647: UserWarning: Skipping features without any observed values: [2396]. At least one non-missing value is needed for imputation with strategy='median'.
  warnings.warn(
/Users/lilshadix/PycharmProjects/ml_separator/.venv/lib/python3.13/site-packages/sklearn/impute/_base.py:647: UserWarning: Skipping features without any observed values: [268]. At least one non-missing value is needed for imputation with strategy='median'.
  warnings.warn(
/Users/lilshadix/PycharmProjects/ml_separator/.venv/lib/python3.13/site-packages/sklearn/impute/_base.py:647: UserWarning: Skipping features without any observed values: [268]. At least one non-missing value is needed for imputation with strategy='median'.
  warnings.warn(
/Users/lilshadix/PycharmProjects/ml_separator/.venv/lib/python3.13/site-packages/sklearn/impute/_base.py:647: UserWarning: Skipping features without any observed values: [2332 2396]. At least one non-missing value is needed for imputation with strategy='median'.
  warnings.warn(
/Users/lilshadix/PycharmProjects/ml_separator/.venv/lib/python3.13/site-packages/sklearn/impute/_base.py:647: UserWarning: Skipping features without any observed values: [2332 2396]. At least one non-missing value is needed for imputation with strategy='median'.
  warnings.warn(
/Users/lilshadix/PycharmProjects/ml_separator/.venv/lib/python3.13/site-packages/sklearn/impute/_base.py:647: UserWarning: Skipping features without any observed values: [2400]. At least one non-missing value is needed for imputation with strategy='median'.
  warnings.warn(
/Users/lilshadix/PycharmProjects/ml_separator/.venv/lib/python3.13/site-packages/sklearn/impute/_base.py:647: UserWarning: Skipping features without any observed values: [2400]. At least one non-missing value is needed for imputation with strategy='median'.
  warnings.warn(
/Users/lilshadix/PycharmProjects/ml_separator/.venv/lib/python3.13/site-packages/sklearn/impute/_base.py:647: UserWarning: Skipping features without any observed values: [2400]. At least one non-missing value is needed for imputation with strategy='median'.
  warnings.warn(
/Users/lilshadix/PycharmProjects/ml_separator/.venv/lib/python3.13/site-packages/sklearn/impute/_base.py:647: UserWarning: Skipping features without any observed values: [2400]. At least one non-missing value is needed for imputation with strategy='median'.
  warnings.warn(
/Users/lilshadix/PycharmProjects/ml_separator/.venv/lib/python3.13/site-packages/sklearn/impute/_base.py:647: UserWarning: Skipping features without any observed values: [2400]. At least one non-missing value is needed for imputation with strategy='median'.
  warnings.warn(
/Users/lilshadix/PycharmProjects/ml_separator/.venv/lib/python3.13/site-packages/sklearn/impute/_base.py:647: UserWarning: Skipping features without any observed values: [2400]. At least one non-missing value is needed for imputation with strategy='median'.
  warnings.warn(
  [SELECT_inner] seed 262147: pooled MAE 1.1627 (126.8s)
  [GEN7_everything_EXPLORATORY] seed 104729: pooled MAE 1.2061 (21.7s)
  [GEN7_everything_EXPLORATORY] seed 130363: pooled MAE 1.0973 (21.7s)
  [GEN7_everything_EXPLORATORY] seed 155921: pooled MAE 1.1028 (21.4s)
  [GEN7_everything_EXPLORATORY] seed 196613: pooled MAE 1.1398 (21.8s)
  [GEN7_everything_EXPLORATORY] seed 262147: pooled MAE 1.1640 (21.8s)
  [GEN7_metalphys_ecfp_EXPLORATORY] seed 104729: pooled MAE 1.1769 (15.2s)
  [GEN7_metalphys_ecfp_EXPLORATORY] seed 130363: pooled MAE 1.1252 (15.0s)
  [GEN7_metalphys_ecfp_EXPLORATORY] seed 155921: pooled MAE 1.1110 (14.8s)
  [GEN7_metalphys_ecfp_EXPLORATORY] seed 196613: pooled MAE 1.1303 (14.8s)
  [GEN7_metalphys_ecfp_EXPLORATORY] seed 262147: pooled MAE 1.1834 (14.8s)
  [IND_all] seed 104729: pooled MAE 1.2033 (6.2s)
  [IND_all] seed 130363: pooled MAE 1.0927 (6.2s)
  [IND_all] seed 155921: pooled MAE 1.1001 (6.1s)
  [IND_all] seed 196613: pooled MAE 1.1261 (6.1s)
  [IND_all] seed 262147: pooled MAE 1.1479 (6.1s)
  [IND_none] seed 104729: pooled MAE 1.2691 (6.0s)
  [IND_none] seed 130363: pooled MAE 1.1535 (6.1s)
  [IND_none] seed 155921: pooled MAE 1.1397 (6.0s)
  [IND_none] seed 196613: pooled MAE 1.1700 (6.1s)
  [IND_none] seed 262147: pooled MAE 1.2261 (6.0s)
  [DECONF_batch] seed 104729: pooled MAE 1.2511 (13.0s)
  [DECONF_batch] seed 130363: pooled MAE 1.0815 (13.2s)
  [DECONF_batch] seed 155921: pooled MAE 1.0929 (12.9s)
  [DECONF_batch] seed 196613: pooled MAE 1.0881 (13.1s)
  [DECONF_batch] seed 262147: pooled MAE 1.2088 (12.8s)
  [DECOMP_offset_shape_tree] seed 104729: pooled MAE 1.3024 (3.3s)
  [DECOMP_offset_shape_tree] seed 130363: pooled MAE 1.0851 (3.2s)
  [DECOMP_offset_shape_tree] seed 155921: pooled MAE 1.1244 (3.2s)
  [DECOMP_offset_shape_tree] seed 196613: pooled MAE 1.1570 (3.2s)
  [DECOMP_offset_shape_tree] seed 262147: pooled MAE 1.1217 (3.2s)
  [REC_ecfp_plus_recovered] seed 104729: pooled MAE 1.2016 (14.6s)
  [REC_ecfp_plus_recovered] seed 130363: pooled MAE 1.1375 (14.6s)
  [REC_ecfp_plus_recovered] seed 155921: pooled MAE 1.1246 (14.5s)
  [REC_ecfp_plus_recovered] seed 196613: pooled MAE 1.1622 (14.5s)
  [REC_ecfp_plus_recovered] seed 262147: pooled MAE 1.1690 (14.4s)
  [HNN_base_film] seed 104729: pooled MAE 1.2814 (166.1s)
  [HNN_base_film] seed 130363: pooled MAE 1.1779 (248.6s)
  [HNN_base_film] seed 155921: pooled MAE 1.1556 (323.1s)
  [HNN_base_film] seed 196613: pooled MAE 1.2780 (188.4s)
  [HNN_base_film] seed 262147: pooled MAE 1.0979 (290.7s)
  [PADRE_donors] seed 104729: pooled MAE 1.2260 (48.7s)
  [PADRE_donors] seed 130363: pooled MAE 1.1733 (49.0s)
  [PADRE_donors] seed 155921: pooled MAE 1.1790 (48.7s)
  [PADRE_donors] seed 196613: pooled MAE 1.2682 (48.8s)
  [PADRE_donors] seed 262147: pooled MAE 1.0672 (48.8s)

                          model  macro_mae  macro_mae_sd  offset_mae  shape_mae  shape_r2  pooled_mae  nn_lt_0_4__macro_mae  n_seeds
        REC_ecfp_plus_recovered   0.980706      0.022326    0.821172   0.502454  0.202336    1.158990              0.857826        5
    GEN7_everything_EXPLORATORY   0.999579      0.023849    0.843578   0.495642  0.211346    1.141988              0.926018        5
GEN7_metalphys_ecfp_EXPLORATORY   0.999646      0.021427    0.843654   0.502781  0.173518    1.145360              0.881941        5
        TREE_MC_ecfp_massaction   1.003150      0.022984    0.851016   0.504010  0.169262    1.146961              0.869869        5
                 TREE_MC_donors   1.014973      0.038944    0.861303   0.499086  0.068256    1.162956              0.942139        5
                   SELECT_inner   1.019706      0.037697    0.855150   0.506009  0.169652    1.136333              0.910411        5
                        IND_all   1.046762      0.014633    0.874384   0.506941  0.162131    1.134017              1.024060        5
   TREE_MC_lig2d_ext_massaction   1.046762      0.014633    0.874384   0.506941  0.162131    1.134017              1.024060        5
                   DECONF_batch   1.060492      0.048113    0.917142   0.501685  0.175522    1.144481              1.020279        5
                NULL_metal_cond   1.099496      0.019158    0.907881   0.563888  0.004426    1.289958              0.987358        5
                   PADRE_donors   1.100703      0.055188    0.977359   0.490231  0.249458    1.182761              1.259669        5
                       IND_none   1.114044      0.023264    0.954112   0.513709  0.116720    1.191648              1.166910        5
       DECOMP_offset_shape_tree   1.130220      0.034317    0.997030   0.486637  0.256338    1.158113              1.329739        5
                  HNN_base_film   1.132896      0.058000    1.007059   0.529848  0.118233    1.198152              1.156011        5
                 NULL_pair_mean   1.550535      0.062269    1.373170   0.602828  0.000000    1.566486              1.770276        5

artifacts -> runs/gen7_architecture/finalists
===== ABLATION =====
full model blocks: ['METAL', 'COND', 'ECFP', 'MASSACTION', 'LIG2D_EXT', 'DONORS', 'PHYSCHEM', 'LIGPHYS', 'RECOVERED']
  [ABL_full] seed 104729: pooled MAE 1.2073 (16.5s)
  [ABL_full] seed 130363: pooled MAE 1.1057 (16.5s)
  [ABL_full] seed 155921: pooled MAE 1.1055 (17.8s)
  [ABL_minus_indicators] seed 104729: pooled MAE 1.2889 (23.5s)
  [ABL_minus_indicators] seed 130363: pooled MAE 1.1114 (31.8s)
  [ABL_minus_indicators] seed 155921: pooled MAE 1.0911 (23.9s)
  [ABL_minus_recovered] seed 104729: pooled MAE 1.2250 (21.6s)
  [ABL_minus_recovered] seed 130363: pooled MAE 1.1006 (21.1s)
  [ABL_minus_recovered] seed 155921: pooled MAE 1.1022 (20.8s)
  [ABL_minus_massaction] seed 104729: pooled MAE 1.2546 (20.7s)
  [ABL_minus_massaction] seed 130363: pooled MAE 1.1161 (20.5s)
  [ABL_minus_massaction] seed 155921: pooled MAE 1.0998 (19.1s)
  [ABL_minus_ligand_all] seed 104729: pooled MAE 1.3928 (2.5s)
  [ABL_minus_ligand_all] seed 130363: pooled MAE 1.2283 (2.4s)
  [ABL_minus_ligand_all] seed 155921: pooled MAE 1.3103 (2.4s)
  [ABL_minus_ligphys] seed 104729: pooled MAE 1.2183 (20.5s)
  [ABL_minus_ligphys] seed 130363: pooled MAE 1.1110 (21.0s)
  [ABL_minus_ligphys] seed 155921: pooled MAE 1.1099 (19.3s)
  [ABL_minus_ecfp] seed 104729: pooled MAE 1.2099 (7.8s)
  [ABL_minus_ecfp] seed 130363: pooled MAE 1.0884 (7.7s)
  [ABL_minus_ecfp] seed 155921: pooled MAE 1.0951 (7.6s)
  [ABL_minus_lig2d] seed 104729: pooled MAE 1.1721 (15.4s)
  [ABL_minus_lig2d] seed 130363: pooled MAE 1.1272 (15.4s)
  [ABL_minus_lig2d] seed 155921: pooled MAE 1.1164 (15.2s)
  [ABL_minus_donors] seed 104729: pooled MAE 1.2128 (19.3s)
  [ABL_minus_donors] seed 130363: pooled MAE 1.0974 (19.2s)
  [ABL_minus_donors] seed 155921: pooled MAE 1.1057 (18.9s)
  [ABL_minus_metal] seed 104729: pooled MAE 1.2276 (19.3s)
  [ABL_minus_metal] seed 130363: pooled MAE 1.1279 (19.3s)
  [ABL_minus_metal] seed 155921: pooled MAE 1.1172 (19.1s)
  [ABL_minus_conditions] seed 104729: pooled MAE 1.2370 (18.2s)
  [ABL_minus_conditions] seed 130363: pooled MAE 1.0967 (18.4s)
  [ABL_minus_conditions] seed 155921: pooled MAE 1.0967 (18.1s)
  [ABL_add_none] seed 104729: pooled MAE 1.3356 (1.8s)
  [ABL_add_none] seed 130363: pooled MAE 1.2333 (1.8s)
  [ABL_add_none] seed 155921: pooled MAE 1.2693 (1.8s)
  [ABL_add_massaction] seed 104729: pooled MAE 1.3188 (2.1s)
  [ABL_add_massaction] seed 130363: pooled MAE 1.2276 (2.1s)
  [ABL_add_massaction] seed 155921: pooled MAE 1.2598 (2.1s)
  [ABL_add_donors] seed 104729: pooled MAE 1.1937 (2.7s)
  [ABL_add_donors] seed 130363: pooled MAE 1.1247 (2.7s)
  [ABL_add_donors] seed 155921: pooled MAE 1.1076 (2.7s)
  [ABL_add_ligphys] seed 104729: pooled MAE 1.1800 (3.1s)
  [ABL_add_ligphys] seed 130363: pooled MAE 1.1096 (3.0s)
  [ABL_add_ligphys] seed 155921: pooled MAE 1.0959 (3.0s)
  [ABL_add_ecfp] seed 104729: pooled MAE 1.1658 (14.6s)
  [ABL_add_ecfp] seed 130363: pooled MAE 1.1195 (14.8s)
  [ABL_add_ecfp] seed 155921: pooled MAE 1.1248 (14.6s)
  [ABL_add_recovered] seed 104729: pooled MAE 1.2073 (19.8s)
  [ABL_add_recovered] seed 130363: pooled MAE 1.1057 (19.8s)
  [ABL_add_recovered] seed 155921: pooled MAE 1.1055 (19.5s)
               model  macro_mae  macro_mae_sd  offset_mae  shape_mae  nn_lt_0_4__macro_mae
     ABL_minus_lig2d     0.9696        0.0240      0.8142     0.4985                0.8444
   ABL_minus_ligphys     0.9947        0.0361      0.8422     0.5004                0.8892
    ABL_minus_donors     0.9958        0.0334      0.8380     0.5025                0.8742
        ABL_add_ecfp     0.9987        0.0259      0.8501     0.5046                0.8661
            ABL_full     1.0019        0.0352      0.8442     0.5021                0.9141
   ABL_add_recovered     1.0019        0.0352      0.8442     0.5021                0.9141
 ABL_minus_recovered     1.0137        0.0391      0.8637     0.5067                0.8859
ABL_minus_conditions     1.0160        0.0363      0.8576     0.5062                0.9641
      ABL_minus_ecfp     1.0183        0.0317      0.8528     0.5003                1.0111
ABL_minus_massaction     1.0210        0.0403      0.8546     0.5136                0.9659
     ABL_minus_metal     1.0275        0.0312      0.8637     0.5294                0.9172
     ABL_add_ligphys     1.0342        0.0522      0.8642     0.5069                0.8793
ABL_minus_indicators     1.0355        0.0560      0.8862     0.5033                1.0487
      ABL_add_donors     1.0537        0.0427      0.8862     0.5093                0.8397
ABL_minus_ligand_all     1.0600        0.0128      0.8900     0.5332                0.8386
        ABL_add_none     1.0852        0.0091      0.9107     0.5499                0.8676
  ABL_add_massaction     1.0903        0.0062      0.9396     0.5322                0.8834

vs ABL_full (positive delta = the ablated arm is WORSE, i.e. the component helped):
           candidate  point_delta  ci95_low  ci95_high  block_macro_delta  units_improved  units_total
      ABL_add_donors      -0.0260   -0.1088     0.0836             0.0432              61          131
        ABL_add_ecfp       0.0342    0.0015     0.0809             0.0627              68          131
     ABL_add_ligphys      -0.0025   -0.0837     0.1009             0.0708              70          131
  ABL_add_massaction      -0.0461   -0.1321     0.0431            -0.0161              54          131
        ABL_add_none      -0.0434   -0.1382     0.0534             0.0002              56          131
   ABL_add_recovered      -0.0000   -0.0000     0.0000            -0.0000              18          131
ABL_minus_conditions      -0.0155   -0.0330    -0.0008            -0.0143              58          131
    ABL_minus_donors       0.0089   -0.0044     0.0232             0.0124              79          131
      ABL_minus_ecfp      -0.0123   -0.0487     0.0382             0.0103              55          131
ABL_minus_indicators      -0.0576   -0.0938    -0.0289            -0.0603              47          131
     ABL_minus_lig2d       0.0513    0.0173     0.0823             0.0583              78          131
ABL_minus_ligand_all      -0.0215   -0.1260     0.0891             0.0109              57          131
   ABL_minus_ligphys       0.0064   -0.0035     0.0180             0.0115              73          131
ABL_minus_massaction      -0.0251   -0.0434    -0.0076            -0.0236              54          131
     ABL_minus_metal      -0.0195   -0.0367     0.0036            -0.0102              56          131
 ABL_minus_recovered      -0.0092   -0.0413     0.0334             0.0170              60          131

artifacts -> /Users/lilshadix/PycharmProjects/ml_separator/runs/gen7_architecture/ablations
===== ENSEMBLE / KSHOT / ARCHAEOLOGY =====
ensembling 6 models: ['REC_ecfp_plus_recovered', 'GEN7_everything_EXPLORATORY', 'GEN7_metalphys_ecfp_EXPLORATORY', 'TREE_MC_ecfp_massaction', 'TREE_MC_donors', 'SELECT_inner']
                            arm  macro_mae  offset_mae  shape_mae  pooled_mae  nn_lt_0_4__macro_mae
                       ENS_mean   0.976981    0.821548   0.489563    1.128702              0.864235
                ENS_inverse_mae   0.977124    0.821700   0.489564    1.128825              0.864648
                       ENS_nnls   0.980536    0.825811   0.488054    1.134947              0.885306
        REC_ecfp_plus_recovered   0.980706    0.821172   0.502454    1.158990              0.857826
    GEN7_everything_EXPLORATORY   0.999579    0.843578   0.495642    1.141988              0.926018
GEN7_metalphys_ecfp_EXPLORATORY   0.999646    0.843654   0.502781    1.145360              0.881941
        TREE_MC_ecfp_massaction   1.003150    0.851016   0.504010    1.146961              0.869869
                 TREE_MC_donors   1.014973    0.861303   0.499086    1.162956              0.942139
                   SELECT_inner   1.019706    0.855150   0.506009    1.136333              0.910411

mean residual correlation:
                                 REC_ecfp_plus_recovered  GEN7_everything_EXPLORATORY  GEN7_metalphys_ecfp_EXPLORATORY  TREE_MC_ecfp_massaction  TREE_MC_donors  SELECT_inner
GEN7_everything_EXPLORATORY                        0.979                        1.000                            0.965                    0.966           0.893         0.964
GEN7_metalphys_ecfp_EXPLORATORY                    0.974                        0.965                            1.000                    0.997           0.908         0.977
REC_ecfp_plus_recovered                            1.000                        0.979                            0.974                    0.976           0.897         0.958
SELECT_inner                                       0.958                        0.964                            0.977                    0.976           0.918         1.000
TREE_MC_donors                                     0.897                        0.893                            0.908                    0.910           1.000         0.918
TREE_MC_ecfp_massaction                            0.976                        0.966                            0.997                    1.000           0.910         0.976

artifacts -> /Users/lilshadix/PycharmProjects/ml_separator/runs/gen7_architecture/ensemble
                      model  k  zero_shot  offset_only  no_model   affine  n_ligands
GEN7_everything_EXPLORATORY  0   1.006984          NaN       NaN      NaN        143
GEN7_everything_EXPLORATORY  1   1.006439     0.713820  0.859459      NaN        143
GEN7_everything_EXPLORATORY  2   1.005993     0.624648  0.756696 3.454189        143
GEN7_everything_EXPLORATORY  3   1.004980     0.590571  0.714787 0.832144        143
GEN7_everything_EXPLORATORY  5   1.017615     0.587967  0.714061 0.559224        132
GEN7_everything_EXPLORATORY  8   1.051175     0.607032  0.752762 0.504238         99
               SELECT_inner  0   1.020538          NaN       NaN      NaN        143
               SELECT_inner  1   1.019717     0.735552  0.865006      NaN        143
               SELECT_inner  2   1.020237     0.636343  0.753280 3.699753        143
               SELECT_inner  3   1.018825     0.605148  0.716356 0.855557        143
               SELECT_inner  5   1.041514     0.597090  0.708452 0.559460        132
               SELECT_inner  8   1.076365     0.622492  0.753376 0.520772         99
    TREE_MC_ecfp_massaction  0   1.021440          NaN       NaN      NaN        143
    TREE_MC_ecfp_massaction  1   1.020814     0.735838  0.867975      NaN        143
    TREE_MC_ecfp_massaction  2   1.021609     0.636740  0.754739 3.320143        143
    TREE_MC_ecfp_massaction  3   1.019481     0.602296  0.716478 0.790823        143
    TREE_MC_ecfp_massaction  5   1.047864     0.591181  0.710616 0.579892        132
    TREE_MC_ecfp_massaction  8   1.076468     0.614248  0.750407 0.511138         99

artifacts -> /Users/lilshadix/PycharmProjects/ml_separator/runs/gen7_architecture/kshot

=== GEN7_everything_EXPLORATORY ===
mechanism
LEVEL_ONLY      37
SINGLE_BATCH    35
SPARSE          15
UNCLASSIFIED    13
                                    extractant  n_rows      mae  offset_abs  shape_mae  nn_train_tanimoto  n_batches  frac_name_mismatch    mechanism
           CCCCOP(=S)(CP(=S)(OCCCC)OCCCC)OCCCC       6 4.202468    4.202468   0.444785           0.666667          6                 0.0   LEVEL_ONLY
CCCCCCCCN(CCCCCCCC)C(=O)COCC(=O)NCc1ccc(CNC(=O       9 3.402589    3.402589   0.084383           0.469388          2                 0.0   LEVEL_ONLY
CCCCCCCCN(CCCCCCCC)C(=O)[C@H](CCC)O[C@H](CCC)C      14 2.771452    2.771452   0.377644           0.656250          1                 0.0 SINGLE_BATCH
CCCCCCCCCCN(CCCCCCCCCC)C(=O)[C@H](CCC)O[C@H](C      13 2.796495    2.796495   0.391594           0.656250          1                 0.0 SINGLE_BATCH
CCCCCCCCN(CCCCCCCC)C(=O)COCC(=O)NCc1cccc(CNC(=      37 2.434455    2.434455   0.801601           0.446429          4                 0.0   LEVEL_ONLY
CCCCCCCCCCN(CCCCCCCCCC)C(=O)C(C)OC(C)C(=O)N(CC      45 2.743365    2.743365   0.497386           0.676471          9                 0.0   LEVEL_ONLY
CCCCCCCCCCCCNC(=O)c1cc(=O)cc(C(=O)NCCCCCCCCCCC       3 3.040457    3.040457   0.289309           0.400000          1                 0.0       SPARSE
O=P(c1ccccc1)(c1ccccc1)c1ccc2ccc3ccc(P(=O)(c4c       3 2.694885    2.694885   0.263510           0.470588          1                 0.0       SPARSE
         CCCCOP(=S)(COCP(=S)(OCCCC)OCCCC)OCCCC       6 2.751463    2.751463   1.039982           0.666667          6                 0.0   LEVEL_ONLY
CC1(C)CCC(C)(C)c2nc(-c3ccc4ccc5ccc(-c6nnc7c(n6       6 2.252538    2.252538   0.291474           0.578947          6                 0.0   LEVEL_ONLY
CCCCCCCCN(CCCCCCCC)C(=O)COCC(=O)NCCCOCCCNC(=O)      23 2.203274    2.112492   0.732211           0.521739          4                 0.0   LEVEL_ONLY
CCCCCCCCN(CCCCCCCC)C(=O)[C@H](C)O[C@@H](C)C(=O      14 1.903443    1.903443   0.383568           0.676471          1                 0.0 SINGLE_BATCH
CCCCN(CCCC)C(=O)C(Cc1ccccc1CC(C(=O)N(CCCC)CCCC       4 2.164229    2.164229   0.035314           0.475000          1                 0.0       SPARSE
           CN(C(=O)CC(=O)N(C)c1ccccc1)c1ccccc1      14 2.033439    2.033439   0.246858           0.678571          1                 0.0 SINGLE_BATCH
CCCCCCCCN(CCCCCCCC)C(=O)COCC(=O)NCCCOc1cc(OCCC      15 1.881544    1.880894   1.045863           0.461538          4                 0.0 UNCLASSIFIED
CCCCCCCCN(CCCCCCCC)C(=O)COCC(=O)NCCCCCCCNC(=O)      11 1.913725    1.756828   0.864574           0.522727          2                 0.0   LEVEL_ONLY
CCc1ccc(N(CC)C(=O)c2ccc3ccc4ccc(C(=O)N(CC)c5cc      14 1.928622    1.928622   0.600915           0.500000          1                 0.0 SINGLE_BATCH
         CCCCCCCCN(CCCCCCCC)C(=O)COCC(=O)N(C)C       7 2.027517    2.027517   0.759816           0.589744          1                 0.0 SINGLE_BATCH
CCCCCCCCCCN(CCCCCCCCCC)C(=O)[C@H](C)O[C@H](CC)      14 1.643412    1.643412   0.283255           0.628571          1                 0.0 SINGLE_BATCH
CCCCCCCCN(CCCCCCCC)C(=O)COCC(=O)NCCc1c(CC)c(CC      15 1.670619    1.670619   0.900131           0.450980          4                 0.0 UNCLASSIFIED

=== TREE_MC_lig2d_ext_massaction ===
mechanism
LEVEL_ONLY            47
SINGLE_BATCH          25
SPARSE                15
UNCLASSIFIED           8
TRUE_EXTRAPOLATION     5
                                    extractant  n_rows      mae  offset_abs  shape_mae  nn_train_tanimoto  n_batches  frac_name_mismatch          mechanism
           CCCCOP(=S)(CP(=S)(OCCCC)OCCCC)OCCCC       6 4.166065    4.166065   0.429469           0.666667          6                 0.0         LEVEL_ONLY
CCCCCCCCN(CCCCCCCC)C(=O)COCC(=O)NCc1ccc(CNC(=O       9 4.108606    4.108606   0.127480           0.469388          2                 0.0         LEVEL_ONLY
CCCCCCCCN(CCCCCCCC)C(=O)COCC(=O)NCCCOCCCNC(=O)      23 3.177610    3.177610   0.713683           0.521739          4                 0.0         LEVEL_ONLY
CCCCCCCCN(CCCCCCCC)C(=O)COCC(=O)NCc1cccc(CNC(=      37 3.038666    3.038666   0.880344           0.446429          4                 0.0         LEVEL_ONLY
CCCCCCCCN(CCCCCCCC)C(=O)COCC(=O)NCCCCCCCNC(=O)      11 2.743184    2.743184   0.811530           0.522727          2                 0.0         LEVEL_ONLY
O=P(c1ccccc1)(c1ccccc1)c1ccc2ccc3ccc(P(=O)(c4c       3 2.894391    2.894391   0.291132           0.470588          1                 0.0             SPARSE
CCCCCCCCN(CCCCCCCC)C(=O)[C@H](CCC)O[C@H](CCC)C      14 2.635957    2.635957   0.388703           0.656250          1                 0.0       SINGLE_BATCH
CCCCCCCCCCN(CCCCCCCCCC)C(=O)[C@H](CCC)O[C@H](C      13 2.522119    2.522119   0.390875           0.656250          1                 0.0       SINGLE_BATCH
CCCCCCCCN(CCCCCCCC)C(=O)COCC(=O)NCCCOc1cc(OCCC      15 2.441490    2.441490   1.052418           0.461538          4                 0.0         LEVEL_ONLY
         CCCCOP(=S)(COCP(=S)(OCCCC)OCCCC)OCCCC       6 2.079839    2.079839   1.044551           0.666667          6                 0.0       UNCLASSIFIED
CCCCCCCCCCCCNC(=O)c1cc(=O)cc(C(=O)NCCCCCCCCCCC       3 2.537431    2.537431   0.324290           0.400000          1                 0.0             SPARSE
CC1(C)CCC(C)(C)c2nc(-c3ccc4ccc5ccc(-c6nnc7c(n6       6 2.157819    2.157819   0.285078           0.578947          6                 0.0         LEVEL_ONLY
CCCCCCCCN(CCCCCCCC)C(=O)COCC(=O)NCCc1c(CC)c(CC      15 2.371109    2.371109   0.878939           0.450980          4                 0.0         LEVEL_ONLY
CCCCN(CCCC)C(=O)C(Cc1ccccc1CC(C(=O)N(CCCC)CCCC       4 2.046887    2.046887   0.101954           0.475000          1                 0.0             SPARSE
CCCCCCCCCCN(CCCCCCCCCC)C(=O)[C@H](C)O[C@H](CC)      14 1.881488    1.881488   0.302724           0.628571          1                 0.0       SINGLE_BATCH
           CN(C(=O)CC(=O)N(C)c1ccccc1)c1ccccc1      14 1.991358    1.991358   0.262994           0.678571          1                 0.0       SINGLE_BATCH
CCc1ccc(N(CC)C(=O)c2ccc3ccc4ccc(C(=O)N(CC)c5cc      14 1.883163    1.883163   0.647845           0.500000          1                 0.0       SINGLE_BATCH
CCCCCCCCn1cc(-c2cc(CC(=O)O)cc(-c3cn(CCCCCCCC)n       5 2.488702    2.488702   0.195606           0.272727          5                 0.0 TRUE_EXTRAPOLATION
CCCCCCCCCCN(CCCCCCCCCC)C(=O)C(C)OC(C)C(=O)N(CC      45 1.811750    1.811750   0.451002           0.676471          9                 0.0         LEVEL_ONLY
CCCCCCCCN(CCCCCCCC)C(=O)COCC(=O)NCCNC(=O)c1cc(      15 2.171492    2.171492   1.019992           0.470588          4                 0.0         LEVEL_ONLY

artifacts -> /Users/lilshadix/PycharmProjects/ml_separator/runs/gen7_architecture/error_analysis
===== CONFIRMATION RE-RUNS =====
===== learners (seeds 3) =====
cohort 5248 rows / 152 extractants / fingerprint bed178ec1a7a82b0
suite learners: 20 contenders
  [NULL_global_mean] seed 104729: pooled MAE 1.7512 (0.1s)
  [NULL_global_mean] seed 130363: pooled MAE 1.4498 (0.1s)
  [NULL_global_mean] seed 155921: pooled MAE 1.6786 (0.1s)
  [NULL_metal_cond] seed 104729: pooled MAE 1.3022 (2.6s)
  [NULL_metal_cond] seed 130363: pooled MAE 1.2311 (2.3s)
  [NULL_metal_cond] seed 155921: pooled MAE 1.2745 (2.5s)
  [TREE_MC_lig2d_ext_massaction] seed 104729: pooled MAE 1.2033 (5.2s)
  [TREE_MC_lig2d_ext_massaction] seed 130363: pooled MAE 1.0927 (6.5s)
  [TREE_MC_lig2d_ext_massaction] seed 155921: pooled MAE 1.1001 (6.5s)
  [TREE_MC_donors] seed 104729: pooled MAE 1.2012 (2.5s)
  [TREE_MC_donors] seed 130363: pooled MAE 1.1400 (2.5s)
  [TREE_MC_donors] seed 155921: pooled MAE 1.1240 (2.6s)
  [TREE_MC_all2d_massaction] seed 104729: pooled MAE 1.1982 (24.1s)
  [TREE_MC_all2d_massaction] seed 130363: pooled MAE 1.0962 (23.6s)
  [TREE_MC_all2d_massaction] seed 155921: pooled MAE 1.1131 (22.8s)
  [TREE_MC_ecfp_massaction] seed 104729: pooled MAE 1.1944 (16.6s)
  [TREE_MC_ecfp_massaction] seed 130363: pooled MAE 1.1228 (16.5s)
  [TREE_MC_ecfp_massaction] seed 155921: pooled MAE 1.1122 (16.0s)
  [TREE_MC] seed 104729: pooled MAE 1.3356 (2.1s)
  [TREE_MC] seed 130363: pooled MAE 1.2333 (2.1s)
  [TREE_MC] seed 155921: pooled MAE 1.2693 (2.0s)
  [LRN_extratrees] seed 104729: pooled MAE 1.2033 (6.0s)
  [LRN_extratrees] seed 130363: pooled MAE 1.0927 (6.1s)
  [LRN_extratrees] seed 155921: pooled MAE 1.1001 (6.0s)
  [LRN_randomforest] seed 104729: pooled MAE 1.1423 (4.5s)
  [LRN_randomforest] seed 130363: pooled MAE 1.0883 (4.5s)
  [LRN_randomforest] seed 155921: pooled MAE 1.1176 (4.5s)
  [LRN_hgb_mae] seed 104729: pooled MAE 1.2416 (16.8s)
  [LRN_hgb_mae] seed 130363: pooled MAE 1.1946 (16.9s)
  [LRN_hgb_mae] seed 155921: pooled MAE 1.0802 (16.8s)
  [LRN_hgb_l2] seed 104729: pooled MAE 1.1802 (11.8s)
  [LRN_hgb_l2] seed 130363: pooled MAE 1.3013 (11.7s)
  [LRN_hgb_l2] seed 155921: pooled MAE 1.1943 (11.6s)
  [LRN_catboost_mae] seed 104729: pooled MAE 1.1893 (10.2s)
  [LRN_catboost_mae] seed 130363: pooled MAE 1.0823 (10.2s)
  [LRN_catboost_mae] seed 155921: pooled MAE 1.1003 (10.1s)
  [LRN_catboost_rmse] seed 104729: pooled MAE 1.1472 (9.7s)
  [LRN_catboost_rmse] seed 130363: pooled MAE 1.1135 (9.8s)
  [LRN_catboost_rmse] seed 155921: pooled MAE 1.0888 (9.6s)
  [LRN_lightgbm_l1] seed 104729: pooled MAE 1.2120 (9.7s)
  [LRN_lightgbm_l1] seed 130363: pooled MAE 1.0913 (9.8s)
  [LRN_lightgbm_l1] seed 155921: pooled MAE 1.0655 (9.6s)
  [LRN_lightgbm_huber] seed 104729: pooled MAE 1.1355 (8.1s)
  [LRN_lightgbm_huber] seed 130363: pooled MAE 1.0566 (8.2s)
  [LRN_lightgbm_huber] seed 155921: pooled MAE 1.0888 (8.1s)
  [LRN_xgboost_mae] seed 104729: pooled MAE 1.1769 (5.2s)
  [LRN_xgboost_mae] seed 130363: pooled MAE 1.1232 (5.3s)
  [LRN_xgboost_mae] seed 155921: pooled MAE 1.1053 (5.2s)
  [LRN_ridge] seed 104729: pooled MAE 1.4557 (0.4s)
  [LRN_ridge] seed 130363: pooled MAE 1.3494 (0.4s)
  [LRN_ridge] seed 155921: pooled MAE 1.3072 (0.4s)
  [LRN_elasticnet] seed 104729: pooled MAE 1.5119 (2.5s)
  [LRN_elasticnet] seed 130363: pooled MAE 1.2997 (2.6s)
  [LRN_elasticnet] seed 155921: pooled MAE 1.2746 (3.0s)
  [LRN_kernelridge_rbf] seed 104729: pooled MAE 1.4563 (2.2s)
  [LRN_kernelridge_rbf] seed 130363: pooled MAE 1.3193 (2.1s)
  [LRN_kernelridge_rbf] seed 155921: pooled MAE 1.3207 (2.1s)
  [LRN_mlp] seed 104729: pooled MAE 1.3989 (12.4s)
  [LRN_mlp] seed 130363: pooled MAE 1.1784 (9.7s)
  [LRN_mlp] seed 155921: pooled MAE 1.1661 (11.6s)

                       model  macro_mae  macro_mae_sd  offset_mae  shape_mae      shape_r2  pooled_mae  nn_lt_0_4__macro_mae  n_seeds
     TREE_MC_ecfp_massaction   0.997634      0.029519    0.846803   0.504532  1.703381e-01    1.143144              0.840868        3
              TREE_MC_donors   1.006930      0.039028    0.855260   0.499822  5.778829e-02    1.155051              0.851473        3
    TREE_MC_all2d_massaction   1.007369      0.035574    0.856984   0.506527  1.768915e-01    1.135826              0.874768        3
TREE_MC_lig2d_ext_massaction   1.047537      0.020581    0.870439   0.509516  1.548200e-01    1.132036              0.982456        3
              LRN_extratrees   1.047537      0.020581    0.870439   0.509516  1.548200e-01    1.132036              0.982456        3
          LRN_lightgbm_huber   1.061740      0.117082    0.914290   0.501317  1.379472e-01    1.093631              1.075967        3
            LRN_randomforest   1.071608      0.020502    0.908380   0.512703  1.229324e-01    1.116083              0.994790        3
                     TREE_MC   1.085196      0.009100    0.910723   0.549901  2.619711e-02    1.279396              0.867622        3
             NULL_metal_cond   1.088196      0.012338    0.890535   0.561397  2.466086e-02    1.269279              0.928937        3
           LRN_catboost_rmse   1.089639      0.038563    0.943737   0.510869  1.439718e-01    1.116515              1.153208        3
             LRN_xgboost_mae   1.107813      0.033823    0.938371   0.540577  7.357550e-02    1.135157              0.939961        3
             LRN_lightgbm_l1   1.113327      0.046557    0.947856   0.516794  1.133658e-01    1.122952              1.142061        3
                 LRN_hgb_mae   1.117464      0.047536    0.967360   0.514282  9.971241e-02    1.172156              1.116820        3
            LRN_catboost_mae   1.119972      0.031804    0.952614   0.523165  1.282058e-01    1.123942              1.201932        3
                  LRN_hgb_l2   1.138583      0.067619    1.010311   0.519287 -2.122541e-02    1.225306              1.045830        3
         LRN_kernelridge_rbf   1.255452      0.022287    1.064473   0.597799  2.360421e-02    1.365454              1.335956        3
                     LRN_mlp   1.353169      0.012529    1.204166   0.543864  5.164944e-02    1.247801              1.442451        3
                   LRN_ridge   1.442634      0.048681    1.230982   0.615549  1.174670e-02    1.370755              1.317615        3
              LRN_elasticnet   1.497170      0.020272    1.310132   0.648074  2.987273e-02    1.362072              1.691567        3
            NULL_global_mean   1.552473      0.074224    1.389809   0.602828  3.700743e-17    1.626530              1.789308        3

artifacts -> runs/gen7_architecture/learners
===== representations (seeds 3) =====
cohort 5248 rows / 152 extractants / fingerprint bed178ec1a7a82b0
suite representations: 13 contenders
  [REP_none] seed 104729: pooled MAE 1.3356 (1.6s)
  [REP_none] seed 130363: pooled MAE 1.2333 (1.6s)
  [REP_none] seed 155921: pooled MAE 1.2693 (1.6s)
  [REP_massaction] seed 104729: pooled MAE 1.3188 (1.9s)
  [REP_massaction] seed 130363: pooled MAE 1.2276 (2.3s)
  [REP_massaction] seed 155921: pooled MAE 1.2598 (2.2s)
  [REP_donors] seed 104729: pooled MAE 1.2012 (2.1s)
  [REP_donors] seed 130363: pooled MAE 1.1400 (2.1s)
  [REP_donors] seed 155921: pooled MAE 1.1240 (2.1s)
  [REP_donors_massaction] seed 104729: pooled MAE 1.2042 (2.4s)
  [REP_donors_massaction] seed 130363: pooled MAE 1.1390 (2.5s)
  [REP_donors_massaction] seed 155921: pooled MAE 1.1275 (2.5s)
  [REP_physchem] seed 104729: pooled MAE 1.2744 (2.4s)
  [REP_physchem] seed 130363: pooled MAE 1.1649 (2.4s)
  [REP_physchem] seed 155921: pooled MAE 1.1744 (2.5s)
  [REP_ecfp] seed 104729: pooled MAE 1.1944 (13.8s)
  [REP_ecfp] seed 130363: pooled MAE 1.1228 (13.8s)
  [REP_ecfp] seed 155921: pooled MAE 1.1122 (13.8s)
  [REP_lig2d] seed 104729: pooled MAE 1.2033 (6.1s)
  [REP_lig2d] seed 130363: pooled MAE 1.0927 (6.2s)
  [REP_lig2d] seed 155921: pooled MAE 1.1001 (6.1s)
  [REP_compact] seed 104729: pooled MAE 1.1881 (2.7s)
  [REP_compact] seed 130363: pooled MAE 1.1227 (2.8s)
  [REP_compact] seed 155921: pooled MAE 1.1094 (2.7s)
  [REP_rich] seed 104729: pooled MAE 1.1982 (18.5s)
  [REP_rich] seed 130363: pooled MAE 1.0962 (18.5s)
  [REP_rich] seed 155921: pooled MAE 1.1131 (18.0s)
  [REP_3d_polyhedron] FAILED: ValueError: Input X contains infinity or a value too large for dtype('float64').
  [REP_3d_complexphys] seed 104729: pooled MAE 1.2915 (3.8s)
  [REP_3d_complexphys] seed 130363: pooled MAE 1.2286 (3.8s)
  [REP_3d_complexphys] seed 155921: pooled MAE 1.2312 (3.8s)
  [REP_3d_all] FAILED: ValueError: Input X contains infinity or a value too large for dtype('float64').
  [REP_2d_plus_3d] FAILED: ValueError: Input X contains infinity or a value too large for dtype('float64').

                model  macro_mae  macro_mae_sd  offset_mae  shape_mae  shape_r2  pooled_mae  nn_lt_0_4__macro_mae  n_seeds
             REP_ecfp   0.997634      0.029519    0.846803   0.504532  0.170338    1.143144              0.840868        3
           REP_donors   1.006930      0.039028    0.855260   0.499822  0.057788    1.155051              0.851473        3
             REP_rich   1.007369      0.035574    0.856984   0.506527  0.176892    1.135826              0.874768        3
REP_donors_massaction   1.011772      0.051743    0.873679   0.498405  0.088429    1.156878              0.859405        3
            REP_lig2d   1.047537      0.020581    0.870439   0.509516  0.154820    1.132036              0.982456        3
          REP_compact   1.049004      0.038572    0.881569   0.508392  0.124118    1.140092              0.844674        3
             REP_none   1.085196      0.009100    0.910723   0.549901  0.026197    1.279396              0.867622        3
       REP_massaction   1.090315      0.006172    0.939624   0.532200  0.057610    1.268729              0.883435        3
         REP_physchem   1.101058      0.036206    0.929412   0.526304  0.114923    1.204578              0.868211        3
   REP_3d_complexphys   1.157165      0.026515    0.990599   0.549870  0.062747    1.250406              0.921606        3

artifacts -> runs/gen7_architecture/representations
===== kernels (seeds 1) =====
cohort 5248 rows / 152 extractants / fingerprint bed178ec1a7a82b0
suite kernels: 5 contenders
  [KRR_tanimoto] seed 104729: pooled MAE 1.2631 (51.8s)
  [KRR_rbf_donors] seed 104729: pooled MAE 1.4005 (52.2s)
  [KRR_rbf_lig2d] seed 104729: pooled MAE 1.4731 (52.7s)
  [KRR_tanimoto_additive] seed 104729: pooled MAE 1.2292 (14.9s)
  [GP_tanimoto] seed 104729: pooled MAE 1.2600 (39.1s)

                model  macro_mae  macro_mae_sd  offset_mae  shape_mae  shape_r2  pooled_mae  nn_lt_0_4__macro_mae  n_seeds
         KRR_tanimoto   1.197610           NaN    1.055915   0.580253  0.109400    1.263137              1.169081        1
          GP_tanimoto   1.200979           NaN    1.054995   0.564344  0.145768    1.259974              1.247234        1
KRR_tanimoto_additive   1.229714           NaN    1.082194   0.565709  0.110387    1.229172              1.262053        1
       KRR_rbf_donors   1.298300           NaN    1.170170   0.537532 -0.102613    1.400513              1.316768        1
        KRR_rbf_lig2d   1.371582           NaN    1.262111   0.533845  0.113809    1.473052              1.508428        1

artifacts -> runs/gen7_architecture/kernels
===== hnn (seeds 1) =====
cohort 5248 rows / 152 extractants / fingerprint bed178ec1a7a82b0
suite hnn: 10 contenders
  [HNN_base_film] seed 104729: pooled MAE 1.2814 (164.1s)
  [HNN_concat] seed 104729: pooled MAE 1.2929 (159.6s)
  [HNN_moe] seed 104729: pooled MAE 1.2615 (284.6s)
  [HNN_no_shape] seed 104729: pooled MAE 1.2903 (128.2s)
  [HNN_no_pair] seed 104729: pooled MAE 1.3328 (13.5s)
  [HNN_no_center] seed 104729: pooled MAE 1.3303 (155.5s)
  [HNN_pair_across] seed 104729: pooled MAE 1.2844 (51.0s)
  [HNN_physics] seed 104729: pooled MAE 1.2887 (133.3s)
  [HNN_lig2d] seed 104729: pooled MAE 1.1597 (168.0s)
  [HNN_recovered] seed 104729: pooled MAE 1.2689 (170.7s)

          model  macro_mae  macro_mae_sd  offset_mae  shape_mae  shape_r2  pooled_mae  nn_lt_0_4__macro_mae  n_seeds
        HNN_moe   1.108364           NaN    1.020004   0.530218  0.145345    1.261475              0.921897        1
  HNN_recovered   1.110188           NaN    1.031347   0.529838  0.149522    1.268880              0.974836        1
   HNN_no_shape   1.114526           NaN    1.035223   0.532254  0.129352    1.290256              0.906492        1
HNN_pair_across   1.116049           NaN    1.023313   0.541486  0.151607    1.284436              1.051644        1
  HNN_no_center   1.129906           NaN    1.037911   0.532755  0.077549    1.330321              0.955915        1
    HNN_no_pair   1.143534           NaN    1.043936   0.562376  0.168917    1.332754              1.208404        1
  HNN_base_film   1.144526           NaN    1.056872   0.527691  0.119047    1.281395              0.960885        1
    HNN_physics   1.146191           NaN    1.062511   0.525512  0.134333    1.288681              1.057080        1
     HNN_concat   1.150352           NaN    1.073151   0.531208  0.134010    1.292910              0.975006        1
      HNN_lig2d   1.186202           NaN    1.053853   0.534012  0.152612    1.159724              1.242228        1

artifacts -> runs/gen7_architecture/hnn
===== embeddings (seeds 1) =====
cohort 5248 rows / 152 extractants / fingerprint bed178ec1a7a82b0
suite embeddings: 16 contenders
  [EMB_chemberta_raw] seed 104729: pooled MAE 1.2985 (10.1s)
  [EMB_chemberta_pca32] seed 104729: pooled MAE 1.4191 (3.5s)
  [EMB_chembertamlm_raw] seed 104729: pooled MAE 1.3364 (11.3s)
  [EMB_chembertamlm_pca32] seed 104729: pooled MAE 1.2959 (3.6s)
  [EMB_molformer_raw] seed 104729: pooled MAE 1.4470 (22.1s)
  [EMB_molformer_pca32] seed 104729: pooled MAE 1.4612 (4.2s)
  [EMB_molformercls_raw] seed 104729: pooled MAE 1.4276 (23.4s)
  [EMB_molformercls_pca32] seed 104729: pooled MAE 1.4755 (4.3s)
  [EMB_chembertacls_raw] seed 104729: pooled MAE 1.2106 (12.3s)
  [EMB_chembertacls_pca32] seed 104729: pooled MAE 1.3157 (4.0s)
  [EMB_chemberta_hybrid_pca32] seed 104729: pooled MAE 1.2764 (4.4s)
  [EMB_chemberta_hybrid_pca32_catboost] seed 104729: pooled MAE 1.3369 (6.7s)
  [EMB_chembertamlm_hybrid_pca32] seed 104729: pooled MAE 1.2128 (4.4s)
  [EMB_chembertamlm_hybrid_pca32_catboost] seed 104729: pooled MAE 1.2247 (6.6s)
  [EMB_molformer_hybrid_pca32] seed 104729: pooled MAE 1.3147 (4.7s)
  [EMB_molformer_hybrid_pca32_catboost] seed 104729: pooled MAE 1.4335 (6.9s)

                                 model  macro_mae  macro_mae_sd  offset_mae  shape_mae  shape_r2  pooled_mae  nn_lt_0_4__macro_mae  n_seeds
         EMB_chembertamlm_hybrid_pca32   1.096982           NaN    0.954685   0.520820  0.144662    1.212842              0.971381        1
            EMB_chemberta_hybrid_pca32   1.101103           NaN    0.970830   0.520426  0.142681    1.276351              0.983799        1
                EMB_chembertacls_pca32   1.117493           NaN    0.990386   0.527923  0.118977    1.315742              1.028169        1
                EMB_chembertamlm_pca32   1.119024           NaN    0.969780   0.540843  0.114197    1.295868              1.016385        1
            EMB_molformer_hybrid_pca32   1.127543           NaN    1.004939   0.516447  0.144874    1.314715              0.996954        1
                  EMB_chembertacls_raw   1.136452           NaN    0.975399   0.532553  0.134151    1.210619              1.144170        1
                   EMB_chemberta_pca32   1.145919           NaN    1.009245   0.544444  0.106454    1.419064              1.069117        1
                   EMB_molformer_pca32   1.162655           NaN    1.052452   0.530386  0.095721    1.461218              1.003248        1
                     EMB_chemberta_raw   1.183846           NaN    1.035277   0.541076  0.128630    1.298477              1.185539        1
                EMB_molformercls_pca32   1.191466           NaN    1.077609   0.542049  0.066684    1.475487              1.082272        1
                  EMB_chembertamlm_raw   1.202752           NaN    1.052913   0.545348  0.125970    1.336437              1.175121        1
EMB_chembertamlm_hybrid_pca32_catboost   1.244273           NaN    1.086111   0.550564  0.026667    1.224744              1.250314        1
                     EMB_molformer_raw   1.244928           NaN    1.128823   0.545903  0.142700    1.446975              1.217594        1
                  EMB_molformercls_raw   1.251935           NaN    1.136485   0.554188  0.129406    1.427589              1.268439        1
   EMB_molformer_hybrid_pca32_catboost   1.253955           NaN    1.143095   0.540170  0.140877    1.433526              1.215781        1
   EMB_chemberta_hybrid_pca32_catboost   1.274436           NaN    1.119875   0.550906  0.104053    1.336915              1.307939        1

artifacts -> runs/gen7_architecture/embeddings
===== COLLECT =====
                                 model           suite  macro_mae  macro_mae_sd  offset_mae  shape_mae  shape_r2  pooled_mae  nn_lt_0_4__macro_mae  n_seeds
                           ORACLE_cell         oracles     0.0000        0.0000      0.0000     0.0000    1.0000      0.0000                0.0000        3
                          ORACLE_batch         oracles     0.3502        0.0067      0.0000     0.3634    0.5364      0.5714                0.3076        3
                          ORACLE_level         oracles     0.4974        0.0030      0.0000     0.5086    0.2073      0.8125                0.3761        3
                       ABL_minus_lig2d       ablations     0.9696        0.0240      0.8142     0.4985    0.2106      1.1386                0.8444        3
               REC_ecfp_plus_recovered       finalists     0.9807        0.0223      0.8212     0.5025    0.2023      1.1590                0.8578        5
                         LP_everything         ligphys     0.9909        0.0381      0.8384     0.4970    0.2134      1.1361                0.8883        3
                          MET_physical           metal     0.9932        0.0266      0.8366     0.5026    0.1748      1.1377                0.8532        3
                               MET_all           metal     0.9947        0.0334      0.8381     0.5035    0.1746      1.1407                0.8389        3
                     ABL_minus_ligphys       ablations     0.9947        0.0361      0.8422     0.5004    0.1976      1.1464                0.8892        3
                      ABL_minus_donors       ablations     0.9958        0.0334      0.8380     0.5025    0.2034      1.1386                0.8742        3
               MET_continuous_physical           metal     0.9976        0.0337      0.8406     0.5045    0.1693      1.1406                0.8481        3
                       LP_ecfp_ligphys         ligphys     0.9976        0.0285      0.8473     0.5042    0.1672      1.1387                0.8524        3
                              REP_ecfp representations     0.9976        0.0295      0.8468     0.5045    0.1703      1.1431                0.8409        3
                        REAL_best_tree         oracles     0.9976        0.0295      0.8468     0.5045    0.1703      1.1431                0.8409        3
                        MET_continuous           metal     0.9976        0.0295      0.8468     0.5045    0.1703      1.1431                0.8409        3
                          ABL_add_ecfp       ablations     0.9987        0.0259      0.8501     0.5046    0.1728      1.1367                0.8661        3
           GEN7_everything_EXPLORATORY       finalists     0.9996        0.0238      0.8436     0.4956    0.2113      1.1420                0.9260        5
       GEN7_metalphys_ecfp_EXPLORATORY       finalists     0.9996        0.0214      0.8437     0.5028    0.1735      1.1454                0.8819        5
                    REC_plus_recovered       recovered     1.0012        0.0312      0.8327     0.5073    0.1068      1.3202                0.9622        3
                               LP_ecfp         ligphys     1.0012        0.0281      0.8501     0.5058    0.1664      1.1529                0.8564        3
                     ABL_add_recovered       ablations     1.0019        0.0352      0.8442     0.5021    0.2076      1.1395                0.9141        3
                              ABL_full       ablations     1.0019        0.0352      0.8442     0.5021    0.2076      1.1395                0.9141        3
               TREE_MC_ecfp_massaction       finalists     1.0031        0.0230      0.8510     0.5040    0.1693      1.1470                0.8699        5
                            REP_donors representations     1.0069        0.0390      0.8553     0.4998    0.0578      1.1551                0.8515        3
              TREE_MC_all2d_massaction        learners     1.0074        0.0356      0.8570     0.5065    0.1769      1.1358                0.8748        3
                              REP_rich representations     1.0074        0.0356      0.8570     0.5065    0.1769      1.1358                0.8748        3
                            MET_onehot           metal     1.0078        0.0342      0.8554     0.5167    0.1385      1.1691                0.8403        3
                 REP_donors_massaction representations     1.0118        0.0517      0.8737     0.4984    0.0884      1.1569                0.8594        3
                   ABL_minus_recovered       ablations     1.0137        0.0391      0.8637     0.5067    0.1697      1.1426                0.8859        3
                        TREE_MC_donors       finalists     1.0150        0.0389      0.8613     0.4991    0.0683      1.1630                0.9421        5
                  ABL_minus_conditions       ablations     1.0160        0.0363      0.8576     0.5062    0.2060      1.1435                0.9641        3
                        ABL_minus_ecfp       ablations     1.0183        0.0317      0.8528     0.5003    0.2029      1.1311                1.0111        3
                          SELECT_inner       finalists     1.0197        0.0377      0.8552     0.5060    0.1697      1.1363                0.9104        5
                              MET_none           metal     1.0198        0.0307      0.8631     0.5288    0.1075      1.1838                0.8387        3
                  ABL_minus_massaction       ablations     1.0210        0.0403      0.8546     0.5136    0.1825      1.1568                0.9659        3
                       ABL_minus_metal       ablations     1.0275        0.0312      0.8637     0.5294    0.1551      1.1576                0.9172        3
                     LP_donors_ligphys         ligphys     1.0342        0.0522      0.8642     0.5069    0.1290      1.1285                0.8793        3
                       ABL_add_ligphys       ablations     1.0342        0.0522      0.8642     0.5069    0.1290      1.1285                0.8793        3
                  ABL_minus_indicators       ablations     1.0355        0.0560      0.8862     0.5033    0.1889      1.1638                1.0487        3
                              REC_base       recovered     1.0359        0.0519      0.8874     0.4956    0.1061      1.2398                1.0195        3
           REC_plus_recovered_catboost       recovered     1.0433        0.0598      0.8953     0.5356    0.1306      1.2797                1.0342        3
          TREE_MC_lig2d_ext_massaction       finalists     1.0468        0.0146      0.8744     0.5069    0.1621      1.1340                1.0241        5
                               IND_all       finalists     1.0468        0.0146      0.8744     0.5069    0.1621      1.1340                1.0241        5
                             REP_lig2d representations     1.0475        0.0206      0.8704     0.5095    0.1548      1.1320                0.9825        3
                        LRN_extratrees        learners     1.0475        0.0206      0.8704     0.5095    0.1548      1.1320                0.9825        3
                           REP_compact representations     1.0490        0.0386      0.8816     0.5084    0.1241      1.1401                0.8447        3
           REC_champion_plus_recovered       recovered     1.0529        0.0455      0.8992     0.5054    0.1490      1.1879                1.1005        3
                             LP_donors         ligphys     1.0537        0.0427      0.8862     0.5093    0.1265      1.1420                0.8397        3
                        ABL_add_donors       ablations     1.0537        0.0427      0.8862     0.5093    0.1265      1.1420                0.8397        3
                  ABL_minus_ligand_all       ablations     1.0600        0.0128      0.8900     0.5332    0.1144      1.3104                0.8386        3
                          DECONF_batch       finalists     1.0605        0.0481      0.9171     0.5017    0.1755      1.1445                1.0203        5
                    LRN_lightgbm_huber        learners     1.0617        0.1171      0.9143     0.5013    0.1379      1.0936                1.0760        3
                      LRN_randomforest        learners     1.0716        0.0205      0.9084     0.5127    0.1229      1.1161                0.9948        3
                  IND_nomassaction_all      indicators     1.0737        0.0194      0.8878     0.5219    0.1364      1.1415                1.0261        3
                        IND_nocond_all      indicators     1.0779        0.0276      0.8938     0.5171    0.1278      1.1387                1.0357        3
                            LP_ligphys         ligphys     1.0846        0.0224      0.9368     0.5132    0.1051      1.1955                0.8982        3
                          ABL_add_none       ablations     1.0852        0.0091      0.9107     0.5499    0.0262      1.2794                0.8676        3
                               TREE_MC        learners     1.0852        0.0091      0.9107     0.5499    0.0262      1.2794                0.8676        3
                              REP_none representations     1.0852        0.0091      0.9107     0.5499    0.0262      1.2794                0.8676        3
                     IND_noligand_none      indicators     1.0876        0.0142      0.9432     0.5267   -0.0121      1.3606                0.9829        3
                     LRN_catboost_rmse        learners     1.0896        0.0386      0.9437     0.5109    0.1440      1.1165                1.1532        3
                      IND_noligand_all      indicators     1.0903        0.0062      0.9396     0.5322    0.0576      1.2687                0.8834        3
                    ABL_add_massaction       ablations     1.0903        0.0062      0.9396     0.5322    0.0576      1.2687                0.8834        3
                        REP_massaction representations     1.0903        0.0062      0.9396     0.5322    0.0576      1.2687                0.8834        3
                               LP_base         ligphys     1.0903        0.0062      0.9396     0.5322    0.0576      1.2687                0.8834        3
         EMB_chembertamlm_hybrid_pca32      embeddings     1.0970           NaN      0.9547     0.5208    0.1447      1.2128                0.9714        1
                       NULL_metal_cond       finalists     1.0995        0.0192      0.9079     0.5639    0.0044      1.2900                0.9874        5
                          PADRE_donors       finalists     1.1007        0.0552      0.9774     0.4902    0.2495      1.1828                1.2597        5
                          REP_physchem representations     1.1011        0.0362      0.9294     0.5263    0.1149      1.2046                0.8682        3
            EMB_chemberta_hybrid_pca32      embeddings     1.1011           NaN      0.9708     0.5204    0.1427      1.2764                0.9838        1
                    PADRE_donors_lig2d        pairwise     1.1061        0.0848      0.9743     0.4861    0.2527      1.1503                1.3644        3
                       LRN_xgboost_mae        learners     1.1078        0.0338      0.9384     0.5406    0.0736      1.1352                0.9400        3
                               HNN_moe             hnn     1.1084           NaN      1.0200     0.5302    0.1453      1.2615                0.9219        1
                          REC_champion       recovered     1.1089        0.0286      0.9446     0.5158    0.1168      1.1874                1.1301        3
                         HNN_recovered             hnn     1.1102           NaN      1.0313     0.5298    0.1495      1.2689                0.9748        1
                       LRN_lightgbm_l1        learners     1.1133        0.0466      0.9479     0.5168    0.1134      1.1230                1.1421        3
                              IND_none       finalists     1.1140        0.0233      0.9541     0.5137    0.1167      1.1916                1.1669        5
                          HNN_no_shape             hnn     1.1145           NaN      1.0352     0.5323    0.1294      1.2903                0.9065        1
                       HNN_pair_across             hnn     1.1160           NaN      1.0233     0.5415    0.1516      1.2844                1.0516        1
                           LRN_hgb_mae        learners     1.1175        0.0475      0.9674     0.5143    0.0997      1.1722                1.1168        3
                EMB_chembertacls_pca32      embeddings     1.1175           NaN      0.9904     0.5279    0.1190      1.3157                1.0282        1
                EMB_chembertamlm_pca32      embeddings     1.1190           NaN      0.9698     0.5408    0.1142      1.2959                1.0164        1
                      LRN_catboost_mae        learners     1.1200        0.0318      0.9526     0.5232    0.1282      1.1239                1.2019        3
            EMB_molformer_hybrid_pca32      embeddings     1.1275           NaN      1.0049     0.5164    0.1449      1.3147                0.9970        1
                         HNN_no_center             hnn     1.1299           NaN      1.0379     0.5328    0.0775      1.3303                0.9559        1
              DECOMP_offset_shape_tree       finalists     1.1302        0.0343      0.9970     0.4866    0.2563      1.1581                1.3297        5
                         HNN_base_film       finalists     1.1329        0.0580      1.0071     0.5298    0.1182      1.1982                1.1560        5
        PAIR_control_offset_shape_tree        pairwise     1.1338        0.0447      1.0039     0.4820    0.2588      1.1706                1.3144        3
                  EMB_chembertacls_raw      embeddings     1.1365           NaN      0.9754     0.5326    0.1342      1.2106                1.1442        1
                            LRN_hgb_l2        learners     1.1386        0.0676      1.0103     0.5193   -0.0212      1.2253                1.0458        3
                           HNN_no_pair             hnn     1.1435           NaN      1.0439     0.5624    0.1689      1.3328                1.2084        1
                   EMB_chemberta_pca32      embeddings     1.1459           NaN      1.0092     0.5444    0.1065      1.4191                1.0691        1
                           HNN_physics             hnn     1.1462           NaN      1.0625     0.5255    0.1343      1.2887                1.0571        1
                            HNN_concat             hnn     1.1504           NaN      1.0732     0.5312    0.1340      1.2929                0.9750        1
                    REP_3d_complexphys representations     1.1572        0.0265      0.9906     0.5499    0.0627      1.2504                0.9216        3
                   EMB_molformer_pca32      embeddings     1.1627           NaN      1.0525     0.5304    0.0957      1.4612                1.0032        1
                     EMB_chemberta_raw      embeddings     1.1838           NaN      1.0353     0.5411    0.1286      1.2985                1.1855        1
                             HNN_lig2d             hnn     1.1862           NaN      1.0539     0.5340    0.1526      1.1597                1.2422        1
                EMB_molformercls_pca32      embeddings     1.1915           NaN      1.0776     0.5420    0.0667      1.4755                1.0823        1
                          KRR_tanimoto         kernels     1.1976           NaN      1.0559     0.5803    0.1094      1.2631                1.1691        1
                           GP_tanimoto         kernels     1.2010           NaN      1.0550     0.5643    0.1458      1.2600                1.2472        1
                  EMB_chembertamlm_raw      embeddings     1.2028           NaN      1.0529     0.5453    0.1260      1.3364                1.1751        1
                 KRR_tanimoto_additive         kernels     1.2297           NaN      1.0822     0.5657    0.1104      1.2292                1.2621        1
EMB_chembertamlm_hybrid_pca32_catboost      embeddings     1.2443           NaN      1.0861     0.5506    0.0267      1.2247                1.2503        1
                     EMB_molformer_raw      embeddings     1.2449           NaN      1.1288     0.5459    0.1427      1.4470                1.2176        1
                  EMB_molformercls_raw      embeddings     1.2519           NaN      1.1365     0.5542    0.1294      1.4276                1.2684        1
   EMB_molformer_hybrid_pca32_catboost      embeddings     1.2540           NaN      1.1431     0.5402    0.1409      1.4335                1.2158        1
                   LRN_kernelridge_rbf        learners     1.2555        0.0223      1.0645     0.5978    0.0236      1.3655                1.3360        3
   EMB_chemberta_hybrid_pca32_catboost      embeddings     1.2744           NaN      1.1199     0.5509    0.1041      1.3369                1.3079        1
                        KRR_rbf_donors         kernels     1.2983           NaN      1.1702     0.5375   -0.1026      1.4005                1.3168        1
                               LRN_mlp        learners     1.3532        0.0125      1.2042     0.5439    0.0516      1.2478                1.4425        3
                         KRR_rbf_lig2d         kernels     1.3716           NaN      1.2621     0.5338    0.1138      1.4731                1.5084        1
                             LRN_ridge        learners     1.4426        0.0487      1.2310     0.6155    0.0117      1.3708                1.3176        3
                        LRN_elasticnet        learners     1.4972        0.0203      1.3101     0.6481    0.0299      1.3621                1.6916        3
                        NULL_pair_mean       finalists     1.5505        0.0623      1.3732     0.6028    0.0000      1.5665                1.7703        5
                      NULL_global_mean        learners     1.5525        0.0742      1.3898     0.6028    0.0000      1.6265                1.7893        3

cohort fingerprint bed178ec1a7a82b0; 116 models
artifacts -> /Users/lilshadix/PycharmProjects/ml_separator/runs/gen7_architecture/leaderboard_all.csv
wrote environment.json
wrote model_registry.json
wrote data_audit.json
wrote experiment_manifest.json
wrote: error_budget.png, gain_vs_similarity.png, level_capture.png
GEN7_ALL_DONE
