===== oracles (seeds 3) =====
cohort 5248 rows / 152 extractants / fingerprint bed178ec1a7a82b0
suite oracles: 5 contenders
  [REAL_best_tree] seed 104729: pooled MAE 1.1944 (14.6s)
  [REAL_best_tree] seed 130363: pooled MAE 1.1228 (16.0s)
  [REAL_best_tree] seed 155921: pooled MAE 1.1122 (14.2s)
  [NULL_metal_cond] seed 104729: pooled MAE 1.3022 (3.1s)
  [NULL_metal_cond] seed 130363: pooled MAE 1.2311 (2.9s)
  [NULL_metal_cond] seed 155921: pooled MAE 1.2745 (3.1s)
  [ORACLE_level] seed 104729: pooled MAE 0.8051 (17.3s)
  [ORACLE_level] seed 130363: pooled MAE 0.8195 (17.3s)
  [ORACLE_level] seed 155921: pooled MAE 0.8130 (17.4s)
  [ORACLE_cell] seed 104729: pooled MAE 0.0000 (0.1s)
  [ORACLE_cell] seed 130363: pooled MAE 0.0000 (0.1s)
  [ORACLE_cell] seed 155921: pooled MAE 0.0000 (0.1s)
  [ORACLE_batch] seed 104729: pooled MAE 0.5721 (17.4s)
  [ORACLE_batch] seed 130363: pooled MAE 0.5716 (18.5s)
  [ORACLE_batch] seed 155921: pooled MAE 0.5705 (19.2s)

          model  macro_mae  macro_mae_sd   offset_mae  shape_mae  shape_r2  pooled_mae  nn_lt_0_4__macro_mae  n_seeds
    ORACLE_cell   0.000000      0.000000 0.000000e+00   0.000000  1.000000    0.000000              0.000000        3
   ORACLE_batch   0.350219      0.006736 4.442716e-17   0.363431  0.536381    0.571377              0.307637        3
   ORACLE_level   0.497358      0.003043 6.329431e-17   0.508647  0.207275    0.812545              0.376135        3
 REAL_best_tree   0.997634      0.029519 8.468032e-01   0.504532  0.170338    1.143144              0.840868        3
NULL_metal_cond   1.088196      0.012338 8.905353e-01   0.561397  0.024661    1.269279              0.928937        3

artifacts -> runs/gen7_architecture/oracles
===== indicators (seeds 3) =====
cohort 5248 rows / 152 extractants / fingerprint bed178ec1a7a82b0
suite indicators: 6 contenders
  [IND_none] seed 104729: pooled MAE 1.2691 (6.1s)
  [IND_none] seed 130363: pooled MAE 1.1535 (6.3s)
  [IND_none] seed 155921: pooled MAE 1.1397 (6.2s)
  [IND_all] seed 104729: pooled MAE 1.2033 (7.1s)
  [IND_all] seed 130363: pooled MAE 1.0927 (7.1s)
  [IND_all] seed 155921: pooled MAE 1.1001 (6.4s)
  [IND_noligand_none] seed 104729: pooled MAE 1.4056 (2.3s)
  [IND_noligand_none] seed 130363: pooled MAE 1.3102 (2.3s)
  [IND_noligand_none] seed 155921: pooled MAE 1.3661 (2.5s)
  [IND_noligand_all] seed 104729: pooled MAE 1.3188 (2.6s)
  [IND_noligand_all] seed 130363: pooled MAE 1.2276 (2.3s)
  [IND_noligand_all] seed 155921: pooled MAE 1.2598 (2.4s)
  [IND_nomassaction_all] seed 104729: pooled MAE 1.2107 (5.8s)
  [IND_nomassaction_all] seed 130363: pooled MAE 1.1099 (6.3s)
  [IND_nomassaction_all] seed 155921: pooled MAE 1.1039 (6.1s)
  [IND_nocond_all] seed 104729: pooled MAE 1.2034 (5.2s)
  [IND_nocond_all] seed 130363: pooled MAE 1.1038 (5.3s)
  [IND_nocond_all] seed 155921: pooled MAE 1.1090 (5.8s)

               model  macro_mae  macro_mae_sd  offset_mae  shape_mae  shape_r2  pooled_mae  nn_lt_0_4__macro_mae  n_seeds
             IND_all   1.047537      0.020581    0.870439   0.509516  0.154820    1.132036              0.982456        3
IND_nomassaction_all   1.073715      0.019380    0.887770   0.521855  0.136410    1.141508              1.026133        3
      IND_nocond_all   1.077871      0.027647    0.893776   0.517142  0.127761    1.138729              1.035748        3
   IND_noligand_none   1.087622      0.014156    0.943195   0.526674 -0.012086    1.360637              0.982855        3
    IND_noligand_all   1.090315      0.006172    0.939624   0.532200  0.057610    1.268729              0.883435        3
            IND_none   1.108949      0.028598    0.944566   0.515800  0.116781    1.187403              1.130073        3

artifacts -> runs/gen7_architecture/indicators
===== metal (seeds 3) =====
cohort 5248 rows / 152 extractants / fingerprint bed178ec1a7a82b0
suite metal: 6 contenders
  [MET_continuous] seed 104729: pooled MAE 1.1944 (15.0s)
  [MET_continuous] seed 130363: pooled MAE 1.1228 (14.9s)
  [MET_continuous] seed 155921: pooled MAE 1.1122 (15.3s)
  [MET_onehot] seed 104729: pooled MAE 1.2143 (14.7s)
  [MET_onehot] seed 130363: pooled MAE 1.1524 (14.9s)
  [MET_onehot] seed 155921: pooled MAE 1.1407 (14.6s)
  [MET_physical] seed 104729: pooled MAE 1.1769 (15.9s)
  [MET_physical] seed 130363: pooled MAE 1.1252 (15.7s)
  [MET_physical] seed 155921: pooled MAE 1.1110 (15.8s)
  [MET_continuous_physical] seed 104729: pooled MAE 1.1936 (15.9s)
  [MET_continuous_physical] seed 130363: pooled MAE 1.1169 (16.1s)
  [MET_continuous_physical] seed 155921: pooled MAE 1.1113 (16.0s)
  [MET_all] seed 104729: pooled MAE 1.1990 (16.8s)
  [MET_all] seed 130363: pooled MAE 1.1126 (16.6s)
  [MET_all] seed 155921: pooled MAE 1.1105 (16.4s)
  [MET_none] seed 104729: pooled MAE 1.2334 (13.9s)
  [MET_none] seed 130363: pooled MAE 1.1546 (14.7s)
  [MET_none] seed 155921: pooled MAE 1.1633 (14.0s)

                  model  macro_mae  macro_mae_sd  offset_mae  shape_mae  shape_r2  pooled_mae  nn_lt_0_4__macro_mae  n_seeds
           MET_physical   0.993161      0.026604    0.836561   0.502552  0.174844    1.137707              0.853154        3
                MET_all   0.994660      0.033391    0.838106   0.503547  0.174623    1.140677              0.838886        3
MET_continuous_physical   0.997578      0.033667    0.840607   0.504523  0.169330    1.140580              0.848097        3
         MET_continuous   0.997634      0.029519    0.846803   0.504532  0.170338    1.143144              0.840868        3
             MET_onehot   1.007789      0.034227    0.855358   0.516702  0.138456    1.169133              0.840291        3
               MET_none   1.019791      0.030675    0.863098   0.528806  0.107473    1.183780              0.838738        3

artifacts -> runs/gen7_architecture/metal
===== ligphys (seeds 3) =====
cohort 5248 rows / 152 extractants / fingerprint bed178ec1a7a82b0
suite ligphys: 7 contenders
  [LP_base] seed 104729: pooled MAE 1.3188 (2.0s)
  [LP_base] seed 130363: pooled MAE 1.2276 (2.3s)
  [LP_base] seed 155921: pooled MAE 1.2598 (2.3s)
  [LP_donors] seed 104729: pooled MAE 1.1937 (2.8s)
  [LP_donors] seed 130363: pooled MAE 1.1247 (2.9s)
  [LP_donors] seed 155921: pooled MAE 1.1076 (2.9s)
  [LP_ligphys] seed 104729: pooled MAE 1.2554 (2.7s)
  [LP_ligphys] seed 130363: pooled MAE 1.1606 (2.7s)
  [LP_ligphys] seed 155921: pooled MAE 1.1706 (2.7s)
  [LP_donors_ligphys] seed 104729: pooled MAE 1.1800 (3.3s)
  [LP_donors_ligphys] seed 130363: pooled MAE 1.1096 (3.2s)
  [LP_donors_ligphys] seed 155921: pooled MAE 1.0959 (3.2s)
  [LP_ecfp_ligphys] seed 104729: pooled MAE 1.1800 (15.2s)
  [LP_ecfp_ligphys] seed 130363: pooled MAE 1.1205 (14.9s)
  [LP_ecfp_ligphys] seed 155921: pooled MAE 1.1156 (15.2s)
  [LP_ecfp] seed 104729: pooled MAE 1.2081 (14.2s)
  [LP_ecfp] seed 130363: pooled MAE 1.1229 (14.6s)
  [LP_ecfp] seed 155921: pooled MAE 1.1278 (14.4s)
  [LP_everything] seed 104729: pooled MAE 1.2120 (23.5s)
  [LP_everything] seed 130363: pooled MAE 1.1027 (22.7s)
  [LP_everything] seed 155921: pooled MAE 1.0936 (23.7s)

            model  macro_mae  macro_mae_sd  offset_mae  shape_mae  shape_r2  pooled_mae  nn_lt_0_4__macro_mae  n_seeds
    LP_everything   0.990919      0.038090    0.838390   0.496951  0.213391    1.136094              0.888255        3
  LP_ecfp_ligphys   0.997611      0.028516    0.847264   0.504211  0.167173    1.138697              0.852437        3
          LP_ecfp   1.001198      0.028082    0.850144   0.505830  0.166402    1.152945              0.856417        3
LP_donors_ligphys   1.034152      0.052220    0.864206   0.506879  0.129049    1.128488              0.879268        3
        LP_donors   1.053690      0.042655    0.886157   0.509287  0.126499    1.141988              0.839668        3
       LP_ligphys   1.084601      0.022363    0.936846   0.513192  0.105133    1.195497              0.898231        3
          LP_base   1.090315      0.006172    0.939624   0.532200  0.057610    1.268729              0.883435        3

artifacts -> runs/gen7_architecture/ligphys
===== recovered (seeds 3) =====
cohort 5248 rows / 152 extractants / fingerprint bed178ec1a7a82b0
suite recovered: 5 contenders
  [REC_base] seed 104729: pooled MAE 1.2948 (2.4s)
  [REC_base] seed 130363: pooled MAE 1.2239 (2.8s)
  [REC_base] seed 155921: pooled MAE 1.2007 (2.8s)
  [REC_plus_recovered] seed 104729: pooled MAE 1.4233 (3.2s)
  [REC_plus_recovered] seed 130363: pooled MAE 1.2569 (2.9s)
  [REC_plus_recovered] seed 155921: pooled MAE 1.2806 (2.9s)
  [REC_champion] seed 104729: pooled MAE 1.2691 (6.2s)
  [REC_champion] seed 130363: pooled MAE 1.1535 (6.3s)
  [REC_champion] seed 155921: pooled MAE 1.1397 (6.2s)
  [REC_champion_plus_recovered] seed 104729: pooled MAE 1.2779 (7.4s)
  [REC_champion_plus_recovered] seed 130363: pooled MAE 1.1482 (6.9s)
  [REC_champion_plus_recovered] seed 155921: pooled MAE 1.1376 (7.1s)
  [REC_plus_recovered_catboost] seed 104729: pooled MAE 1.3914 (4.5s)
  [REC_plus_recovered_catboost] seed 130363: pooled MAE 1.2137 (4.4s)
  [REC_plus_recovered_catboost] seed 155921: pooled MAE 1.2341 (4.6s)

                      model  macro_mae  macro_mae_sd  offset_mae  shape_mae  shape_r2  pooled_mae  nn_lt_0_4__macro_mae  n_seeds
         REC_plus_recovered   1.001179      0.031235    0.832682   0.507300  0.106756    1.320250              0.962241        3
                   REC_base   1.035921      0.051904    0.887430   0.495577  0.106105    1.239805              1.019486        3
REC_plus_recovered_catboost   1.043309      0.059826    0.895251   0.535577  0.130554    1.279736              1.034160        3
REC_champion_plus_recovered   1.052880      0.045482    0.899150   0.505443  0.148985    1.187909              1.100516        3
               REC_champion   1.108949      0.028598    0.944566   0.515800  0.116781    1.187403              1.130073        3

artifacts -> runs/gen7_architecture/recovered
===== pairwise (seeds 3) =====
cohort 5248 rows / 152 extractants / fingerprint bed178ec1a7a82b0
suite pairwise: 5 contenders
  [PAIR_control_offset_shape_tree] seed 104729: pooled MAE 1.3024 (3.1s)
  [PAIR_control_offset_shape_tree] seed 130363: pooled MAE 1.0851 (3.5s)
  [PAIR_control_offset_shape_tree] seed 155921: pooled MAE 1.1244 (3.3s)
  [PADRE_donors] seed 104729: pooled MAE 1.2260 (51.6s)
  [PADRE_donors] seed 130363: pooled MAE 1.1733 (63.8s)
  [PADRE_donors] seed 155921: pooled MAE 1.1790 (53.0s)
  [PADRE_donors_lig2d] seed 104729: pooled MAE 1.2938 (215.2s)
  [PADRE_donors_lig2d] seed 130363: pooled MAE 1.0693 (205.7s)
  [PADRE_donors_lig2d] seed 155921: pooled MAE 1.0878 (200.5s)
/Library/Frameworks/Python.framework/Versions/3.13/lib/python3.13/multiprocessing/resource_tracker.py:276: UserWarning: resource_tracker: There appear to be 2 leaked semaphore objects to clean up at shutdown: {'/loky-89507-nvb8ltbr', '/loky-89507-me8pi5_t'}
  warnings.warn(
