cohort 5248 rows / 152 extractants / fingerprint 48d63424b24f40b5
suite learners: 20 contenders
  [NULL_global_mean] seed 104729: pooled MAE 1.7512 (0.1s)
  [NULL_global_mean] seed 130363: pooled MAE 1.4498 (0.1s)
  [NULL_global_mean] seed 155921: pooled MAE 1.6786 (0.1s)
  [NULL_metal_cond] seed 104729: pooled MAE 1.3022 (2.5s)
  [NULL_metal_cond] seed 130363: pooled MAE 1.2311 (2.4s)
  [NULL_metal_cond] seed 155921: pooled MAE 1.2745 (2.4s)
  [TREE_MC_lig2d_ext_massaction] seed 104729: pooled MAE 1.2033 (5.1s)
  [TREE_MC_lig2d_ext_massaction] seed 130363: pooled MAE 1.0927 (5.1s)
  [TREE_MC_lig2d_ext_massaction] seed 155921: pooled MAE 1.1001 (5.1s)
  [TREE_MC_donors] seed 104729: pooled MAE 1.2012 (2.0s)
  [TREE_MC_donors] seed 130363: pooled MAE 1.1400 (2.1s)
  [TREE_MC_donors] seed 155921: pooled MAE 1.1240 (2.3s)
  [TREE_MC_all2d_massaction] seed 104729: pooled MAE 1.1982 (17.9s)
  [TREE_MC_all2d_massaction] seed 130363: pooled MAE 1.0962 (17.2s)
  [TREE_MC_all2d_massaction] seed 155921: pooled MAE 1.1131 (17.5s)
  [TREE_MC_ecfp_massaction] seed 104729: pooled MAE 1.1944 (13.4s)
  [TREE_MC_ecfp_massaction] seed 130363: pooled MAE 1.1228 (13.7s)
  [TREE_MC_ecfp_massaction] seed 155921: pooled MAE 1.1122 (13.3s)
  [TREE_MC] seed 104729: pooled MAE 1.3356 (1.8s)
  [TREE_MC] seed 130363: pooled MAE 1.2333 (1.8s)
  [TREE_MC] seed 155921: pooled MAE 1.2693 (1.8s)
  [LRN_extratrees] seed 104729: pooled MAE 1.2691 (5.3s)
  [LRN_extratrees] seed 130363: pooled MAE 1.1535 (5.3s)
  [LRN_extratrees] seed 155921: pooled MAE 1.1397 (5.8s)
  [LRN_randomforest] seed 104729: pooled MAE 1.1588 (4.4s)
  [LRN_randomforest] seed 130363: pooled MAE 1.1040 (4.4s)
  [LRN_randomforest] seed 155921: pooled MAE 1.1128 (5.1s)
  [LRN_hgb_mae] seed 104729: pooled MAE 1.2416 (20.5s)
  [LRN_hgb_mae] seed 130363: pooled MAE 1.1946 (23.0s)
  [LRN_hgb_mae] seed 155921: pooled MAE 1.0802 (24.7s)
  [LRN_hgb_l2] seed 104729: pooled MAE 1.1802 (19.7s)
  [LRN_hgb_l2] seed 130363: pooled MAE 1.3013 (16.1s)
  [LRN_hgb_l2] seed 155921: pooled MAE 1.1943 (16.2s)
  [LRN_catboost_mae] seed 104729: pooled MAE 1.2604 (11.2s)
  [LRN_catboost_mae] seed 130363: pooled MAE 1.0640 (11.4s)
  [LRN_catboost_mae] seed 155921: pooled MAE 1.0918 (11.7s)
  [LRN_catboost_rmse] seed 104729: pooled MAE 1.1492 (10.6s)
  [LRN_catboost_rmse] seed 130363: pooled MAE 1.0915 (11.4s)
  [LRN_catboost_rmse] seed 155921: pooled MAE 1.0993 (10.7s)
  [LRN_lightgbm_l1] seed 104729: pooled MAE 1.2208 (11.4s)
  [LRN_lightgbm_l1] seed 130363: pooled MAE 1.1074 (10.3s)
  [LRN_lightgbm_l1] seed 155921: pooled MAE 1.0624 (9.7s)
  [LRN_lightgbm_huber] seed 104729: pooled MAE 1.1464 (7.8s)
  [LRN_lightgbm_huber] seed 130363: pooled MAE 1.0423 (8.0s)
  [LRN_lightgbm_huber] seed 155921: pooled MAE 1.1156 (8.8s)
