[00:36:36] attached 206 ligand descriptor columns; ligand coverage 1.000
[00:36:36] cohort 6699 pairs, 34 extractants, 2130 A2 columns; arms ('A2_refit', 'PRIOR', 'PRIOR_TRENDONLY', 'A2_lig2d', 'A2_lig2d_SHUF', 'SCALE_s50', 'HIER', 'A2_ens'); seeds [104729, 130363, 155921, 196613, 262147]; trees 200
[00:36:56]   seed 104729 fold 0 A2_refit       19.5s
[00:37:22]   seed 104729 fold 0 PRIOR          25.8s
[00:37:48]   seed 104729 fold 0 PRIOR_TRENDONLY   26.2s
[00:37:59]   seed 104729 fold 0 A2_lig2d       10.5s
[00:38:10]   seed 104729 fold 0 A2_lig2d_SHUF   11.4s
[00:38:36]   seed 104729 fold 0 SCALE_s50      26.4s
[00:39:01]   seed 104729 fold 0 HIER           24.3s
[00:40:00]   seed 104729 fold 0 A2_ens         59.6s
[00:40:00] seed 104729 fold 0 done in 203.7s
[00:40:22]   seed 104729 fold 1 A2_refit       21.1s
[00:40:46]   seed 104729 fold 1 PRIOR          24.7s
[00:41:12]   seed 104729 fold 1 PRIOR_TRENDONLY   25.5s
[00:41:22]   seed 104729 fold 1 A2_lig2d       10.3s
[00:41:33]   seed 104729 fold 1 A2_lig2d_SHUF   11.1s
[00:41:59]   seed 104729 fold 1 SCALE_s50      25.5s
[00:42:19]   seed 104729 fold 1 HIER           20.3s
[00:43:20]   seed 104729 fold 1 A2_ens         61.0s
[00:43:20] seed 104729 fold 1 done in 199.6s
[00:43:40]   seed 104729 fold 2 A2_refit       20.0s
[00:44:10]   seed 104729 fold 2 PRIOR          29.7s
[00:44:38]   seed 104729 fold 2 PRIOR_TRENDONLY   27.9s
[00:44:49]   seed 104729 fold 2 A2_lig2d       10.9s
[00:45:00]   seed 104729 fold 2 A2_lig2d_SHUF   11.6s
[00:45:26]   seed 104729 fold 2 SCALE_s50      25.5s
[00:45:47]   seed 104729 fold 2 HIER           21.8s
[00:46:49]   seed 104729 fold 2 A2_ens         61.4s
[00:46:49] seed 104729 fold 2 done in 208.8s
[00:47:02]   seed 104729 fold 3 A2_refit       12.9s
[00:47:19]   seed 104729 fold 3 PRIOR          17.1s
[00:47:36]   seed 104729 fold 3 PRIOR_TRENDONLY   16.9s
[00:47:43]   seed 104729 fold 3 A2_lig2d        7.5s
[00:47:52]   seed 104729 fold 3 A2_lig2d_SHUF    8.1s
[00:48:10]   seed 104729 fold 3 SCALE_s50      18.0s
[00:48:30]   seed 104729 fold 3 HIER           20.0s
[00:49:09]   seed 104729 fold 3 A2_ens         39.6s
[00:49:09] seed 104729 fold 3 done in 140.2s
[00:49:29]   seed 104729 fold 4 A2_refit       20.2s
[00:49:56]   seed 104729 fold 4 PRIOR          26.1s
[00:50:21]   seed 104729 fold 4 PRIOR_TRENDONLY   25.9s
[00:50:34]   seed 104729 fold 4 A2_lig2d       12.6s
[00:50:45]   seed 104729 fold 4 A2_lig2d_SHUF   11.1s
[00:51:12]   seed 104729 fold 4 SCALE_s50      26.6s
[00:51:35]   seed 104729 fold 4 HIER           22.8s
[00:52:34]   seed 104729 fold 4 A2_ens         59.1s
[00:52:34] seed 104729 fold 4 done in 204.4s
[00:52:34] seed 104729 macro MAE A2_run           0.3164
[00:52:34] seed 104729 macro MAE PAIRMEAN_baseline 0.4530
[00:52:34] seed 104729 macro MAE A2_refit         0.3164
[00:52:34] seed 104729 macro MAE PRIOR            0.3083
[00:52:34] seed 104729 macro MAE PRIOR_TRENDONLY  0.3195
[00:52:34] seed 104729 macro MAE A2_lig2d         0.3163
[00:52:34] seed 104729 macro MAE A2_lig2d_SHUF    0.3437
[00:52:34] seed 104729 macro MAE SCALE_s50        0.3062
[00:52:34] seed 104729 macro MAE HIER             0.3234
[00:52:34] seed 104729 macro MAE A2_ens           0.3158
[00:52:34] seed 104729 macro MAE A2_refit_TP      0.3162
[00:52:34] seed 104729 macro MAE PRIOR_TP         0.3066
[00:52:34] seed 104729 macro MAE PRIOR_TRENDONLY_TP 0.3187
[00:52:34] seed 104729 macro MAE A2_lig2d_TP      0.3145
[00:52:34] seed 104729 macro MAE A2_lig2d_SHUF_TP 0.3409
[00:52:34] seed 104729 macro MAE SCALE_s50_TP     0.3050
[00:52:34] seed 104729 macro MAE HIER_TP          0.3206
[00:52:34] seed 104729 macro MAE A2_ens_TP        0.3155
[00:52:55]   seed 130363 fold 0 A2_refit       20.3s
[00:53:22]   seed 130363 fold 0 PRIOR          27.0s
[00:53:48]   seed 130363 fold 0 PRIOR_TRENDONLY   25.7s
[00:53:58]   seed 130363 fold 0 A2_lig2d       10.6s
[00:54:09]   seed 130363 fold 0 A2_lig2d_SHUF   11.1s
[00:54:34]   seed 130363 fold 0 SCALE_s50      24.8s
[00:54:58]   seed 130363 fold 0 HIER           23.4s
[00:56:00]   seed 130363 fold 0 A2_ens         61.9s
[00:56:00] seed 130363 fold 0 done in 204.9s
[00:56:19]   seed 130363 fold 1 A2_refit       19.7s
[00:56:44]   seed 130363 fold 1 PRIOR          24.8s
[00:57:10]   seed 130363 fold 1 PRIOR_TRENDONLY   26.0s
[00:57:21]   seed 130363 fold 1 A2_lig2d       10.9s
[00:57:32]   seed 130363 fold 1 A2_lig2d_SHUF   11.0s
[00:58:03]   seed 130363 fold 1 SCALE_s50      30.6s
[00:58:26]   seed 130363 fold 1 HIER           23.4s
[00:59:26]   seed 130363 fold 1 A2_ens         59.7s
[00:59:26] seed 130363 fold 1 done in 206.1s
[00:59:46]   seed 130363 fold 2 A2_refit       19.6s
[01:00:12]   seed 130363 fold 2 PRIOR          26.9s
[01:00:38]   seed 130363 fold 2 PRIOR_TRENDONLY   25.6s
[01:00:49]   seed 130363 fold 2 A2_lig2d       10.8s
[01:01:00]   seed 130363 fold 2 A2_lig2d_SHUF   11.3s
[01:01:25]   seed 130363 fold 2 SCALE_s50      24.7s
[01:01:47]   seed 130363 fold 2 HIER           21.7s
[01:02:49]   seed 130363 fold 2 A2_ens         62.2s
[01:02:49] seed 130363 fold 2 done in 203.0s
[01:03:03]   seed 130363 fold 3 A2_refit       13.9s
[01:03:21]   seed 130363 fold 3 PRIOR          18.3s
[01:03:39]   seed 130363 fold 3 PRIOR_TRENDONLY   18.1s
[01:03:47]   seed 130363 fold 3 A2_lig2d        7.6s
[01:03:55]   seed 130363 fold 3 A2_lig2d_SHUF    8.4s
[01:04:13]   seed 130363 fold 3 SCALE_s50      17.5s
[01:04:34]   seed 130363 fold 3 HIER           21.6s
[01:05:17]   seed 130363 fold 3 A2_ens         42.8s
[01:05:17] seed 130363 fold 3 done in 148.1s
[01:05:42]   seed 130363 fold 4 A2_refit       25.0s
[01:06:13]   seed 130363 fold 4 PRIOR          30.4s
[01:06:46]   seed 130363 fold 4 PRIOR_TRENDONLY   33.6s
[01:07:00]   seed 130363 fold 4 A2_lig2d       13.9s
[01:07:14]   seed 130363 fold 4 A2_lig2d_SHUF   14.3s
[01:07:44]   seed 130363 fold 4 SCALE_s50      29.6s
[01:08:12]   seed 130363 fold 4 HIER           27.9s
[01:09:27]   seed 130363 fold 4 A2_ens         75.7s
[01:09:27] seed 130363 fold 4 done in 250.3s
[01:09:28] seed 130363 macro MAE A2_run           0.3103
[01:09:28] seed 130363 macro MAE PAIRMEAN_baseline 0.4507
[01:09:28] seed 130363 macro MAE A2_refit         0.3103
[01:09:28] seed 130363 macro MAE PRIOR            0.3084
[01:09:28] seed 130363 macro MAE PRIOR_TRENDONLY  0.3140
[01:09:28] seed 130363 macro MAE A2_lig2d         0.3276
[01:09:28] seed 130363 macro MAE A2_lig2d_SHUF    0.3527
[01:09:28] seed 130363 macro MAE SCALE_s50        0.3464
[01:09:28] seed 130363 macro MAE HIER             0.3106
[01:09:28] seed 130363 macro MAE A2_ens           0.3101
[01:09:28] seed 130363 macro MAE A2_refit_TP      0.3078
[01:09:28] seed 130363 macro MAE PRIOR_TP         0.3065
[01:09:28] seed 130363 macro MAE PRIOR_TRENDONLY_TP 0.3113
[01:09:28] seed 130363 macro MAE A2_lig2d_TP      0.3257
[01:09:28] seed 130363 macro MAE A2_lig2d_SHUF_TP 0.3499
[01:09:28] seed 130363 macro MAE SCALE_s50_TP     0.3451
[01:09:28] seed 130363 macro MAE HIER_TP          0.3079
[01:09:28] seed 130363 macro MAE A2_ens_TP        0.3079
[01:09:48]   seed 155921 fold 0 A2_refit       20.0s
[01:10:15]   seed 155921 fold 0 PRIOR          26.7s
[01:10:41]   seed 155921 fold 0 PRIOR_TRENDONLY   26.1s
[01:10:52]   seed 155921 fold 0 A2_lig2d       11.0s
[01:11:04]   seed 155921 fold 0 A2_lig2d_SHUF   11.5s
[01:11:30]   seed 155921 fold 0 SCALE_s50      25.8s
[01:11:56]   seed 155921 fold 0 HIER           26.1s
[01:12:58]   seed 155921 fold 0 A2_ens         62.8s
[01:12:58] seed 155921 fold 0 done in 210.0s
[01:13:19]   seed 155921 fold 1 A2_refit       20.3s
[01:13:45]   seed 155921 fold 1 PRIOR          25.8s
[01:14:09]   seed 155921 fold 1 PRIOR_TRENDONLY   24.3s
[01:14:19]   seed 155921 fold 1 A2_lig2d       10.1s
[01:14:30]   seed 155921 fold 1 A2_lig2d_SHUF   11.2s
[01:14:55]   seed 155921 fold 1 SCALE_s50      25.0s
[01:15:18]   seed 155921 fold 1 HIER           22.8s
[01:16:20]   seed 155921 fold 1 A2_ens         61.7s
[01:16:20] seed 155921 fold 1 done in 201.3s
[01:16:41]   seed 155921 fold 2 A2_refit       21.2s
[01:17:09]   seed 155921 fold 2 PRIOR          27.4s
[01:17:34]   seed 155921 fold 2 PRIOR_TRENDONLY   25.2s
[01:17:45]   seed 155921 fold 2 A2_lig2d       10.9s
[01:17:58]   seed 155921 fold 2 A2_lig2d_SHUF   13.6s
[01:18:23]   seed 155921 fold 2 SCALE_s50      25.1s
[01:18:46]   seed 155921 fold 2 HIER           22.4s
[01:19:47]   seed 155921 fold 2 A2_ens         61.8s
[01:19:47] seed 155921 fold 2 done in 207.5s
[01:20:01]   seed 155921 fold 3 A2_refit       13.8s
[01:20:20]   seed 155921 fold 3 PRIOR          18.5s
[01:20:40]   seed 155921 fold 3 PRIOR_TRENDONLY   20.1s
[01:20:48]   seed 155921 fold 3 A2_lig2d        7.6s
[01:20:56]   seed 155921 fold 3 A2_lig2d_SHUF    8.0s
[01:21:13]   seed 155921 fold 3 SCALE_s50      17.6s
[01:21:32]   seed 155921 fold 3 HIER           18.5s
[01:22:12]   seed 155921 fold 3 A2_ens         40.2s
[01:22:12] seed 155921 fold 3 done in 144.3s
[01:22:31]   seed 155921 fold 4 A2_refit       19.3s
[01:22:59]   seed 155921 fold 4 PRIOR          28.1s
[01:23:24]   seed 155921 fold 4 PRIOR_TRENDONLY   24.9s
[01:23:35]   seed 155921 fold 4 A2_lig2d       10.8s
[01:23:46]   seed 155921 fold 4 A2_lig2d_SHUF   10.9s
[01:24:12]   seed 155921 fold 4 SCALE_s50      26.1s
[01:24:35]   seed 155921 fold 4 HIER           23.1s
[01:25:37]   seed 155921 fold 4 A2_ens         61.8s
[01:25:37] seed 155921 fold 4 done in 205.0s
[01:25:38] seed 155921 macro MAE A2_run           0.3157
[01:25:38] seed 155921 macro MAE PAIRMEAN_baseline 0.4438
[01:25:38] seed 155921 macro MAE A2_refit         0.3157
[01:25:38] seed 155921 macro MAE PRIOR            0.3195
[01:25:38] seed 155921 macro MAE PRIOR_TRENDONLY  0.3181
[01:25:38] seed 155921 macro MAE A2_lig2d         0.3244
[01:25:38] seed 155921 macro MAE A2_lig2d_SHUF    0.3335
[01:25:38] seed 155921 macro MAE SCALE_s50        0.3542
[01:25:38] seed 155921 macro MAE HIER             0.3124
[01:25:38] seed 155921 macro MAE A2_ens           0.3168
[01:25:38] seed 155921 macro MAE A2_refit_TP      0.3132
[01:25:38] seed 155921 macro MAE PRIOR_TP         0.3167
[01:25:38] seed 155921 macro MAE PRIOR_TRENDONLY_TP 0.3160
[01:25:38] seed 155921 macro MAE A2_lig2d_TP      0.3228
[01:25:38] seed 155921 macro MAE A2_lig2d_SHUF_TP 0.3310
[01:25:38] seed 155921 macro MAE SCALE_s50_TP     0.3534
[01:25:38] seed 155921 macro MAE HIER_TP          0.3101
[01:25:38] seed 155921 macro MAE A2_ens_TP        0.3148
[01:25:59]   seed 196613 fold 0 A2_refit       20.6s
[01:26:25]   seed 196613 fold 0 PRIOR          26.2s
[01:26:51]   seed 196613 fold 0 PRIOR_TRENDONLY   25.9s
[01:27:02]   seed 196613 fold 0 A2_lig2d       10.8s
[01:27:13]   seed 196613 fold 0 A2_lig2d_SHUF   11.6s
[01:27:39]   seed 196613 fold 0 SCALE_s50      25.7s
[01:28:03]   seed 196613 fold 0 HIER           24.6s
[01:29:06]   seed 196613 fold 0 A2_ens         62.7s
[01:29:06] seed 196613 fold 0 done in 208.1s
[01:29:25]   seed 196613 fold 1 A2_refit       19.1s
[01:29:50]   seed 196613 fold 1 PRIOR          25.0s
[01:30:16]   seed 196613 fold 1 PRIOR_TRENDONLY   25.5s
[01:30:28]   seed 196613 fold 1 A2_lig2d       12.5s
[01:30:40]   seed 196613 fold 1 A2_lig2d_SHUF   11.4s
[01:31:05]   seed 196613 fold 1 SCALE_s50      25.3s
[01:31:29]   seed 196613 fold 1 HIER           24.4s
[01:32:30]   seed 196613 fold 1 A2_ens         60.3s
[01:32:30] seed 196613 fold 1 done in 203.5s
[01:32:49]   seed 196613 fold 2 A2_refit       19.6s
[01:33:17]   seed 196613 fold 2 PRIOR          27.0s
[01:33:45]   seed 196613 fold 2 PRIOR_TRENDONLY   28.6s
[01:33:57]   seed 196613 fold 2 A2_lig2d       12.4s
[01:34:11]   seed 196613 fold 2 A2_lig2d_SHUF   13.4s
[01:34:41]   seed 196613 fold 2 SCALE_s50      30.3s
[01:35:04]   seed 196613 fold 2 HIER           22.9s
[01:36:06]   seed 196613 fold 2 A2_ens         62.0s
[01:36:06] seed 196613 fold 2 done in 216.3s
[01:36:19]   seed 196613 fold 3 A2_refit       12.9s
[01:36:37]   seed 196613 fold 3 PRIOR          17.8s
[01:36:55]   seed 196613 fold 3 PRIOR_TRENDONLY   18.0s
[01:37:03]   seed 196613 fold 3 A2_lig2d        7.7s
[01:37:11]   seed 196613 fold 3 A2_lig2d_SHUF    8.2s
[01:37:28]   seed 196613 fold 3 SCALE_s50      16.8s
[01:37:48]   seed 196613 fold 3 HIER           20.7s
[01:38:29]   seed 196613 fold 3 A2_ens         40.4s
[01:38:29] seed 196613 fold 3 done in 142.5s
[01:38:52]   seed 196613 fold 4 A2_refit       22.8s
[01:39:18]   seed 196613 fold 4 PRIOR          26.6s
[01:39:45]   seed 196613 fold 4 PRIOR_TRENDONLY   26.6s
[01:39:55]   seed 196613 fold 4 A2_lig2d       10.3s
[01:40:06]   seed 196613 fold 4 A2_lig2d_SHUF   10.3s
[01:40:30]   seed 196613 fold 4 SCALE_s50      24.1s
[01:40:51]   seed 196613 fold 4 HIER           21.2s
[01:41:51]   seed 196613 fold 4 A2_ens         60.2s
[01:41:51] seed 196613 fold 4 done in 202.2s
[01:41:52] seed 196613 macro MAE A2_run           0.3231
[01:41:52] seed 196613 macro MAE PAIRMEAN_baseline 0.4486
[01:41:52] seed 196613 macro MAE A2_refit         0.3231
[01:41:52] seed 196613 macro MAE PRIOR            0.3190
[01:41:52] seed 196613 macro MAE PRIOR_TRENDONLY  0.3227
[01:41:52] seed 196613 macro MAE A2_lig2d         0.3187
[01:41:52] seed 196613 macro MAE A2_lig2d_SHUF    0.3464
[01:41:52] seed 196613 macro MAE SCALE_s50        0.3385
[01:41:52] seed 196613 macro MAE HIER             0.3268
[01:41:52] seed 196613 macro MAE A2_ens           0.3243
[01:41:52] seed 196613 macro MAE A2_refit_TP      0.3218
[01:41:52] seed 196613 macro MAE PRIOR_TP         0.3170
[01:41:52] seed 196613 macro MAE PRIOR_TRENDONLY_TP 0.3217
[01:41:52] seed 196613 macro MAE A2_lig2d_TP      0.3167
[01:41:52] seed 196613 macro MAE A2_lig2d_SHUF_TP 0.3443
[01:41:52] seed 196613 macro MAE SCALE_s50_TP     0.3378
[01:41:52] seed 196613 macro MAE HIER_TP          0.3249
[01:41:52] seed 196613 macro MAE A2_ens_TP        0.3233
[01:42:12]   seed 262147 fold 0 A2_refit       20.3s
[01:42:39]   seed 262147 fold 0 PRIOR          26.2s
[01:43:05]   seed 262147 fold 0 PRIOR_TRENDONLY   26.4s
[01:43:16]   seed 262147 fold 0 A2_lig2d       11.2s
[01:43:28]   seed 262147 fold 0 A2_lig2d_SHUF   11.5s
[01:43:53]   seed 262147 fold 0 SCALE_s50      25.6s
[01:44:19]   seed 262147 fold 0 HIER           25.5s
[01:45:21]   seed 262147 fold 0 A2_ens         61.9s
[01:45:21] seed 262147 fold 0 done in 208.7s
[01:45:41]   seed 262147 fold 1 A2_refit       20.2s
[01:46:06]   seed 262147 fold 1 PRIOR          25.0s
[01:46:33]   seed 262147 fold 1 PRIOR_TRENDONLY   26.4s
[01:46:43]   seed 262147 fold 1 A2_lig2d       10.0s
[01:46:53]   seed 262147 fold 1 A2_lig2d_SHUF   10.7s
[01:47:19]   seed 262147 fold 1 SCALE_s50      25.2s
[01:47:42]   seed 262147 fold 1 HIER           23.5s
[01:48:45]   seed 262147 fold 1 A2_ens         62.9s
[01:48:45] seed 262147 fold 1 done in 204.0s
[01:49:08]   seed 262147 fold 2 A2_refit       23.4s
[01:49:35]   seed 262147 fold 2 PRIOR          26.8s
[01:50:06]   seed 262147 fold 2 PRIOR_TRENDONLY   30.4s
[01:50:17]   seed 262147 fold 2 A2_lig2d       11.2s
[01:50:31]   seed 262147 fold 2 A2_lig2d_SHUF   13.7s
[01:50:56]   seed 262147 fold 2 SCALE_s50      25.4s
[01:51:17]   seed 262147 fold 2 HIER           20.9s
[01:52:19]   seed 262147 fold 2 A2_ens         61.7s
[01:52:19] seed 262147 fold 2 done in 213.6s
[01:52:30]   seed 262147 fold 3 A2_refit       11.7s
[01:52:48]   seed 262147 fold 3 PRIOR          17.1s
[01:53:05]   seed 262147 fold 3 PRIOR_TRENDONLY   17.4s
[01:53:12]   seed 262147 fold 3 A2_lig2d        7.5s
[01:53:21]   seed 262147 fold 3 A2_lig2d_SHUF    8.0s
[01:53:38]   seed 262147 fold 3 SCALE_s50      17.6s
[01:53:56]   seed 262147 fold 3 HIER           17.5s
[01:54:38]   seed 262147 fold 3 A2_ens         42.0s
[01:54:38] seed 262147 fold 3 done in 138.8s
[01:55:04]   seed 262147 fold 4 A2_refit       25.9s
[01:55:35]   seed 262147 fold 4 PRIOR          31.5s
[01:56:06]   seed 262147 fold 4 PRIOR_TRENDONLY   31.1s
[01:56:20]   seed 262147 fold 4 A2_lig2d       13.3s
[01:56:33]   seed 262147 fold 4 A2_lig2d_SHUF   13.1s
[01:57:03]   seed 262147 fold 4 SCALE_s50      30.0s
[01:57:30]   seed 262147 fold 4 HIER           27.4s
[01:58:46]   seed 262147 fold 4 A2_ens         76.2s
[01:58:46] seed 262147 fold 4 done in 248.6s
[01:58:47] seed 262147 macro MAE A2_run           0.3306
[01:58:47] seed 262147 macro MAE PAIRMEAN_baseline 0.4447
[01:58:47] seed 262147 macro MAE A2_refit         0.3306
[01:58:47] seed 262147 macro MAE PRIOR            0.3295
[01:58:47] seed 262147 macro MAE PRIOR_TRENDONLY  0.3336
[01:58:47] seed 262147 macro MAE A2_lig2d         0.3502
[01:58:47] seed 262147 macro MAE A2_lig2d_SHUF    0.3563
[01:58:47] seed 262147 macro MAE SCALE_s50        0.3767
[01:58:47] seed 262147 macro MAE HIER             0.3359
[01:58:47] seed 262147 macro MAE A2_ens           0.3313
[01:58:47] seed 262147 macro MAE A2_refit_TP      0.3283
[01:58:47] seed 262147 macro MAE PRIOR_TP         0.3266
[01:58:47] seed 262147 macro MAE PRIOR_TRENDONLY_TP 0.3317
[01:58:47] seed 262147 macro MAE A2_lig2d_TP      0.3484
[01:58:47] seed 262147 macro MAE A2_lig2d_SHUF_TP 0.3545
[01:58:47] seed 262147 macro MAE SCALE_s50_TP     0.3758
[01:58:47] seed 262147 macro MAE HIER_TP          0.3338
[01:58:47] seed 262147 macro MAE A2_ens_TP        0.3292
[01:59:17] 
               arm  equal_extractant_macro_mae  macro_mae_split_sd  mean_delta_vs_A2_refit  positive_split_seeds  pooled_micro_mae  pooled_r2  median_extractant_r2  within_pair_r2  prediction_dispersion_ratio
          PRIOR_TP                      0.3147              0.0084                  0.0045                     4            0.4081     0.3595                0.5560         -0.0343                       0.7315
             PRIOR                      0.3169              0.0089                  0.0023                     4            0.4077     0.3566                0.5490         -0.0388                       0.7285
       A2_refit_TP                      0.3175              0.0079                  0.0018                     5            0.4187     0.3269                0.5368         -0.0504                       0.7398
         A2_run_TP                      0.3175              0.0079                  0.0018                     5            0.4187     0.3269                0.5368         -0.0504                       0.7398
         A2_ens_TP                      0.3181              0.0082                  0.0011                     4            0.4214     0.3163                0.5392         -0.0584                       0.7380
            A2_run                      0.3192              0.0078                  0.0000                     1            0.4189     0.3233                0.5313         -0.0546                       0.7411
          A2_refit                      0.3192              0.0078                  0.0000                     0            0.4189     0.3233                0.5313         -0.0546                       0.7411
           HIER_TP                      0.3195              0.0107                 -0.0002                     2            0.3703     0.4923                0.4865          0.1869                       0.7150
            A2_ens                      0.3197              0.0082                 -0.0004                     2            0.4214     0.3131                0.5348         -0.0625                       0.7382
PRIOR_TRENDONLY_TP                      0.3199              0.0077                 -0.0007                     1            0.4247     0.3038                0.5392         -0.0766                       0.7393
   PRIOR_TRENDONLY                      0.3216              0.0074                 -0.0024                     1            0.4250     0.3003                0.5322         -0.0808                       0.7401
              HIER                      0.3218              0.0105                 -0.0026                     1            0.3730     0.4876                0.4810          0.1856                       0.7223
       A2_lig2d_TP                      0.3256              0.0135                 -0.0064                     2            0.4130     0.3565                0.4469          0.0726                       0.6819
          A2_lig2d                      0.3275              0.0135                 -0.0082                     2            0.4130     0.3542                0.4410          0.0689                       0.6780
      SCALE_s50_TP                      0.3434              0.0258                 -0.0242                     1            0.4790     0.0783                0.4677         -0.2667                       0.7978
  A2_lig2d_SHUF_TP                      0.3441              0.0090                 -0.0249                     0            0.4029     0.3723                0.3212         -0.0263                       0.6750
         SCALE_s50                      0.3444              0.0257                 -0.0252                     1            0.4823     0.0747                0.4605         -0.2691                       0.8042
     A2_lig2d_SHUF                      0.3465              0.0088                 -0.0273                     0            0.4008     0.3688                0.3154         -0.0313                       0.6689
 PAIRMEAN_baseline                      0.4482              0.0039                 -0.1290                     0            0.3825     0.4445                0.2344         -0.0000                       0.6915
[01:59:17] written to /nfs/home/nshank3/ml_separator/runs/gen4_candidates_20260817T003449Z
seeds: [np.int64(104729), np.int64(130363), np.int64(155921), np.int64(196613), np.int64(262147)]; selection seed 104729; confirmation seeds [np.int64(130363), np.int64(155921), np.int64(196613), np.int64(262147)]

per-seed macro MAE:
seed               104729  130363  155921  196613  262147
arm                                                      
A2_refit           0.3164  0.3103  0.3157  0.3231  0.3306
PRIOR              0.3083  0.3084  0.3195  0.3190  0.3295
A2_lig2d           0.3163  0.3276  0.3244  0.3187  0.3502
SCALE_s50          0.3062  0.3464  0.3542  0.3385  0.3767
A2_refit_TP        0.3162  0.3078  0.3132  0.3218  0.3283
PRIOR_TP           0.3066  0.3065  0.3167  0.3170  0.3266
A2_lig2d_TP        0.3145  0.3257  0.3228  0.3167  0.3484
A2_run             0.3164  0.3103  0.3157  0.3231  0.3306
A2_run_TP          0.3162  0.3078  0.3132  0.3218  0.3283
PAIRMEAN_baseline  0.4530  0.4507  0.4438  0.4486  0.4447

decision table (delta = A2_refit - candidate; positive = better):
                   mean_macro_5seeds  mean_macro_confirm  delta_mean_5seeds  delta_mean_confirm  positive_confirm_seeds  positive_all_seeds  boot_delta_confirm  ci95_low  ci95_high  p_better  extractants_improved  holm_p_two_sided  passes_rule
arm                                                                                                                                                                                                                                                
A2_refit                      0.3192              0.3199             0.0000              0.0000                       0                   0                 NaN       NaN        NaN       NaN                  <NA>               NaN        False
PRIOR                         0.3169              0.3191             0.0023              0.0008                       3                   4              0.0008   -0.0104     0.0111    0.5726                    18            0.8548        False
A2_lig2d                      0.3275              0.3302            -0.0082             -0.0103                       1                   2             -0.0103   -0.0261     0.0064    0.1049                    13            0.4196        False
SCALE_s50                     0.3444              0.3540            -0.0252             -0.0340                       0                   1             -0.0340   -0.0631    -0.0064    0.0082                    13            0.0492        False
A2_refit_TP                   0.3175              0.3178             0.0018              0.0021                       4                   5              0.0021    0.0003     0.0041    0.9884                    22               NaN        False
PRIOR_TP                      0.3147              0.3167             0.0045              0.0032                       3                   4              0.0032   -0.0079     0.0135    0.7289                    20               NaN        False
A2_lig2d_TP                   0.3256              0.3284            -0.0064             -0.0085                       1                   2             -0.0085   -0.0241     0.0080    0.1470                    13               NaN        False
A2_run                        0.3192              0.3199             0.0000              0.0000                       0                   0              0.0000   -0.0000     0.0000    0.6437                     7               NaN        False
A2_run_TP                     0.3175              0.3178             0.0018              0.0021                       4                   5              0.0021    0.0003     0.0041    0.9884                    22               NaN        False
PAIRMEAN_baseline             0.4482              0.4470            -0.1290             -0.1271                       0                   0             -0.1271   -0.1916    -0.0626    0.0000                    11               NaN        False

written /nfs/home/nshank3/ml_separator/runs/gen4_candidates_20260817T003449Z/decision_table.csv
