15 adapters: ZERO_SHOT, OFFSET_K1, OFFSET_K2, OFFSET_K3, NO_MODEL, NEAREST_OBSERVED, SLOPE_L_s1, SLOPE_L_s1_K1, SLOPE_L_s1_K3, SLOPE_LH_s1, SLOPE_LH_s1_K1, SLOPE_LH_s1_K3, SLOPE_LHM_s1, SLOPE_LHM_s1_K1, SLOPE_LHM_s1_K3
  seed 104729 fold 0: 23.9s (71,508 records)
  seed 104729 fold 1: 156.5s (348,804 records)
  seed 104729 fold 2: 21.2s (418,140 records)
  seed 104729 fold 3: 31.8s (477,732 records)
  seed 104729 fold 4: 27.4s (568,716 records)
  seed 130363 fold 0: 149.5s (784,260 records)
  seed 130363 fold 1: 23.6s (856,848 records)
  seed 130363 fold 2: 33.5s (958,680 records)
  seed 130363 fold 3: 30.8s (1,055,088 records)
  seed 130363 fold 4: 23.6s (1,137,432 records)
  seed 155921 fold 0: 153.3s (1,357,320 records)
  seed 155921 fold 1: 28.2s (1,440,720 records)
  seed 155921 fold 2: 21.3s (1,511,148 records)
  seed 155921 fold 3: 34.8s (1,576,152 records)
  seed 155921 fold 4: 36.8s (1,706,148 records)
  seed 196613 fold 0: 147.5s (1,952,028 records)
  seed 196613 fold 1: 36.4s (2,032,188 records)
  seed 196613 fold 2: 21.3s (2,091,768 records)
  seed 196613 fold 3: 17.7s (2,161,116 records)
  seed 196613 fold 4: 41.3s (2,274,864 records)
  seed 262147 fold 0: 32.0s (2,350,692 records)
  seed 262147 fold 1: 244.4s (2,604,156 records)
  seed 262147 fold 2: 31.9s (2,690,820 records)
  seed 262147 fold 3: 23.2s (2,746,080 records)
  seed 262147 fold 4: 39.3s (2,843,580 records)
2,843,580 records in 1441s

MAE (RANDOM selection):
k                        1         2         3         5
adapter                                                 
NEAREST_OBSERVED  0.845896  0.671945  0.588928  0.561945
NO_MODEL          0.845896  0.753806  0.729315  0.768704
OFFSET_K1         0.723190  0.639805  0.616223  0.628230
OFFSET_K2         0.723190  0.625219  0.585252  0.565211
OFFSET_K3         0.723190  0.598351  0.540822  0.513561
SLOPE_LHM_s1      1.129480  1.129480  1.136366  1.109409
SLOPE_LHM_s1_K1   1.002907  0.877125  0.854585  0.719762
SLOPE_LHM_s1_K3   1.002907  0.793681  0.703551  0.551252
SLOPE_LH_s1       1.098583  1.098583  1.104807  1.073120
SLOPE_LH_s1_K1    0.907533  0.795655  0.777661  0.633767
SLOPE_LH_s1_K3    0.907533  0.725039  0.650211  0.509980
SLOPE_L_s1        0.988178  0.988178  0.992036  1.052288
SLOPE_L_s1_K1     0.707555  0.626433  0.602391  0.612781
SLOPE_L_s1_K3     0.707555  0.584920  0.528284  0.500337
ZERO_SHOT         0.994988  0.994988  0.998992  1.060530

SHAPE MAE (RANDOM selection):
k                        1         2         3         5
adapter                                                 
NEAREST_OBSERVED  0.565876  0.517225  0.492933  0.522854
NO_MODEL          0.565876  0.565876  0.576771  0.665596
OFFSET_K1         0.472079  0.472079  0.480089  0.543422
OFFSET_K2         0.472079  0.459422  0.456474  0.492911
OFFSET_K3         0.472079  0.442558  0.426900  0.452302
SLOPE_LHM_s1      0.639767  0.639767  0.650091  0.616450
SLOPE_LHM_s1_K1   0.639767  0.639767  0.650091  0.616450
SLOPE_LHM_s1_K3   0.639767  0.580053  0.539334  0.481163
SLOPE_LH_s1       0.580301  0.580301  0.590630  0.545846
SLOPE_LH_s1_K1    0.580301  0.580301  0.590630  0.545846
SLOPE_LH_s1_K3    0.580301  0.530993  0.499221  0.448281
SLOPE_L_s1        0.459192  0.459192  0.466926  0.527220
SLOPE_L_s1_K1     0.459192  0.459192  0.466926  0.527220
SLOPE_L_s1_K3     0.459192  0.431182  0.416292  0.439622
ZERO_SHOT         0.472079  0.472079  0.480089  0.543422

artifacts -> /Users/lilshadix/PycharmProjects/ml_separator/runs/gen8_architecture/functional
