24 adapters: ZERO_SHOT, OFFSET_K1, OFFSET_K2, OFFSET_K3, NO_MODEL, NEAREST_OBSERVED, SLOPE_L_s05, SLOPE_L_s05_K1, SLOPE_L_s05_K3, SLOPE_L_s1, SLOPE_L_s1_K1, SLOPE_L_s1_K3, SLOPE_LH_s05, SLOPE_LH_s05_K1, SLOPE_LH_s05_K3, SLOPE_LH_s1, SLOPE_LH_s1_K1, SLOPE_LH_s1_K3, SLOPE_LHM_s05, SLOPE_LHM_s05_K1, SLOPE_LHM_s05_K3, SLOPE_LHM_s1, SLOPE_LHM_s1_K1, SLOPE_LHM_s1_K3
  seed 104729 fold 0: 11.4s (38,244 records)
  seed 104729 fold 1: 77.9s (186,516 records)
  seed 104729 fold 2: 9.8s (223,596 records)
  seed 104729 fold 3: 17.9s (255,468 records)
  seed 104729 fold 4: 15.0s (304,116 records)
  seed 130363 fold 0: 89.6s (419,364 records)
  seed 130363 fold 1: 13.1s (458,184 records)
  seed 130363 fold 2: 18.5s (512,640 records)
  seed 130363 fold 3: 17.0s (564,192 records)
  seed 130363 fold 4: 12.9s (608,232 records)
  seed 155921 fold 0: 82.8s (725,808 records)
  seed 155921 fold 1: 15.0s (770,400 records)
  seed 155921 fold 2: 11.6s (808,068 records)
  seed 155921 fold 3: 20.7s (842,832 records)
  seed 155921 fold 4: 20.5s (912,348 records)
  seed 196613 fold 0: 87.8s (1,043,820 records)
  seed 196613 fold 1: 21.5s (1,086,684 records)
  seed 196613 fold 2: 12.0s (1,118,544 records)
  seed 196613 fold 3: 9.4s (1,155,636 records)
  seed 196613 fold 4: 20.7s (1,216,464 records)
  seed 262147 fold 0: 13.7s (1,257,012 records)
  seed 262147 fold 1: 99.8s (1,392,540 records)
  seed 262147 fold 2: 13.2s (1,438,884 records)
  seed 262147 fold 3: 9.0s (1,468,440 records)
  seed 262147 fold 4: 16.4s (1,520,580 records)
1,520,580 records in 741s

MAE (RANDOM selection):
k                        1         2         3         5
adapter                                                 
NEAREST_OBSERVED  0.845896  0.671945  0.588928  0.561945
NO_MODEL          0.845896  0.753806  0.729315  0.768704
OFFSET_K1         0.723190  0.639805  0.616223  0.628230
OFFSET_K2         0.723190  0.625219  0.585252  0.565211
OFFSET_K3         0.723190  0.598351  0.540822  0.513561
SLOPE_LHM_s05     1.032361  1.032361  1.037166  1.063549
SLOPE_LHM_s05_K1  0.809442  0.712224  0.690259  0.639631
SLOPE_LHM_s05_K3  0.809442  0.655673  0.589774  0.511568
SLOPE_LHM_s1      1.129480  1.129480  1.136366  1.109409
SLOPE_LHM_s1_K1   1.002907  0.877125  0.854585  0.719762
SLOPE_LHM_s1_K3   1.002907  0.793681  0.703551  0.551252
SLOPE_LH_s05      1.022178  1.022178  1.026765  1.051960
SLOPE_LH_s05_K1   0.774888  0.683037  0.663404  0.609820
SLOPE_LH_s05_K3   0.774888  0.631475  0.571235  0.497314
SLOPE_LH_s1       1.098583  1.098583  1.104807  1.073120
SLOPE_LH_s1_K1    0.907533  0.795655  0.777661  0.633767
SLOPE_LH_s1_K3    0.907533  0.725039  0.650211  0.509980
SLOPE_L_s05       0.990556  0.990556  0.994465  1.055057
SLOPE_L_s05_K1    0.709260  0.627942  0.604790  0.614682
SLOPE_L_s05_K3    0.709260  0.587023  0.530568  0.502443
SLOPE_L_s1        0.988178  0.988178  0.992036  1.052288
SLOPE_L_s1_K1     0.707555  0.626433  0.602391  0.612781
SLOPE_L_s1_K3     0.707555  0.584920  0.528284  0.500337
ZERO_SHOT         0.994988  0.994988  0.998992  1.060530

SHAPE MAE (RANDOM selection):
k                        1         2         3         5
adapter                                                 
NEAREST_OBSERVED  0.565876  0.517225  0.492933  0.522854
NO_MODEL          0.565876  0.565876  0.576771  0.665596
OFFSET_K1         0.472079  0.472079  0.480089  0.543422
OFFSET_K2         0.472079  0.459422  0.456474  0.492911
OFFSET_K3         0.472079  0.442558  0.426900  0.452302
SLOPE_LHM_s05     0.520996  0.520996  0.529438  0.549855
SLOPE_LHM_s05_K1  0.520996  0.520996  0.529438  0.549855
SLOPE_LHM_s05_K3  0.520996  0.481181  0.456354  0.449212
SLOPE_LHM_s1      0.639767  0.639767  0.650091  0.616450
SLOPE_LHM_s1_K1   0.639767  0.639767  0.650091  0.616450
SLOPE_LHM_s1_K3   0.639767  0.580053  0.539334  0.481163
SLOPE_LH_s05      0.499870  0.499870  0.508475  0.525460
SLOPE_LH_s05_K1   0.499870  0.499870  0.508475  0.525460
SLOPE_LH_s05_K3   0.499870  0.463888  0.442471  0.437935
SLOPE_LH_s1       0.580301  0.580301  0.590630  0.545846
SLOPE_LH_s1_K1    0.580301  0.580301  0.590630  0.545846
SLOPE_LH_s1_K3    0.580301  0.530993  0.499221  0.448281
SLOPE_L_s05       0.461549  0.461549  0.469333  0.529780
SLOPE_L_s05_K1    0.461549  0.461549  0.469333  0.529780
SLOPE_L_s05_K3    0.461549  0.433040  0.417815  0.441793
SLOPE_L_s1        0.459192  0.459192  0.466926  0.527220
SLOPE_L_s1_K1     0.459192  0.459192  0.466926  0.527220
SLOPE_L_s1_K3     0.459192  0.431182  0.416292  0.439622
ZERO_SHOT         0.472079  0.472079  0.480089  0.543422

artifacts -> /Users/lilshadix/PycharmProjects/ml_separator/runs/gen8_architecture/functional
