largest publication pub_37086f6378 (93 cells); largest chemotype sc009 (375 cells)

[drop_pub] 428 cells, 57 publications, 45 chemotypes
   [B] FE_ACID 3.3s  FE_C64 3.1s  FE_PHYS4 3.1s  META_PHYS4 3.0s
  design B done in 48s
   [BR] FE_C64 2.9s  FE_ACID 2.8s  META_PHYS4 2.6s  FE_PHYS4 2.5s
  design BR done in 48s
   [BQ] FE_ACID 3.0s  META_PHYS4 2.8s  FE_C64 2.8s  FE_PHYS4 2.8s
  design BQ done in 51s
   [A] FE_ACID 3.6s  FE_C64 3.6s  META_PHYS4 3.5s  FE_PHYS4 3.2s
  design A done in 54s
   [BP] META_PHYS4 2.5s  FE_ACID 2.4s  FE_C64 2.3s  FE_PHYS4 2.2s
  design BP done in 49s

########## GUARD drop_pub (pub_37086f6378 removed) ##########

--- extractant-macro MAE (lower is better) ---
design           B      BR      BQ       A      BP
arm                                               
FE_ACID     0.4925  0.5080  0.4906  0.4931  0.4989
FE_C64      0.4927  0.5076  0.4905  0.4919  0.4969
FE_PHYS4    0.4928  0.5081  0.4904  0.4922  0.4939
FLAT        0.5889  0.5889  0.5889  0.5889  0.5889
G14         0.4927  0.5079  0.4904  0.4924  0.4994
META_PHYS4  0.4928  0.5081  0.4904  0.4924  0.4995
O_PUBMAG    0.4389  0.4523  0.4365  0.4389  0.4467
O_WITHIN    0.4594  0.4801  0.4569  0.4521  0.4575
RI_PHYS4    0.5031  0.5164  0.5080  0.5053  0.5039

--- macro_sign_acc_strong ---
design           B      BR      BQ       A      BP
arm                                               
FE_ACID     0.8082  0.7848  0.8138  0.8084  0.8123
FE_C64      0.8081  0.7850  0.8141  0.8085  0.8093
FE_PHYS4    0.8081  0.7849  0.8141  0.8086  0.8130
FLAT        0.0000  0.0000  0.0000  0.0000  0.0000
G14         0.8081  0.7848  0.8141  0.8086  0.8123
META_PHYS4  0.8081  0.7848  0.8141  0.8086  0.8123
O_PUBMAG    0.8093  0.7916  0.8147  0.8078  0.7983
O_WITHIN    0.7920  0.7677  0.7967  0.7916  0.7975
RI_PHYS4    0.8090  0.7840  0.8128  0.8094  0.8126

--- macro_pair_spearman ---
design           B      BR      BQ       A      BP
arm                                               
FE_ACID     0.5074  0.4779  0.5121  0.5109  0.5062
FE_C64      0.5067  0.4769  0.5110  0.5107  0.5012
FE_PHYS4    0.5068  0.4776  0.5106  0.5113  0.5064
FLAT           NaN     NaN     NaN     NaN     NaN
G14         0.5067  0.4776  0.5105  0.5110  0.5047
META_PHYS4  0.5067  0.4776  0.5106  0.5110  0.5046
O_PUBMAG    0.5091  0.4926  0.5150  0.5117  0.4933
O_WITHIN    0.4816  0.4530  0.4842  0.4859  0.4879
RI_PHYS4    0.5092  0.4765  0.5129  0.5125  0.5104

--- chemotype-blocked paired bootstrap (positive point = candidate better) ---
design        comparison   point  ci95_low  ci95_high  p_two_sided  loco_min  loco_max  loco_sign_stable  seeds_positive  n_seeds  passes_P1
     B    FE_ACID_vs_G14  0.0003   -0.0004     0.0011       0.5262   -0.0001    0.0004             False               1        5      False
     B   FE_PHYS4_vs_G14 -0.0000   -0.0002     0.0001       0.7140   -0.0001    0.0000             False               0        5      False
     B     FE_C64_vs_G14  0.0000    0.0000     0.0000       1.0000    0.0000    0.0000             False               0        5      False
     B META_PHYS4_vs_G14 -0.0000   -0.0001     0.0001       0.7652   -0.0000    0.0000             False               0        5      False
     B   RI_PHYS4_vs_G14 -0.0103   -0.0198     0.0024       0.1432   -0.0117   -0.0032              True               0        5      False
     B   O_WITHIN_vs_G14  0.0334   -0.0026     0.0549       0.0676    0.0202    0.0382              True               5        5      False
     B   O_PUBMAG_vs_G14  0.0539   -0.0294     0.1166       0.2884    0.0077    0.0672              True               5        5      False
     B  FE_PHYS4_vs_FLAT  0.0961    0.0059     0.1585       0.0346    0.0501    0.1059              True               5        5       True
     B       G14_vs_FLAT  0.0961    0.0059     0.1585       0.0348    0.0501    0.1059              True               5        5       True
    BR    FE_ACID_vs_G14 -0.0001   -0.0008     0.0006       0.8324   -0.0003    0.0001             False               2        5      False
    BR   FE_PHYS4_vs_G14 -0.0002   -0.0018     0.0023       0.8680   -0.0006    0.0006             False               2        5      False
    BR     FE_C64_vs_G14  0.0003   -0.0023     0.0021       0.8878   -0.0010    0.0007             False               1        5      False
    BR META_PHYS4_vs_G14 -0.0002   -0.0004     0.0000       0.1016   -0.0002   -0.0001              True               0        5      False
    BR   RI_PHYS4_vs_G14 -0.0085   -0.0147     0.0010       0.0814   -0.0097   -0.0043              True               1        5      False
    BR   O_WITHIN_vs_G14  0.0278   -0.0082     0.0513       0.1312    0.0126    0.0325              True               5        5      False
    BR   O_PUBMAG_vs_G14  0.0556   -0.0266     0.1158       0.2464    0.0111    0.0687              True               5        5      False
    BR  FE_PHYS4_vs_FLAT  0.0808   -0.0156     0.1510       0.1204    0.0297    0.0918              True               5        5      False
    BR       G14_vs_FLAT  0.0810   -0.0154     0.1517       0.1204    0.0291    0.0919              True               5        5      False
    BQ    FE_ACID_vs_G14 -0.0002   -0.0013     0.0013       0.8690   -0.0005    0.0006             False               1        5      False
    BQ   FE_PHYS4_vs_G14 -0.0000   -0.0002     0.0001       0.7078   -0.0001    0.0000             False               0        5      False
    BQ     FE_C64_vs_G14 -0.0001   -0.0007     0.0010       0.8586   -0.0004    0.0003             False               0        5      False
    BQ META_PHYS4_vs_G14  0.0000   -0.0001     0.0002       0.8610   -0.0000    0.0001             False               1        5      False
    BQ   RI_PHYS4_vs_G14 -0.0176   -0.0335     0.0015       0.0962   -0.0196   -0.0050              True               0        5      False
    BQ   O_WITHIN_vs_G14  0.0335   -0.0028     0.0553       0.0690    0.0201    0.0383              True               5        5      False
    BQ   O_PUBMAG_vs_G14  0.0539   -0.0297     0.1168       0.2880    0.0076    0.0672              True               5        5      False
    BQ  FE_PHYS4_vs_FLAT  0.0984    0.0095     0.1602       0.0264    0.0532    0.1082              True               5        5       True
    BQ       G14_vs_FLAT  0.0985    0.0095     0.1602       0.0264    0.0532    0.1082              True               5        5       True
     A    FE_ACID_vs_G14 -0.0007   -0.0015    -0.0001       0.0334   -0.0008   -0.0005              True               1        5      False
     A   FE_PHYS4_vs_G14  0.0002   -0.0008     0.0009       0.7710   -0.0003    0.0003             False               1        5      False
     A     FE_C64_vs_G14  0.0005   -0.0008     0.0016       0.7364   -0.0004    0.0006             False               1        5      False
     A META_PHYS4_vs_G14 -0.0000   -0.0000     0.0000       0.1370   -0.0000   -0.0000              True               0        5      False
     A   RI_PHYS4_vs_G14 -0.0129   -0.0216    -0.0005       0.0412   -0.0141   -0.0067              True               0        5      False
     A   O_WITHIN_vs_G14  0.0403    0.0044     0.0638       0.0298    0.0300    0.0453              True               5        5       True
     A   O_PUBMAG_vs_G14  0.0536   -0.0269     0.1131       0.2596    0.0101    0.0668              True               5        5      False
     A  FE_PHYS4_vs_FLAT  0.0966    0.0029     0.1635       0.0410    0.0475    0.1069              True               5        5       True
     A       G14_vs_FLAT  0.0964    0.0030     0.1627       0.0410    0.0478    0.1066              True               5        5       True
    BP    FE_ACID_vs_G14  0.0005   -0.0003     0.0017       0.3064    0.0001    0.0007              True               4        5      False
    BP   FE_PHYS4_vs_G14  0.0055   -0.0008     0.0113       0.1740    0.0008    0.0059              True               2        5      False
    BP     FE_C64_vs_G14  0.0026   -0.0065     0.0090       0.5668   -0.0008    0.0040             False               3        5      False
    BP META_PHYS4_vs_G14 -0.0000   -0.0001     0.0001       0.7250   -0.0000    0.0000             False               0        5      False
    BP   RI_PHYS4_vs_G14 -0.0045   -0.0095     0.0032       0.2270   -0.0058   -0.0019              True               2        5      False
    BP   O_WITHIN_vs_G14  0.0420    0.0065     0.0653       0.0238    0.0313    0.0470              True               5        5       True
    BP   O_PUBMAG_vs_G14  0.0527   -0.0383     0.1227       0.3894   -0.0009    0.0662             False               5        5      False
    BP  FE_PHYS4_vs_FLAT  0.0949    0.0031     0.1579       0.0414    0.0489    0.1054              True               5        5       True
    BP       G14_vs_FLAT  0.0894    0.0026     0.1480       0.0420    0.0481    0.0996              True               5        5       True

[drop_chem] 146 cells, 39 publications, 44 chemotypes
   [B] FE_ACID 2.1s  FE_C64 1.9s  FE_PHYS4 1.8s  META_PHYS4 1.4s
  design B done in 29s
   [BR] FE_ACID 1.7s  FE_C64 1.4s  FE_PHYS4 1.4s  META_PHYS4 1.1s
  design BR done in 27s
   [BQ] FE_ACID 2.0s  FE_C64 1.7s  FE_PHYS4 1.5s  META_PHYS4 1.2s
  design BQ done in 29s
   [A] FE_ACID 2.0s  FE_C64 1.9s  FE_PHYS4 1.8s  META_PHYS4 1.4s
  design A done in 29s
   [BP] FE_ACID 1.6s  FE_C64 1.2s  FE_PHYS4 1.2s  META_PHYS4 1.1s
  design BP done in 27s

########## GUARD drop_chem (sc009 removed) ##########

--- extractant-macro MAE (lower is better) ---
design           B      BR      BQ       A      BP
arm                                               
FE_ACID     0.4802  0.4832  0.4839  0.4812  0.4838
FE_C64      0.4811  0.4837  0.4850  0.4817  0.4872
FE_PHYS4    0.4810  0.4839  0.4854  0.4806  0.4860
FLAT        0.5300  0.5300  0.5300  0.5300  0.5300
G14         0.4810  0.4811  0.4850  0.4807  0.4849
META_PHYS4  0.4814  0.4822  0.4850  0.4819  0.4855
O_PUBMAG    0.4548  0.4585  0.4589  0.4584  0.4624
O_WITHIN    0.4590  0.4606  0.4632  0.4609  0.4638
RI_PHYS4    0.4833  0.4846  0.4879  0.4863  0.4880

--- macro_sign_acc_strong ---
design           B      BR      BQ       A      BP
arm                                               
FE_ACID     0.7709  0.7741  0.7630  0.7636  0.7798
FE_C64      0.7689  0.7725  0.7598  0.7640  0.7760
FE_PHYS4    0.7709  0.7732  0.7605  0.7640  0.7698
FLAT        0.0000  0.0000  0.0000  0.0000  0.0000
G14         0.7709  0.7745  0.7605  0.7640  0.7779
META_PHYS4  0.7711  0.7741  0.7605  0.7643  0.7780
O_PUBMAG    0.7776  0.7804  0.7596  0.7717  0.7578
O_WITHIN    0.7508  0.7543  0.7417  0.7398  0.7525
RI_PHYS4    0.7727  0.7762  0.7655  0.7638  0.7741

--- macro_pair_spearman ---
design           B      BR      BQ       A      BP
arm                                               
FE_ACID     0.4109  0.4099  0.4043  0.4106  0.4203
FE_C64      0.4089  0.4061  0.4000  0.4102  0.4144
FE_PHYS4    0.4108  0.4076  0.4001  0.4101  0.4145
FLAT           NaN     NaN     NaN     NaN     NaN
G14         0.4108  0.4108  0.4000  0.4101  0.4174
META_PHYS4  0.4109  0.4103  0.4003  0.4097  0.4178
O_PUBMAG    0.4196  0.4208  0.4062  0.4167  0.3988
O_WITHIN    0.3848  0.3848  0.3763  0.3826  0.3923
RI_PHYS4    0.4165  0.4108  0.4101  0.4166  0.4202

--- chemotype-blocked paired bootstrap (positive point = candidate better) ---
design        comparison   point  ci95_low  ci95_high  p_two_sided  loco_min  loco_max  loco_sign_stable  seeds_positive  n_seeds  passes_P1
     B    FE_ACID_vs_G14  0.0008    0.0001     0.0017       0.0268    0.0005    0.0008              True               4        5      False
     B   FE_PHYS4_vs_G14  0.0000    0.0000     0.0000       1.0000    0.0000    0.0000             False               0        5      False
     B     FE_C64_vs_G14 -0.0001   -0.0007     0.0006       0.8846   -0.0002    0.0001             False               2        5      False
     B META_PHYS4_vs_G14 -0.0004   -0.0010     0.0002       0.1666   -0.0006   -0.0002              True               3        5      False
     B   RI_PHYS4_vs_G14 -0.0023   -0.0106     0.0054       0.5564   -0.0037   -0.0007              True               0        5      False
     B   O_WITHIN_vs_G14  0.0220   -0.0115     0.0517       0.1846    0.0146    0.0282              True               5        5      False
     B   O_PUBMAG_vs_G14  0.0262   -0.0220     0.0791       0.2818    0.0165    0.0426              True               5        5      False
     B  FE_PHYS4_vs_FLAT  0.0490   -0.0097     0.1032       0.0978    0.0396    0.0605              True               5        5      False
     B       G14_vs_FLAT  0.0490   -0.0097     0.1032       0.0978    0.0396    0.0605              True               5        5      False
    BR    FE_ACID_vs_G14 -0.0021   -0.0042     0.0000       0.0516   -0.0024   -0.0012              True               2        5      False
    BR   FE_PHYS4_vs_G14 -0.0028   -0.0052    -0.0009       0.0022   -0.0030   -0.0019              True               0        5      False
    BR     FE_C64_vs_G14 -0.0026   -0.0042    -0.0010       0.0008   -0.0029   -0.0022              True               0        5      False
    BR META_PHYS4_vs_G14 -0.0011   -0.0023     0.0002       0.0978   -0.0013   -0.0006              True               2        5      False
    BR   RI_PHYS4_vs_G14 -0.0036   -0.0108     0.0028       0.2846   -0.0054   -0.0025              True               0        5      False
    BR   O_WITHIN_vs_G14  0.0204   -0.0129     0.0500       0.2172    0.0129    0.0265              True               5        5      False
    BR   O_PUBMAG_vs_G14  0.0226   -0.0246     0.0738       0.3400    0.0129    0.0388              True               5        5      False
    BR  FE_PHYS4_vs_FLAT  0.0461   -0.0107     0.0990       0.1052    0.0374    0.0575              True               5        5      False
    BR       G14_vs_FLAT  0.0489   -0.0078     0.1017       0.0864    0.0401    0.0605              True               5        5      False
    BQ    FE_ACID_vs_G14  0.0011   -0.0006     0.0031       0.2054    0.0006    0.0015              True               5        5      False
    BQ   FE_PHYS4_vs_G14 -0.0003   -0.0010     0.0001       0.1986   -0.0004   -0.0002              True               0        5      False
    BQ     FE_C64_vs_G14  0.0001   -0.0002     0.0004       0.5956   -0.0000    0.0001             False               1        5      False
    BQ META_PHYS4_vs_G14  0.0001   -0.0001     0.0002       0.3984    0.0000    0.0001              True               2        5      False
    BQ   RI_PHYS4_vs_G14 -0.0028   -0.0128     0.0065       0.5594   -0.0044   -0.0010              True               0        5      False
    BQ   O_WITHIN_vs_G14  0.0219   -0.0116     0.0518       0.1890    0.0146    0.0281              True               5        5      False
    BQ   O_PUBMAG_vs_G14  0.0261   -0.0222     0.0788       0.2828    0.0164    0.0425              True               5        5      False
    BQ  FE_PHYS4_vs_FLAT  0.0446   -0.0131     0.0998       0.1260    0.0348    0.0560              True               5        5      False
    BQ       G14_vs_FLAT  0.0449   -0.0130     0.1003       0.1246    0.0352    0.0563              True               5        5      False
     A    FE_ACID_vs_G14 -0.0004   -0.0014     0.0004       0.2902   -0.0007   -0.0003              True               1        5      False
     A   FE_PHYS4_vs_G14  0.0002   -0.0000     0.0004       0.1466    0.0001    0.0002              True               1        5      False
     A     FE_C64_vs_G14 -0.0010   -0.0024     0.0003       0.1404   -0.0013   -0.0004              True               0        5      False
     A META_PHYS4_vs_G14 -0.0012   -0.0019    -0.0005       0.0008   -0.0013   -0.0011              True               0        5      False
     A   RI_PHYS4_vs_G14 -0.0056   -0.0141     0.0020       0.1612   -0.0069   -0.0041              True               0        5      False
     A   O_WITHIN_vs_G14  0.0198   -0.0130     0.0485       0.2232    0.0124    0.0259              True               5        5      False
     A   O_PUBMAG_vs_G14  0.0223   -0.0258     0.0753       0.3546    0.0126    0.0391              True               5        5      False
     A  FE_PHYS4_vs_FLAT  0.0494   -0.0103     0.1050       0.0984    0.0402    0.0606              True               5        5      False
     A       G14_vs_FLAT  0.0492   -0.0104     0.1048       0.0996    0.0400    0.0604              True               5        5      False
    BP    FE_ACID_vs_G14  0.0011   -0.0005     0.0033       0.1980    0.0007    0.0017              True               4        5      False
    BP   FE_PHYS4_vs_G14 -0.0011   -0.0042     0.0026       0.5024   -0.0023   -0.0007              True               2        5      False
    BP     FE_C64_vs_G14 -0.0023   -0.0060     0.0006       0.1400   -0.0028   -0.0011              True               2        5      False
    BP META_PHYS4_vs_G14 -0.0006   -0.0014    -0.0000       0.0418   -0.0007   -0.0003              True               2        5      False
    BP   RI_PHYS4_vs_G14 -0.0031   -0.0116     0.0050       0.4558   -0.0045   -0.0015              True               1        5      False
    BP   O_WITHIN_vs_G14  0.0211   -0.0126     0.0509       0.2068    0.0140    0.0273              True               5        5      False
    BP   O_PUBMAG_vs_G14  0.0225   -0.0264     0.0750       0.3484    0.0124    0.0394              True               5        5      False
    BP  FE_PHYS4_vs_FLAT  0.0439   -0.0129     0.0994       0.1232    0.0340    0.0549              True               5        5      False
    BP       G14_vs_FLAT  0.0451   -0.0121     0.0997       0.1164    0.0352    0.0561              True               5        5      False
