cohort (5248, 5642)  fingerprint bed178ec1a7a82b0
boost config: {'n_stages': 10, 'trees_per_stage': 120, 'learning_rate': 0.3, 'max_features': 0.3, 'min_samples_leaf': 2, 'max_depth': None, 'subsample': 1.0, 'row_delta': 1.0, 'pair_delta': 0.5, 'span_delta': 0.5, 'clip_to_training_range': True, 'n_jobs': -1, 'round_decimals': 9}
fold audit clean; curves straddling a fold boundary: 0
  [REC_ecfp_plus_recovered] seed 104729: pooled MAE 1.2016 (17.2s)
  [REC_ecfp_plus_recovered] seed 130363: pooled MAE 1.1375 (17.8s)
  [REC_ecfp_plus_recovered] seed 155921: pooled MAE 1.1246 (17.7s)
  [REC_ecfp_plus_recovered] seed 196613: pooled MAE 1.1622 (18.8s)
  [REC_ecfp_plus_recovered] seed 262147: pooled MAE 1.1690 (18.5s)
  [REC_ecfp_plus_recovered] 90s total

=== A0_ROW_ONLY  (ROW_ONLY, lambda_delta=0.0, lambda_span=0.0, axes=LHM, balance=curve) ===
  [GEN9_A0_ROW_ONLY] seed 104729: pooled MAE 1.2401 (155.7s)
  [GEN9_A0_ROW_ONLY] seed 130363: pooled MAE 1.1341 (201.4s)
  [GEN9_A0_ROW_ONLY] seed 155921: pooled MAE 1.1400 (206.5s)
  [GEN9_A0_ROW_ONLY] seed 196613: pooled MAE 1.1645 (154.0s)
  [GEN9_A0_ROW_ONLY] seed 262147: pooled MAE 1.1880 (164.3s)
  [GEN9_A0_ROW_ONLY] 882s total

=== A1_ADJ_d05  (ROW_ADJACENT, lambda_delta=0.5, lambda_span=0.0, axes=LHM, balance=curve) ===
  [GEN9_A1_ADJ_d05] seed 104729: pooled MAE 1.2382 (306.4s)
  [GEN9_A1_ADJ_d05] seed 130363: pooled MAE 1.1470 (303.0s)
  [GEN9_A1_ADJ_d05] seed 155921: pooled MAE 1.1387 (208.5s)
  [GEN9_A1_ADJ_d05] seed 196613: pooled MAE 1.1657 (224.3s)
  [GEN9_A1_ADJ_d05] seed 262147: pooled MAE 1.1836 (196.2s)
  [GEN9_A1_ADJ_d05] 1239s total

=== A2_END_d05  (ROW_ENDPOINT, lambda_delta=0.5, lambda_span=0.0, axes=LHM, balance=curve) ===
  [GEN9_A2_END_d05] seed 104729: pooled MAE 1.3265 (152.4s)
  [GEN9_A2_END_d05] seed 130363: pooled MAE 1.2402 (154.9s)
  [GEN9_A2_END_d05] seed 155921: pooled MAE 1.1450 (154.7s)
  [GEN9_A2_END_d05] seed 196613: pooled MAE 1.2066 (152.5s)
  [GEN9_A2_END_d05] seed 262147: pooled MAE 1.2188 (155.0s)
  [GEN9_A2_END_d05] 770s total

=== A3_RAND_d05  (ROW_RANDOM_PAIR, lambda_delta=0.5, lambda_span=0.0, axes=LHM, balance=curve) ===
  [GEN9_A3_RAND_d05] seed 104729: pooled MAE 1.2544 (154.4s)
  [GEN9_A3_RAND_d05] seed 130363: pooled MAE 1.1919 (155.1s)
  [GEN9_A3_RAND_d05] seed 155921: pooled MAE 1.1443 (151.2s)
  [GEN9_A3_RAND_d05] seed 196613: pooled MAE 1.1770 (151.3s)
  [GEN9_A3_RAND_d05] seed 262147: pooled MAE 1.1834 (156.8s)
  [GEN9_A3_RAND_d05] 769s total

=== A4_MULTI_d05  (ROW_MULTISCALE, lambda_delta=0.5, lambda_span=0.0, axes=LHM, balance=curve) ===
  [GEN9_A4_MULTI_d05] seed 104729: pooled MAE 1.2528 (169.9s)
  [GEN9_A4_MULTI_d05] seed 130363: pooled MAE 1.1575 (168.3s)
  [GEN9_A4_MULTI_d05] seed 155921: pooled MAE 1.1575 (159.0s)
  [GEN9_A4_MULTI_d05] seed 196613: pooled MAE 1.1685 (161.4s)
  [GEN9_A4_MULTI_d05] seed 262147: pooled MAE 1.1804 (157.5s)
  [GEN9_A4_MULTI_d05] 816s total

=== X_MULTI_d2  (ROW_MULTISCALE, lambda_delta=2.0, lambda_span=0.0, axes=LHM, balance=curve) ===
  [GEN9_X_MULTI_d2] seed 104729: pooled MAE 1.4123 (159.4s)
  [GEN9_X_MULTI_d2] seed 130363: pooled MAE 1.3999 (157.8s)
  [GEN9_X_MULTI_d2] seed 155921: pooled MAE 1.2508 (165.2s)
  [GEN9_X_MULTI_d2] seed 196613: pooled MAE 1.3460 (169.0s)
  [GEN9_X_MULTI_d2] seed 262147: pooled MAE 1.2567 (157.5s)
  [GEN9_X_MULTI_d2] 809s total

=== X_MULTI_d8c  (ROW_MULTISCALE, lambda_delta=8.0, lambda_span=0.0, axes=LHM, balance=cluster) ===
  [GEN9_X_MULTI_d8c] seed 104729: pooled MAE 1.4397 (215.5s)
  [GEN9_X_MULTI_d8c] seed 130363: pooled MAE 1.2683 (201.7s)
  [GEN9_X_MULTI_d8c] seed 155921: pooled MAE 1.3244 (202.7s)
  [GEN9_X_MULTI_d8c] seed 196613: pooled MAE 1.3766 (209.7s)
  [GEN9_X_MULTI_d8c] seed 262147: pooled MAE 1.4525 (202.0s)
  [GEN9_X_MULTI_d8c] 1032s total

row accounting clean — no arm lost or duplicated a row

                         macro_mae  offset_mae  shape_mae  pooled_mae  macro_sd
model                                                                          
REC_ecfp_plus_recovered   0.980706    0.821172   0.502454    1.158990  0.022326
GEN9_A0_ROW_ONLY          0.989388    0.835976   0.499532    1.173339  0.025363
GEN9_A4_MULTI_d05         0.995452    0.838655   0.520994    1.183349  0.017138
GEN9_A1_ADJ_d05           0.996669    0.843191   0.511700    1.174613  0.027919
GEN9_A3_RAND_d05          1.008322    0.848011   0.534840    1.190208  0.021648
GEN9_A2_END_d05           1.070868    0.907121   0.579123    1.227430  0.061842
GEN9_X_MULTI_d2           1.195084    0.973056   0.685490    1.333141  0.051836
GEN9_X_MULTI_d8c          1.273063    0.989894   0.781175    1.372316  0.057543
