models: ['GEN9_A4_MULTI_d05', 'GEN9_X_MULTI_d2']
  seed 104729 fold 0: 47.6s (52,500 records)
  seed 104729 fold 1: 121.6s (256,068 records)
  seed 104729 fold 2: 27.9s (306,972 records)
  seed 104729 fold 3: 26.9s (350,724 records)
  seed 104729 fold 4: 36.5s (417,516 records)
  seed 130363 fold 0: 105.7s (575,748 records)
  seed 130363 fold 1: 29.2s (629,040 records)
  seed 130363 fold 2: 40.0s (703,800 records)
  seed 130363 fold 3: 37.6s (774,576 records)
  seed 130363 fold 4: 29.3s (835,032 records)
  seed 155921 fold 0: 105.3s (996,456 records)
  seed 155921 fold 1: 34.0s (1,057,680 records)
  seed 155921 fold 2: 23.7s (1,109,388 records)
  seed 155921 fold 3: 29.3s (1,157,112 records)
  seed 155921 fold 4: 48.1s (1,252,548 records)
  seed 196613 fold 0: 115.7s (1,433,052 records)
  seed 196613 fold 1: 40.2s (1,491,900 records)
  seed 196613 fold 2: 24.6s (1,535,640 records)
  seed 196613 fold 3: 22.5s (1,586,556 records)
  seed 196613 fold 4: 44.7s (1,670,064 records)
  seed 262147 fold 0: 28.2s (1,725,732 records)
  seed 262147 fold 1: 124.4s (1,911,804 records)
  seed 262147 fold 2: 34.1s (1,975,428 records)
  seed 262147 fold 3: 20.6s (2,016,000 records)
  seed 262147 fold 4: 38.9s (2,087,580 records)
[GEN9_A4_MULTI_d05] 2,087,580 records in 1249s
  seed 104729 fold 0: 28.7s (52,500 records)
  seed 104729 fold 1: 132.4s (256,068 records)
  seed 104729 fold 2: 28.6s (306,972 records)
  seed 104729 fold 3: 26.6s (350,724 records)
  seed 104729 fold 4: 39.1s (417,516 records)
  seed 130363 fold 0: 110.8s (575,748 records)
  seed 130363 fold 1: 27.2s (629,040 records)
  seed 130363 fold 2: 37.4s (703,800 records)
  seed 130363 fold 3: 36.9s (774,576 records)
  seed 130363 fold 4: 30.0s (835,032 records)
  seed 155921 fold 0: 103.1s (996,456 records)
  seed 155921 fold 1: 35.2s (1,057,680 records)
  seed 155921 fold 2: 27.8s (1,109,388 records)
  seed 155921 fold 3: 29.8s (1,157,112 records)
  seed 155921 fold 4: 49.7s (1,252,548 records)
  seed 196613 fold 0: 119.2s (1,433,052 records)
  seed 196613 fold 1: 36.0s (1,491,900 records)
  seed 196613 fold 2: 25.2s (1,535,640 records)
  seed 196613 fold 3: 25.9s (1,586,556 records)
  seed 196613 fold 4: 50.1s (1,670,064 records)
  seed 262147 fold 0: 31.8s (1,725,732 records)
  seed 262147 fold 1: 130.0s (1,911,804 records)
  seed 262147 fold 2: 34.3s (1,975,428 records)
  seed 262147 fold 3: 21.1s (2,016,000 records)
  seed 262147 fold 4: 39.5s (2,087,580 records)
[GEN9_X_MULTI_d2] 2,087,580 records in 1270s

--- GEN9_A4_MULTI_d05 ---
     global_model                               arm  k      mae  n_ligands
GEN9_A4_MULTI_d05                         ZERO_SHOT  0 1.009888        143
GEN9_A4_MULTI_d05   SLOPE_L_s1_K1@ORACLE[OFFSET_K1]  1 0.494990        143
GEN9_A4_MULTI_d05   SLOPE_L_s1_K3@ORACLE[OFFSET_K1]  1 0.494990        143
GEN9_A4_MULTI_d05       OFFSET_K1@ORACLE[OFFSET_K1]  1 0.502842        143
GEN9_A4_MULTI_d05       OFFSET_K2@ORACLE[OFFSET_K1]  1 0.502842        143
GEN9_A4_MULTI_d05   SLOPE_L_s1_K3@ORACLE[OFFSET_K1]  2 0.482975        143
GEN9_A4_MULTI_d05       OFFSET_K3@ORACLE[OFFSET_K1]  2 0.493184        143
GEN9_A4_MULTI_d05   SLOPE_L_s1_K1@ORACLE[OFFSET_K1]  2 0.498612        143
GEN9_A4_MULTI_d05       OFFSET_K2@ORACLE[OFFSET_K1]  2 0.502652        143
GEN9_A4_MULTI_d05           SLOPE_L_s1_K3@D_OPTIMAL  5 0.496360         99
GEN9_A4_MULTI_d05   SLOPE_L_s1_K3@ORACLE[OFFSET_K1]  5 0.499146         99
GEN9_A4_MULTI_d05 SLOPE_L_s1_K3@CENTRAL_THEN_SPREAD  5 0.502542         99
GEN9_A4_MULTI_d05               OFFSET_K3@D_OPTIMAL  5 0.509760         99

--- GEN9_X_MULTI_d2 ---
   global_model                                  arm  k      mae  n_ligands
GEN9_X_MULTI_d2                            ZERO_SHOT  0 1.228106        143
GEN9_X_MULTI_d2      SLOPE_L_s1_K1@ORACLE[OFFSET_K1]  1 0.659820        143
GEN9_X_MULTI_d2      SLOPE_L_s1_K3@ORACLE[OFFSET_K1]  1 0.659820        143
GEN9_X_MULTI_d2          OFFSET_K2@ORACLE[OFFSET_K1]  1 0.673973        143
GEN9_X_MULTI_d2          OFFSET_K3@ORACLE[OFFSET_K1]  1 0.673973        143
GEN9_X_MULTI_d2   NEAREST_OBSERVED@ORACLE[OFFSET_K1]  2 0.588140        143
GEN9_X_MULTI_d2 NEAREST_OBSERVED@CENTRAL_THEN_SPREAD  2 0.617875        143
GEN9_X_MULTI_d2      SLOPE_L_s1_K3@ORACLE[OFFSET_K1]  2 0.648606        143
GEN9_X_MULTI_d2           NO_MODEL@ORACLE[OFFSET_K1]  2 0.653690        143
GEN9_X_MULTI_d2 NEAREST_OBSERVED@CENTRAL_THEN_SPREAD  5 0.519120         99
GEN9_X_MULTI_d2   NEAREST_OBSERVED@ORACLE[OFFSET_K1]  5 0.544907         99
GEN9_X_MULTI_d2           NEAREST_OBSERVED@D_OPTIMAL  5 0.553312         99
GEN9_X_MULTI_d2              NEAREST_OBSERVED@RANDOM  5 0.561945         99
