models: ['GEN9_A1_ADJ_d05']
fitting learned acquisition for GEN9_A1_ADJ_d05 (features=geometry+prediction)
  acquisition fitted: seed 104729 fold 0 (10,368 candidates, 124 ligands, identity exact 0.585, blend alpha 0.00)
  acquisition fitted: seed 104729 fold 1 (5,232 candidates, 75 ligands, identity exact 0.640, blend alpha 0.00)
  acquisition fitted: seed 104729 fold 2 (10,704 candidates, 125 ligands, identity exact 0.585, blend alpha 0.00)
  acquisition fitted: seed 104729 fold 3 (10,568 candidates, 127 ligands, identity exact 0.579, blend alpha 0.00)
  acquisition fitted: seed 104729 fold 4 (10,552 candidates, 121 ligands, identity exact 0.594, blend alpha 0.00)
  acquisition fitted: seed 130363 fold 0 (5,552 candidates, 91 ligands, identity exact 0.610, blend alpha 0.00)
  acquisition fitted: seed 130363 fold 1 (10,640 candidates, 124 ligands, identity exact 0.562, blend alpha 0.00)
  acquisition fitted: seed 130363 fold 2 (10,088 candidates, 117 ligands, identity exact 0.567, blend alpha 0.00)
  acquisition fitted: seed 130363 fold 3 (10,232 candidates, 119 ligands, identity exact 0.584, blend alpha 0.00)
  acquisition fitted: seed 130363 fold 4 (10,912 candidates, 121 ligands, identity exact 0.569, blend alpha 0.00)
  acquisition fitted: seed 155921 fold 0 (5,480 candidates, 89 ligands, identity exact 0.605, blend alpha 0.00)
  acquisition fitted: seed 155921 fold 1 (10,192 candidates, 123 ligands, identity exact 0.595, blend alpha 0.00)
  acquisition fitted: seed 155921 fold 2 (10,896 candidates, 124 ligands, identity exact 0.580, blend alpha 0.00)
  acquisition fitted: seed 155921 fold 3 (10,496 candidates, 126 ligands, identity exact 0.568, blend alpha 0.00)
  acquisition fitted: seed 155921 fold 4 (10,360 candidates, 110 ligands, identity exact 0.559, blend alpha 0.00)
  acquisition fitted: seed 196613 fold 0 (5,264 candidates, 83 ligands, identity exact 0.598, blend alpha 0.00)
  acquisition fitted: seed 196613 fold 1 (10,560 candidates, 123 ligands, identity exact 0.570, blend alpha 0.00)
  acquisition fitted: seed 196613 fold 2 (10,664 candidates, 128 ligands, identity exact 0.575, blend alpha 0.00)
  acquisition fitted: seed 196613 fold 3 (11,216 candidates, 124 ligands, identity exact 0.558, blend alpha 0.00)
  acquisition fitted: seed 196613 fold 4 (9,720 candidates, 114 ligands, identity exact 0.578, blend alpha 0.00)
  acquisition fitted: seed 262147 fold 0 (10,560 candidates, 124 ligands, identity exact 0.600, blend alpha 0.00)
  acquisition fitted: seed 262147 fold 1 (4,792 candidates, 81 ligands, identity exact 0.623, blend alpha 0.00)
  acquisition fitted: seed 262147 fold 2 (10,792 candidates, 121 ligands, identity exact 0.588, blend alpha 0.00)
  acquisition fitted: seed 262147 fold 3 (11,096 candidates, 128 ligands, identity exact 0.587, blend alpha 0.00)
  acquisition fitted: seed 262147 fold 4 (10,184 candidates, 118 ligands, identity exact 0.601, blend alpha 0.00)
  seed 104729 fold 0: 65.7s (87,348 records)
  seed 104729 fold 1: 269.8s (426,084 records)
  seed 104729 fold 2: 63.6s (510,780 records)
  seed 104729 fold 3: 60.6s (583,572 records)
  seed 104729 fold 4: 83.1s (694,716 records)
  seed 130363 fold 0: 238.6s (958,020 records)
  seed 130363 fold 1: 80.2s (1,046,688 records)
  seed 130363 fold 2: 111.7s (1,171,080 records)
  seed 130363 fold 3: 104.4s (1,288,848 records)
  seed 130363 fold 4: 88.2s (1,389,432 records)
  seed 155921 fold 0: 247.6s (1,658,040 records)
  seed 155921 fold 1: 87.2s (1,759,920 records)
  seed 155921 fold 2: 75.7s (1,845,948 records)
  seed 155921 fold 3: 72.6s (1,925,352 records)
  seed 155921 fold 4: 137.5s (2,084,148 records)
  seed 196613 fold 0: 280.2s (2,384,508 records)
  seed 196613 fold 1: 87.9s (2,482,428 records)
  seed 196613 fold 2: 63.0s (2,555,208 records)
  seed 196613 fold 3: 71.2s (2,639,916 records)
  seed 196613 fold 4: 120.2s (2,778,864 records)
  seed 262147 fold 0: 76.2s (2,871,492 records)
  seed 262147 fold 1: 282.9s (3,181,116 records)
  seed 262147 fold 2: 83.0s (3,286,980 records)
  seed 262147 fold 3: 50.4s (3,354,480 records)
  seed 262147 fold 4: 88.1s (3,473,580 records)
[GEN9_A1_ADJ_d05] 3,473,580 records in 3002s

--- GEN9_A1_ADJ_d05 ---
   global_model                             arm  k      mae  n_ligands
GEN9_A1_ADJ_d05                       ZERO_SHOT  0 1.005403        143
GEN9_A1_ADJ_d05 SLOPE_L_s1_K1@ORACLE[OFFSET_K1]  1 0.486895        143
GEN9_A1_ADJ_d05 SLOPE_L_s1_K3@ORACLE[OFFSET_K1]  1 0.486895        143
GEN9_A1_ADJ_d05     OFFSET_K1@ORACLE[OFFSET_K1]  1 0.493572        143
GEN9_A1_ADJ_d05     OFFSET_K2@ORACLE[OFFSET_K1]  1 0.493572        143
GEN9_A1_ADJ_d05 SLOPE_L_s1_K3@ORACLE[OFFSET_K1]  2 0.474609        143
GEN9_A1_ADJ_d05     OFFSET_K3@ORACLE[OFFSET_K1]  2 0.484530        143
GEN9_A1_ADJ_d05 SLOPE_L_s1_K1@ORACLE[OFFSET_K1]  2 0.489357        143
GEN9_A1_ADJ_d05     OFFSET_K2@ORACLE[OFFSET_K1]  2 0.493845        143
GEN9_A1_ADJ_d05 SLOPE_L_s1_K3@ORACLE[OFFSET_K1]  5 0.493886         99
GEN9_A1_ADJ_d05         SLOPE_L_s1_K3@D_OPTIMAL  5 0.496697         99
GEN9_A1_ADJ_d05     SLOPE_L_s1_K3@LEARNED_BLEND  5 0.498696         99
GEN9_A1_ADJ_d05      SLOPE_L_s1_K3@LEARNED_RANK  5 0.498696         99
