models: ['GEN9_SHAPE_RECOMPOSED']
fitting learned acquisition for GEN9_SHAPE_RECOMPOSED (features=geometry+prediction)
  acquisition fitted: seed 104729 fold 0 (10,368 candidates, 124 ligands, identity exact 0.582, blend alpha 0.00)
  acquisition fitted: seed 104729 fold 1 (5,232 candidates, 75 ligands, identity exact 0.647, blend alpha 0.00)
  acquisition fitted: seed 104729 fold 2 (10,704 candidates, 125 ligands, identity exact 0.589, blend alpha 0.00)
  acquisition fitted: seed 104729 fold 3 (10,568 candidates, 127 ligands, identity exact 0.579, blend alpha 0.00)
  acquisition fitted: seed 104729 fold 4 (10,552 candidates, 121 ligands, identity exact 0.593, blend alpha 0.00)
  acquisition fitted: seed 130363 fold 0 (5,552 candidates, 91 ligands, identity exact 0.651, blend alpha 0.00)
  acquisition fitted: seed 130363 fold 1 (10,640 candidates, 124 ligands, identity exact 0.603, blend alpha 0.00)
  acquisition fitted: seed 130363 fold 2 (10,088 candidates, 117 ligands, identity exact 0.599, blend alpha 0.00)
  acquisition fitted: seed 130363 fold 3 (10,232 candidates, 119 ligands, identity exact 0.614, blend alpha 0.00)
  acquisition fitted: seed 130363 fold 4 (10,912 candidates, 121 ligands, identity exact 0.593, blend alpha 0.00)
  acquisition fitted: seed 155921 fold 0 (5,480 candidates, 89 ligands, identity exact 0.628, blend alpha 0.00)
  acquisition fitted: seed 155921 fold 1 (10,192 candidates, 123 ligands, identity exact 0.613, blend alpha 0.00)
  acquisition fitted: seed 155921 fold 2 (10,896 candidates, 124 ligands, identity exact 0.585, blend alpha 0.00)
  acquisition fitted: seed 155921 fold 3 (10,496 candidates, 126 ligands, identity exact 0.591, blend alpha 0.00)
  acquisition fitted: seed 155921 fold 4 (10,360 candidates, 110 ligands, identity exact 0.575, blend alpha 0.00)
  acquisition fitted: seed 196613 fold 0 (5,264 candidates, 83 ligands, identity exact 0.636, blend alpha 0.00)
  acquisition fitted: seed 196613 fold 1 (10,560 candidates, 123 ligands, identity exact 0.605, blend alpha 0.00)
  acquisition fitted: seed 196613 fold 2 (10,664 candidates, 128 ligands, identity exact 0.618, blend alpha 0.00)
  acquisition fitted: seed 196613 fold 3 (11,216 candidates, 124 ligands, identity exact 0.590, blend alpha 0.00)
  acquisition fitted: seed 196613 fold 4 (9,720 candidates, 114 ligands, identity exact 0.593, blend alpha 0.00)
  acquisition fitted: seed 262147 fold 0 (10,560 candidates, 124 ligands, identity exact 0.604, blend alpha 0.00)
  acquisition fitted: seed 262147 fold 1 (4,792 candidates, 81 ligands, identity exact 0.627, blend alpha 0.00)
  acquisition fitted: seed 262147 fold 2 (10,792 candidates, 121 ligands, identity exact 0.596, blend alpha 0.00)
  acquisition fitted: seed 262147 fold 3 (11,096 candidates, 128 ligands, identity exact 0.592, blend alpha 0.00)
  acquisition fitted: seed 262147 fold 4 (10,184 candidates, 118 ligands, identity exact 0.597, blend alpha 0.00)
  seed 104729 fold 0: 65.9s (87,348 records)
  seed 104729 fold 1: 270.7s (426,084 records)
  seed 104729 fold 2: 63.5s (510,780 records)
  seed 104729 fold 3: 60.8s (583,572 records)
  seed 104729 fold 4: 83.6s (694,716 records)
  seed 130363 fold 0: 241.6s (958,020 records)
  seed 130363 fold 1: 81.4s (1,046,688 records)
  seed 130363 fold 2: 111.5s (1,171,080 records)
  seed 130363 fold 3: 105.4s (1,288,848 records)
  seed 130363 fold 4: 88.0s (1,389,432 records)
  seed 155921 fold 0: 247.9s (1,658,040 records)
  seed 155921 fold 1: 87.3s (1,759,920 records)
  seed 155921 fold 2: 75.1s (1,845,948 records)
  seed 155921 fold 3: 73.3s (1,925,352 records)
  seed 155921 fold 4: 139.9s (2,084,148 records)
  seed 196613 fold 0: 278.6s (2,384,508 records)
  seed 196613 fold 1: 91.0s (2,482,428 records)
  seed 196613 fold 2: 62.1s (2,555,208 records)
  seed 196613 fold 3: 71.7s (2,639,916 records)
  seed 196613 fold 4: 119.6s (2,778,864 records)
  seed 262147 fold 0: 75.9s (2,871,492 records)
  seed 262147 fold 1: 283.3s (3,181,116 records)
  seed 262147 fold 2: 83.2s (3,286,980 records)
  seed 262147 fold 3: 51.9s (3,354,480 records)
  seed 262147 fold 4: 84.3s (3,473,580 records)
[GEN9_SHAPE_RECOMPOSED] 3,473,580 records in 3010s

--- GEN9_SHAPE_RECOMPOSED ---
         global_model                                   arm  k      mae  n_ligands
GEN9_SHAPE_RECOMPOSED                             ZERO_SHOT  0 0.980479        143
GEN9_SHAPE_RECOMPOSED       SLOPE_L_s1_K1@ORACLE[OFFSET_K1]  1 0.464964        143
GEN9_SHAPE_RECOMPOSED       SLOPE_L_s1_K3@ORACLE[OFFSET_K1]  1 0.464964        143
GEN9_SHAPE_RECOMPOSED           OFFSET_K1@ORACLE[OFFSET_K1]  1 0.465516        143
GEN9_SHAPE_RECOMPOSED           OFFSET_K2@ORACLE[OFFSET_K1]  1 0.465516        143
GEN9_SHAPE_RECOMPOSED       SLOPE_L_s1_K3@ORACLE[OFFSET_K1]  2 0.453858        143
GEN9_SHAPE_RECOMPOSED           OFFSET_K3@ORACLE[OFFSET_K1]  2 0.457099        143
GEN9_SHAPE_RECOMPOSED           OFFSET_K2@ORACLE[OFFSET_K1]  2 0.465781        143
GEN9_SHAPE_RECOMPOSED       SLOPE_L_s1_K1@ORACLE[OFFSET_K1]  2 0.467898        143
GEN9_SHAPE_RECOMPOSED       SLOPE_L_s1_K3@ORACLE[OFFSET_K1]  5 0.467808         99
GEN9_SHAPE_RECOMPOSED SLOPE_L_s1_K3@MAX_PREDICTIVE_VARIANCE  5 0.471318         99
GEN9_SHAPE_RECOMPOSED     SLOPE_L_s1_K3@CENTRAL_THEN_SPREAD  5 0.471417         99
GEN9_SHAPE_RECOMPOSED               SLOPE_L_s1_K3@D_OPTIMAL  5 0.471566         99
