models: ['GEN9_A2_END_d05', 'GEN9_A3_RAND_d05', 'GEN9_REL_MONOLITH']
  seed 104729 fold 0: 47.6s (52,500 records)
  seed 104729 fold 1: 121.9s (256,068 records)
  seed 104729 fold 2: 28.0s (306,972 records)
  seed 104729 fold 3: 27.0s (350,724 records)
  seed 104729 fold 4: 36.4s (417,516 records)
  seed 130363 fold 0: 105.5s (575,748 records)
  seed 130363 fold 1: 29.4s (629,040 records)
  seed 130363 fold 2: 39.9s (703,800 records)
  seed 130363 fold 3: 37.6s (774,576 records)
  seed 130363 fold 4: 29.1s (835,032 records)
  seed 155921 fold 0: 104.7s (996,456 records)
  seed 155921 fold 1: 34.0s (1,057,680 records)
  seed 155921 fold 2: 23.7s (1,109,388 records)
  seed 155921 fold 3: 29.3s (1,157,112 records)
  seed 155921 fold 4: 47.8s (1,252,548 records)
  seed 196613 fold 0: 114.9s (1,433,052 records)
  seed 196613 fold 1: 40.0s (1,491,900 records)
  seed 196613 fold 2: 24.6s (1,535,640 records)
  seed 196613 fold 3: 22.7s (1,586,556 records)
  seed 196613 fold 4: 44.1s (1,670,064 records)
  seed 262147 fold 0: 28.8s (1,725,732 records)
  seed 262147 fold 1: 124.0s (1,911,804 records)
  seed 262147 fold 2: 34.0s (1,975,428 records)
  seed 262147 fold 3: 20.4s (2,016,000 records)
  seed 262147 fold 4: 38.7s (2,087,580 records)
[GEN9_A2_END_d05] 2,087,580 records in 1247s
  seed 104729 fold 0: 29.1s (52,500 records)
  seed 104729 fold 1: 132.0s (256,068 records)
  seed 104729 fold 2: 28.9s (306,972 records)
  seed 104729 fold 3: 26.7s (350,724 records)
  seed 104729 fold 4: 39.0s (417,516 records)
  seed 130363 fold 0: 110.6s (575,748 records)
  seed 130363 fold 1: 27.3s (629,040 records)
  seed 130363 fold 2: 37.4s (703,800 records)
  seed 130363 fold 3: 36.8s (774,576 records)
  seed 130363 fold 4: 30.0s (835,032 records)
  seed 155921 fold 0: 102.5s (996,456 records)
  seed 155921 fold 1: 34.9s (1,057,680 records)
  seed 155921 fold 2: 28.0s (1,109,388 records)
  seed 155921 fold 3: 29.8s (1,157,112 records)
  seed 155921 fold 4: 49.7s (1,252,548 records)
  seed 196613 fold 0: 119.8s (1,433,052 records)
  seed 196613 fold 1: 36.0s (1,491,900 records)
  seed 196613 fold 2: 25.5s (1,535,640 records)
  seed 196613 fold 3: 26.0s (1,586,556 records)
  seed 196613 fold 4: 49.8s (1,670,064 records)
  seed 262147 fold 0: 31.9s (1,725,732 records)
  seed 262147 fold 1: 130.1s (1,911,804 records)
  seed 262147 fold 2: 34.4s (1,975,428 records)
  seed 262147 fold 3: 20.7s (2,016,000 records)
  seed 262147 fold 4: 39.5s (2,087,580 records)
[GEN9_A3_RAND_d05] 2,087,580 records in 1270s
  seed 104729 fold 0: 25.7s (52,500 records)
  seed 104729 fold 1: 111.0s (256,068 records)
  seed 104729 fold 2: 24.6s (306,972 records)
  seed 104729 fold 3: 22.7s (350,724 records)
  seed 104729 fold 4: 31.5s (417,516 records)
  seed 130363 fold 0: 96.4s (575,748 records)
  seed 130363 fold 1: 26.1s (629,040 records)
  seed 130363 fold 2: 40.1s (703,800 records)
  seed 130363 fold 3: 37.7s (774,576 records)
  seed 130363 fold 4: 26.6s (835,032 records)
  seed 155921 fold 0: 83.2s (996,456 records)
  seed 155921 fold 1: 26.9s (1,057,680 records)
  seed 155921 fold 2: 19.9s (1,109,388 records)
  seed 155921 fold 3: 21.0s (1,157,112 records)
  seed 155921 fold 4: 36.2s (1,252,548 records)
  seed 196613 fold 0: 82.3s (1,433,052 records)
  seed 196613 fold 1: 24.1s (1,491,900 records)
  seed 196613 fold 2: 17.6s (1,535,640 records)
  seed 196613 fold 3: 16.7s (1,586,556 records)
  seed 196613 fold 4: 32.9s (1,670,064 records)
  seed 262147 fold 0: 23.1s (1,725,732 records)
  seed 262147 fold 1: 93.8s (1,911,804 records)
  seed 262147 fold 2: 23.7s (1,975,428 records)
  seed 262147 fold 3: 15.0s (2,016,000 records)
  seed 262147 fold 4: 27.2s (2,087,580 records)
[GEN9_REL_MONOLITH] 2,087,580 records in 994s

--- GEN9_A2_END_d05 ---
   global_model                                  arm  k      mae  n_ligands
GEN9_A2_END_d05                            ZERO_SHOT  0 1.097168        143
GEN9_A2_END_d05      SLOPE_L_s1_K1@ORACLE[OFFSET_K1]  1 0.552744        143
GEN9_A2_END_d05      SLOPE_L_s1_K3@ORACLE[OFFSET_K1]  1 0.552744        143
GEN9_A2_END_d05          OFFSET_K1@ORACLE[OFFSET_K1]  1 0.558499        143
GEN9_A2_END_d05          OFFSET_K2@ORACLE[OFFSET_K1]  1 0.558499        143
GEN9_A2_END_d05      SLOPE_L_s1_K3@ORACLE[OFFSET_K1]  2 0.541338        143
GEN9_A2_END_d05          OFFSET_K3@ORACLE[OFFSET_K1]  2 0.549483        143
GEN9_A2_END_d05      SLOPE_L_s1_K1@ORACLE[OFFSET_K1]  2 0.557011        143
GEN9_A2_END_d05          OFFSET_K2@ORACLE[OFFSET_K1]  2 0.559770        143
GEN9_A2_END_d05 NEAREST_OBSERVED@CENTRAL_THEN_SPREAD  5 0.519120         99
GEN9_A2_END_d05   NEAREST_OBSERVED@ORACLE[OFFSET_K1]  5 0.541506         99
GEN9_A2_END_d05           NEAREST_OBSERVED@D_OPTIMAL  5 0.553312         99
GEN9_A2_END_d05              NEAREST_OBSERVED@RANDOM  5 0.561945         99

--- GEN9_A3_RAND_d05 ---
    global_model                                  arm  k      mae  n_ligands
GEN9_A3_RAND_d05                            ZERO_SHOT  0 1.026972        143
GEN9_A3_RAND_d05      SLOPE_L_s1_K1@ORACLE[OFFSET_K1]  1 0.508676        143
GEN9_A3_RAND_d05      SLOPE_L_s1_K3@ORACLE[OFFSET_K1]  1 0.508676        143
GEN9_A3_RAND_d05          OFFSET_K1@ORACLE[OFFSET_K1]  1 0.516377        143
GEN9_A3_RAND_d05          OFFSET_K2@ORACLE[OFFSET_K1]  1 0.516377        143
GEN9_A3_RAND_d05      SLOPE_L_s1_K3@ORACLE[OFFSET_K1]  2 0.496087        143
GEN9_A3_RAND_d05          OFFSET_K3@ORACLE[OFFSET_K1]  2 0.506981        143
GEN9_A3_RAND_d05      SLOPE_L_s1_K1@ORACLE[OFFSET_K1]  2 0.511661        143
GEN9_A3_RAND_d05          OFFSET_K2@ORACLE[OFFSET_K1]  2 0.517476        143
GEN9_A3_RAND_d05              SLOPE_L_s1_K3@D_OPTIMAL  5 0.511937         99
GEN9_A3_RAND_d05      SLOPE_L_s1_K3@ORACLE[OFFSET_K1]  5 0.512172         99
GEN9_A3_RAND_d05    SLOPE_L_s1_K3@CENTRAL_THEN_SPREAD  5 0.516531         99
GEN9_A3_RAND_d05 NEAREST_OBSERVED@CENTRAL_THEN_SPREAD  5 0.519120         99

--- GEN9_REL_MONOLITH ---
     global_model                               arm  k      mae  n_ligands
GEN9_REL_MONOLITH                         ZERO_SHOT  0 0.995930        143
GEN9_REL_MONOLITH   SLOPE_L_s1_K1@ORACLE[OFFSET_K1]  1 0.465425        143
GEN9_REL_MONOLITH   SLOPE_L_s1_K3@ORACLE[OFFSET_K1]  1 0.465425        143
GEN9_REL_MONOLITH       OFFSET_K1@ORACLE[OFFSET_K1]  1 0.469777        143
GEN9_REL_MONOLITH       OFFSET_K2@ORACLE[OFFSET_K1]  1 0.469777        143
GEN9_REL_MONOLITH   SLOPE_L_s1_K3@ORACLE[OFFSET_K1]  2 0.454427        143
GEN9_REL_MONOLITH       OFFSET_K3@ORACLE[OFFSET_K1]  2 0.461241        143
GEN9_REL_MONOLITH   SLOPE_L_s1_K1@ORACLE[OFFSET_K1]  2 0.468545        143
GEN9_REL_MONOLITH       OFFSET_K2@ORACLE[OFFSET_K1]  2 0.469866        143
GEN9_REL_MONOLITH           SLOPE_L_s1_K3@D_OPTIMAL  5 0.467499         99
GEN9_REL_MONOLITH SLOPE_L_s1_K3@CENTRAL_THEN_SPREAD  5 0.467744         99
GEN9_REL_MONOLITH   SLOPE_L_s1_K3@ORACLE[OFFSET_K1]  5 0.470732         99
GEN9_REL_MONOLITH               OFFSET_K3@D_OPTIMAL  5 0.476181         99
