models: ['REC_ecfp_plus_recovered']
fitting learned acquisition for REC_ecfp_plus_recovered (features=geometry+prediction)
  acquisition fitted: seed 104729 fold 0 (10,368 candidates, 124 ligands, identity exact 0.569, blend alpha 0.00)
  acquisition fitted: seed 104729 fold 1 (5,232 candidates, 75 ligands, identity exact 0.598, blend alpha 0.00)
  acquisition fitted: seed 104729 fold 2 (10,704 candidates, 125 ligands, identity exact 0.579, blend alpha 0.00)
  acquisition fitted: seed 104729 fold 3 (10,568 candidates, 127 ligands, identity exact 0.570, blend alpha 0.00)
  acquisition fitted: seed 104729 fold 4 (10,552 candidates, 121 ligands, identity exact 0.586, blend alpha 0.00)
  acquisition fitted: seed 130363 fold 0 (5,552 candidates, 91 ligands, identity exact 0.620, blend alpha 0.00)
  acquisition fitted: seed 130363 fold 1 (10,640 candidates, 124 ligands, identity exact 0.564, blend alpha 0.00)
  acquisition fitted: seed 130363 fold 2 (10,088 candidates, 117 ligands, identity exact 0.572, blend alpha 0.00)
  acquisition fitted: seed 130363 fold 3 (10,232 candidates, 119 ligands, identity exact 0.588, blend alpha 0.00)
  acquisition fitted: seed 130363 fold 4 (10,912 candidates, 121 ligands, identity exact 0.561, blend alpha 0.00)
  acquisition fitted: seed 155921 fold 0 (5,480 candidates, 89 ligands, identity exact 0.601, blend alpha 0.00)
  acquisition fitted: seed 155921 fold 1 (10,192 candidates, 123 ligands, identity exact 0.614, blend alpha 0.00)
  acquisition fitted: seed 155921 fold 2 (10,896 candidates, 124 ligands, identity exact 0.593, blend alpha 0.00)
  acquisition fitted: seed 155921 fold 3 (10,496 candidates, 126 ligands, identity exact 0.575, blend alpha 0.00)
  acquisition fitted: seed 155921 fold 4 (10,360 candidates, 110 ligands, identity exact 0.582, blend alpha 0.00)
  acquisition fitted: seed 196613 fold 0 (5,264 candidates, 83 ligands, identity exact 0.599, blend alpha 0.00)
  acquisition fitted: seed 196613 fold 1 (10,560 candidates, 123 ligands, identity exact 0.571, blend alpha 0.00)
  acquisition fitted: seed 196613 fold 2 (10,664 candidates, 128 ligands, identity exact 0.592, blend alpha 0.00)
  acquisition fitted: seed 196613 fold 3 (11,216 candidates, 124 ligands, identity exact 0.556, blend alpha 0.00)
  acquisition fitted: seed 196613 fold 4 (9,720 candidates, 114 ligands, identity exact 0.568, blend alpha 0.00)
  acquisition fitted: seed 262147 fold 0 (10,560 candidates, 124 ligands, identity exact 0.592, blend alpha 0.00)
  acquisition fitted: seed 262147 fold 1 (4,792 candidates, 81 ligands, identity exact 0.608, blend alpha 0.00)
  acquisition fitted: seed 262147 fold 2 (10,792 candidates, 121 ligands, identity exact 0.592, blend alpha 0.00)
  acquisition fitted: seed 262147 fold 3 (11,096 candidates, 128 ligands, identity exact 0.589, blend alpha 0.00)
  acquisition fitted: seed 262147 fold 4 (10,184 candidates, 118 ligands, identity exact 0.584, blend alpha 0.00)
  seed 104729 fold 0: 64.3s (87,348 records)
  seed 104729 fold 1: 269.5s (426,084 records)
  seed 104729 fold 2: 62.3s (510,780 records)
  seed 104729 fold 3: 60.3s (583,572 records)
  seed 104729 fold 4: 81.4s (694,716 records)
  seed 130363 fold 0: 234.9s (958,020 records)
  seed 130363 fold 1: 78.7s (1,046,688 records)
  seed 130363 fold 2: 114.3s (1,171,080 records)
  seed 130363 fold 3: 102.2s (1,288,848 records)
  seed 130363 fold 4: 92.0s (1,389,432 records)
  seed 155921 fold 0: 246.2s (1,658,040 records)
  seed 155921 fold 1: 87.3s (1,759,920 records)
  seed 155921 fold 2: 75.5s (1,845,948 records)
  seed 155921 fold 3: 73.4s (1,925,352 records)
  seed 155921 fold 4: 130.8s (2,084,148 records)
  seed 196613 fold 0: 285.6s (2,384,508 records)
  seed 196613 fold 1: 86.6s (2,482,428 records)
  seed 196613 fold 2: 63.1s (2,555,208 records)
  seed 196613 fold 3: 69.9s (2,639,916 records)
  seed 196613 fold 4: 122.9s (2,778,864 records)
  seed 262147 fold 0: 75.1s (2,871,492 records)
  seed 262147 fold 1: 285.9s (3,181,116 records)
  seed 262147 fold 2: 82.1s (3,286,980 records)
  seed 262147 fold 3: 51.5s (3,354,480 records)
  seed 262147 fold 4: 90.1s (3,473,580 records)
[REC_ecfp_plus_recovered] 3,473,580 records in 2999s

--- REC_ecfp_plus_recovered ---
           global_model                                   arm  k      mae  n_ligands
REC_ecfp_plus_recovered                             ZERO_SHOT  0 0.994988        143
REC_ecfp_plus_recovered       SLOPE_L_s1_K1@ORACLE[OFFSET_K1]  1 0.476954        143
REC_ecfp_plus_recovered       SLOPE_L_s1_K3@ORACLE[OFFSET_K1]  1 0.476954        143
REC_ecfp_plus_recovered           OFFSET_K1@ORACLE[OFFSET_K1]  1 0.483691        143
REC_ecfp_plus_recovered           OFFSET_K2@ORACLE[OFFSET_K1]  1 0.483691        143
REC_ecfp_plus_recovered       SLOPE_L_s1_K3@ORACLE[OFFSET_K1]  2 0.464534        143
REC_ecfp_plus_recovered           OFFSET_K3@ORACLE[OFFSET_K1]  2 0.474194        143
REC_ecfp_plus_recovered       SLOPE_L_s1_K1@ORACLE[OFFSET_K1]  2 0.480299        143
REC_ecfp_plus_recovered           OFFSET_K2@ORACLE[OFFSET_K1]  2 0.483359        143
REC_ecfp_plus_recovered               SLOPE_L_s1_K3@D_OPTIMAL  5 0.474300         99
REC_ecfp_plus_recovered           SLOPE_L_s1_K3@LEARNED_BLEND  5 0.474608         99
REC_ecfp_plus_recovered            SLOPE_L_s1_K3@LEARNED_RANK  5 0.474608         99
REC_ecfp_plus_recovered SLOPE_L_s1_K3@MAX_PREDICTIVE_VARIANCE  5 0.476434         99
