models: ['GEN9_A0_ROW_ONLY', 'GEN9_X_MULTI_d8c']
  seed 104729 fold 0: 47.4s (52,500 records)
  seed 104729 fold 1: 121.6s (256,068 records)
  seed 104729 fold 2: 28.0s (306,972 records)
  seed 104729 fold 3: 27.0s (350,724 records)
  seed 104729 fold 4: 36.4s (417,516 records)
  seed 130363 fold 0: 105.5s (575,748 records)
  seed 130363 fold 1: 29.1s (629,040 records)
  seed 130363 fold 2: 39.9s (703,800 records)
  seed 130363 fold 3: 37.4s (774,576 records)
  seed 130363 fold 4: 29.3s (835,032 records)
  seed 155921 fold 0: 104.7s (996,456 records)
  seed 155921 fold 1: 33.9s (1,057,680 records)
  seed 155921 fold 2: 23.6s (1,109,388 records)
  seed 155921 fold 3: 29.4s (1,157,112 records)
  seed 155921 fold 4: 47.1s (1,252,548 records)
  seed 196613 fold 0: 115.5s (1,433,052 records)
  seed 196613 fold 1: 40.0s (1,491,900 records)
  seed 196613 fold 2: 24.2s (1,535,640 records)
  seed 196613 fold 3: 23.1s (1,586,556 records)
  seed 196613 fold 4: 43.8s (1,670,064 records)
  seed 262147 fold 0: 29.2s (1,725,732 records)
  seed 262147 fold 1: 123.6s (1,911,804 records)
  seed 262147 fold 2: 33.9s (1,975,428 records)
  seed 262147 fold 3: 20.4s (2,016,000 records)
  seed 262147 fold 4: 38.3s (2,087,580 records)
[GEN9_A0_ROW_ONLY] 2,087,580 records in 1245s
  seed 104729 fold 0: 29.4s (52,500 records)
  seed 104729 fold 1: 131.4s (256,068 records)
  seed 104729 fold 2: 28.9s (306,972 records)
  seed 104729 fold 3: 26.8s (350,724 records)
  seed 104729 fold 4: 38.5s (417,516 records)
  seed 130363 fold 0: 110.3s (575,748 records)
  seed 130363 fold 1: 27.6s (629,040 records)
  seed 130363 fold 2: 37.0s (703,800 records)
  seed 130363 fold 3: 36.8s (774,576 records)
  seed 130363 fold 4: 29.8s (835,032 records)
  seed 155921 fold 0: 102.5s (996,456 records)
  seed 155921 fold 1: 34.6s (1,057,680 records)
  seed 155921 fold 2: 27.9s (1,109,388 records)
  seed 155921 fold 3: 29.1s (1,157,112 records)
  seed 155921 fold 4: 50.3s (1,252,548 records)
  seed 196613 fold 0: 118.9s (1,433,052 records)
  seed 196613 fold 1: 35.8s (1,491,900 records)
  seed 196613 fold 2: 25.3s (1,535,640 records)
  seed 196613 fold 3: 25.4s (1,586,556 records)
  seed 196613 fold 4: 50.2s (1,670,064 records)
  seed 262147 fold 0: 32.0s (1,725,732 records)
  seed 262147 fold 1: 130.2s (1,911,804 records)
  seed 262147 fold 2: 34.4s (1,975,428 records)
  seed 262147 fold 3: 20.6s (2,016,000 records)
  seed 262147 fold 4: 38.8s (2,087,580 records)
[GEN9_X_MULTI_d8c] 2,087,580 records in 1265s

--- GEN9_A0_ROW_ONLY ---
    global_model                               arm  k      mae  n_ligands
GEN9_A0_ROW_ONLY                         ZERO_SHOT  0 0.999988        143
GEN9_A0_ROW_ONLY   SLOPE_L_s1_K1@ORACLE[OFFSET_K1]  1 0.472666        143
GEN9_A0_ROW_ONLY   SLOPE_L_s1_K3@ORACLE[OFFSET_K1]  1 0.472666        143
GEN9_A0_ROW_ONLY       OFFSET_K1@ORACLE[OFFSET_K1]  1 0.479049        143
GEN9_A0_ROW_ONLY       OFFSET_K2@ORACLE[OFFSET_K1]  1 0.479049        143
GEN9_A0_ROW_ONLY   SLOPE_L_s1_K3@ORACLE[OFFSET_K1]  2 0.460258        143
GEN9_A0_ROW_ONLY       OFFSET_K3@ORACLE[OFFSET_K1]  2 0.469762        143
GEN9_A0_ROW_ONLY   SLOPE_L_s1_K1@ORACLE[OFFSET_K1]  2 0.475667        143
GEN9_A0_ROW_ONLY       OFFSET_K2@ORACLE[OFFSET_K1]  2 0.478397        143
GEN9_A0_ROW_ONLY           SLOPE_L_s1_K3@D_OPTIMAL  5 0.473952         99
GEN9_A0_ROW_ONLY SLOPE_L_s1_K3@CENTRAL_THEN_SPREAD  5 0.476901         99
GEN9_A0_ROW_ONLY   SLOPE_L_s1_K3@ORACLE[OFFSET_K1]  5 0.479291         99
GEN9_A0_ROW_ONLY               OFFSET_K3@D_OPTIMAL  5 0.485550         99

--- GEN9_X_MULTI_d8c ---
    global_model                                  arm  k      mae  n_ligands
GEN9_X_MULTI_d8c                            ZERO_SHOT  0 1.276605        143
GEN9_X_MULTI_d8c   NEAREST_OBSERVED@ORACLE[OFFSET_K1]  1 0.721607        143
GEN9_X_MULTI_d8c           NO_MODEL@ORACLE[OFFSET_K1]  1 0.721607        143
GEN9_X_MULTI_d8c NEAREST_OBSERVED@CENTRAL_THEN_SPREAD  1 0.753885        143
GEN9_X_MULTI_d8c              NEAREST_OBSERVED@MEDOID  1 0.753885        143
GEN9_X_MULTI_d8c   NEAREST_OBSERVED@ORACLE[OFFSET_K1]  2 0.598431        143
GEN9_X_MULTI_d8c NEAREST_OBSERVED@CENTRAL_THEN_SPREAD  2 0.617875        143
GEN9_X_MULTI_d8c           NO_MODEL@ORACLE[OFFSET_K1]  2 0.669567        143
GEN9_X_MULTI_d8c              NEAREST_OBSERVED@RANDOM  2 0.671945        143
GEN9_X_MULTI_d8c NEAREST_OBSERVED@CENTRAL_THEN_SPREAD  5 0.519120         99
GEN9_X_MULTI_d8c   NEAREST_OBSERVED@ORACLE[OFFSET_K1]  5 0.544676         99
GEN9_X_MULTI_d8c           NEAREST_OBSERVED@D_OPTIMAL  5 0.553312         99
GEN9_X_MULTI_d8c              NEAREST_OBSERVED@RANDOM  5 0.561945         99
