262,400 OOF rows over 10 models: ['GEN9_A0_ROW_ONLY', 'GEN9_A1_ADJ_d05', 'GEN9_A2_END_d05', 'GEN9_A3_RAND_d05', 'GEN9_A4_MULTI_d05', 'GEN9_REL_MONOLITH', 'GEN9_SHAPE_RECOMPOSED', 'GEN9_X_MULTI_d2', 'GEN9_X_MULTI_d8c', 'REC_ecfp_plus_recovered']

--- row-level ---
                  model  macro_mae  macro_sd  pooled_mae  n_seeds
  GEN9_SHAPE_RECOMPOSED   0.969485  0.025371    1.121751        5
REC_ecfp_plus_recovered   0.980706  0.022326    1.158990        5
      GEN9_REL_MONOLITH   0.985807  0.024969    1.149604        5
       GEN9_A0_ROW_ONLY   0.989388  0.025363    1.173339        5
      GEN9_A4_MULTI_d05   0.995452  0.017138    1.183349        5
        GEN9_A1_ADJ_d05   0.996669  0.027919    1.174613        5
       GEN9_A3_RAND_d05   1.008322  0.021648    1.190208        5
        GEN9_A2_END_d05   1.070868  0.061842    1.227430        5
        GEN9_X_MULTI_d2   1.195084  0.051836    1.333141        5
       GEN9_X_MULTI_d8c   1.273063  0.057543    1.372316        5

--- shape by axis (47,300 scored curves) ---
                  model   axis_label  n_curves  slope_true_median  slope_pred_median  slope_mae  span_recovery_median  shape_mae  within_curve_spearman  within_curve_sign_accuracy
       GEN9_A0_ROW_ONLY         acid      2105           1.655776           0.380142   1.573633              0.221557   0.595957               0.623744                    0.799986
       GEN9_A0_ROW_ONLY   extractant       775           2.573675           0.107826   2.443966              0.046445   0.666263               0.691652                    0.822924
       GEN9_A0_ROW_ONLY metal_series      1605           0.084435           0.044391   0.094012              0.377770   0.297697               0.497808                    0.727257
        GEN9_A1_ADJ_d05         acid      2105           1.655776           0.432138   1.547899              0.282142   0.596860               0.565782                    0.765013
        GEN9_A1_ADJ_d05   extractant       775           2.573675           0.105254   2.458476              0.068334   0.676045               0.444481                    0.700161
        GEN9_A1_ADJ_d05 metal_series      1605           0.084435           0.045939   0.097843              0.430239   0.319514               0.442845                    0.696828
        GEN9_A2_END_d05         acid      2105           1.655776           0.518531   1.512713              0.420248   0.617534               0.527297                    0.748673
        GEN9_A2_END_d05   extractant       775           2.573675           0.095115   2.457980              0.097427   0.691891               0.247051                    0.614776
        GEN9_A2_END_d05 metal_series      1605           0.084435           0.045550   0.116972              0.616357   0.387273               0.334319                    0.644564
       GEN9_A3_RAND_d05         acid      2105           1.655776           0.466329   1.501296              0.305639   0.589521               0.587444                    0.774832
       GEN9_A3_RAND_d05   extractant       775           2.573675           0.083885   2.501828              0.074493   0.689862               0.336266                    0.653430
       GEN9_A3_RAND_d05 metal_series      1605           0.084435           0.046259   0.101880              0.476334   0.336280               0.421135                    0.687614
      GEN9_A4_MULTI_d05         acid      2105           1.655776           0.453507   1.525406              0.293887   0.593170               0.587166                    0.777400
      GEN9_A4_MULTI_d05   extractant       775           2.573675           0.078723   2.468120              0.060439   0.679654               0.378128                    0.670062
      GEN9_A4_MULTI_d05 metal_series      1605           0.084435           0.046029   0.097857              0.441531   0.316340               0.453274                    0.702765
      GEN9_REL_MONOLITH         acid      2105           1.655776           0.494128   1.454094              0.284138   0.552387               0.618815                    0.792869
      GEN9_REL_MONOLITH   extractant       775           2.573675           0.521045   1.984183              0.209530   0.567180               0.840210                    0.902599
      GEN9_REL_MONOLITH metal_series      1605           0.084435           0.055244   0.093231              0.428127   0.296132               0.546291                    0.750773
  GEN9_SHAPE_RECOMPOSED         acid      2105           1.655776           0.605700   1.379568              0.375604   0.545323               0.598040                    0.783859
  GEN9_SHAPE_RECOMPOSED   extractant       775           2.573675           1.024014   1.510334              0.423291   0.469194               0.885628                    0.925572
  GEN9_SHAPE_RECOMPOSED metal_series      1605           0.084435           0.084332   0.092651              0.618368   0.291129               0.570301                    0.764484
        GEN9_X_MULTI_d2         acid      2105           1.655776           0.612479   1.789587              0.594899   0.714370               0.487692                    0.724690
        GEN9_X_MULTI_d2   extractant       775           2.573675           0.088635   2.730170              0.173029   0.793540               0.178877                    0.579798
        GEN9_X_MULTI_d2 metal_series      1605           0.084435           0.042562   0.130394              0.721015   0.494774               0.297854                    0.627521
       GEN9_X_MULTI_d8c         acid      2105           1.655776           0.320978   1.716340              0.646156   0.763185               0.185488                    0.578191
       GEN9_X_MULTI_d8c   extractant       775           2.573675           0.110230   2.553108              0.335379   0.727395               0.089571                    0.544038
       GEN9_X_MULTI_d8c metal_series      1605           0.084435           0.075771   0.125065              1.256988   0.554735               0.241089                    0.594328
REC_ecfp_plus_recovered         acid      2105           1.655776           0.355236   1.566691              0.206522   0.589025               0.622691                    0.799214
REC_ecfp_plus_recovered   extractant       775           2.573675           0.116428   2.432927              0.050718   0.664815               0.582371                    0.761844
REC_ecfp_plus_recovered metal_series      1605           0.084435           0.039506   0.093894              0.330208   0.297615               0.493385                    0.726941

--- slope distribution (over-steepening check) ---
                  model   axis_label  true_median  pred_median  pred_q95  pred_absmax  true_abs_q95  frac_pred_steeper_than_true_q95
       GEN9_A0_ROW_ONLY         acid     1.655776     0.380142  0.836096     1.739581      4.096269                         0.000000
       GEN9_A0_ROW_ONLY   extractant     2.573675     0.107826  0.376382     1.527142      4.083272                         0.000000
       GEN9_A0_ROW_ONLY metal_series     0.084435     0.044391  0.125649     0.249107      0.278760                         0.000000
        GEN9_A1_ADJ_d05         acid     1.655776     0.432138  1.044285     3.949904      4.096269                         0.000000
        GEN9_A1_ADJ_d05   extractant     2.573675     0.105254  0.478821     3.063515      4.083272                         0.000000
        GEN9_A1_ADJ_d05 metal_series     0.084435     0.045939  0.133088     0.479151      0.278760                         0.008100
        GEN9_A2_END_d05         acid     1.655776     0.518531  1.972708     7.146301      4.096269                         0.003325
        GEN9_A2_END_d05   extractant     2.573675     0.095115  0.874048     7.426741      4.083272                         0.009032
        GEN9_A2_END_d05 metal_series     0.084435     0.045550  0.197118     1.266957      0.278760                         0.036760
       GEN9_A3_RAND_d05         acid     1.655776     0.466329  1.294050     8.589355      4.096269                         0.001900
       GEN9_A3_RAND_d05   extractant     2.573675     0.083885  0.564657     4.178230      4.083272                         0.003871
       GEN9_A3_RAND_d05 metal_series     0.084435     0.046259  0.137982     1.175943      0.278760                         0.008723
      GEN9_A4_MULTI_d05         acid     1.655776     0.453507  1.099258     3.382639      4.096269                         0.000000
      GEN9_A4_MULTI_d05   extractant     2.573675     0.078723  0.544638     4.092137      4.083272                         0.001290
      GEN9_A4_MULTI_d05 metal_series     0.084435     0.046029  0.136659     0.603744      0.278760                         0.004361
      GEN9_REL_MONOLITH         acid     1.655776     0.494128  1.140478     1.801607      4.096269                         0.000000
      GEN9_REL_MONOLITH   extractant     2.573675     0.521045  1.547689     2.474891      4.083272                         0.000000
      GEN9_REL_MONOLITH metal_series     0.084435     0.055244  0.147901     0.218687      0.278760                         0.000000
  GEN9_SHAPE_RECOMPOSED         acid     1.655776     0.605700  1.694672     3.796748      4.096269                         0.000000
  GEN9_SHAPE_RECOMPOSED   extractant     2.573675     1.024014  2.660064     4.204362      4.083272                         0.002581
  GEN9_SHAPE_RECOMPOSED metal_series     0.084435     0.084332  0.209917     0.414847      0.278760                         0.004984
        GEN9_X_MULTI_d2         acid     1.655776     0.612479  2.688342    14.729877      4.096269                         0.040380
        GEN9_X_MULTI_d2   extractant     2.573675     0.088635  1.431281    17.773688      4.083272                         0.033548
        GEN9_X_MULTI_d2 metal_series     0.084435     0.042562  0.181079     2.292243      0.278760                         0.037383
       GEN9_X_MULTI_d8c         acid     1.655776     0.320978  2.269846     6.108203      4.096269                         0.004751
       GEN9_X_MULTI_d8c   extractant     2.573675     0.110230  1.794413     5.114768      4.083272                         0.002581
       GEN9_X_MULTI_d8c metal_series     0.084435     0.075771  0.278800     0.684668      0.278760                         0.061682
REC_ecfp_plus_recovered         acid     1.655776     0.355236  0.920349     1.560464      4.096269                         0.000000
REC_ecfp_plus_recovered   extractant     2.573675     0.116428  0.436777     1.189225      4.083272                         0.000000
REC_ecfp_plus_recovered metal_series     0.084435     0.039506  0.122141     0.252574      0.278760                         0.000000

--- per-ligand dynamic range (median ratio, 1.0 = faithful) ---
                  model  sd_ratio  span_ratio
       GEN9_A0_ROW_ONLY  0.419784    0.426339
        GEN9_A1_ADJ_d05  0.487478    0.501328
        GEN9_A2_END_d05  0.592742    0.651132
       GEN9_A3_RAND_d05  0.514975    0.525337
      GEN9_A4_MULTI_d05  0.468426    0.496292
      GEN9_REL_MONOLITH  0.441280    0.439350
  GEN9_SHAPE_RECOMPOSED  0.540814    0.558925
        GEN9_X_MULTI_d2  0.719632    0.753222
       GEN9_X_MULTI_d8c  1.059384    1.169583
REC_ecfp_plus_recovered  0.396513    0.392061

--- paired chemotype-blocked intervals (positive = candidate better) ---
        axis          metric                                       comparison     point  ci95_low  ci95_high  n_units  units_improved  seeds_positive
  extractant slope_abs_error      GEN9_A0_ROW_ONLY vs REC_ecfp_plus_recovered  0.026542 -0.011054   0.095122       25              14               4
  extractant slope_abs_error              GEN9_A1_ADJ_d05 vs GEN9_A0_ROW_ONLY -0.090533 -0.346838   0.069851       25              12               2
  extractant slope_abs_error       GEN9_A1_ADJ_d05 vs REC_ecfp_plus_recovered -0.063991 -0.254003   0.088557       25              14               2
  extractant slope_abs_error              GEN9_A2_END_d05 vs GEN9_A0_ROW_ONLY -0.250751 -0.611892   0.060806       25              11               1
  extractant slope_abs_error       GEN9_A2_END_d05 vs REC_ecfp_plus_recovered -0.224209 -0.520012   0.079182       25               9               1
  extractant slope_abs_error             GEN9_A3_RAND_d05 vs GEN9_A0_ROW_ONLY -0.344234 -1.077943   0.073216       25               9               1
  extractant slope_abs_error      GEN9_A3_RAND_d05 vs REC_ecfp_plus_recovered -0.317692 -0.987916   0.095058       25               9               1
  extractant slope_abs_error            GEN9_A4_MULTI_d05 vs GEN9_A0_ROW_ONLY -0.248758 -0.784866   0.103117       25              10               1
  extractant slope_abs_error     GEN9_A4_MULTI_d05 vs REC_ecfp_plus_recovered -0.222216 -0.690252   0.122171       25               8               1
  extractant slope_abs_error            GEN9_REL_MONOLITH vs GEN9_A0_ROW_ONLY  0.503507  0.169481   0.630740       25              23               5
  extractant slope_abs_error     GEN9_REL_MONOLITH vs REC_ecfp_plus_recovered  0.530049  0.201139   0.626400       25              23               5
  extractant slope_abs_error        GEN9_SHAPE_RECOMPOSED vs GEN9_A0_ROW_ONLY  0.883278  0.435327   1.068789       25              21               5
  extractant slope_abs_error GEN9_SHAPE_RECOMPOSED vs REC_ecfp_plus_recovered  0.909820  0.479905   1.065076       25              23               5
  extractant slope_abs_error              GEN9_X_MULTI_d2 vs GEN9_A0_ROW_ONLY -1.160256 -3.266525  -0.072455       25               8               0
  extractant slope_abs_error       GEN9_X_MULTI_d2 vs REC_ecfp_plus_recovered -1.133714 -3.179015  -0.065899       25               8               0
  extractant slope_abs_error             GEN9_X_MULTI_d8c vs GEN9_A0_ROW_ONLY -0.192784 -0.605893  -0.038420       25               7               2
  extractant slope_abs_error      GEN9_X_MULTI_d8c vs REC_ecfp_plus_recovered -0.166242 -0.552338  -0.039527       25               7               2
  extractant slope_abs_error      REC_ecfp_plus_recovered vs GEN9_A0_ROW_ONLY -0.026542 -0.095122   0.011054       25              11               1
  extractant       shape_mae      GEN9_A0_ROW_ONLY vs REC_ecfp_plus_recovered  0.009711 -0.000623   0.028530       25              15               4
  extractant       shape_mae              GEN9_A1_ADJ_d05 vs GEN9_A0_ROW_ONLY -0.069140 -0.235461   0.006684       25              13               2
  extractant       shape_mae       GEN9_A1_ADJ_d05 vs REC_ecfp_plus_recovered -0.059429 -0.207615   0.018040       25              12               2
  extractant       shape_mae              GEN9_A2_END_d05 vs GEN9_A0_ROW_ONLY -0.119324 -0.341877  -0.009164       25               7               1
  extractant       shape_mae       GEN9_A2_END_d05 vs REC_ecfp_plus_recovered -0.109613 -0.314865  -0.005179       25               7               1
  extractant       shape_mae             GEN9_A3_RAND_d05 vs GEN9_A0_ROW_ONLY -0.118237 -0.370435   0.002529       25               9               0
  extractant       shape_mae      GEN9_A3_RAND_d05 vs REC_ecfp_plus_recovered -0.108525 -0.343980   0.009209       25               8               0
  extractant       shape_mae            GEN9_A4_MULTI_d05 vs GEN9_A0_ROW_ONLY -0.081924 -0.259371   0.000234       25               7               1
  extractant       shape_mae     GEN9_A4_MULTI_d05 vs REC_ecfp_plus_recovered -0.072212 -0.231546   0.013407       25               6               1
  extractant       shape_mae            GEN9_REL_MONOLITH vs GEN9_A0_ROW_ONLY  0.091280  0.034248   0.104026       25              23               5
  extractant       shape_mae     GEN9_REL_MONOLITH vs REC_ecfp_plus_recovered  0.100991  0.047500   0.125688       25              23               5
  extractant       shape_mae        GEN9_SHAPE_RECOMPOSED vs GEN9_A0_ROW_ONLY  0.171882  0.083901   0.202844       25              21               5
  extractant       shape_mae GEN9_SHAPE_RECOMPOSED vs REC_ecfp_plus_recovered  0.181593  0.096536   0.217754       25              21               5
  extractant       shape_mae              GEN9_X_MULTI_d2 vs GEN9_A0_ROW_ONLY -0.409697 -1.144737  -0.024739       25               8               0
  extractant       shape_mae       GEN9_X_MULTI_d2 vs REC_ecfp_plus_recovered -0.399986 -1.115768  -0.022721       25               7               0
  extractant       shape_mae             GEN9_X_MULTI_d8c vs GEN9_A0_ROW_ONLY -0.074505 -0.195363  -0.032529       25               7               2
  extractant       shape_mae      GEN9_X_MULTI_d8c vs REC_ecfp_plus_recovered -0.064794 -0.183291  -0.029607       25               6               2
  extractant       shape_mae      REC_ecfp_plus_recovered vs GEN9_A0_ROW_ONLY -0.009711 -0.028530   0.000623       25              10               1
        acid slope_abs_error      GEN9_A0_ROW_ONLY vs REC_ecfp_plus_recovered  0.015771  0.000287   0.041928       68              41               5
        acid slope_abs_error              GEN9_A1_ADJ_d05 vs GEN9_A0_ROW_ONLY  0.026532 -0.007855   0.047399       68              49               5
        acid slope_abs_error       GEN9_A1_ADJ_d05 vs REC_ecfp_plus_recovered  0.042303  0.015477   0.062586       68              50               5
        acid slope_abs_error              GEN9_A2_END_d05 vs GEN9_A0_ROW_ONLY  0.060604 -0.054767   0.131981       68              35               4
        acid slope_abs_error       GEN9_A2_END_d05 vs REC_ecfp_plus_recovered  0.076375 -0.030110   0.140008       68              40               4
        acid slope_abs_error             GEN9_A3_RAND_d05 vs GEN9_A0_ROW_ONLY  0.010865 -0.054634   0.050406       68              42               4
        acid slope_abs_error      GEN9_A3_RAND_d05 vs REC_ecfp_plus_recovered  0.026636 -0.035168   0.063410       68              41               4
        acid slope_abs_error            GEN9_A4_MULTI_d05 vs GEN9_A0_ROW_ONLY  0.016591 -0.030393   0.043661       68              44               4
        acid slope_abs_error     GEN9_A4_MULTI_d05 vs REC_ecfp_plus_recovered  0.032363 -0.013394   0.067466       68              44               4
        acid slope_abs_error            GEN9_REL_MONOLITH vs GEN9_A0_ROW_ONLY  0.053870 -0.035962   0.111703       68              38               4
        acid slope_abs_error     GEN9_REL_MONOLITH vs REC_ecfp_plus_recovered  0.069641 -0.000441   0.114353       68              44               5
        acid slope_abs_error        GEN9_SHAPE_RECOMPOSED vs GEN9_A0_ROW_ONLY  0.097591 -0.051588   0.187969       68              45               5
        acid slope_abs_error GEN9_SHAPE_RECOMPOSED vs REC_ecfp_plus_recovered  0.113362 -0.024255   0.194275       68              42               5
        acid slope_abs_error              GEN9_X_MULTI_d2 vs GEN9_A0_ROW_ONLY -0.061319 -0.279072   0.060947       68              38               3
        acid slope_abs_error       GEN9_X_MULTI_d2 vs REC_ecfp_plus_recovered -0.045548 -0.251783   0.069808       68              37               3
        acid slope_abs_error             GEN9_X_MULTI_d8c vs GEN9_A0_ROW_ONLY -0.201839 -0.264131  -0.105337       68              21               0
        acid slope_abs_error      GEN9_X_MULTI_d8c vs REC_ecfp_plus_recovered -0.186067 -0.250350  -0.078326       68              22               0
        acid slope_abs_error      REC_ecfp_plus_recovered vs GEN9_A0_ROW_ONLY -0.015771 -0.041928  -0.000287       68              27               0
        acid       shape_mae      GEN9_A0_ROW_ONLY vs REC_ecfp_plus_recovered  0.003677 -0.003314   0.015975       68              35               4
        acid       shape_mae              GEN9_A1_ADJ_d05 vs GEN9_A0_ROW_ONLY  0.004914 -0.012803   0.018589       68              43               3
        acid       shape_mae       GEN9_A1_ADJ_d05 vs REC_ecfp_plus_recovered  0.008591 -0.007029   0.025774       68              41               4
        acid       shape_mae              GEN9_A2_END_d05 vs GEN9_A0_ROW_ONLY -0.024754 -0.083004   0.006371       68              29               1
        acid       shape_mae       GEN9_A2_END_d05 vs REC_ecfp_plus_recovered -0.021077 -0.075441   0.009560       68              35               2
        acid       shape_mae             GEN9_A3_RAND_d05 vs GEN9_A0_ROW_ONLY -0.013955 -0.049584   0.006952       68              44               1
        acid       shape_mae      GEN9_A3_RAND_d05 vs REC_ecfp_plus_recovered -0.010278 -0.045440   0.014083       68              38               2
        acid       shape_mae            GEN9_A4_MULTI_d05 vs GEN9_A0_ROW_ONLY -0.009128 -0.039144   0.006463       68              36               2
        acid       shape_mae     GEN9_A4_MULTI_d05 vs REC_ecfp_plus_recovered -0.005451 -0.035908   0.015673       68              36               3
        acid       shape_mae            GEN9_REL_MONOLITH vs GEN9_A0_ROW_ONLY  0.020588 -0.010090   0.041028       68              41               5
        acid       shape_mae     GEN9_REL_MONOLITH vs REC_ecfp_plus_recovered  0.024265  0.001500   0.040360       68              44               5
        acid       shape_mae        GEN9_SHAPE_RECOMPOSED vs GEN9_A0_ROW_ONLY  0.023495 -0.022665   0.050825       68              41               4
        acid       shape_mae GEN9_SHAPE_RECOMPOSED vs REC_ecfp_plus_recovered  0.027172 -0.014659   0.051927       68              44               4
        acid       shape_mae              GEN9_X_MULTI_d2 vs GEN9_A0_ROW_ONLY -0.090689 -0.182909  -0.038371       68              27               0
        acid       shape_mae       GEN9_X_MULTI_d2 vs REC_ecfp_plus_recovered -0.087012 -0.177161  -0.032403       68              25               0
        acid       shape_mae             GEN9_X_MULTI_d8c vs GEN9_A0_ROW_ONLY -0.296708 -0.395109  -0.236931       68               8               0
        acid       shape_mae      GEN9_X_MULTI_d8c vs REC_ecfp_plus_recovered -0.293031 -0.386400  -0.236542       68               6               0
        acid       shape_mae      REC_ecfp_plus_recovered vs GEN9_A0_ROW_ONLY -0.003677 -0.015975   0.003314       68              33               1
metal_series slope_abs_error      GEN9_A0_ROW_ONLY vs REC_ecfp_plus_recovered  0.000155 -0.001537   0.002878       84              43               2
metal_series slope_abs_error              GEN9_A1_ADJ_d05 vs GEN9_A0_ROW_ONLY  0.000769 -0.002690   0.005472       84              33               2
metal_series slope_abs_error       GEN9_A1_ADJ_d05 vs REC_ecfp_plus_recovered  0.000925 -0.002440   0.006365       84              41               3
metal_series slope_abs_error              GEN9_A2_END_d05 vs GEN9_A0_ROW_ONLY -0.010846 -0.024646   0.000893       84              30               0
metal_series slope_abs_error       GEN9_A2_END_d05 vs REC_ecfp_plus_recovered -0.010691 -0.023249   0.000864       84              26               0
metal_series slope_abs_error             GEN9_A3_RAND_d05 vs GEN9_A0_ROW_ONLY -0.002929 -0.010055   0.002238       84              43               2
metal_series slope_abs_error      GEN9_A3_RAND_d05 vs REC_ecfp_plus_recovered -0.002774 -0.008834   0.002533       84              37               1
metal_series slope_abs_error            GEN9_A4_MULTI_d05 vs GEN9_A0_ROW_ONLY -0.002344 -0.006178   0.001044       84              34               1
metal_series slope_abs_error     GEN9_A4_MULTI_d05 vs REC_ecfp_plus_recovered -0.002188 -0.005149   0.001520       84              35               1
metal_series slope_abs_error            GEN9_REL_MONOLITH vs GEN9_A0_ROW_ONLY  0.000222 -0.005440   0.004992       84              44               3
metal_series slope_abs_error     GEN9_REL_MONOLITH vs REC_ecfp_plus_recovered  0.000378 -0.002994   0.004173       84              49               3
metal_series slope_abs_error        GEN9_SHAPE_RECOMPOSED vs GEN9_A0_ROW_ONLY  0.001486 -0.006427   0.013514       84              51               4
metal_series slope_abs_error GEN9_SHAPE_RECOMPOSED vs REC_ecfp_plus_recovered  0.001642 -0.006374   0.013996       84              52               4
metal_series slope_abs_error              GEN9_X_MULTI_d2 vs GEN9_A0_ROW_ONLY -0.027040 -0.049256  -0.013085       84              28               0
metal_series slope_abs_error       GEN9_X_MULTI_d2 vs REC_ecfp_plus_recovered -0.026884 -0.047552  -0.013569       84              18               0
metal_series slope_abs_error             GEN9_X_MULTI_d8c vs GEN9_A0_ROW_ONLY -0.029290 -0.050832  -0.015359       84              29               0
metal_series slope_abs_error      GEN9_X_MULTI_d8c vs REC_ecfp_plus_recovered -0.029134 -0.049579  -0.016010       84              25               0
metal_series slope_abs_error      REC_ecfp_plus_recovered vs GEN9_A0_ROW_ONLY -0.000155 -0.002878   0.001537       84              41               3
metal_series       shape_mae      GEN9_A0_ROW_ONLY vs REC_ecfp_plus_recovered  0.000259 -0.005234   0.008827       84              48               3
metal_series       shape_mae              GEN9_A1_ADJ_d05 vs GEN9_A0_ROW_ONLY -0.009486 -0.024157   0.002886       84              22               1
metal_series       shape_mae       GEN9_A1_ADJ_d05 vs REC_ecfp_plus_recovered -0.009226 -0.020825   0.004301       84              26               1
metal_series       shape_mae              GEN9_A2_END_d05 vs GEN9_A0_ROW_ONLY -0.070688 -0.118201  -0.040793       84              18               0
metal_series       shape_mae       GEN9_A2_END_d05 vs REC_ecfp_plus_recovered -0.070429 -0.112821  -0.042283       84              15               0
metal_series       shape_mae             GEN9_A3_RAND_d05 vs GEN9_A0_ROW_ONLY -0.029205 -0.060952  -0.011241       84              26               0
metal_series       shape_mae      GEN9_A3_RAND_d05 vs REC_ecfp_plus_recovered -0.028946 -0.056142  -0.013445       84              30               0
metal_series       shape_mae            GEN9_A4_MULTI_d05 vs GEN9_A0_ROW_ONLY -0.015811 -0.030120  -0.005374       84              29               0
metal_series       shape_mae     GEN9_A4_MULTI_d05 vs REC_ecfp_plus_recovered -0.015552 -0.027036  -0.004911       84              34               0
metal_series       shape_mae            GEN9_REL_MONOLITH vs GEN9_A0_ROW_ONLY  0.005164 -0.012664   0.016922       84              44               4
metal_series       shape_mae     GEN9_REL_MONOLITH vs REC_ecfp_plus_recovered  0.005423 -0.004888   0.014622       84              46               4
metal_series       shape_mae        GEN9_SHAPE_RECOMPOSED vs GEN9_A0_ROW_ONLY  0.008607 -0.008001   0.032607       84              51               4
metal_series       shape_mae GEN9_SHAPE_RECOMPOSED vs REC_ecfp_plus_recovered  0.008867 -0.008075   0.035082       84              54               4
metal_series       shape_mae              GEN9_X_MULTI_d2 vs GEN9_A0_ROW_ONLY -0.176398 -0.283698  -0.105251       84              16               0
metal_series       shape_mae       GEN9_X_MULTI_d2 vs REC_ecfp_plus_recovered -0.176138 -0.280909  -0.107860       84              11               0
metal_series       shape_mae             GEN9_X_MULTI_d8c vs GEN9_A0_ROW_ONLY -0.279309 -0.364530  -0.224478       84               4               0
metal_series       shape_mae      GEN9_X_MULTI_d8c vs REC_ecfp_plus_recovered -0.279050 -0.360124  -0.227404       84               3               0
metal_series       shape_mae      REC_ecfp_plus_recovered vs GEN9_A0_ROW_ONLY -0.000259 -0.008827   0.005234       84              36               2

--- gen8 failure-class strata (locked labels, joined not recomputed) ---
                  model  failure_class  n_ligands  macro_mae  mean_mae  span_recovery  slope_abs_error  shape_mae
       GEN9_A0_ROW_ONLY   ALREADY_GOOD         82   0.560631  0.565495       0.058775         2.224105   0.458461
       GEN9_A0_ROW_ONLY  PARTIAL_LEVEL          7   1.523424  1.523424       0.052595         1.905872   0.657875
       GEN9_A0_ROW_ONLY     PURE_LEVEL         25   1.833293  1.864884       0.056477         1.949586   0.496043
       GEN9_A0_ROW_ONLY RESIDUAL_SHAPE         29   1.365174  1.359836       0.068133         2.281532   0.757405
        GEN9_A1_ADJ_d05   ALREADY_GOOD         82   0.567710  0.572003       0.099207         2.272347   0.486725
        GEN9_A1_ADJ_d05  PARTIAL_LEVEL          7   1.524844  1.524844       0.083716         1.880421   0.645793
        GEN9_A1_ADJ_d05     PURE_LEVEL         25   1.830930  1.858675       0.104637         1.950779   0.561634
        GEN9_A1_ADJ_d05 RESIDUAL_SHAPE         29   1.380368  1.378013       0.089095         2.503881   0.904829
        GEN9_A2_END_d05   ALREADY_GOOD         82   0.640844  0.648713       0.143776         2.500616   0.539803
        GEN9_A2_END_d05  PARTIAL_LEVEL          7   1.523402  1.523402       0.151126         1.820558   0.632204
        GEN9_A2_END_d05     PURE_LEVEL         25   1.883379  1.888231       0.197179         2.126030   0.588112
        GEN9_A2_END_d05 RESIDUAL_SHAPE         29   1.584697  1.605603       0.142995         2.618032   0.978831
       GEN9_A3_RAND_d05   ALREADY_GOOD         82   0.585352  0.592203       0.098296         2.301326   0.488539
       GEN9_A3_RAND_d05  PARTIAL_LEVEL          7   1.544420  1.544420       0.089225         1.895803   0.655222
       GEN9_A3_RAND_d05     PURE_LEVEL         25   1.811092  1.838168       0.083818         2.486372   0.681976
       GEN9_A3_RAND_d05 RESIDUAL_SHAPE         29   1.434323  1.446285       0.092750         2.985210   0.993234
      GEN9_A4_MULTI_d05   ALREADY_GOOD         82   0.570312  0.575963       0.093067         2.275892   0.475395
      GEN9_A4_MULTI_d05  PARTIAL_LEVEL          7   1.528045  1.528045       0.069446         1.916782   0.665040
      GEN9_A4_MULTI_d05     PURE_LEVEL         25   1.822434  1.855581       0.083066         2.302456   0.614559
      GEN9_A4_MULTI_d05 RESIDUAL_SHAPE         29   1.391904  1.397461       0.092015         2.808531   0.929082
      GEN9_REL_MONOLITH   ALREADY_GOOD         82   0.543155  0.548916       0.262569         1.553170   0.365893
      GEN9_REL_MONOLITH  PARTIAL_LEVEL          7   1.471755  1.471755       0.163089         1.597352   0.569340
      GEN9_REL_MONOLITH     PURE_LEVEL         25   1.921475  1.956611       0.350345         1.433413   0.391520
      GEN9_REL_MONOLITH RESIDUAL_SHAPE         29   1.329098  1.315586       0.193566         1.965824   0.673831
  GEN9_SHAPE_RECOMPOSED   ALREADY_GOOD         82   0.543202  0.547197       0.558683         1.192124   0.297605
  GEN9_SHAPE_RECOMPOSED  PARTIAL_LEVEL          7   1.440924  1.440924       0.276796         1.096520   0.418242
  GEN9_SHAPE_RECOMPOSED     PURE_LEVEL         25   1.880087  1.912179       0.685571         0.996876   0.310357
  GEN9_SHAPE_RECOMPOSED RESIDUAL_SHAPE         29   1.298567  1.289864       0.485601         1.618955   0.594201
        GEN9_X_MULTI_d2   ALREADY_GOOD         82   0.739459  0.754731       0.257904         3.084389   0.748271
        GEN9_X_MULTI_d2  PARTIAL_LEVEL          7   1.474817  1.474817       0.142179         1.892375   0.661630
        GEN9_X_MULTI_d2     PURE_LEVEL         25   2.142153  2.130089       0.330444         3.104836   0.947315
        GEN9_X_MULTI_d2 RESIDUAL_SHAPE         29   1.737431  1.754547       0.274327         4.150191   1.412645
       GEN9_X_MULTI_d8c   ALREADY_GOOD         82   0.922936  0.925530       0.546064         2.607275   0.558885
       GEN9_X_MULTI_d8c  PARTIAL_LEVEL          7   1.715938  1.715938       0.421561         1.625725   0.605007
       GEN9_X_MULTI_d8c     PURE_LEVEL         25   1.931763  1.941522       0.546649         1.700742   0.466080
       GEN9_X_MULTI_d8c RESIDUAL_SHAPE         29   1.572141  1.575157       0.316954         2.551582   0.880347
REC_ecfp_plus_recovered   ALREADY_GOOD         82   0.549307  0.554594       0.058548         2.222148   0.459647
REC_ecfp_plus_recovered  PARTIAL_LEVEL          7   1.455476  1.455476       0.046571         1.913950   0.660789
REC_ecfp_plus_recovered     PURE_LEVEL         25   1.880569  1.912603       0.060329         2.023592   0.523249
REC_ecfp_plus_recovered RESIDUAL_SHAPE         29   1.347984  1.338848       0.061134         2.328144   0.771791
