L4 retrospective simulation; designs ('BP',); budgets (6, 9, 12, 16, 20, 24); draws 2
bench: 521 cells, 90 extractants, 45 chemotypes; TOPO39 columns 39
  [BP] fits done in 61s; skipped (fold, budget): 0
  [BP] budget 6: 6 arms scored in 12s
  [BP] budget 9: 6 arms scored in 13s
  [BP] budget 12: 6 arms scored in 13s
  [BP] budget 16: 6 arms scored in 13s
  [BP] budget 20: 6 arms scored in 13s
  [BP] budget 24: 6 arms scored in 13s
  [BP] budget full: 2 arms scored in 4s
design BP done in 143s
anchor: FULL under BP = 0.5000794414 (frozen 0.5000794414)

=== learning curve (macro MAE, mean over draws) ===
budget             12      16      20      24       6       9    full
design order                                                         
BP     AOPT    0.5090  0.4923  0.5033  0.5026  0.5698  0.5230     NaN
       FLAT       NaN     NaN     NaN     NaN     NaN     NaN  0.5885
       FULL       NaN     NaN     NaN     NaN     NaN     NaN  0.5001
       MAXMIN  0.6242  0.5942  0.5235  0.5120  0.6162  0.6323     NaN
       RANDOM  0.5846  0.5653  0.5334  0.5201  0.6387  0.6084     NaN
       UNCERT  0.6059  0.5236  0.5200  0.5169  0.6630  0.6364     NaN

=== registered contrasts (ABC on mae_all) ===
design       comparison   point  ci95_low  ci95_high  p_two_sided  seeds_positive  loco_sign_stable  passes_P1
    BP   AOPT_vs_RANDOM  0.0584    0.0239     0.0859       0.0000               5              True       True
    BP   AOPT_vs_MAXMIN  0.0671    0.0146     0.1113       0.0002               5              True       True
    BP UNCERT_vs_RANDOM -0.0025   -0.0279     0.0318       0.8726               3             False      False
    BP UNCERT_vs_MAXMIN  0.0061   -0.0250     0.0289       0.6334               3              True      False

=== percentile among random draws ===
design                    order  abc_macro  percentile_among_random_draws  random_draw_abc_min  random_draw_abc_max  random_draw_abc_sd  n_draws               family lead
    BP                     AOPT     0.0584                          100.0              -0.0012               0.0012              0.0017        2 registered_secondary   L4
    BP                   UNCERT    -0.0025                            0.0              -0.0012               0.0012              0.0017        2          exploratory   L4
    BP MAXMIN(mean over starts)    -0.0086                            0.0              -0.0012               0.0012              0.0017        2          exploratory   L4
DONE
