adapters: ['PHYS_prior', 'PHYS_map', 'PHYS_residual_prior', 'PHYS_residual', 'PHYS_map_metalcat', 'PHYS_residual_metalcat', 'PHYS_residual_hypernet', 'PHYS_residual_gbm', 'OFFSET_PHYS_p0.25', 'OFFSET_PHYS_p0.5', 'OFFSET_PHYS_p1', 'OFFSET_PHYS_p4', 'OFFSET_PHYS_p0.5_L0.1', 'OFFSET_PHYS_p0.5_L0.25', 'OFFSET_PHYS_p0.5_L0.5', 'OFFSET_PHYS_p0.5_L1', 'ZERO_SHOT', 'OFFSET_K1', 'OFFSET_K2', 'OFFSET_K3', 'NO_MODEL', 'NEAREST_OBSERVED']
  seed 104729 fold 0: 45.8s
  seed 104729 fold 1: 83.6s
  seed 104729 fold 2: 46.1s
  seed 104729 fold 3: 27.3s
  seed 104729 fold 4: 41.4s
  seed 130363 fold 0: 43.4s
  seed 130363 fold 1: 28.7s
  seed 130363 fold 2: 32.0s
  seed 130363 fold 3: 31.6s
  seed 130363 fold 4: 29.9s
  seed 155921 fold 0: 44.4s
  seed 155921 fold 1: 29.2s
  seed 155921 fold 2: 27.8s
  seed 155921 fold 3: 27.6s
  seed 155921 fold 4: 33.8s
  seed 196613 fold 0: 46.4s
  seed 196613 fold 1: 28.4s
  seed 196613 fold 2: 27.5s
  seed 196613 fold 3: 28.5s
  seed 196613 fold 4: 33.3s
  seed 262147 fold 0: 29.4s
  seed 262147 fold 1: 46.3s
  seed 262147 fold 2: 31.0s
  seed 262147 fold 3: 28.0s
  seed 262147 fold 4: 31.9s
### shuffled: 1,394,580 records
FALLBACKS {
 "exception": {},
 "nonfinite": {},
 "no_state": {},
 "calls": {
  "PHYS_prior": 63000,
  "PHYS_map": 63000,
  "PHYS_residual_prior": 63000,
  "PHYS_residual": 63000,
  "PHYS_map_metalcat": 63000,
  "PHYS_residual_metalcat": 63000,
  "PHYS_residual_hypernet": 63000,
  "PHYS_residual_gbm": 63000,
  "OFFSET_PHYS_p0.25": 63000,
  "OFFSET_PHYS_p0.5": 63000,
  "OFFSET_PHYS_p1": 63000,
  "OFFSET_PHYS_p4": 63000,
  "OFFSET_PHYS_p0.5_L0.1": 63000,
  "OFFSET_PHYS_p0.5_L0.25": 63000,
  "OFFSET_PHYS_p0.5_L0.5": 63000,
  "OFFSET_PHYS_p0.5_L1": 63000
 }
}
